dataset_path: ../datasets/new_data
result_path: ../results
checkpoint_path: ../checkpoints
train_sample_ratio: 0.8
learning_rate: 0.001
epochs: 100
device: cuda:7
seed: 1
method_variant: wo_cor
peak_pick_num: 5
scratch: True
subset_index: 5
Epoch [1], Loss:  7.5617

Epoch [1], Validation Acc:  0.2857

Epoch [1], Loss:  7.2669

Epoch [1], Validation Acc:  0.2857

Epoch [1], Loss:  7.3364

Epoch [1], Validation Acc:  0.2857

Epoch [1], Loss:  7.1492

Epoch [1], Validation Acc:  0.5714

Epoch [2], Loss:  7.7994

Epoch [2], Validation Acc:  0.7143

Epoch [2], Loss:  7.2641

Epoch [2], Validation Acc:  0.1429

Epoch [2], Loss:  7.3612

Epoch [2], Validation Acc:  0.1429

Epoch [2], Loss:  7.0374

Epoch [2], Validation Acc:  0.4286

Epoch [3], Loss:  7.4941

Epoch [3], Validation Acc:  0.4286

Epoch [3], Loss:  7.2455

Epoch [3], Validation Acc:  0.2857

Epoch [3], Loss:  7.3725

Epoch [3], Validation Acc:  0.4286

Epoch [3], Loss:  6.8755

Epoch [3], Validation Acc:  0.1429

Epoch [4], Loss:  7.5958

Epoch [4], Validation Acc:  0.2857

Epoch [4], Loss:  7.0401

Epoch [4], Validation Acc:  0.0000

Epoch [4], Loss:  7.2668

Epoch [4], Validation Acc:  0.2857

Epoch [4], Loss:  7.0724

Epoch [4], Validation Acc:  0.1429

Epoch [5], Loss:  7.4073

Epoch [5], Validation Acc:  0.1429

Epoch [5], Loss:  7.1167

Epoch [5], Validation Acc:  0.1429

Epoch [5], Loss:  7.2739

Epoch [5], Validation Acc:  0.2857

Epoch [5], Loss:  6.8366

Epoch [5], Validation Acc:  0.2857

Epoch [6], Loss:  7.4762

Epoch [6], Validation Acc:  0.1429

Epoch [6], Loss:  7.1345

Epoch [6], Validation Acc:  0.2857

Epoch [6], Loss:  7.4059

Epoch [6], Validation Acc:  0.1429

Epoch [6], Loss:  7.1629

Epoch [6], Validation Acc:  0.1429

Epoch [7], Loss:  7.4073

Epoch [7], Validation Acc:  0.2857

Epoch [7], Loss:  7.2337

Epoch [7], Validation Acc:  0.0000

Epoch [7], Loss:  7.3298

Epoch [7], Validation Acc:  0.1429

Epoch [7], Loss:  6.7405

Epoch [7], Validation Acc:  0.0000

Epoch [8], Loss:  7.2022

Epoch [8], Validation Acc:  0.2857

Epoch [8], Loss:  7.1929

Epoch [8], Validation Acc:  0.0000

Epoch [8], Loss:  7.3793

Epoch [8], Validation Acc:  0.4286

Epoch [8], Loss:  6.5264

Epoch [8], Validation Acc:  0.0000

Epoch [9], Loss:  7.4455

Epoch [9], Validation Acc:  0.4286

Epoch [9], Loss:  7.3926

Epoch [9], Validation Acc:  0.2857

Epoch [9], Loss:  7.3092

Epoch [9], Validation Acc:  0.4286

Epoch [9], Loss:  7.0843

Epoch [9], Validation Acc:  0.2857

Epoch [10], Loss:  7.2804

Epoch [10], Validation Acc:  0.1429

Epoch [10], Loss:  7.0746

Epoch [10], Validation Acc:  0.2857

Epoch [10], Loss:  7.1582

Epoch [10], Validation Acc:  0.2857

Epoch [10], Loss:  7.1383

Epoch [10], Validation Acc:  0.1429

Epoch [11], Loss:  7.2638

Epoch [11], Validation Acc:  0.5714

Epoch [11], Loss:  7.0926

Epoch [11], Validation Acc:  0.0000

Epoch [11], Loss:  6.9855

Epoch [11], Validation Acc:  0.0000

Epoch [11], Loss:  6.8557

Epoch [11], Validation Acc:  0.4286

Epoch [12], Loss:  7.4062

Epoch [12], Validation Acc:  0.2857

Epoch [12], Loss:  6.9713

Epoch [12], Validation Acc:  0.1429

Epoch [12], Loss:  7.0024

Epoch [12], Validation Acc:  0.2857

Epoch [12], Loss:  7.1402

Epoch [12], Validation Acc:  0.4286

Epoch [13], Loss:  7.0384

Epoch [13], Validation Acc:  0.2857

Epoch [13], Loss:  7.3382

Epoch [13], Validation Acc:  0.4286

Epoch [13], Loss:  7.1931

Epoch [13], Validation Acc:  0.4286

Epoch [13], Loss:  6.8290

Epoch [13], Validation Acc:  0.1429

Epoch [14], Loss:  7.1610

Epoch [14], Validation Acc:  0.2857

Epoch [14], Loss:  7.1078

Epoch [14], Validation Acc:  0.1429

Epoch [14], Loss:  7.0487

Epoch [14], Validation Acc:  0.1429

Epoch [14], Loss:  6.7936

Epoch [14], Validation Acc:  0.0000

Epoch [15], Loss:  7.0538

Epoch [15], Validation Acc:  0.1429

Epoch [15], Loss:  7.0406

Epoch [15], Validation Acc:  0.1429

Epoch [15], Loss:  7.0257

Epoch [15], Validation Acc:  0.1429

Epoch [15], Loss:  6.6105

Epoch [15], Validation Acc:  0.0000

Epoch [16], Loss:  6.9027

Epoch [16], Validation Acc:  0.4286

Epoch [16], Loss:  6.8614

Epoch [16], Validation Acc:  0.0000

Epoch [16], Loss:  6.9179

Epoch [16], Validation Acc:  0.1429

Epoch [16], Loss:  6.8020

Epoch [16], Validation Acc:  0.2857

Epoch [17], Loss:  7.1894

Epoch [17], Validation Acc:  0.1429

Epoch [17], Loss:  7.0075

Epoch [17], Validation Acc:  0.1429

Epoch [17], Loss:  7.3114

Epoch [17], Validation Acc:  0.2857

Epoch [17], Loss:  6.7433

Epoch [17], Validation Acc:  0.1429

Epoch [18], Loss:  6.9978

Epoch [18], Validation Acc:  0.1429

Epoch [18], Loss:  7.1368

Epoch [18], Validation Acc:  0.1429

Epoch [18], Loss:  6.8394

Epoch [18], Validation Acc:  0.1429

Epoch [18], Loss:  6.9108

Epoch [18], Validation Acc:  0.1429

Epoch [19], Loss:  7.0595

Epoch [19], Validation Acc:  0.1429

Epoch [19], Loss:  7.2295

Epoch [19], Validation Acc:  0.1429

Epoch [19], Loss:  7.0845

Epoch [19], Validation Acc:  0.2857

Epoch [19], Loss:  7.1266

Epoch [19], Validation Acc:  0.2857

Epoch [20], Loss:  6.8731

Epoch [20], Validation Acc:  0.1429

Epoch [20], Loss:  6.9431

Epoch [20], Validation Acc:  0.0000

Epoch [20], Loss:  7.0462

Epoch [20], Validation Acc:  0.1429

Epoch [20], Loss:  6.7164

Epoch [20], Validation Acc:  0.1429

Epoch [21], Loss:  6.6413

Epoch [21], Validation Acc:  0.1429

Epoch [21], Loss:  6.9861

Epoch [21], Validation Acc:  0.1429

Epoch [21], Loss:  7.2429

Epoch [21], Validation Acc:  0.2857

Epoch [21], Loss:  6.8739

Epoch [21], Validation Acc:  0.1429

Epoch [22], Loss:  7.0793

Epoch [22], Validation Acc:  0.0000

Epoch [22], Loss:  7.0742

Epoch [22], Validation Acc:  0.0000

Epoch [22], Loss:  6.8986

Epoch [22], Validation Acc:  0.0000

Epoch [22], Loss:  6.9053

Epoch [22], Validation Acc:  0.1429

Epoch [23], Loss:  7.0520

Epoch [23], Validation Acc:  0.1429

Epoch [23], Loss:  6.8400

Epoch [23], Validation Acc:  0.0000

Epoch [23], Loss:  7.1706

Epoch [23], Validation Acc:  0.2857

Epoch [23], Loss:  6.7342

Epoch [23], Validation Acc:  0.1429

Epoch [24], Loss:  6.9129

Epoch [24], Validation Acc:  0.1429

Epoch [24], Loss:  6.8223

Epoch [24], Validation Acc:  0.0000

Epoch [24], Loss:  7.0001

Epoch [24], Validation Acc:  0.1429

Epoch [24], Loss:  6.9595

Epoch [24], Validation Acc:  0.1429

Epoch [25], Loss:  6.8544

Epoch [25], Validation Acc:  0.2857

Epoch [25], Loss:  7.0420

Epoch [25], Validation Acc:  0.1429

Epoch [25], Loss:  6.9295

Epoch [25], Validation Acc:  0.2857

Epoch [25], Loss:  7.0506

Epoch [25], Validation Acc:  0.4286

Epoch [26], Loss:  6.8996

Epoch [26], Validation Acc:  0.0000

Epoch [26], Loss:  6.8883

Epoch [26], Validation Acc:  0.1429

Epoch [26], Loss:  6.7851

Epoch [26], Validation Acc:  0.1429

Epoch [26], Loss:  6.8336

Epoch [26], Validation Acc:  0.0000

Epoch [27], Loss:  6.5659

Epoch [27], Validation Acc:  0.0000

Epoch [27], Loss:  6.9589

Epoch [27], Validation Acc:  0.1429

Epoch [27], Loss:  7.2477

Epoch [27], Validation Acc:  0.2857

Epoch [27], Loss:  6.6760

Epoch [27], Validation Acc:  0.0000

Epoch [28], Loss:  7.0802

Epoch [28], Validation Acc:  0.1429

Epoch [28], Loss:  6.8208

Epoch [28], Validation Acc:  0.0000

Epoch [28], Loss:  6.7157

Epoch [28], Validation Acc:  0.0000

Epoch [28], Loss:  6.7088

Epoch [28], Validation Acc:  0.0000

Epoch [29], Loss:  6.9377

Epoch [29], Validation Acc:  0.2857

Epoch [29], Loss:  6.8947

Epoch [29], Validation Acc:  0.0000

Epoch [29], Loss:  6.9013

Epoch [29], Validation Acc:  0.1429

Epoch [29], Loss:  6.7741

Epoch [29], Validation Acc:  0.0000

Epoch [30], Loss:  6.6997

Epoch [30], Validation Acc:  0.0000

Epoch [30], Loss:  6.7497

Epoch [30], Validation Acc:  0.0000

Epoch [30], Loss:  7.0041

Epoch [30], Validation Acc:  0.2857

Epoch [30], Loss:  6.8316

Epoch [30], Validation Acc:  0.0000

Epoch [31], Loss:  6.7909

Epoch [31], Validation Acc:  0.2857

Epoch [31], Loss:  6.9559

Epoch [31], Validation Acc:  0.1429

Epoch [31], Loss:  6.7882

Epoch [31], Validation Acc:  0.0000

Epoch [31], Loss:  6.6098

Epoch [31], Validation Acc:  0.0000

Epoch [32], Loss:  7.2346

Epoch [32], Validation Acc:  0.2857

Epoch [32], Loss:  6.9254

Epoch [32], Validation Acc:  0.0000

Epoch [32], Loss:  6.9266

Epoch [32], Validation Acc:  0.1429

Epoch [32], Loss:  6.8643

Epoch [32], Validation Acc:  0.2857

Epoch [33], Loss:  6.5895

Epoch [33], Validation Acc:  0.2857

Epoch [33], Loss:  6.9430

Epoch [33], Validation Acc:  0.1429

Epoch [33], Loss:  6.8453

Epoch [33], Validation Acc:  0.1429

Epoch [33], Loss:  6.4428

Epoch [33], Validation Acc:  0.0000

Epoch [34], Loss:  6.4492

Epoch [34], Validation Acc:  0.2857

Epoch [34], Loss:  6.7881

Epoch [34], Validation Acc:  0.1429

Epoch [34], Loss:  6.7295

Epoch [34], Validation Acc:  0.1429

Epoch [34], Loss:  6.7533

Epoch [34], Validation Acc:  0.2857

Epoch [35], Loss:  6.9110

Epoch [35], Validation Acc:  0.4286

Epoch [35], Loss:  6.6465

Epoch [35], Validation Acc:  0.0000

Epoch [35], Loss:  6.8440

Epoch [35], Validation Acc:  0.0000

Epoch [35], Loss:  7.0301

Epoch [35], Validation Acc:  0.2857

Epoch [36], Loss:  6.5577

Epoch [36], Validation Acc:  0.2857

Epoch [36], Loss:  6.8157

Epoch [36], Validation Acc:  0.0000

Epoch [36], Loss:  6.9792

Epoch [36], Validation Acc:  0.1429

Epoch [36], Loss:  6.3563

Epoch [36], Validation Acc:  0.0000

Epoch [37], Loss:  6.7598

Epoch [37], Validation Acc:  0.1429

Epoch [37], Loss:  6.8730

Epoch [37], Validation Acc:  0.0000

Epoch [37], Loss:  6.5022

Epoch [37], Validation Acc:  0.0000

Epoch [37], Loss:  6.6218

Epoch [37], Validation Acc:  0.0000

Epoch [38], Loss:  6.4275

Epoch [38], Validation Acc:  0.1429

Epoch [38], Loss:  6.5436

Epoch [38], Validation Acc:  0.0000

Epoch [38], Loss:  6.3025

Epoch [38], Validation Acc:  0.0000

Epoch [38], Loss:  6.7342

Epoch [38], Validation Acc:  0.1429

Epoch [39], Loss:  6.6275

Epoch [39], Validation Acc:  0.2857

Epoch [39], Loss:  6.7728

Epoch [39], Validation Acc:  0.0000

Epoch [39], Loss:  6.7908

Epoch [39], Validation Acc:  0.1429

Epoch [39], Loss:  6.5367

Epoch [39], Validation Acc:  0.0000

Epoch [40], Loss:  6.6438

Epoch [40], Validation Acc:  0.1429

Epoch [40], Loss:  6.7280

Epoch [40], Validation Acc:  0.1429

Epoch [40], Loss:  6.8812

Epoch [40], Validation Acc:  0.0000

Epoch [40], Loss:  6.3842

Epoch [40], Validation Acc:  0.0000

Epoch [41], Loss:  6.4480

Epoch [41], Validation Acc:  0.1429

Epoch [41], Loss:  6.7474

Epoch [41], Validation Acc:  0.0000

Epoch [41], Loss:  6.8911

Epoch [41], Validation Acc:  0.1429

Epoch [41], Loss:  6.3786

Epoch [41], Validation Acc:  0.0000

Epoch [42], Loss:  6.3619

Epoch [42], Validation Acc:  0.0000

Epoch [42], Loss:  6.7511

Epoch [42], Validation Acc:  0.1429

Epoch [42], Loss:  6.1927

Epoch [42], Validation Acc:  0.0000

Epoch [42], Loss:  6.4921

Epoch [42], Validation Acc:  0.0000

Epoch [43], Loss:  6.5218

Epoch [43], Validation Acc:  0.1429

Epoch [43], Loss:  6.8562

Epoch [43], Validation Acc:  0.0000

Epoch [43], Loss:  6.5220

Epoch [43], Validation Acc:  0.0000

Epoch [43], Loss:  6.3868

Epoch [43], Validation Acc:  0.0000

Epoch [44], Loss:  6.4626

Epoch [44], Validation Acc:  0.1429

Epoch [44], Loss:  6.4926

Epoch [44], Validation Acc:  0.0000

Epoch [44], Loss:  6.7044

Epoch [44], Validation Acc:  0.0000

Epoch [44], Loss:  6.4890

Epoch [44], Validation Acc:  0.0000

Epoch [45], Loss:  6.4904

Epoch [45], Validation Acc:  0.1429

Epoch [45], Loss:  6.7498

Epoch [45], Validation Acc:  0.0000

Epoch [45], Loss:  6.6448

Epoch [45], Validation Acc:  0.2857

Epoch [45], Loss:  6.6503

Epoch [45], Validation Acc:  0.0000

Epoch [46], Loss:  6.5853

Epoch [46], Validation Acc:  0.1429

Epoch [46], Loss:  6.4258

Epoch [46], Validation Acc:  0.0000

Epoch [46], Loss:  6.5542

Epoch [46], Validation Acc:  0.0000

Epoch [46], Loss:  6.4178

Epoch [46], Validation Acc:  0.0000

Epoch [47], Loss:  6.4255

Epoch [47], Validation Acc:  0.1429

Epoch [47], Loss:  6.8925

Epoch [47], Validation Acc:  0.1429

Epoch [47], Loss:  6.3841

Epoch [47], Validation Acc:  0.0000

Epoch [47], Loss:  6.5674

Epoch [47], Validation Acc:  0.0000

Epoch [48], Loss:  6.6847

Epoch [48], Validation Acc:  0.1429

Epoch [48], Loss:  6.8634

Epoch [48], Validation Acc:  0.0000

Epoch [48], Loss:  6.4249

Epoch [48], Validation Acc:  0.0000

Epoch [48], Loss:  6.3919

Epoch [48], Validation Acc:  0.0000

Epoch [49], Loss:  6.5079

Epoch [49], Validation Acc:  0.1429

Epoch [49], Loss:  6.4855

Epoch [49], Validation Acc:  0.0000

Epoch [49], Loss:  6.4843

Epoch [49], Validation Acc:  0.0000

Epoch [49], Loss:  6.2278

Epoch [49], Validation Acc:  0.0000

Epoch [50], Loss:  6.4364

Epoch [50], Validation Acc:  0.1429

Epoch [50], Loss:  6.5069

Epoch [50], Validation Acc:  0.0000

Epoch [50], Loss:  6.5848

Epoch [50], Validation Acc:  0.0000

Epoch [50], Loss:  6.7682

Epoch [50], Validation Acc:  0.0000

Epoch [51], Loss:  6.3979

Epoch [51], Validation Acc:  0.0000

Epoch [51], Loss:  6.5344

Epoch [51], Validation Acc:  0.0000

Epoch [51], Loss:  6.3074

Epoch [51], Validation Acc:  0.0000

Epoch [51], Loss:  6.3518

Epoch [51], Validation Acc:  0.0000

Epoch [52], Loss:  6.6322

Epoch [52], Validation Acc:  0.2857

Epoch [52], Loss:  7.0068

Epoch [52], Validation Acc:  0.1429

Epoch [52], Loss:  6.4396

Epoch [52], Validation Acc:  0.0000

Epoch [52], Loss:  6.5313

Epoch [52], Validation Acc:  0.0000

Epoch [53], Loss:  6.3933

Epoch [53], Validation Acc:  0.0000

Epoch [53], Loss:  6.7490

Epoch [53], Validation Acc:  0.1429

Epoch [53], Loss:  6.5523

Epoch [53], Validation Acc:  0.0000

Epoch [53], Loss:  6.4433

Epoch [53], Validation Acc:  0.0000

Epoch [54], Loss:  6.4001

Epoch [54], Validation Acc:  0.1429

Epoch [54], Loss:  6.5854

Epoch [54], Validation Acc:  0.0000

Epoch [54], Loss:  6.4682

Epoch [54], Validation Acc:  0.2857

Epoch [54], Loss:  6.8431

Epoch [54], Validation Acc:  0.0000

Epoch [55], Loss:  5.8351

Epoch [55], Validation Acc:  0.0000

Epoch [55], Loss:  6.8417

Epoch [55], Validation Acc:  0.0000

Epoch [55], Loss:  6.1553

Epoch [55], Validation Acc:  0.0000

Epoch [55], Loss:  6.5810

Epoch [55], Validation Acc:  0.0000

Epoch [56], Loss:  6.4420

Epoch [56], Validation Acc:  0.1429

Epoch [56], Loss:  6.6566

Epoch [56], Validation Acc:  0.0000

Epoch [56], Loss:  6.4419

Epoch [56], Validation Acc:  0.0000

Epoch [56], Loss:  6.5457

Epoch [56], Validation Acc:  0.0000

Epoch [57], Loss:  6.3130

Epoch [57], Validation Acc:  0.1429

Epoch [57], Loss:  6.7447

Epoch [57], Validation Acc:  0.1429

Epoch [57], Loss:  6.3475

Epoch [57], Validation Acc:  0.0000

Epoch [57], Loss:  6.5614

Epoch [57], Validation Acc:  0.0000

Epoch [58], Loss:  6.4764

Epoch [58], Validation Acc:  0.1429

Epoch [58], Loss:  6.9273

Epoch [58], Validation Acc:  0.1429

Epoch [58], Loss:  6.6600

Epoch [58], Validation Acc:  0.1429

Epoch [58], Loss:  6.4973

Epoch [58], Validation Acc:  0.0000

Epoch [59], Loss:  6.2909

Epoch [59], Validation Acc:  0.2857

Epoch [59], Loss:  6.5431

Epoch [59], Validation Acc:  0.0000

Epoch [59], Loss:  6.4573

Epoch [59], Validation Acc:  0.0000

Epoch [59], Loss:  6.3460

Epoch [59], Validation Acc:  0.0000

Epoch [60], Loss:  6.1035

Epoch [60], Validation Acc:  0.0000

Epoch [60], Loss:  6.7472

Epoch [60], Validation Acc:  0.2857

Epoch [60], Loss:  6.6528

Epoch [60], Validation Acc:  0.0000

Epoch [60], Loss:  6.5056

Epoch [60], Validation Acc:  0.0000

Epoch [61], Loss:  6.1886

Epoch [61], Validation Acc:  0.2857

Epoch [61], Loss:  6.6233

Epoch [61], Validation Acc:  0.1429

Epoch [61], Loss:  6.5017

Epoch [61], Validation Acc:  0.0000

Epoch [61], Loss:  6.4678

Epoch [61], Validation Acc:  0.0000

Epoch [62], Loss:  6.2234

Epoch [62], Validation Acc:  0.2857

Epoch [62], Loss:  6.8010

Epoch [62], Validation Acc:  0.1429

Epoch [62], Loss:  6.4701

Epoch [62], Validation Acc:  0.1429

Epoch [62], Loss:  6.3643

Epoch [62], Validation Acc:  0.0000

Epoch [63], Loss:  6.2916

Epoch [63], Validation Acc:  0.2857

Epoch [63], Loss:  6.8505

Epoch [63], Validation Acc:  0.1429

Epoch [63], Loss:  6.5668

Epoch [63], Validation Acc:  0.1429

Epoch [63], Loss:  6.4939

Epoch [63], Validation Acc:  0.0000

Epoch [64], Loss:  6.2266

Epoch [64], Validation Acc:  0.1429

Epoch [64], Loss:  6.6456

Epoch [64], Validation Acc:  0.0000

Epoch [64], Loss:  6.4364

Epoch [64], Validation Acc:  0.1429

Epoch [64], Loss:  6.4556

Epoch [64], Validation Acc:  0.0000

Epoch [65], Loss:  6.1426

Epoch [65], Validation Acc:  0.1429

Epoch [65], Loss:  6.7485

Epoch [65], Validation Acc:  0.0000

Epoch [65], Loss:  6.3612

Epoch [65], Validation Acc:  0.1429

Epoch [65], Loss:  6.6935

Epoch [65], Validation Acc:  0.0000

Epoch [66], Loss:  6.3024

Epoch [66], Validation Acc:  0.2857

Epoch [66], Loss:  6.7447

Epoch [66], Validation Acc:  0.0000

Epoch [66], Loss:  6.3995

Epoch [66], Validation Acc:  0.0000

Epoch [66], Loss:  6.5362

Epoch [66], Validation Acc:  0.0000

Epoch [67], Loss:  6.0037

Epoch [67], Validation Acc:  0.1429

Epoch [67], Loss:  6.4942

Epoch [67], Validation Acc:  0.0000

Epoch [67], Loss:  6.7286

Epoch [67], Validation Acc:  0.1429

Epoch [67], Loss:  6.7356

Epoch [67], Validation Acc:  0.1429

Epoch [68], Loss:  6.6156

Epoch [68], Validation Acc:  0.4286

Epoch [68], Loss:  6.6998

Epoch [68], Validation Acc:  0.0000

Epoch [68], Loss:  6.4225

Epoch [68], Validation Acc:  0.1429

Epoch [68], Loss:  6.6770

Epoch [68], Validation Acc:  0.0000

Epoch [69], Loss:  5.9534

Epoch [69], Validation Acc:  0.1429

Epoch [69], Loss:  6.7175

Epoch [69], Validation Acc:  0.1429

Epoch [69], Loss:  6.5300

Epoch [69], Validation Acc:  0.1429

Epoch [69], Loss:  6.3040

Epoch [69], Validation Acc:  0.0000

Epoch [70], Loss:  6.2636

Epoch [70], Validation Acc:  0.0000

Epoch [70], Loss:  6.7886

Epoch [70], Validation Acc:  0.1429

Epoch [70], Loss:  6.7270

Epoch [70], Validation Acc:  0.2857

Epoch [70], Loss:  6.5481

Epoch [70], Validation Acc:  0.1429

Epoch [71], Loss:  6.2584

Epoch [71], Validation Acc:  0.2857

Epoch [71], Loss:  6.8555

Epoch [71], Validation Acc:  0.1429

Epoch [71], Loss:  6.5819

Epoch [71], Validation Acc:  0.1429

Epoch [71], Loss:  6.5376

Epoch [71], Validation Acc:  0.0000

Epoch [72], Loss:  5.9809

Epoch [72], Validation Acc:  0.0000

Epoch [72], Loss:  6.5096

Epoch [72], Validation Acc:  0.0000

Epoch [72], Loss:  6.6323

Epoch [72], Validation Acc:  0.1429

Epoch [72], Loss:  6.1897

Epoch [72], Validation Acc:  0.0000

Epoch [73], Loss:  6.0155

Epoch [73], Validation Acc:  0.1429

Epoch [73], Loss:  6.8663

Epoch [73], Validation Acc:  0.1429

Epoch [73], Loss:  6.3595

Epoch [73], Validation Acc:  0.0000

Epoch [73], Loss:  6.5156

Epoch [73], Validation Acc:  0.1429

Epoch [74], Loss:  5.6965

Epoch [74], Validation Acc:  0.0000

Epoch [74], Loss:  6.8862

Epoch [74], Validation Acc:  0.2857

Epoch [74], Loss:  6.3018

Epoch [74], Validation Acc:  0.0000

Epoch [74], Loss:  6.4233

Epoch [74], Validation Acc:  0.1429

Epoch [75], Loss:  5.9565

Epoch [75], Validation Acc:  0.0000

Epoch [75], Loss:  6.4837

Epoch [75], Validation Acc:  0.0000

Epoch [75], Loss:  6.4268

Epoch [75], Validation Acc:  0.1429

Epoch [75], Loss:  6.5841

Epoch [75], Validation Acc:  0.0000

Epoch [76], Loss:  5.9021

Epoch [76], Validation Acc:  0.0000

Epoch [76], Loss:  6.5523

Epoch [76], Validation Acc:  0.1429

Epoch [76], Loss:  6.4018

Epoch [76], Validation Acc:  0.0000

Epoch [76], Loss:  6.0968

Epoch [76], Validation Acc:  0.0000

Epoch [77], Loss:  6.2163

Epoch [77], Validation Acc:  0.1429

Epoch [77], Loss:  6.3941

Epoch [77], Validation Acc:  0.0000

Epoch [77], Loss:  6.1749

Epoch [77], Validation Acc:  0.0000

Epoch [77], Loss:  6.4118

Epoch [77], Validation Acc:  0.0000

Epoch [78], Loss:  5.8793

Epoch [78], Validation Acc:  0.1429

Epoch [78], Loss:  6.8552

Epoch [78], Validation Acc:  0.1429

Epoch [78], Loss:  6.0646

Epoch [78], Validation Acc:  0.0000

Epoch [78], Loss:  6.4622

Epoch [78], Validation Acc:  0.1429

Epoch [79], Loss:  6.3128

Epoch [79], Validation Acc:  0.2857

Epoch [79], Loss:  6.2635

Epoch [79], Validation Acc:  0.0000

Epoch [79], Loss:  6.0171

Epoch [79], Validation Acc:  0.1429

Epoch [79], Loss:  6.4276

Epoch [79], Validation Acc:  0.1429

Epoch [80], Loss:  5.8462

Epoch [80], Validation Acc:  0.0000

Epoch [80], Loss:  6.5103

Epoch [80], Validation Acc:  0.0000

Epoch [80], Loss:  6.4464

Epoch [80], Validation Acc:  0.1429

Epoch [80], Loss:  6.4254

Epoch [80], Validation Acc:  0.0000

Epoch [81], Loss:  6.0452

Epoch [81], Validation Acc:  0.0000

Epoch [81], Loss:  6.5616

Epoch [81], Validation Acc:  0.0000

Epoch [81], Loss:  6.3105

Epoch [81], Validation Acc:  0.0000

Epoch [81], Loss:  6.3423

Epoch [81], Validation Acc:  0.0000

Epoch [82], Loss:  5.9730

Epoch [82], Validation Acc:  0.0000

Epoch [82], Loss:  6.3852

Epoch [82], Validation Acc:  0.0000

Epoch [82], Loss:  6.4309

Epoch [82], Validation Acc:  0.1429

Epoch [82], Loss:  6.6519

Epoch [82], Validation Acc:  0.0000

Epoch [83], Loss:  5.9870

Epoch [83], Validation Acc:  0.0000

Epoch [83], Loss:  6.4077

Epoch [83], Validation Acc:  0.1429

Epoch [83], Loss:  6.4437

Epoch [83], Validation Acc:  0.1429

Epoch [83], Loss:  6.5057

Epoch [83], Validation Acc:  0.0000

Epoch [84], Loss:  6.3498

Epoch [84], Validation Acc:  0.1429

Epoch [84], Loss:  6.5168

Epoch [84], Validation Acc:  0.1429

Epoch [84], Loss:  6.7045

Epoch [84], Validation Acc:  0.1429

Epoch [84], Loss:  6.3723

Epoch [84], Validation Acc:  0.0000

Epoch [85], Loss:  6.1351

Epoch [85], Validation Acc:  0.1429

Epoch [85], Loss:  6.5420

Epoch [85], Validation Acc:  0.0000

Epoch [85], Loss:  6.2000

Epoch [85], Validation Acc:  0.0000

Epoch [85], Loss:  6.1930

Epoch [85], Validation Acc:  0.0000

Epoch [86], Loss:  6.0707

Epoch [86], Validation Acc:  0.1429

Epoch [86], Loss:  6.5947

Epoch [86], Validation Acc:  0.0000

Epoch [86], Loss:  6.2880

Epoch [86], Validation Acc:  0.2857

Epoch [86], Loss:  6.4001

Epoch [86], Validation Acc:  0.0000

Epoch [87], Loss:  6.0876

Epoch [87], Validation Acc:  0.2857

Epoch [87], Loss:  6.6085

Epoch [87], Validation Acc:  0.0000

Epoch [87], Loss:  6.0547

Epoch [87], Validation Acc:  0.0000

Epoch [87], Loss:  6.6150

Epoch [87], Validation Acc:  0.1429

Epoch [88], Loss:  5.4599

Epoch [88], Validation Acc:  0.0000

Epoch [88], Loss:  6.6524

Epoch [88], Validation Acc:  0.0000

Epoch [88], Loss:  6.1966

Epoch [88], Validation Acc:  0.0000

Epoch [88], Loss:  6.3509

Epoch [88], Validation Acc:  0.0000

Epoch [89], Loss:  5.8719

Epoch [89], Validation Acc:  0.1429

Epoch [89], Loss:  6.5775

Epoch [89], Validation Acc:  0.0000

Epoch [89], Loss:  6.2917

Epoch [89], Validation Acc:  0.1429

Epoch [89], Loss:  6.3426

Epoch [89], Validation Acc:  0.0000

Epoch [90], Loss:  5.7354

Epoch [90], Validation Acc:  0.0000

Epoch [90], Loss:  6.4391

Epoch [90], Validation Acc:  0.0000

Epoch [90], Loss:  6.4435

Epoch [90], Validation Acc:  0.1429

Epoch [90], Loss:  6.5490

Epoch [90], Validation Acc:  0.0000

Epoch [91], Loss:  5.7029

Epoch [91], Validation Acc:  0.0000

Epoch [91], Loss:  6.5989

Epoch [91], Validation Acc:  0.1429

Epoch [91], Loss:  6.2100

Epoch [91], Validation Acc:  0.0000

Epoch [91], Loss:  6.5051

Epoch [91], Validation Acc:  0.0000

Epoch [92], Loss:  5.7622

Epoch [92], Validation Acc:  0.0000

Epoch [92], Loss:  7.0233

Epoch [92], Validation Acc:  0.2857

Epoch [92], Loss:  6.0446

Epoch [92], Validation Acc:  0.1429

Epoch [92], Loss:  6.6412

Epoch [92], Validation Acc:  0.0000

Epoch [93], Loss:  6.4617

Epoch [93], Validation Acc:  0.1429

Epoch [93], Loss:  6.7266

Epoch [93], Validation Acc:  0.0000

Epoch [93], Loss:  6.2453

Epoch [93], Validation Acc:  0.0000

Epoch [93], Loss:  6.7770

Epoch [93], Validation Acc:  0.0000

Epoch [94], Loss:  6.1002

Epoch [94], Validation Acc:  0.1429

Epoch [94], Loss:  6.8368

Epoch [94], Validation Acc:  0.1429

Epoch [94], Loss:  6.0508

Epoch [94], Validation Acc:  0.0000

Epoch [94], Loss:  6.6256

Epoch [94], Validation Acc:  0.0000

Epoch [95], Loss:  6.0721

Epoch [95], Validation Acc:  0.0000

Epoch [95], Loss:  6.5665

Epoch [95], Validation Acc:  0.0000

Epoch [95], Loss:  6.3025

Epoch [95], Validation Acc:  0.1429

Epoch [95], Loss:  6.4876

Epoch [95], Validation Acc:  0.1429

Epoch [96], Loss:  5.6034

Epoch [96], Validation Acc:  0.0000

Epoch [96], Loss:  6.5196

Epoch [96], Validation Acc:  0.0000

Epoch [96], Loss:  6.0332

Epoch [96], Validation Acc:  0.0000

Epoch [96], Loss:  6.2300

Epoch [96], Validation Acc:  0.0000

Epoch [97], Loss:  6.0478

Epoch [97], Validation Acc:  0.1429

Epoch [97], Loss:  6.2669

Epoch [97], Validation Acc:  0.0000

Epoch [97], Loss:  6.3216

Epoch [97], Validation Acc:  0.0000

Epoch [97], Loss:  6.6425

Epoch [97], Validation Acc:  0.0000

Epoch [98], Loss:  5.7169

Epoch [98], Validation Acc:  0.0000

Epoch [98], Loss:  6.6184

Epoch [98], Validation Acc:  0.1429

Epoch [98], Loss:  5.8105

Epoch [98], Validation Acc:  0.0000

Epoch [98], Loss:  6.6949

Epoch [98], Validation Acc:  0.1429

Epoch [99], Loss:  6.0807

Epoch [99], Validation Acc:  0.1429

Epoch [99], Loss:  6.5746

Epoch [99], Validation Acc:  0.0000

Epoch [99], Loss:  6.2003

Epoch [99], Validation Acc:  0.2857

Epoch [99], Loss:  6.2369

Epoch [99], Validation Acc:  0.0000

Epoch [100], Loss:  6.2749

Epoch [100], Validation Acc:  0.2857

Epoch [100], Loss:  6.3830

Epoch [100], Validation Acc:  0.0000

Epoch [100], Loss:  6.5045

Epoch [100], Validation Acc:  0.1429

Epoch [100], Loss:  6.2620

Epoch [100], Validation Acc:  0.0000

Testing on test data...
Test Acc:  0.5000
Spend time: 1857.2991585731506
