dataset_path: ../datasets/new_data
result_path: ../results
checkpoint_path: ../checkpoints
train_sample_ratio: 0.8
learning_rate: 0.001
epochs: 100
device: cuda:3
seed: 1
method_variant: cor_our_v3
peak_pick_num: 5
scratch: True
subset_index: 3
Epoch [1], Loss:  7.8658

Epoch [1], Validation Acc:  0.4286

Epoch [1], Loss:  7.3890

Epoch [1], Validation Acc:  0.1429

Epoch [1], Loss:  7.1977

Epoch [1], Validation Acc:  0.1429

Epoch [1], Loss:  6.9187

Epoch [1], Validation Acc:  0.1429

Epoch [2], Loss:  7.7088

Epoch [2], Validation Acc:  0.5714

Epoch [2], Loss:  6.9786

Epoch [2], Validation Acc:  0.1429

Epoch [2], Loss:  6.4199

Epoch [2], Validation Acc:  0.1429

Epoch [2], Loss:  6.1770

Epoch [2], Validation Acc:  0.0000

Epoch [3], Loss:  6.4700

Epoch [3], Validation Acc:  0.2857

Epoch [3], Loss:  6.1702

Epoch [3], Validation Acc:  0.1429

Epoch [3], Loss:  5.6305

Epoch [3], Validation Acc:  0.4286

Epoch [3], Loss:  5.2842

Epoch [3], Validation Acc:  0.1429

Epoch [4], Loss:  5.0611

Epoch [4], Validation Acc:  0.1429

Epoch [4], Loss:  5.4946

Epoch [4], Validation Acc:  0.1429

Epoch [4], Loss:  4.9941

Epoch [4], Validation Acc:  0.4286

Epoch [4], Loss:  5.0655

Epoch [4], Validation Acc:  0.4286

Epoch [5], Loss:  3.8694

Epoch [5], Validation Acc:  0.0000

Epoch [5], Loss:  5.4624

Epoch [5], Validation Acc:  0.2857

Epoch [5], Loss:  4.3908

Epoch [5], Validation Acc:  0.2857

Epoch [5], Loss:  4.5657

Epoch [5], Validation Acc:  0.1429

Epoch [6], Loss:  4.7706

Epoch [6], Validation Acc:  0.1429

Epoch [6], Loss:  4.8636

Epoch [6], Validation Acc:  0.1429

Epoch [6], Loss:  4.5497

Epoch [6], Validation Acc:  0.2857

Epoch [6], Loss:  3.8611

Epoch [6], Validation Acc:  0.1429

Epoch [7], Loss:  4.6545

Epoch [7], Validation Acc:  0.4286

Epoch [7], Loss:  5.3883

Epoch [7], Validation Acc:  0.2857

Epoch [7], Loss:  4.0248

Epoch [7], Validation Acc:  0.0000

Epoch [7], Loss:  4.1766

Epoch [7], Validation Acc:  0.1429

Epoch [8], Loss:  4.1816

Epoch [8], Validation Acc:  0.2857

Epoch [8], Loss:  4.8992

Epoch [8], Validation Acc:  0.0000

Epoch [8], Loss:  4.2145

Epoch [8], Validation Acc:  0.1429

Epoch [8], Loss:  4.1620

Epoch [8], Validation Acc:  0.1429

Epoch [9], Loss:  4.4065

Epoch [9], Validation Acc:  0.5714

Epoch [9], Loss:  5.1849

Epoch [9], Validation Acc:  0.2857

Epoch [9], Loss:  4.7199

Epoch [9], Validation Acc:  0.2857

Epoch [9], Loss:  3.8976

Epoch [9], Validation Acc:  0.2857

Epoch [10], Loss:  4.1821

Epoch [10], Validation Acc:  0.2857

Epoch [10], Loss:  4.8031

Epoch [10], Validation Acc:  0.2857

Epoch [10], Loss:  4.8034

Epoch [10], Validation Acc:  0.4286

Epoch [10], Loss:  4.1484

Epoch [10], Validation Acc:  0.1429

Epoch [11], Loss:  4.4650

Epoch [11], Validation Acc:  0.5714

Epoch [11], Loss:  4.8090

Epoch [11], Validation Acc:  0.1429

Epoch [11], Loss:  4.5462

Epoch [11], Validation Acc:  0.1429

Epoch [11], Loss:  4.2453

Epoch [11], Validation Acc:  0.4286

Epoch [12], Loss:  4.0860

Epoch [12], Validation Acc:  0.2857

Epoch [12], Loss:  4.7591

Epoch [12], Validation Acc:  0.0000

Epoch [12], Loss:  4.4613

Epoch [12], Validation Acc:  0.2857

Epoch [12], Loss:  3.9832

Epoch [12], Validation Acc:  0.1429

Epoch [13], Loss:  4.1535

Epoch [13], Validation Acc:  0.2857

Epoch [13], Loss:  5.2926

Epoch [13], Validation Acc:  0.4286

Epoch [13], Loss:  4.7592

Epoch [13], Validation Acc:  0.5714

Epoch [13], Loss:  4.0708

Epoch [13], Validation Acc:  0.1429

Epoch [14], Loss:  4.2998

Epoch [14], Validation Acc:  0.1429

Epoch [14], Loss:  5.1803

Epoch [14], Validation Acc:  0.2857

Epoch [14], Loss:  4.9959

Epoch [14], Validation Acc:  0.4286

Epoch [14], Loss:  4.0169

Epoch [14], Validation Acc:  0.2857

Epoch [15], Loss:  3.8808

Epoch [15], Validation Acc:  0.0000

Epoch [15], Loss:  4.9357

Epoch [15], Validation Acc:  0.2857

Epoch [15], Loss:  4.4022

Epoch [15], Validation Acc:  0.4286

Epoch [15], Loss:  4.1555

Epoch [15], Validation Acc:  0.2857

Epoch [16], Loss:  4.4142

Epoch [16], Validation Acc:  0.2857

Epoch [16], Loss:  4.6737

Epoch [16], Validation Acc:  0.1429

Epoch [16], Loss:  4.3710

Epoch [16], Validation Acc:  0.2857

Epoch [16], Loss:  3.7818

Epoch [16], Validation Acc:  0.0000

Epoch [17], Loss:  4.5568

Epoch [17], Validation Acc:  0.4286

Epoch [17], Loss:  4.9842

Epoch [17], Validation Acc:  0.1429

Epoch [17], Loss:  5.0546

Epoch [17], Validation Acc:  0.4286

Epoch [17], Loss:  3.8103

Epoch [17], Validation Acc:  0.0000

Epoch [18], Loss:  4.4004

Epoch [18], Validation Acc:  0.2857

Epoch [18], Loss:  4.7348

Epoch [18], Validation Acc:  0.1429

Epoch [18], Loss:  4.7084

Epoch [18], Validation Acc:  0.4286

Epoch [18], Loss:  3.8616

Epoch [18], Validation Acc:  0.1429

Epoch [19], Loss:  4.0912

Epoch [19], Validation Acc:  0.0000

Epoch [19], Loss:  4.6068

Epoch [19], Validation Acc:  0.1429

Epoch [19], Loss:  4.0792

Epoch [19], Validation Acc:  0.2857

Epoch [19], Loss:  4.5916

Epoch [19], Validation Acc:  0.2857

Epoch [20], Loss:  3.9826

Epoch [20], Validation Acc:  0.2857

Epoch [20], Loss:  4.4704

Epoch [20], Validation Acc:  0.0000

Epoch [20], Loss:  5.2933

Epoch [20], Validation Acc:  0.8571

Epoch [20], Loss:  4.1954

Epoch [20], Validation Acc:  0.1429

Epoch [21], Loss:  4.5189

Epoch [21], Validation Acc:  0.4286

Epoch [21], Loss:  5.1524

Epoch [21], Validation Acc:  0.1429

Epoch [21], Loss:  4.3787

Epoch [21], Validation Acc:  0.2857

Epoch [21], Loss:  4.0974

Epoch [21], Validation Acc:  0.2857

Epoch [22], Loss:  3.8149

Epoch [22], Validation Acc:  0.2857

Epoch [22], Loss:  5.0025

Epoch [22], Validation Acc:  0.1429

Epoch [22], Loss:  4.3646

Epoch [22], Validation Acc:  0.2857

Epoch [22], Loss:  3.9927

Epoch [22], Validation Acc:  0.1429

Epoch [23], Loss:  4.5518

Epoch [23], Validation Acc:  0.5714

Epoch [23], Loss:  4.4141

Epoch [23], Validation Acc:  0.0000

Epoch [23], Loss:  4.8331

Epoch [23], Validation Acc:  0.4286

Epoch [23], Loss:  3.8371

Epoch [23], Validation Acc:  0.2857

Epoch [24], Loss:  4.4031

Epoch [24], Validation Acc:  0.1429

Epoch [24], Loss:  4.7358

Epoch [24], Validation Acc:  0.2857

Epoch [24], Loss:  4.3296

Epoch [24], Validation Acc:  0.4286

Epoch [24], Loss:  4.0772

Epoch [24], Validation Acc:  0.1429

Epoch [25], Loss:  3.8941

Epoch [25], Validation Acc:  0.4286

Epoch [25], Loss:  4.9575

Epoch [25], Validation Acc:  0.2857

Epoch [25], Loss:  4.4412

Epoch [25], Validation Acc:  0.2857

Epoch [25], Loss:  4.6191

Epoch [25], Validation Acc:  0.4286

Epoch [26], Loss:  4.2411

Epoch [26], Validation Acc:  0.4286

Epoch [26], Loss:  5.1743

Epoch [26], Validation Acc:  0.4286

Epoch [26], Loss:  4.6868

Epoch [26], Validation Acc:  0.4286

Epoch [26], Loss:  4.4580

Epoch [26], Validation Acc:  0.2857

Epoch [27], Loss:  4.0694

Epoch [27], Validation Acc:  0.4286

Epoch [27], Loss:  5.3493

Epoch [27], Validation Acc:  0.2857

Epoch [27], Loss:  4.6546

Epoch [27], Validation Acc:  0.2857

Epoch [27], Loss:  4.0419

Epoch [27], Validation Acc:  0.4286

Epoch [28], Loss:  4.4538

Epoch [28], Validation Acc:  0.4286

Epoch [28], Loss:  4.5042

Epoch [28], Validation Acc:  0.0000

Epoch [28], Loss:  4.5943

Epoch [28], Validation Acc:  0.1429

Epoch [28], Loss:  4.1953

Epoch [28], Validation Acc:  0.4286

Epoch [29], Loss:  3.5172

Epoch [29], Validation Acc:  0.0000

Epoch [29], Loss:  5.1844

Epoch [29], Validation Acc:  0.4286

Epoch [29], Loss:  3.9261

Epoch [29], Validation Acc:  0.1429

Epoch [29], Loss:  4.6097

Epoch [29], Validation Acc:  0.4286

Epoch [30], Loss:  3.7912

Epoch [30], Validation Acc:  0.2857

Epoch [30], Loss:  4.6932

Epoch [30], Validation Acc:  0.1429

Epoch [30], Loss:  4.6892

Epoch [30], Validation Acc:  0.4286

Epoch [30], Loss:  3.8974

Epoch [30], Validation Acc:  0.1429

Epoch [31], Loss:  4.1950

Epoch [31], Validation Acc:  0.1429

Epoch [31], Loss:  4.7155

Epoch [31], Validation Acc:  0.2857

Epoch [31], Loss:  5.0685

Epoch [31], Validation Acc:  0.5714

Epoch [31], Loss:  3.7043

Epoch [31], Validation Acc:  0.0000

Epoch [32], Loss:  4.0403

Epoch [32], Validation Acc:  0.0000

Epoch [32], Loss:  5.1327

Epoch [32], Validation Acc:  0.4286

Epoch [32], Loss:  5.0115

Epoch [32], Validation Acc:  0.7143

Epoch [32], Loss:  4.1806

Epoch [32], Validation Acc:  0.2857

Epoch [33], Loss:  4.3136

Epoch [33], Validation Acc:  0.4286

Epoch [33], Loss:  5.0768

Epoch [33], Validation Acc:  0.4286

Epoch [33], Loss:  3.9356

Epoch [33], Validation Acc:  0.1429

Epoch [33], Loss:  4.2432

Epoch [33], Validation Acc:  0.4286

Epoch [34], Loss:  3.8382

Epoch [34], Validation Acc:  0.1429

Epoch [34], Loss:  4.9111

Epoch [34], Validation Acc:  0.2857

Epoch [34], Loss:  4.5162

Epoch [34], Validation Acc:  0.4286

Epoch [34], Loss:  3.9873

Epoch [34], Validation Acc:  0.4286

Epoch [35], Loss:  4.3692

Epoch [35], Validation Acc:  0.1429

Epoch [35], Loss:  4.7190

Epoch [35], Validation Acc:  0.2857

Epoch [35], Loss:  4.1426

Epoch [35], Validation Acc:  0.2857

Epoch [35], Loss:  4.0325

Epoch [35], Validation Acc:  0.2857

Epoch [36], Loss:  4.3389

Epoch [36], Validation Acc:  0.5714

Epoch [36], Loss:  4.9037

Epoch [36], Validation Acc:  0.1429

Epoch [36], Loss:  4.2726

Epoch [36], Validation Acc:  0.4286

Epoch [36], Loss:  4.3143

Epoch [36], Validation Acc:  0.2857

Epoch [37], Loss:  4.3094

Epoch [37], Validation Acc:  0.2857

Epoch [37], Loss:  4.6236

Epoch [37], Validation Acc:  0.1429

Epoch [37], Loss:  4.1414

Epoch [37], Validation Acc:  0.1429

Epoch [37], Loss:  4.1244

Epoch [37], Validation Acc:  0.1429

Epoch [38], Loss:  4.0500

Epoch [38], Validation Acc:  0.0000

Epoch [38], Loss:  4.8531

Epoch [38], Validation Acc:  0.1429

Epoch [38], Loss:  4.4500

Epoch [38], Validation Acc:  0.2857

Epoch [38], Loss:  4.4735

Epoch [38], Validation Acc:  0.5714

Epoch [39], Loss:  4.2214

Epoch [39], Validation Acc:  0.2857

Epoch [39], Loss:  5.1412

Epoch [39], Validation Acc:  0.1429

Epoch [39], Loss:  4.3771

Epoch [39], Validation Acc:  0.4286

Epoch [39], Loss:  4.4302

Epoch [39], Validation Acc:  0.1429

Epoch [40], Loss:  4.1637

Epoch [40], Validation Acc:  0.2857

Epoch [40], Loss:  4.9633

Epoch [40], Validation Acc:  0.1429

Epoch [40], Loss:  4.3534

Epoch [40], Validation Acc:  0.2857

Epoch [40], Loss:  4.3432

Epoch [40], Validation Acc:  0.4286

Epoch [41], Loss:  4.3887

Epoch [41], Validation Acc:  0.4286

Epoch [41], Loss:  5.0727

Epoch [41], Validation Acc:  0.1429

Epoch [41], Loss:  5.3971

Epoch [41], Validation Acc:  0.7143

Epoch [41], Loss:  4.3867

Epoch [41], Validation Acc:  0.4286

Epoch [42], Loss:  3.6756

Epoch [42], Validation Acc:  0.0000

Epoch [42], Loss:  5.0962

Epoch [42], Validation Acc:  0.2857

Epoch [42], Loss:  4.2696

Epoch [42], Validation Acc:  0.2857

Epoch [42], Loss:  4.5901

Epoch [42], Validation Acc:  0.4286

Epoch [43], Loss:  3.9816

Epoch [43], Validation Acc:  0.2857

Epoch [43], Loss:  4.6225

Epoch [43], Validation Acc:  0.0000

Epoch [43], Loss:  4.3221

Epoch [43], Validation Acc:  0.1429

Epoch [43], Loss:  3.7994

Epoch [43], Validation Acc:  0.0000

Epoch [44], Loss:  4.6504

Epoch [44], Validation Acc:  0.4286

Epoch [44], Loss:  4.9207

Epoch [44], Validation Acc:  0.1429

Epoch [44], Loss:  4.1157

Epoch [44], Validation Acc:  0.2857

Epoch [44], Loss:  3.9228

Epoch [44], Validation Acc:  0.4286

Epoch [45], Loss:  4.3806

Epoch [45], Validation Acc:  0.4286

Epoch [45], Loss:  4.4861

Epoch [45], Validation Acc:  0.0000

Epoch [45], Loss:  4.0798

Epoch [45], Validation Acc:  0.2857

Epoch [45], Loss:  4.6108

Epoch [45], Validation Acc:  0.4286

Epoch [46], Loss:  4.2047

Epoch [46], Validation Acc:  0.4286

Epoch [46], Loss:  4.6202

Epoch [46], Validation Acc:  0.1429

Epoch [46], Loss:  4.6512

Epoch [46], Validation Acc:  0.2857

Epoch [46], Loss:  4.4835

Epoch [46], Validation Acc:  0.2857

Epoch [47], Loss:  4.0648

Epoch [47], Validation Acc:  0.2857

Epoch [47], Loss:  5.0277

Epoch [47], Validation Acc:  0.0000

Epoch [47], Loss:  4.1907

Epoch [47], Validation Acc:  0.1429

Epoch [47], Loss:  4.7494

Epoch [47], Validation Acc:  0.5714

Epoch [48], Loss:  3.4877

Epoch [48], Validation Acc:  0.1429

Epoch [48], Loss:  4.6643

Epoch [48], Validation Acc:  0.2857

Epoch [48], Loss:  4.0599

Epoch [48], Validation Acc:  0.1429

Epoch [48], Loss:  4.0081

Epoch [48], Validation Acc:  0.2857

Epoch [49], Loss:  4.3325

Epoch [49], Validation Acc:  0.4286

Epoch [49], Loss:  5.0137

Epoch [49], Validation Acc:  0.1429

Epoch [49], Loss:  4.6670

Epoch [49], Validation Acc:  0.2857

Epoch [49], Loss:  4.3581

Epoch [49], Validation Acc:  0.5714

Epoch [50], Loss:  3.9211

Epoch [50], Validation Acc:  0.1429

Epoch [50], Loss:  4.7582

Epoch [50], Validation Acc:  0.0000

Epoch [50], Loss:  4.5050

Epoch [50], Validation Acc:  0.1429

Epoch [50], Loss:  4.4357

Epoch [50], Validation Acc:  0.5714

Epoch [51], Loss:  4.7480

Epoch [51], Validation Acc:  0.4286

Epoch [51], Loss:  5.1124

Epoch [51], Validation Acc:  0.2857

Epoch [51], Loss:  4.7197

Epoch [51], Validation Acc:  0.4286

Epoch [51], Loss:  4.4184

Epoch [51], Validation Acc:  0.4286

Epoch [52], Loss:  3.9975

Epoch [52], Validation Acc:  0.1429

Epoch [52], Loss:  4.6649

Epoch [52], Validation Acc:  0.2857

Epoch [52], Loss:  4.7991

Epoch [52], Validation Acc:  0.4286

Epoch [52], Loss:  3.8648

Epoch [52], Validation Acc:  0.2857

Epoch [53], Loss:  3.9930

Epoch [53], Validation Acc:  0.1429

Epoch [53], Loss:  4.8801

Epoch [53], Validation Acc:  0.1429

Epoch [53], Loss:  4.8973

Epoch [53], Validation Acc:  0.5714

Epoch [53], Loss:  4.1470

Epoch [53], Validation Acc:  0.1429

Epoch [54], Loss:  3.6592

Epoch [54], Validation Acc:  0.2857

Epoch [54], Loss:  4.8892

Epoch [54], Validation Acc:  0.1429

Epoch [54], Loss:  4.5085

Epoch [54], Validation Acc:  0.2857

Epoch [54], Loss:  4.3120

Epoch [54], Validation Acc:  0.4286

Epoch [55], Loss:  4.0171

Epoch [55], Validation Acc:  0.2857

Epoch [55], Loss:  5.0708

Epoch [55], Validation Acc:  0.1429

Epoch [55], Loss:  4.5269

Epoch [55], Validation Acc:  0.5714

Epoch [55], Loss:  4.7015

Epoch [55], Validation Acc:  0.4286

Epoch [56], Loss:  3.6160

Epoch [56], Validation Acc:  0.1429

Epoch [56], Loss:  4.5779

Epoch [56], Validation Acc:  0.2857

Epoch [56], Loss:  4.8699

Epoch [56], Validation Acc:  0.5714

Epoch [56], Loss:  3.9529

Epoch [56], Validation Acc:  0.0000

Epoch [57], Loss:  4.3919

Epoch [57], Validation Acc:  0.4286

Epoch [57], Loss:  4.8685

Epoch [57], Validation Acc:  0.1429

Epoch [57], Loss:  4.4877

Epoch [57], Validation Acc:  0.4286

Epoch [57], Loss:  4.4905

Epoch [57], Validation Acc:  0.2857

Epoch [58], Loss:  4.4082

Epoch [58], Validation Acc:  0.4286

Epoch [58], Loss:  5.3789

Epoch [58], Validation Acc:  0.4286

Epoch [58], Loss:  4.5976

Epoch [58], Validation Acc:  0.4286

Epoch [58], Loss:  4.2838

Epoch [58], Validation Acc:  0.2857

Epoch [59], Loss:  3.9368

Epoch [59], Validation Acc:  0.1429

Epoch [59], Loss:  4.6803

Epoch [59], Validation Acc:  0.1429

Epoch [59], Loss:  4.0122

Epoch [59], Validation Acc:  0.2857

Epoch [59], Loss:  4.2633

Epoch [59], Validation Acc:  0.2857

Epoch [60], Loss:  4.3634

Epoch [60], Validation Acc:  0.4286

Epoch [60], Loss:  4.7455

Epoch [60], Validation Acc:  0.0000

Epoch [60], Loss:  3.8274

Epoch [60], Validation Acc:  0.1429

Epoch [60], Loss:  4.0449

Epoch [60], Validation Acc:  0.2857

Epoch [61], Loss:  4.2194

Epoch [61], Validation Acc:  0.4286

Epoch [61], Loss:  4.6337

Epoch [61], Validation Acc:  0.2857

Epoch [61], Loss:  3.9616

Epoch [61], Validation Acc:  0.1429

Epoch [61], Loss:  3.7295

Epoch [61], Validation Acc:  0.0000

Epoch [62], Loss:  3.7112

Epoch [62], Validation Acc:  0.1429

Epoch [62], Loss:  4.8486

Epoch [62], Validation Acc:  0.1429

Epoch [62], Loss:  4.5968

Epoch [62], Validation Acc:  0.4286

Epoch [62], Loss:  3.9759

Epoch [62], Validation Acc:  0.2857

Epoch [63], Loss:  4.1555

Epoch [63], Validation Acc:  0.4286

Epoch [63], Loss:  5.0989

Epoch [63], Validation Acc:  0.2857

Epoch [63], Loss:  4.1476

Epoch [63], Validation Acc:  0.1429

Epoch [63], Loss:  4.4298

Epoch [63], Validation Acc:  0.1429

Epoch [64], Loss:  4.1789

Epoch [64], Validation Acc:  0.1429

Epoch [64], Loss:  4.6878

Epoch [64], Validation Acc:  0.1429

Epoch [64], Loss:  4.7755

Epoch [64], Validation Acc:  0.4286

Epoch [64], Loss:  4.3343

Epoch [64], Validation Acc:  0.4286

Epoch [65], Loss:  3.5607

Epoch [65], Validation Acc:  0.1429

Epoch [65], Loss:  5.0240

Epoch [65], Validation Acc:  0.1429

Epoch [65], Loss:  4.1675

Epoch [65], Validation Acc:  0.2857

Epoch [65], Loss:  4.1871

Epoch [65], Validation Acc:  0.2857

Epoch [66], Loss:  4.2589

Epoch [66], Validation Acc:  0.1429

Epoch [66], Loss:  5.1306

Epoch [66], Validation Acc:  0.4286

Epoch [66], Loss:  4.6879

Epoch [66], Validation Acc:  0.2857

Epoch [66], Loss:  3.6193

Epoch [66], Validation Acc:  0.1429

Epoch [67], Loss:  4.4003

Epoch [67], Validation Acc:  0.1429

Epoch [67], Loss:  4.8039

Epoch [67], Validation Acc:  0.0000

Epoch [67], Loss:  4.4894

Epoch [67], Validation Acc:  0.1429

Epoch [67], Loss:  4.3930

Epoch [67], Validation Acc:  0.2857

Epoch [68], Loss:  3.9962

Epoch [68], Validation Acc:  0.1429

Epoch [68], Loss:  4.7851

Epoch [68], Validation Acc:  0.2857

Epoch [68], Loss:  4.7954

Epoch [68], Validation Acc:  0.5714

Epoch [68], Loss:  3.8109

Epoch [68], Validation Acc:  0.2857

Epoch [69], Loss:  4.3756

Epoch [69], Validation Acc:  0.1429

Epoch [69], Loss:  4.7554

Epoch [69], Validation Acc:  0.0000

Epoch [69], Loss:  4.3509

Epoch [69], Validation Acc:  0.0000

Epoch [69], Loss:  3.9281

Epoch [69], Validation Acc:  0.2857

Epoch [70], Loss:  4.0713

Epoch [70], Validation Acc:  0.2857

Epoch [70], Loss:  4.5626

Epoch [70], Validation Acc:  0.2857

Epoch [70], Loss:  4.6209

Epoch [70], Validation Acc:  0.2857

Epoch [70], Loss:  4.3761

Epoch [70], Validation Acc:  0.0000

Epoch [71], Loss:  4.1329

Epoch [71], Validation Acc:  0.1429

Epoch [71], Loss:  5.1175

Epoch [71], Validation Acc:  0.2857

Epoch [71], Loss:  4.6577

Epoch [71], Validation Acc:  0.4286

Epoch [71], Loss:  4.1551

Epoch [71], Validation Acc:  0.0000

Epoch [72], Loss:  4.5414

Epoch [72], Validation Acc:  0.5714

Epoch [72], Loss:  4.2889

Epoch [72], Validation Acc:  0.0000

Epoch [72], Loss:  4.5102

Epoch [72], Validation Acc:  0.4286

Epoch [72], Loss:  4.2269

Epoch [72], Validation Acc:  0.1429

Epoch [73], Loss:  3.9709

Epoch [73], Validation Acc:  0.1429

Epoch [73], Loss:  4.7336

Epoch [73], Validation Acc:  0.1429

Epoch [73], Loss:  4.5830

Epoch [73], Validation Acc:  0.4286

Epoch [73], Loss:  4.3678

Epoch [73], Validation Acc:  0.5714

Epoch [74], Loss:  4.5886

Epoch [74], Validation Acc:  0.4286

Epoch [74], Loss:  4.7938

Epoch [74], Validation Acc:  0.2857

Epoch [74], Loss:  4.7685

Epoch [74], Validation Acc:  0.4286

Epoch [74], Loss:  4.4487

Epoch [74], Validation Acc:  0.2857

Epoch [75], Loss:  3.8617

Epoch [75], Validation Acc:  0.1429

Epoch [75], Loss:  5.0653

Epoch [75], Validation Acc:  0.2857

Epoch [75], Loss:  4.3607

Epoch [75], Validation Acc:  0.5714

Epoch [75], Loss:  4.2051

Epoch [75], Validation Acc:  0.4286

Epoch [76], Loss:  4.2547

Epoch [76], Validation Acc:  0.2857

Epoch [76], Loss:  4.9821

Epoch [76], Validation Acc:  0.1429

Epoch [76], Loss:  4.7958

Epoch [76], Validation Acc:  0.2857

Epoch [76], Loss:  4.3903

Epoch [76], Validation Acc:  0.1429

Epoch [77], Loss:  4.1512

Epoch [77], Validation Acc:  0.1429

Epoch [77], Loss:  4.9797

Epoch [77], Validation Acc:  0.1429

Epoch [77], Loss:  4.6487

Epoch [77], Validation Acc:  0.2857

Epoch [77], Loss:  4.0759

Epoch [77], Validation Acc:  0.1429

Epoch [78], Loss:  3.6265

Epoch [78], Validation Acc:  0.1429

Epoch [78], Loss:  5.2703

Epoch [78], Validation Acc:  0.1429

Epoch [78], Loss:  4.8392

Epoch [78], Validation Acc:  0.2857

Epoch [78], Loss:  3.8224

Epoch [78], Validation Acc:  0.2857

Epoch [79], Loss:  4.0632

Epoch [79], Validation Acc:  0.0000

Epoch [79], Loss:  5.1450

Epoch [79], Validation Acc:  0.4286

Epoch [79], Loss:  4.2261

Epoch [79], Validation Acc:  0.1429

Epoch [79], Loss:  3.9439

Epoch [79], Validation Acc:  0.2857

Epoch [80], Loss:  4.1685

Epoch [80], Validation Acc:  0.2857

Epoch [80], Loss:  4.3927

Epoch [80], Validation Acc:  0.1429

Epoch [80], Loss:  4.8798

Epoch [80], Validation Acc:  0.5714

Epoch [80], Loss:  4.3820

Epoch [80], Validation Acc:  0.2857

Epoch [81], Loss:  4.5684

Epoch [81], Validation Acc:  0.5714

Epoch [81], Loss:  4.8632

Epoch [81], Validation Acc:  0.1429

Epoch [81], Loss:  4.2777

Epoch [81], Validation Acc:  0.4286

Epoch [81], Loss:  3.7877

Epoch [81], Validation Acc:  0.1429

Epoch [82], Loss:  3.7026

Epoch [82], Validation Acc:  0.4286

Epoch [82], Loss:  4.7877

Epoch [82], Validation Acc:  0.2857

Epoch [82], Loss:  4.2553

Epoch [82], Validation Acc:  0.2857

Epoch [82], Loss:  3.7354

Epoch [82], Validation Acc:  0.1429

Epoch [83], Loss:  3.9524

Epoch [83], Validation Acc:  0.2857

Epoch [83], Loss:  4.8115

Epoch [83], Validation Acc:  0.0000

Epoch [83], Loss:  4.4640

Epoch [83], Validation Acc:  0.2857

Epoch [83], Loss:  4.1389

Epoch [83], Validation Acc:  0.2857

Epoch [84], Loss:  4.3874

Epoch [84], Validation Acc:  0.4286

Epoch [84], Loss:  4.9886

Epoch [84], Validation Acc:  0.2857

Epoch [84], Loss:  4.6571

Epoch [84], Validation Acc:  0.2857

Epoch [84], Loss:  4.4958

Epoch [84], Validation Acc:  0.2857

Epoch [85], Loss:  3.8936

Epoch [85], Validation Acc:  0.1429

Epoch [85], Loss:  5.0758

Epoch [85], Validation Acc:  0.1429

Epoch [85], Loss:  4.8333

Epoch [85], Validation Acc:  0.2857

Epoch [85], Loss:  4.1052

Epoch [85], Validation Acc:  0.2857

Epoch [86], Loss:  4.2598

Epoch [86], Validation Acc:  0.4286

Epoch [86], Loss:  4.7618

Epoch [86], Validation Acc:  0.2857

Epoch [86], Loss:  4.9822

Epoch [86], Validation Acc:  0.5714

Epoch [86], Loss:  3.9120

Epoch [86], Validation Acc:  0.2857

Epoch [87], Loss:  3.8230

Epoch [87], Validation Acc:  0.1429

Epoch [87], Loss:  4.9191

Epoch [87], Validation Acc:  0.1429

Epoch [87], Loss:  4.5786

Epoch [87], Validation Acc:  0.2857

Epoch [87], Loss:  4.4173

Epoch [87], Validation Acc:  0.2857

Epoch [88], Loss:  3.8849

Epoch [88], Validation Acc:  0.1429

Epoch [88], Loss:  4.9416

Epoch [88], Validation Acc:  0.2857

Epoch [88], Loss:  4.5217

Epoch [88], Validation Acc:  0.4286

Epoch [88], Loss:  4.0490

Epoch [88], Validation Acc:  0.2857

Epoch [89], Loss:  4.0820

Epoch [89], Validation Acc:  0.2857

Epoch [89], Loss:  4.7534

Epoch [89], Validation Acc:  0.0000

Epoch [89], Loss:  4.5117

Epoch [89], Validation Acc:  0.2857

Epoch [89], Loss:  4.4141

Epoch [89], Validation Acc:  0.2857

Epoch [90], Loss:  3.8971

Epoch [90], Validation Acc:  0.1429

Epoch [90], Loss:  4.5327

Epoch [90], Validation Acc:  0.0000

Epoch [90], Loss:  4.4323

Epoch [90], Validation Acc:  0.2857

Epoch [90], Loss:  3.2195

Epoch [90], Validation Acc:  0.1429

Epoch [91], Loss:  4.4933

Epoch [91], Validation Acc:  0.5714

Epoch [91], Loss:  5.1953

Epoch [91], Validation Acc:  0.2857

Epoch [91], Loss:  4.2688

Epoch [91], Validation Acc:  0.4286

Epoch [91], Loss:  3.8292

Epoch [91], Validation Acc:  0.1429

Epoch [92], Loss:  3.9925

Epoch [92], Validation Acc:  0.2857

Epoch [92], Loss:  5.0349

Epoch [92], Validation Acc:  0.1429

Epoch [92], Loss:  4.3174

Epoch [92], Validation Acc:  0.1429

Epoch [92], Loss:  4.1531

Epoch [92], Validation Acc:  0.4286

Epoch [93], Loss:  3.6838

Epoch [93], Validation Acc:  0.2857

Epoch [93], Loss:  5.1128

Epoch [93], Validation Acc:  0.1429

Epoch [93], Loss:  4.1984

Epoch [93], Validation Acc:  0.2857

Epoch [93], Loss:  3.5926

Epoch [93], Validation Acc:  0.0000

Epoch [94], Loss:  3.8907

Epoch [94], Validation Acc:  0.2857

Epoch [94], Loss:  4.9886

Epoch [94], Validation Acc:  0.2857

Epoch [94], Loss:  4.5295

Epoch [94], Validation Acc:  0.4286

Epoch [94], Loss:  4.3869

Epoch [94], Validation Acc:  0.2857

Epoch [95], Loss:  3.5278

Epoch [95], Validation Acc:  0.1429

Epoch [95], Loss:  4.9386

Epoch [95], Validation Acc:  0.1429

Epoch [95], Loss:  4.4252

Epoch [95], Validation Acc:  0.2857

Epoch [95], Loss:  4.3651

Epoch [95], Validation Acc:  0.2857

Epoch [96], Loss:  4.3340

Epoch [96], Validation Acc:  0.4286

Epoch [96], Loss:  4.9031

Epoch [96], Validation Acc:  0.0000

Epoch [96], Loss:  4.6366

Epoch [96], Validation Acc:  0.5714

Epoch [96], Loss:  4.8957

Epoch [96], Validation Acc:  0.5714

Epoch [97], Loss:  4.0009

Epoch [97], Validation Acc:  0.2857

Epoch [97], Loss:  4.7051

Epoch [97], Validation Acc:  0.2857

Epoch [97], Loss:  5.0874

Epoch [97], Validation Acc:  0.4286

Epoch [97], Loss:  4.1772

Epoch [97], Validation Acc:  0.1429

Epoch [98], Loss:  4.4762

Epoch [98], Validation Acc:  0.2857

Epoch [98], Loss:  4.5350

Epoch [98], Validation Acc:  0.0000

Epoch [98], Loss:  3.9381

Epoch [98], Validation Acc:  0.1429

Epoch [98], Loss:  4.0285

Epoch [98], Validation Acc:  0.2857

Epoch [99], Loss:  4.2046

Epoch [99], Validation Acc:  0.2857

Epoch [99], Loss:  4.6618

Epoch [99], Validation Acc:  0.1429

Epoch [99], Loss:  4.5773

Epoch [99], Validation Acc:  0.4286

Epoch [99], Loss:  3.6914

Epoch [99], Validation Acc:  0.0000

Epoch [100], Loss:  4.2208

Epoch [100], Validation Acc:  0.4286

Epoch [100], Loss:  4.5518

Epoch [100], Validation Acc:  0.2857

Epoch [100], Loss:  4.2103

Epoch [100], Validation Acc:  0.2857

Epoch [100], Loss:  3.7625

Epoch [100], Validation Acc:  0.1429

Testing on test data...
Test Acc:  0.3939
Spend time: 2164.7241435050964
