dataset_path: ../datasets/new_data
result_path: ../results
checkpoint_path: ../checkpoints
train_sample_ratio: 0.8
learning_rate: 0.001
epochs: 100
device: cuda:1
seed: 1
method_variant: wo_cor
peak_pick_num: 1
scratch: True
subset_index: 1
Epoch [1], Loss:  7.3477

Epoch [1], Validation Acc:  0.1429

Epoch [1], Loss:  7.7500

Epoch [1], Validation Acc:  0.2857

Epoch [1], Loss:  7.0994

Epoch [1], Validation Acc:  0.1429

Epoch [1], Loss:  6.9215

Epoch [1], Validation Acc:  0.1429

Epoch [2], Loss:  7.2329

Epoch [2], Validation Acc:  0.4286

Epoch [2], Loss:  7.2476

Epoch [2], Validation Acc:  0.1429

Epoch [2], Loss:  6.9441

Epoch [2], Validation Acc:  0.1429

Epoch [2], Loss:  6.9480

Epoch [2], Validation Acc:  0.1429

Epoch [3], Loss:  7.2999

Epoch [3], Validation Acc:  0.2857

Epoch [3], Loss:  7.1915

Epoch [3], Validation Acc:  0.2857

Epoch [3], Loss:  6.8776

Epoch [3], Validation Acc:  0.5714

Epoch [3], Loss:  6.9854

Epoch [3], Validation Acc:  0.1429

Epoch [4], Loss:  7.0692

Epoch [4], Validation Acc:  0.0000

Epoch [4], Loss:  7.2744

Epoch [4], Validation Acc:  0.2857

Epoch [4], Loss:  7.1164

Epoch [4], Validation Acc:  0.2857

Epoch [4], Loss:  7.2208

Epoch [4], Validation Acc:  0.4286

Epoch [5], Loss:  7.1112

Epoch [5], Validation Acc:  0.1429

Epoch [5], Loss:  7.2942

Epoch [5], Validation Acc:  0.2857

Epoch [5], Loss:  6.8930

Epoch [5], Validation Acc:  0.0000

Epoch [5], Loss:  7.2173

Epoch [5], Validation Acc:  0.4286

Epoch [6], Loss:  7.1774

Epoch [6], Validation Acc:  0.1429

Epoch [6], Loss:  7.3629

Epoch [6], Validation Acc:  0.2857

Epoch [6], Loss:  7.1252

Epoch [6], Validation Acc:  0.4286

Epoch [6], Loss:  6.6877

Epoch [6], Validation Acc:  0.2857

Epoch [7], Loss:  7.1770

Epoch [7], Validation Acc:  0.1429

Epoch [7], Loss:  7.2930

Epoch [7], Validation Acc:  0.2857

Epoch [7], Loss:  6.7220

Epoch [7], Validation Acc:  0.2857

Epoch [7], Loss:  7.3091

Epoch [7], Validation Acc:  0.4286

Epoch [8], Loss:  7.0326

Epoch [8], Validation Acc:  0.1429

Epoch [8], Loss:  7.2371

Epoch [8], Validation Acc:  0.1429

Epoch [8], Loss:  6.7477

Epoch [8], Validation Acc:  0.0000

Epoch [8], Loss:  7.0559

Epoch [8], Validation Acc:  0.1429

Epoch [9], Loss:  7.1783

Epoch [9], Validation Acc:  0.1429

Epoch [9], Loss:  7.3310

Epoch [9], Validation Acc:  0.4286

Epoch [9], Loss:  7.0069

Epoch [9], Validation Acc:  0.2857

Epoch [9], Loss:  6.7804

Epoch [9], Validation Acc:  0.2857

Epoch [10], Loss:  6.9495

Epoch [10], Validation Acc:  0.1429

Epoch [10], Loss:  7.1760

Epoch [10], Validation Acc:  0.1429

Epoch [10], Loss:  6.8266

Epoch [10], Validation Acc:  0.1429

Epoch [10], Loss:  6.9915

Epoch [10], Validation Acc:  0.4286

Epoch [11], Loss:  7.0973

Epoch [11], Validation Acc:  0.0000

Epoch [11], Loss:  6.9499

Epoch [11], Validation Acc:  0.0000

Epoch [11], Loss:  6.7129

Epoch [11], Validation Acc:  0.1429

Epoch [11], Loss:  7.0190

Epoch [11], Validation Acc:  0.4286

Epoch [12], Loss:  7.1344

Epoch [12], Validation Acc:  0.2857

Epoch [12], Loss:  7.2843

Epoch [12], Validation Acc:  0.2857

Epoch [12], Loss:  7.1894

Epoch [12], Validation Acc:  0.2857

Epoch [12], Loss:  7.0641

Epoch [12], Validation Acc:  0.5714

Epoch [13], Loss:  7.0637

Epoch [13], Validation Acc:  0.1429

Epoch [13], Loss:  7.0915

Epoch [13], Validation Acc:  0.2857

Epoch [13], Loss:  6.9878

Epoch [13], Validation Acc:  0.2857

Epoch [13], Loss:  6.7983

Epoch [13], Validation Acc:  0.2857

Epoch [14], Loss:  7.2713

Epoch [14], Validation Acc:  0.1429

Epoch [14], Loss:  7.0544

Epoch [14], Validation Acc:  0.2857

Epoch [14], Loss:  6.9433

Epoch [14], Validation Acc:  0.2857

Epoch [14], Loss:  6.8937

Epoch [14], Validation Acc:  0.1429

Epoch [15], Loss:  7.0342

Epoch [15], Validation Acc:  0.0000

Epoch [15], Loss:  7.4791

Epoch [15], Validation Acc:  0.4286

Epoch [15], Loss:  6.9320

Epoch [15], Validation Acc:  0.0000

Epoch [15], Loss:  7.0042

Epoch [15], Validation Acc:  0.1429

Epoch [16], Loss:  6.9201

Epoch [16], Validation Acc:  0.0000

Epoch [16], Loss:  7.2037

Epoch [16], Validation Acc:  0.1429

Epoch [16], Loss:  6.8240

Epoch [16], Validation Acc:  0.2857

Epoch [16], Loss:  6.6549

Epoch [16], Validation Acc:  0.0000

Epoch [17], Loss:  7.1516

Epoch [17], Validation Acc:  0.1429

Epoch [17], Loss:  7.3649

Epoch [17], Validation Acc:  0.4286

Epoch [17], Loss:  6.9855

Epoch [17], Validation Acc:  0.0000

Epoch [17], Loss:  6.7739

Epoch [17], Validation Acc:  0.4286

Epoch [18], Loss:  6.6934

Epoch [18], Validation Acc:  0.0000

Epoch [18], Loss:  7.0103

Epoch [18], Validation Acc:  0.2857

Epoch [18], Loss:  6.6772

Epoch [18], Validation Acc:  0.1429

Epoch [18], Loss:  6.8037

Epoch [18], Validation Acc:  0.4286

Epoch [19], Loss:  7.1101

Epoch [19], Validation Acc:  0.1429

Epoch [19], Loss:  7.0142

Epoch [19], Validation Acc:  0.2857

Epoch [19], Loss:  6.9270

Epoch [19], Validation Acc:  0.4286

Epoch [19], Loss:  6.5472

Epoch [19], Validation Acc:  0.1429

Epoch [20], Loss:  6.9548

Epoch [20], Validation Acc:  0.0000

Epoch [20], Loss:  7.0484

Epoch [20], Validation Acc:  0.1429

Epoch [20], Loss:  6.7179

Epoch [20], Validation Acc:  0.1429

Epoch [20], Loss:  6.5368

Epoch [20], Validation Acc:  0.0000

Epoch [21], Loss:  6.9305

Epoch [21], Validation Acc:  0.0000

Epoch [21], Loss:  7.1337

Epoch [21], Validation Acc:  0.2857

Epoch [21], Loss:  7.0756

Epoch [21], Validation Acc:  0.2857

Epoch [21], Loss:  6.7299

Epoch [21], Validation Acc:  0.2857

Epoch [22], Loss:  7.0227

Epoch [22], Validation Acc:  0.0000

Epoch [22], Loss:  6.8460

Epoch [22], Validation Acc:  0.1429

Epoch [22], Loss:  6.8733

Epoch [22], Validation Acc:  0.0000

Epoch [22], Loss:  7.0198

Epoch [22], Validation Acc:  0.4286

Epoch [23], Loss:  6.8395

Epoch [23], Validation Acc:  0.0000

Epoch [23], Loss:  7.4010

Epoch [23], Validation Acc:  0.4286

Epoch [23], Loss:  6.7379

Epoch [23], Validation Acc:  0.1429

Epoch [23], Loss:  6.4829

Epoch [23], Validation Acc:  0.2857

Epoch [24], Loss:  6.8257

Epoch [24], Validation Acc:  0.1429

Epoch [24], Loss:  7.0026

Epoch [24], Validation Acc:  0.1429

Epoch [24], Loss:  6.9617

Epoch [24], Validation Acc:  0.2857

Epoch [24], Loss:  6.9621

Epoch [24], Validation Acc:  0.2857

Epoch [25], Loss:  6.9800

Epoch [25], Validation Acc:  0.0000

Epoch [25], Loss:  7.1952

Epoch [25], Validation Acc:  0.2857

Epoch [25], Loss:  7.0559

Epoch [25], Validation Acc:  0.0000

Epoch [25], Loss:  6.3599

Epoch [25], Validation Acc:  0.1429

Epoch [26], Loss:  7.0254

Epoch [26], Validation Acc:  0.0000

Epoch [26], Loss:  6.9277

Epoch [26], Validation Acc:  0.1429

Epoch [26], Loss:  6.9715

Epoch [26], Validation Acc:  0.0000

Epoch [26], Loss:  6.8542

Epoch [26], Validation Acc:  0.2857

Epoch [27], Loss:  6.9409

Epoch [27], Validation Acc:  0.1429

Epoch [27], Loss:  7.0898

Epoch [27], Validation Acc:  0.1429

Epoch [27], Loss:  6.6532

Epoch [27], Validation Acc:  0.0000

Epoch [27], Loss:  6.5589

Epoch [27], Validation Acc:  0.0000

Epoch [28], Loss:  6.8068

Epoch [28], Validation Acc:  0.0000

Epoch [28], Loss:  6.9535

Epoch [28], Validation Acc:  0.1429

Epoch [28], Loss:  6.6857

Epoch [28], Validation Acc:  0.0000

Epoch [28], Loss:  6.2627

Epoch [28], Validation Acc:  0.0000

Epoch [29], Loss:  6.7353

Epoch [29], Validation Acc:  0.0000

Epoch [29], Loss:  6.8547

Epoch [29], Validation Acc:  0.1429

Epoch [29], Loss:  6.5433

Epoch [29], Validation Acc:  0.0000

Epoch [29], Loss:  6.6930

Epoch [29], Validation Acc:  0.1429

Epoch [30], Loss:  6.7793

Epoch [30], Validation Acc:  0.0000

Epoch [30], Loss:  6.9077

Epoch [30], Validation Acc:  0.1429

Epoch [30], Loss:  6.6292

Epoch [30], Validation Acc:  0.0000

Epoch [30], Loss:  6.4397

Epoch [30], Validation Acc:  0.0000

Epoch [31], Loss:  6.9213

Epoch [31], Validation Acc:  0.0000

Epoch [31], Loss:  6.7347

Epoch [31], Validation Acc:  0.0000

Epoch [31], Loss:  6.4904

Epoch [31], Validation Acc:  0.0000

Epoch [31], Loss:  6.5211

Epoch [31], Validation Acc:  0.1429

Epoch [32], Loss:  6.9004

Epoch [32], Validation Acc:  0.1429

Epoch [32], Loss:  6.6683

Epoch [32], Validation Acc:  0.0000

Epoch [32], Loss:  6.9060

Epoch [32], Validation Acc:  0.2857

Epoch [32], Loss:  6.6979

Epoch [32], Validation Acc:  0.1429

Epoch [33], Loss:  6.9682

Epoch [33], Validation Acc:  0.1429

Epoch [33], Loss:  7.0681

Epoch [33], Validation Acc:  0.1429

Epoch [33], Loss:  6.3491

Epoch [33], Validation Acc:  0.1429

Epoch [33], Loss:  6.6058

Epoch [33], Validation Acc:  0.2857

Epoch [34], Loss:  6.9365

Epoch [34], Validation Acc:  0.1429

Epoch [34], Loss:  7.0671

Epoch [34], Validation Acc:  0.1429

Epoch [34], Loss:  6.9208

Epoch [34], Validation Acc:  0.1429

Epoch [34], Loss:  6.3642

Epoch [34], Validation Acc:  0.0000

Epoch [35], Loss:  6.4912

Epoch [35], Validation Acc:  0.0000

Epoch [35], Loss:  7.0205

Epoch [35], Validation Acc:  0.2857

Epoch [35], Loss:  6.7357

Epoch [35], Validation Acc:  0.1429

Epoch [35], Loss:  6.2688

Epoch [35], Validation Acc:  0.1429

Epoch [36], Loss:  6.9622

Epoch [36], Validation Acc:  0.1429

Epoch [36], Loss:  6.7821

Epoch [36], Validation Acc:  0.1429

Epoch [36], Loss:  6.6585

Epoch [36], Validation Acc:  0.1429

Epoch [36], Loss:  6.2222

Epoch [36], Validation Acc:  0.1429

Epoch [37], Loss:  6.5062

Epoch [37], Validation Acc:  0.0000

Epoch [37], Loss:  6.9711

Epoch [37], Validation Acc:  0.1429

Epoch [37], Loss:  6.4603

Epoch [37], Validation Acc:  0.0000

Epoch [37], Loss:  6.1274

Epoch [37], Validation Acc:  0.0000

Epoch [38], Loss:  6.5672

Epoch [38], Validation Acc:  0.0000

Epoch [38], Loss:  7.0230

Epoch [38], Validation Acc:  0.1429

Epoch [38], Loss:  6.5656

Epoch [38], Validation Acc:  0.1429

Epoch [38], Loss:  6.4389

Epoch [38], Validation Acc:  0.2857

Epoch [39], Loss:  6.6775

Epoch [39], Validation Acc:  0.0000

Epoch [39], Loss:  6.9992

Epoch [39], Validation Acc:  0.1429

Epoch [39], Loss:  6.9475

Epoch [39], Validation Acc:  0.4286

Epoch [39], Loss:  6.4118

Epoch [39], Validation Acc:  0.0000

Epoch [40], Loss:  6.3656

Epoch [40], Validation Acc:  0.0000

Epoch [40], Loss:  6.7246

Epoch [40], Validation Acc:  0.1429

Epoch [40], Loss:  6.5525

Epoch [40], Validation Acc:  0.0000

Epoch [40], Loss:  6.4391

Epoch [40], Validation Acc:  0.2857

Epoch [41], Loss:  6.5888

Epoch [41], Validation Acc:  0.0000

Epoch [41], Loss:  7.0614

Epoch [41], Validation Acc:  0.1429

Epoch [41], Loss:  6.8922

Epoch [41], Validation Acc:  0.1429

Epoch [41], Loss:  6.3724

Epoch [41], Validation Acc:  0.2857

Epoch [42], Loss:  6.5952

Epoch [42], Validation Acc:  0.0000

Epoch [42], Loss:  6.4345

Epoch [42], Validation Acc:  0.0000

Epoch [42], Loss:  6.6117

Epoch [42], Validation Acc:  0.1429

Epoch [42], Loss:  6.4376

Epoch [42], Validation Acc:  0.2857

Epoch [43], Loss:  6.8410

Epoch [43], Validation Acc:  0.1429

Epoch [43], Loss:  6.5958

Epoch [43], Validation Acc:  0.1429

Epoch [43], Loss:  6.6962

Epoch [43], Validation Acc:  0.1429

Epoch [43], Loss:  6.1281

Epoch [43], Validation Acc:  0.0000

Epoch [44], Loss:  6.8717

Epoch [44], Validation Acc:  0.1429

Epoch [44], Loss:  6.5843

Epoch [44], Validation Acc:  0.0000

Epoch [44], Loss:  6.4074

Epoch [44], Validation Acc:  0.0000

Epoch [44], Loss:  6.2042

Epoch [44], Validation Acc:  0.1429

Epoch [45], Loss:  6.7693

Epoch [45], Validation Acc:  0.0000

Epoch [45], Loss:  6.7930

Epoch [45], Validation Acc:  0.1429

Epoch [45], Loss:  6.5515

Epoch [45], Validation Acc:  0.1429

Epoch [45], Loss:  6.4069

Epoch [45], Validation Acc:  0.1429

Epoch [46], Loss:  6.8702

Epoch [46], Validation Acc:  0.1429

Epoch [46], Loss:  6.5767

Epoch [46], Validation Acc:  0.0000

Epoch [46], Loss:  6.6068

Epoch [46], Validation Acc:  0.0000

Epoch [46], Loss:  6.1036

Epoch [46], Validation Acc:  0.2857

Epoch [47], Loss:  7.0063

Epoch [47], Validation Acc:  0.1429

Epoch [47], Loss:  6.7729

Epoch [47], Validation Acc:  0.1429

Epoch [47], Loss:  6.5457

Epoch [47], Validation Acc:  0.1429

Epoch [47], Loss:  6.2449

Epoch [47], Validation Acc:  0.1429

Epoch [48], Loss:  6.7461

Epoch [48], Validation Acc:  0.0000

Epoch [48], Loss:  6.6663

Epoch [48], Validation Acc:  0.1429

Epoch [48], Loss:  6.8997

Epoch [48], Validation Acc:  0.1429

Epoch [48], Loss:  6.4224

Epoch [48], Validation Acc:  0.1429

Epoch [49], Loss:  6.5082

Epoch [49], Validation Acc:  0.0000

Epoch [49], Loss:  6.6268

Epoch [49], Validation Acc:  0.0000

Epoch [49], Loss:  6.2686

Epoch [49], Validation Acc:  0.1429

Epoch [49], Loss:  6.0395

Epoch [49], Validation Acc:  0.1429

Epoch [50], Loss:  6.7388

Epoch [50], Validation Acc:  0.0000

Epoch [50], Loss:  6.4932

Epoch [50], Validation Acc:  0.0000

Epoch [50], Loss:  6.7026

Epoch [50], Validation Acc:  0.1429

Epoch [50], Loss:  6.0735

Epoch [50], Validation Acc:  0.1429

Epoch [51], Loss:  6.8978

Epoch [51], Validation Acc:  0.2857

Epoch [51], Loss:  6.4323

Epoch [51], Validation Acc:  0.1429

Epoch [51], Loss:  6.7636

Epoch [51], Validation Acc:  0.0000

Epoch [51], Loss:  6.4428

Epoch [51], Validation Acc:  0.1429

Epoch [52], Loss:  6.7322

Epoch [52], Validation Acc:  0.1429

Epoch [52], Loss:  6.8163

Epoch [52], Validation Acc:  0.1429

Epoch [52], Loss:  6.5410

Epoch [52], Validation Acc:  0.0000

Epoch [52], Loss:  6.2464

Epoch [52], Validation Acc:  0.1429

Epoch [53], Loss:  6.6641

Epoch [53], Validation Acc:  0.0000

Epoch [53], Loss:  6.5881

Epoch [53], Validation Acc:  0.0000

Epoch [53], Loss:  6.6025

Epoch [53], Validation Acc:  0.0000

Epoch [53], Loss:  6.3474

Epoch [53], Validation Acc:  0.1429

Epoch [54], Loss:  6.6551

Epoch [54], Validation Acc:  0.0000

Epoch [54], Loss:  6.6100

Epoch [54], Validation Acc:  0.0000

Epoch [54], Loss:  6.4630

Epoch [54], Validation Acc:  0.0000

Epoch [54], Loss:  6.1851

Epoch [54], Validation Acc:  0.1429

Epoch [55], Loss:  6.7088

Epoch [55], Validation Acc:  0.1429

Epoch [55], Loss:  6.7513

Epoch [55], Validation Acc:  0.1429

Epoch [55], Loss:  6.3083

Epoch [55], Validation Acc:  0.0000

Epoch [55], Loss:  5.9754

Epoch [55], Validation Acc:  0.0000

Epoch [56], Loss:  6.6531

Epoch [56], Validation Acc:  0.0000

Epoch [56], Loss:  6.6825

Epoch [56], Validation Acc:  0.1429

Epoch [56], Loss:  6.0682

Epoch [56], Validation Acc:  0.0000

Epoch [56], Loss:  6.0633

Epoch [56], Validation Acc:  0.0000

Epoch [57], Loss:  6.6894

Epoch [57], Validation Acc:  0.1429

Epoch [57], Loss:  6.5027

Epoch [57], Validation Acc:  0.0000

Epoch [57], Loss:  6.2455

Epoch [57], Validation Acc:  0.0000

Epoch [57], Loss:  5.7417

Epoch [57], Validation Acc:  0.0000

Epoch [58], Loss:  6.5501

Epoch [58], Validation Acc:  0.1429

Epoch [58], Loss:  6.4174

Epoch [58], Validation Acc:  0.0000

Epoch [58], Loss:  6.3420

Epoch [58], Validation Acc:  0.0000

Epoch [58], Loss:  5.9419

Epoch [58], Validation Acc:  0.1429

Epoch [59], Loss:  6.8124

Epoch [59], Validation Acc:  0.1429

Epoch [59], Loss:  6.5667

Epoch [59], Validation Acc:  0.1429

Epoch [59], Loss:  6.4757

Epoch [59], Validation Acc:  0.0000

Epoch [59], Loss:  6.0854

Epoch [59], Validation Acc:  0.0000

Epoch [60], Loss:  6.5870

Epoch [60], Validation Acc:  0.0000

Epoch [60], Loss:  6.7704

Epoch [60], Validation Acc:  0.1429

Epoch [60], Loss:  6.3749

Epoch [60], Validation Acc:  0.0000

Epoch [60], Loss:  5.9641

Epoch [60], Validation Acc:  0.0000

Epoch [61], Loss:  6.9080

Epoch [61], Validation Acc:  0.1429

Epoch [61], Loss:  6.1901

Epoch [61], Validation Acc:  0.0000

Epoch [61], Loss:  6.6001

Epoch [61], Validation Acc:  0.0000

Epoch [61], Loss:  5.8700

Epoch [61], Validation Acc:  0.0000

Epoch [62], Loss:  6.7675

Epoch [62], Validation Acc:  0.2857

Epoch [62], Loss:  6.5009

Epoch [62], Validation Acc:  0.1429

Epoch [62], Loss:  6.5510

Epoch [62], Validation Acc:  0.1429

Epoch [62], Loss:  6.3887

Epoch [62], Validation Acc:  0.2857

Epoch [63], Loss:  6.7086

Epoch [63], Validation Acc:  0.0000

Epoch [63], Loss:  6.6622

Epoch [63], Validation Acc:  0.1429

Epoch [63], Loss:  6.5002

Epoch [63], Validation Acc:  0.0000

Epoch [63], Loss:  5.9213

Epoch [63], Validation Acc:  0.0000

Epoch [64], Loss:  6.7801

Epoch [64], Validation Acc:  0.0000

Epoch [64], Loss:  6.6245

Epoch [64], Validation Acc:  0.0000

Epoch [64], Loss:  6.6843

Epoch [64], Validation Acc:  0.0000

Epoch [64], Loss:  5.9392

Epoch [64], Validation Acc:  0.1429

Epoch [65], Loss:  6.7451

Epoch [65], Validation Acc:  0.0000

Epoch [65], Loss:  6.4160

Epoch [65], Validation Acc:  0.0000

Epoch [65], Loss:  6.5427

Epoch [65], Validation Acc:  0.0000

Epoch [65], Loss:  6.2024

Epoch [65], Validation Acc:  0.2857

Epoch [66], Loss:  6.5043

Epoch [66], Validation Acc:  0.0000

Epoch [66], Loss:  6.7450

Epoch [66], Validation Acc:  0.1429

Epoch [66], Loss:  6.7341

Epoch [66], Validation Acc:  0.1429

Epoch [66], Loss:  6.0658

Epoch [66], Validation Acc:  0.0000

Epoch [67], Loss:  6.3968

Epoch [67], Validation Acc:  0.0000

Epoch [67], Loss:  6.6661

Epoch [67], Validation Acc:  0.1429

Epoch [67], Loss:  6.6200

Epoch [67], Validation Acc:  0.0000

Epoch [67], Loss:  6.1037

Epoch [67], Validation Acc:  0.2857

Epoch [68], Loss:  6.3923

Epoch [68], Validation Acc:  0.0000

Epoch [68], Loss:  6.3162

Epoch [68], Validation Acc:  0.0000

Epoch [68], Loss:  6.6164

Epoch [68], Validation Acc:  0.1429

Epoch [68], Loss:  6.2658

Epoch [68], Validation Acc:  0.2857

Epoch [69], Loss:  6.9007

Epoch [69], Validation Acc:  0.1429

Epoch [69], Loss:  6.3144

Epoch [69], Validation Acc:  0.0000

Epoch [69], Loss:  6.5201

Epoch [69], Validation Acc:  0.1429

Epoch [69], Loss:  6.3600

Epoch [69], Validation Acc:  0.1429

Epoch [70], Loss:  6.6867

Epoch [70], Validation Acc:  0.1429

Epoch [70], Loss:  6.4154

Epoch [70], Validation Acc:  0.0000

Epoch [70], Loss:  6.6177

Epoch [70], Validation Acc:  0.1429

Epoch [70], Loss:  5.7943

Epoch [70], Validation Acc:  0.0000

Epoch [71], Loss:  6.9797

Epoch [71], Validation Acc:  0.1429

Epoch [71], Loss:  6.5772

Epoch [71], Validation Acc:  0.1429

Epoch [71], Loss:  6.4857

Epoch [71], Validation Acc:  0.0000

Epoch [71], Loss:  5.7602

Epoch [71], Validation Acc:  0.1429

Epoch [72], Loss:  6.4499

Epoch [72], Validation Acc:  0.0000

Epoch [72], Loss:  6.7142

Epoch [72], Validation Acc:  0.1429

Epoch [72], Loss:  6.1381

Epoch [72], Validation Acc:  0.0000

Epoch [72], Loss:  6.1083

Epoch [72], Validation Acc:  0.2857

Epoch [73], Loss:  6.4165

Epoch [73], Validation Acc:  0.0000

Epoch [73], Loss:  5.9951

Epoch [73], Validation Acc:  0.0000

Epoch [73], Loss:  6.6267

Epoch [73], Validation Acc:  0.1429

Epoch [73], Loss:  6.2380

Epoch [73], Validation Acc:  0.1429

Epoch [74], Loss:  6.6818

Epoch [74], Validation Acc:  0.0000

Epoch [74], Loss:  6.3733

Epoch [74], Validation Acc:  0.0000

Epoch [74], Loss:  6.3298

Epoch [74], Validation Acc:  0.0000

Epoch [74], Loss:  6.0568

Epoch [74], Validation Acc:  0.2857

Epoch [75], Loss:  6.5479

Epoch [75], Validation Acc:  0.1429

Epoch [75], Loss:  6.1502

Epoch [75], Validation Acc:  0.0000

Epoch [75], Loss:  6.3438

Epoch [75], Validation Acc:  0.0000

Epoch [75], Loss:  5.6889

Epoch [75], Validation Acc:  0.0000

Epoch [76], Loss:  6.7460

Epoch [76], Validation Acc:  0.1429

Epoch [76], Loss:  6.3065

Epoch [76], Validation Acc:  0.0000

Epoch [76], Loss:  6.6414

Epoch [76], Validation Acc:  0.0000

Epoch [76], Loss:  5.7858

Epoch [76], Validation Acc:  0.0000

Epoch [77], Loss:  6.7408

Epoch [77], Validation Acc:  0.0000

Epoch [77], Loss:  6.7383

Epoch [77], Validation Acc:  0.0000

Epoch [77], Loss:  6.6228

Epoch [77], Validation Acc:  0.1429

Epoch [77], Loss:  5.5277

Epoch [77], Validation Acc:  0.0000

Epoch [78], Loss:  6.7084

Epoch [78], Validation Acc:  0.1429

Epoch [78], Loss:  6.2330

Epoch [78], Validation Acc:  0.0000

Epoch [78], Loss:  6.6313

Epoch [78], Validation Acc:  0.0000

Epoch [78], Loss:  5.7359

Epoch [78], Validation Acc:  0.1429

Epoch [79], Loss:  6.5977

Epoch [79], Validation Acc:  0.1429

Epoch [79], Loss:  6.3060

Epoch [79], Validation Acc:  0.1429

Epoch [79], Loss:  6.5806

Epoch [79], Validation Acc:  0.1429

Epoch [79], Loss:  5.9921

Epoch [79], Validation Acc:  0.0000

Epoch [80], Loss:  6.6692

Epoch [80], Validation Acc:  0.1429

Epoch [80], Loss:  6.2868

Epoch [80], Validation Acc:  0.1429

Epoch [80], Loss:  6.4058

Epoch [80], Validation Acc:  0.0000

Epoch [80], Loss:  5.6534

Epoch [80], Validation Acc:  0.0000

Epoch [81], Loss:  6.6772

Epoch [81], Validation Acc:  0.0000

Epoch [81], Loss:  6.1972

Epoch [81], Validation Acc:  0.0000

Epoch [81], Loss:  6.6349

Epoch [81], Validation Acc:  0.1429

Epoch [81], Loss:  5.7426

Epoch [81], Validation Acc:  0.1429

Epoch [82], Loss:  6.3286

Epoch [82], Validation Acc:  0.0000

Epoch [82], Loss:  6.5266

Epoch [82], Validation Acc:  0.0000

Epoch [82], Loss:  6.5160

Epoch [82], Validation Acc:  0.1429

Epoch [82], Loss:  5.9517

Epoch [82], Validation Acc:  0.1429

Epoch [83], Loss:  6.4456

Epoch [83], Validation Acc:  0.1429

Epoch [83], Loss:  6.1527

Epoch [83], Validation Acc:  0.0000

Epoch [83], Loss:  6.3816

Epoch [83], Validation Acc:  0.0000

Epoch [83], Loss:  5.8087

Epoch [83], Validation Acc:  0.0000

Epoch [84], Loss:  6.8135

Epoch [84], Validation Acc:  0.1429

Epoch [84], Loss:  6.6016

Epoch [84], Validation Acc:  0.1429

Epoch [84], Loss:  6.6105

Epoch [84], Validation Acc:  0.1429

Epoch [84], Loss:  5.9536

Epoch [84], Validation Acc:  0.1429

Epoch [85], Loss:  6.5280

Epoch [85], Validation Acc:  0.0000

Epoch [85], Loss:  6.3833

Epoch [85], Validation Acc:  0.0000

Epoch [85], Loss:  6.6373

Epoch [85], Validation Acc:  0.1429

Epoch [85], Loss:  5.8338

Epoch [85], Validation Acc:  0.0000

Epoch [86], Loss:  6.7452

Epoch [86], Validation Acc:  0.0000

Epoch [86], Loss:  6.3759

Epoch [86], Validation Acc:  0.0000

Epoch [86], Loss:  6.3171

Epoch [86], Validation Acc:  0.0000

Epoch [86], Loss:  5.7873

Epoch [86], Validation Acc:  0.0000

Epoch [87], Loss:  6.5535

Epoch [87], Validation Acc:  0.0000

Epoch [87], Loss:  6.4459

Epoch [87], Validation Acc:  0.0000

Epoch [87], Loss:  6.2587

Epoch [87], Validation Acc:  0.0000

Epoch [87], Loss:  5.6799

Epoch [87], Validation Acc:  0.1429

Epoch [88], Loss:  6.5931

Epoch [88], Validation Acc:  0.0000

Epoch [88], Loss:  6.4928

Epoch [88], Validation Acc:  0.0000

Epoch [88], Loss:  6.5991

Epoch [88], Validation Acc:  0.1429

Epoch [88], Loss:  5.8096

Epoch [88], Validation Acc:  0.1429

Epoch [89], Loss:  6.5775

Epoch [89], Validation Acc:  0.1429

Epoch [89], Loss:  6.4394

Epoch [89], Validation Acc:  0.1429

Epoch [89], Loss:  6.3251

Epoch [89], Validation Acc:  0.0000

Epoch [89], Loss:  5.8446

Epoch [89], Validation Acc:  0.1429

Epoch [90], Loss:  6.5808

Epoch [90], Validation Acc:  0.1429

Epoch [90], Loss:  6.3893

Epoch [90], Validation Acc:  0.1429

Epoch [90], Loss:  6.5979

Epoch [90], Validation Acc:  0.0000

Epoch [90], Loss:  5.9346

Epoch [90], Validation Acc:  0.1429

Epoch [91], Loss:  6.6538

Epoch [91], Validation Acc:  0.0000

Epoch [91], Loss:  6.3249

Epoch [91], Validation Acc:  0.0000

Epoch [91], Loss:  6.4141

Epoch [91], Validation Acc:  0.0000

Epoch [91], Loss:  5.8870

Epoch [91], Validation Acc:  0.1429

Epoch [92], Loss:  6.6682

Epoch [92], Validation Acc:  0.0000

Epoch [92], Loss:  6.3200

Epoch [92], Validation Acc:  0.0000

Epoch [92], Loss:  6.3964

Epoch [92], Validation Acc:  0.0000

Epoch [92], Loss:  6.1158

Epoch [92], Validation Acc:  0.2857

Epoch [93], Loss:  6.2232

Epoch [93], Validation Acc:  0.0000

Epoch [93], Loss:  6.6983

Epoch [93], Validation Acc:  0.1429

Epoch [93], Loss:  6.3094

Epoch [93], Validation Acc:  0.0000

Epoch [93], Loss:  5.2666

Epoch [93], Validation Acc:  0.0000

Epoch [94], Loss:  6.5182

Epoch [94], Validation Acc:  0.0000

Epoch [94], Loss:  6.0558

Epoch [94], Validation Acc:  0.0000

Epoch [94], Loss:  6.2345

Epoch [94], Validation Acc:  0.0000

Epoch [94], Loss:  5.9331

Epoch [94], Validation Acc:  0.0000

Epoch [95], Loss:  6.2853

Epoch [95], Validation Acc:  0.0000

Epoch [95], Loss:  6.3408

Epoch [95], Validation Acc:  0.0000

Epoch [95], Loss:  6.6324

Epoch [95], Validation Acc:  0.0000

Epoch [95], Loss:  5.5667

Epoch [95], Validation Acc:  0.1429

Epoch [96], Loss:  6.4379

Epoch [96], Validation Acc:  0.0000

Epoch [96], Loss:  6.3364

Epoch [96], Validation Acc:  0.1429

Epoch [96], Loss:  6.5017

Epoch [96], Validation Acc:  0.0000

Epoch [96], Loss:  5.7536

Epoch [96], Validation Acc:  0.1429

Epoch [97], Loss:  6.5556

Epoch [97], Validation Acc:  0.0000

Epoch [97], Loss:  5.9252

Epoch [97], Validation Acc:  0.0000

Epoch [97], Loss:  6.2230

Epoch [97], Validation Acc:  0.1429

Epoch [97], Loss:  6.0344

Epoch [97], Validation Acc:  0.1429

Epoch [98], Loss:  6.6658

Epoch [98], Validation Acc:  0.1429

Epoch [98], Loss:  6.2153

Epoch [98], Validation Acc:  0.1429

Epoch [98], Loss:  6.0461

Epoch [98], Validation Acc:  0.0000

Epoch [98], Loss:  5.9836

Epoch [98], Validation Acc:  0.0000

Epoch [99], Loss:  6.1361

Epoch [99], Validation Acc:  0.0000

Epoch [99], Loss:  6.2538

Epoch [99], Validation Acc:  0.0000

Epoch [99], Loss:  6.4349

Epoch [99], Validation Acc:  0.0000

Epoch [99], Loss:  6.0605

Epoch [99], Validation Acc:  0.2857

Epoch [100], Loss:  6.6023

Epoch [100], Validation Acc:  0.0000

Epoch [100], Loss:  6.2748

Epoch [100], Validation Acc:  0.0000

Epoch [100], Loss:  6.5324

Epoch [100], Validation Acc:  0.1429

Epoch [100], Loss:  5.3326

Epoch [100], Validation Acc:  0.0000

Testing on test data...
Test Acc:  0.1290
Spend time: 2411.7438633441925
