dataset_path: ../datasets/new_data
result_path: ../results
checkpoint_path: ../checkpoints
train_sample_ratio: 0.8
learning_rate: 0.001
epochs: 100
device: cuda:7
seed: 1
method_variant: wo_cor
peak_pick_num: 5
scratch: True
subset_index: 4
Epoch [1], Loss:  7.5617

Epoch [1], Validation Acc:  0.2857

Epoch [1], Loss:  7.2669

Epoch [1], Validation Acc:  0.2857

Epoch [1], Loss:  7.3364

Epoch [1], Validation Acc:  0.2857

Epoch [1], Loss:  6.9152

Epoch [1], Validation Acc:  0.1429

Epoch [2], Loss:  7.8825

Epoch [2], Validation Acc:  0.7143

Epoch [2], Loss:  7.2585

Epoch [2], Validation Acc:  0.1429

Epoch [2], Loss:  7.3548

Epoch [2], Validation Acc:  0.1429

Epoch [2], Loss:  7.0627

Epoch [2], Validation Acc:  0.2857

Epoch [3], Loss:  7.4820

Epoch [3], Validation Acc:  0.4286

Epoch [3], Loss:  7.2384

Epoch [3], Validation Acc:  0.2857

Epoch [3], Loss:  7.3645

Epoch [3], Validation Acc:  0.4286

Epoch [3], Loss:  6.9378

Epoch [3], Validation Acc:  0.2857

Epoch [4], Loss:  7.5894

Epoch [4], Validation Acc:  0.2857

Epoch [4], Loss:  7.3528

Epoch [4], Validation Acc:  0.4286

Epoch [4], Loss:  7.2594

Epoch [4], Validation Acc:  0.2857

Epoch [4], Loss:  7.3567

Epoch [4], Validation Acc:  0.5714

Epoch [5], Loss:  7.5522

Epoch [5], Validation Acc:  0.2857

Epoch [5], Loss:  7.0843

Epoch [5], Validation Acc:  0.1429

Epoch [5], Loss:  7.4307

Epoch [5], Validation Acc:  0.4286

Epoch [5], Loss:  6.9851

Epoch [5], Validation Acc:  0.2857

Epoch [6], Loss:  7.1220

Epoch [6], Validation Acc:  0.2857

Epoch [6], Loss:  7.2362

Epoch [6], Validation Acc:  0.1429

Epoch [6], Loss:  7.3755

Epoch [6], Validation Acc:  0.2857

Epoch [6], Loss:  7.1542

Epoch [6], Validation Acc:  0.2857

Epoch [7], Loss:  7.4839

Epoch [7], Validation Acc:  0.2857

Epoch [7], Loss:  7.0845

Epoch [7], Validation Acc:  0.0000

Epoch [7], Loss:  7.1499

Epoch [7], Validation Acc:  0.2857

Epoch [7], Loss:  6.7429

Epoch [7], Validation Acc:  0.0000

Epoch [8], Loss:  7.0859

Epoch [8], Validation Acc:  0.2857

Epoch [8], Loss:  7.3714

Epoch [8], Validation Acc:  0.1429

Epoch [8], Loss:  7.2143

Epoch [8], Validation Acc:  0.1429

Epoch [8], Loss:  6.8009

Epoch [8], Validation Acc:  0.0000

Epoch [9], Loss:  7.2302

Epoch [9], Validation Acc:  0.4286

Epoch [9], Loss:  7.0722

Epoch [9], Validation Acc:  0.0000

Epoch [9], Loss:  7.0552

Epoch [9], Validation Acc:  0.0000

Epoch [9], Loss:  6.9946

Epoch [9], Validation Acc:  0.2857

Epoch [10], Loss:  7.1335

Epoch [10], Validation Acc:  0.2857

Epoch [10], Loss:  7.0311

Epoch [10], Validation Acc:  0.2857

Epoch [10], Loss:  6.8866

Epoch [10], Validation Acc:  0.0000

Epoch [10], Loss:  7.0151

Epoch [10], Validation Acc:  0.4286

Epoch [11], Loss:  7.1658

Epoch [11], Validation Acc:  0.1429

Epoch [11], Loss:  7.0258

Epoch [11], Validation Acc:  0.0000

Epoch [11], Loss:  7.1423

Epoch [11], Validation Acc:  0.1429

Epoch [11], Loss:  6.9251

Epoch [11], Validation Acc:  0.2857

Epoch [12], Loss:  7.0500

Epoch [12], Validation Acc:  0.1429

Epoch [12], Loss:  6.9259

Epoch [12], Validation Acc:  0.1429

Epoch [12], Loss:  6.9009

Epoch [12], Validation Acc:  0.1429

Epoch [12], Loss:  6.9347

Epoch [12], Validation Acc:  0.1429

Epoch [13], Loss:  7.2483

Epoch [13], Validation Acc:  0.1429

Epoch [13], Loss:  7.0413

Epoch [13], Validation Acc:  0.1429

Epoch [13], Loss:  6.9881

Epoch [13], Validation Acc:  0.1429

Epoch [13], Loss:  6.9729

Epoch [13], Validation Acc:  0.4286

Epoch [14], Loss:  6.9558

Epoch [14], Validation Acc:  0.1429

Epoch [14], Loss:  7.0670

Epoch [14], Validation Acc:  0.0000

Epoch [14], Loss:  7.1630

Epoch [14], Validation Acc:  0.2857

Epoch [14], Loss:  6.3921

Epoch [14], Validation Acc:  0.1429

Epoch [15], Loss:  7.0768

Epoch [15], Validation Acc:  0.1429

Epoch [15], Loss:  7.1450

Epoch [15], Validation Acc:  0.1429

Epoch [15], Loss:  7.2056

Epoch [15], Validation Acc:  0.1429

Epoch [15], Loss:  7.1642

Epoch [15], Validation Acc:  0.2857

Epoch [16], Loss:  6.9173

Epoch [16], Validation Acc:  0.0000

Epoch [16], Loss:  7.0359

Epoch [16], Validation Acc:  0.2857

Epoch [16], Loss:  7.3373

Epoch [16], Validation Acc:  0.2857

Epoch [16], Loss:  6.5720

Epoch [16], Validation Acc:  0.1429

Epoch [17], Loss:  7.2804

Epoch [17], Validation Acc:  0.2857

Epoch [17], Loss:  6.7771

Epoch [17], Validation Acc:  0.0000

Epoch [17], Loss:  6.7956

Epoch [17], Validation Acc:  0.0000

Epoch [17], Loss:  6.9060

Epoch [17], Validation Acc:  0.4286

Epoch [18], Loss:  6.9838

Epoch [18], Validation Acc:  0.0000

Epoch [18], Loss:  6.9438

Epoch [18], Validation Acc:  0.1429

Epoch [18], Loss:  6.9123

Epoch [18], Validation Acc:  0.0000

Epoch [18], Loss:  6.8831

Epoch [18], Validation Acc:  0.1429

Epoch [19], Loss:  7.2270

Epoch [19], Validation Acc:  0.4286

Epoch [19], Loss:  6.9072

Epoch [19], Validation Acc:  0.0000

Epoch [19], Loss:  7.1923

Epoch [19], Validation Acc:  0.1429

Epoch [19], Loss:  6.8072

Epoch [19], Validation Acc:  0.2857

Epoch [20], Loss:  6.9161

Epoch [20], Validation Acc:  0.1429

Epoch [20], Loss:  7.0329

Epoch [20], Validation Acc:  0.1429

Epoch [20], Loss:  7.2319

Epoch [20], Validation Acc:  0.2857

Epoch [20], Loss:  6.7915

Epoch [20], Validation Acc:  0.1429

Epoch [21], Loss:  6.8316

Epoch [21], Validation Acc:  0.0000

Epoch [21], Loss:  6.8926

Epoch [21], Validation Acc:  0.0000

Epoch [21], Loss:  6.5751

Epoch [21], Validation Acc:  0.0000

Epoch [21], Loss:  6.5756

Epoch [21], Validation Acc:  0.1429

Epoch [22], Loss:  6.8039

Epoch [22], Validation Acc:  0.1429

Epoch [22], Loss:  6.9135

Epoch [22], Validation Acc:  0.0000

Epoch [22], Loss:  7.0735

Epoch [22], Validation Acc:  0.1429

Epoch [22], Loss:  6.7070

Epoch [22], Validation Acc:  0.2857

Epoch [23], Loss:  6.6799

Epoch [23], Validation Acc:  0.2857

Epoch [23], Loss:  7.0476

Epoch [23], Validation Acc:  0.1429

Epoch [23], Loss:  6.6576

Epoch [23], Validation Acc:  0.0000

Epoch [23], Loss:  6.3537

Epoch [23], Validation Acc:  0.1429

Epoch [24], Loss:  6.8724

Epoch [24], Validation Acc:  0.0000

Epoch [24], Loss:  6.8136

Epoch [24], Validation Acc:  0.0000

Epoch [24], Loss:  7.0871

Epoch [24], Validation Acc:  0.2857

Epoch [24], Loss:  6.5486

Epoch [24], Validation Acc:  0.2857

Epoch [25], Loss:  6.6249

Epoch [25], Validation Acc:  0.2857

Epoch [25], Loss:  6.7139

Epoch [25], Validation Acc:  0.0000

Epoch [25], Loss:  7.0060

Epoch [25], Validation Acc:  0.2857

Epoch [25], Loss:  6.3751

Epoch [25], Validation Acc:  0.0000

Epoch [26], Loss:  6.9669

Epoch [26], Validation Acc:  0.2857

Epoch [26], Loss:  6.9382

Epoch [26], Validation Acc:  0.0000

Epoch [26], Loss:  7.1217

Epoch [26], Validation Acc:  0.4286

Epoch [26], Loss:  6.3908

Epoch [26], Validation Acc:  0.0000

Epoch [27], Loss:  6.5740

Epoch [27], Validation Acc:  0.1429

Epoch [27], Loss:  6.9328

Epoch [27], Validation Acc:  0.1429

Epoch [27], Loss:  6.9698

Epoch [27], Validation Acc:  0.2857

Epoch [27], Loss:  6.3123

Epoch [27], Validation Acc:  0.1429

Epoch [28], Loss:  6.8665

Epoch [28], Validation Acc:  0.4286

Epoch [28], Loss:  6.9433

Epoch [28], Validation Acc:  0.0000

Epoch [28], Loss:  7.0192

Epoch [28], Validation Acc:  0.1429

Epoch [28], Loss:  6.2773

Epoch [28], Validation Acc:  0.0000

Epoch [29], Loss:  6.5469

Epoch [29], Validation Acc:  0.1429

Epoch [29], Loss:  6.6873

Epoch [29], Validation Acc:  0.0000

Epoch [29], Loss:  6.7828

Epoch [29], Validation Acc:  0.1429

Epoch [29], Loss:  6.2382

Epoch [29], Validation Acc:  0.2857

Epoch [30], Loss:  6.6840

Epoch [30], Validation Acc:  0.1429

Epoch [30], Loss:  6.8760

Epoch [30], Validation Acc:  0.0000

Epoch [30], Loss:  6.9050

Epoch [30], Validation Acc:  0.0000

Epoch [30], Loss:  6.6013

Epoch [30], Validation Acc:  0.1429

Epoch [31], Loss:  6.3841

Epoch [31], Validation Acc:  0.1429

Epoch [31], Loss:  6.8865

Epoch [31], Validation Acc:  0.0000

Epoch [31], Loss:  6.7028

Epoch [31], Validation Acc:  0.0000

Epoch [31], Loss:  5.9697

Epoch [31], Validation Acc:  0.0000

Epoch [32], Loss:  6.4467

Epoch [32], Validation Acc:  0.1429

Epoch [32], Loss:  6.8153

Epoch [32], Validation Acc:  0.0000

Epoch [32], Loss:  6.7320

Epoch [32], Validation Acc:  0.2857

Epoch [32], Loss:  6.2164

Epoch [32], Validation Acc:  0.1429

Epoch [33], Loss:  6.6836

Epoch [33], Validation Acc:  0.1429

Epoch [33], Loss:  6.8134

Epoch [33], Validation Acc:  0.1429

Epoch [33], Loss:  6.5582

Epoch [33], Validation Acc:  0.1429

Epoch [33], Loss:  6.4027

Epoch [33], Validation Acc:  0.2857

Epoch [34], Loss:  6.7970

Epoch [34], Validation Acc:  0.1429

Epoch [34], Loss:  6.6317

Epoch [34], Validation Acc:  0.0000

Epoch [34], Loss:  6.7958

Epoch [34], Validation Acc:  0.0000

Epoch [34], Loss:  6.4637

Epoch [34], Validation Acc:  0.0000

Epoch [35], Loss:  6.4936

Epoch [35], Validation Acc:  0.2857

Epoch [35], Loss:  6.7901

Epoch [35], Validation Acc:  0.0000

Epoch [35], Loss:  6.9366

Epoch [35], Validation Acc:  0.1429

Epoch [35], Loss:  6.5428

Epoch [35], Validation Acc:  0.2857

Epoch [36], Loss:  6.5423

Epoch [36], Validation Acc:  0.0000

Epoch [36], Loss:  6.6869

Epoch [36], Validation Acc:  0.0000

Epoch [36], Loss:  6.4498

Epoch [36], Validation Acc:  0.0000

Epoch [36], Loss:  6.2460

Epoch [36], Validation Acc:  0.2857

Epoch [37], Loss:  6.3618

Epoch [37], Validation Acc:  0.1429

Epoch [37], Loss:  6.5094

Epoch [37], Validation Acc:  0.0000

Epoch [37], Loss:  6.2534

Epoch [37], Validation Acc:  0.0000

Epoch [37], Loss:  6.3300

Epoch [37], Validation Acc:  0.2857

Epoch [38], Loss:  6.5721

Epoch [38], Validation Acc:  0.2857

Epoch [38], Loss:  6.7512

Epoch [38], Validation Acc:  0.0000

Epoch [38], Loss:  6.7462

Epoch [38], Validation Acc:  0.1429

Epoch [38], Loss:  6.2392

Epoch [38], Validation Acc:  0.0000

Epoch [39], Loss:  6.6552

Epoch [39], Validation Acc:  0.1429

Epoch [39], Loss:  6.5899

Epoch [39], Validation Acc:  0.1429

Epoch [39], Loss:  6.4715

Epoch [39], Validation Acc:  0.1429

Epoch [39], Loss:  6.1933

Epoch [39], Validation Acc:  0.0000

Epoch [40], Loss:  6.5617

Epoch [40], Validation Acc:  0.0000

Epoch [40], Loss:  6.7229

Epoch [40], Validation Acc:  0.1429

Epoch [40], Loss:  6.4796

Epoch [40], Validation Acc:  0.0000

Epoch [40], Loss:  6.0997

Epoch [40], Validation Acc:  0.0000

Epoch [41], Loss:  6.6594

Epoch [41], Validation Acc:  0.4286

Epoch [41], Loss:  6.5179

Epoch [41], Validation Acc:  0.0000

Epoch [41], Loss:  6.7429

Epoch [41], Validation Acc:  0.2857

Epoch [41], Loss:  6.2305

Epoch [41], Validation Acc:  0.0000

Epoch [42], Loss:  6.3955

Epoch [42], Validation Acc:  0.1429

Epoch [42], Loss:  6.6895

Epoch [42], Validation Acc:  0.0000

Epoch [42], Loss:  6.6613

Epoch [42], Validation Acc:  0.0000

Epoch [42], Loss:  6.1652

Epoch [42], Validation Acc:  0.1429

Epoch [43], Loss:  6.3553

Epoch [43], Validation Acc:  0.2857

Epoch [43], Loss:  6.6779

Epoch [43], Validation Acc:  0.0000

Epoch [43], Loss:  6.7389

Epoch [43], Validation Acc:  0.1429

Epoch [43], Loss:  6.1989

Epoch [43], Validation Acc:  0.1429

Epoch [44], Loss:  6.3733

Epoch [44], Validation Acc:  0.2857

Epoch [44], Loss:  6.5243

Epoch [44], Validation Acc:  0.0000

Epoch [44], Loss:  6.5559

Epoch [44], Validation Acc:  0.1429

Epoch [44], Loss:  6.0741

Epoch [44], Validation Acc:  0.0000

Epoch [45], Loss:  6.4892

Epoch [45], Validation Acc:  0.1429

Epoch [45], Loss:  6.5326

Epoch [45], Validation Acc:  0.0000

Epoch [45], Loss:  6.4423

Epoch [45], Validation Acc:  0.0000

Epoch [45], Loss:  6.0260

Epoch [45], Validation Acc:  0.0000

Epoch [46], Loss:  6.1688

Epoch [46], Validation Acc:  0.0000

Epoch [46], Loss:  6.6063

Epoch [46], Validation Acc:  0.0000

Epoch [46], Loss:  6.5894

Epoch [46], Validation Acc:  0.1429

Epoch [46], Loss:  5.9164

Epoch [46], Validation Acc:  0.0000

Epoch [47], Loss:  6.2829

Epoch [47], Validation Acc:  0.1429

Epoch [47], Loss:  6.5014

Epoch [47], Validation Acc:  0.0000

Epoch [47], Loss:  6.4985

Epoch [47], Validation Acc:  0.1429

Epoch [47], Loss:  6.3618

Epoch [47], Validation Acc:  0.1429

Epoch [48], Loss:  6.3670

Epoch [48], Validation Acc:  0.2857

Epoch [48], Loss:  6.3553

Epoch [48], Validation Acc:  0.0000

Epoch [48], Loss:  6.7709

Epoch [48], Validation Acc:  0.1429

Epoch [48], Loss:  6.0397

Epoch [48], Validation Acc:  0.0000

Epoch [49], Loss:  5.8807

Epoch [49], Validation Acc:  0.0000

Epoch [49], Loss:  6.7128

Epoch [49], Validation Acc:  0.0000

Epoch [49], Loss:  6.3613

Epoch [49], Validation Acc:  0.0000

Epoch [49], Loss:  6.3680

Epoch [49], Validation Acc:  0.1429

Epoch [50], Loss:  6.3048

Epoch [50], Validation Acc:  0.1429

Epoch [50], Loss:  6.7930

Epoch [50], Validation Acc:  0.0000

Epoch [50], Loss:  6.4506

Epoch [50], Validation Acc:  0.1429

Epoch [50], Loss:  6.3587

Epoch [50], Validation Acc:  0.1429

Epoch [51], Loss:  6.3359

Epoch [51], Validation Acc:  0.0000

Epoch [51], Loss:  6.6295

Epoch [51], Validation Acc:  0.0000

Epoch [51], Loss:  6.6460

Epoch [51], Validation Acc:  0.0000

Epoch [51], Loss:  5.8074

Epoch [51], Validation Acc:  0.1429

Epoch [52], Loss:  6.4251

Epoch [52], Validation Acc:  0.1429

Epoch [52], Loss:  6.9776

Epoch [52], Validation Acc:  0.1429

Epoch [52], Loss:  6.5242

Epoch [52], Validation Acc:  0.1429

Epoch [52], Loss:  6.0919

Epoch [52], Validation Acc:  0.0000

Epoch [53], Loss:  6.1124

Epoch [53], Validation Acc:  0.1429

Epoch [53], Loss:  6.6964

Epoch [53], Validation Acc:  0.0000

Epoch [53], Loss:  6.6273

Epoch [53], Validation Acc:  0.0000

Epoch [53], Loss:  6.0503

Epoch [53], Validation Acc:  0.1429

Epoch [54], Loss:  6.3107

Epoch [54], Validation Acc:  0.1429

Epoch [54], Loss:  6.7384

Epoch [54], Validation Acc:  0.0000

Epoch [54], Loss:  6.7841

Epoch [54], Validation Acc:  0.1429

Epoch [54], Loss:  5.9874

Epoch [54], Validation Acc:  0.0000

Epoch [55], Loss:  5.7274

Epoch [55], Validation Acc:  0.0000

Epoch [55], Loss:  6.6168

Epoch [55], Validation Acc:  0.0000

Epoch [55], Loss:  6.1841

Epoch [55], Validation Acc:  0.0000

Epoch [55], Loss:  5.9882

Epoch [55], Validation Acc:  0.0000

Epoch [56], Loss:  6.1691

Epoch [56], Validation Acc:  0.0000

Epoch [56], Loss:  6.7524

Epoch [56], Validation Acc:  0.0000

Epoch [56], Loss:  6.2210

Epoch [56], Validation Acc:  0.0000

Epoch [56], Loss:  6.2131

Epoch [56], Validation Acc:  0.1429

Epoch [57], Loss:  6.4266

Epoch [57], Validation Acc:  0.1429

Epoch [57], Loss:  6.5717

Epoch [57], Validation Acc:  0.1429

Epoch [57], Loss:  6.4218

Epoch [57], Validation Acc:  0.1429

Epoch [57], Loss:  6.3234

Epoch [57], Validation Acc:  0.2857

Epoch [58], Loss:  6.1410

Epoch [58], Validation Acc:  0.1429

Epoch [58], Loss:  6.4658

Epoch [58], Validation Acc:  0.0000

Epoch [58], Loss:  6.6548

Epoch [58], Validation Acc:  0.0000

Epoch [58], Loss:  6.0886

Epoch [58], Validation Acc:  0.0000

Epoch [59], Loss:  6.3139

Epoch [59], Validation Acc:  0.2857

Epoch [59], Loss:  6.6304

Epoch [59], Validation Acc:  0.0000

Epoch [59], Loss:  6.5384

Epoch [59], Validation Acc:  0.2857

Epoch [59], Loss:  5.9217

Epoch [59], Validation Acc:  0.0000

Epoch [60], Loss:  6.0071

Epoch [60], Validation Acc:  0.1429

Epoch [60], Loss:  6.6589

Epoch [60], Validation Acc:  0.0000

Epoch [60], Loss:  6.5006

Epoch [60], Validation Acc:  0.1429

Epoch [60], Loss:  6.2095

Epoch [60], Validation Acc:  0.1429

Epoch [61], Loss:  5.9796

Epoch [61], Validation Acc:  0.0000

Epoch [61], Loss:  6.3799

Epoch [61], Validation Acc:  0.0000

Epoch [61], Loss:  6.7246

Epoch [61], Validation Acc:  0.0000

Epoch [61], Loss:  5.7039

Epoch [61], Validation Acc:  0.0000

Epoch [62], Loss:  6.1824

Epoch [62], Validation Acc:  0.0000

Epoch [62], Loss:  6.3696

Epoch [62], Validation Acc:  0.0000

Epoch [62], Loss:  6.2431

Epoch [62], Validation Acc:  0.0000

Epoch [62], Loss:  6.1581

Epoch [62], Validation Acc:  0.0000

Epoch [63], Loss:  6.1647

Epoch [63], Validation Acc:  0.1429

Epoch [63], Loss:  6.2647

Epoch [63], Validation Acc:  0.0000

Epoch [63], Loss:  6.5257

Epoch [63], Validation Acc:  0.0000

Epoch [63], Loss:  5.7901

Epoch [63], Validation Acc:  0.0000

Epoch [64], Loss:  5.9280

Epoch [64], Validation Acc:  0.0000

Epoch [64], Loss:  6.7358

Epoch [64], Validation Acc:  0.1429

Epoch [64], Loss:  6.5845

Epoch [64], Validation Acc:  0.0000

Epoch [64], Loss:  5.8498

Epoch [64], Validation Acc:  0.0000

Epoch [65], Loss:  5.9446

Epoch [65], Validation Acc:  0.0000

Epoch [65], Loss:  6.5768

Epoch [65], Validation Acc:  0.1429

Epoch [65], Loss:  6.7957

Epoch [65], Validation Acc:  0.1429

Epoch [65], Loss:  5.8644

Epoch [65], Validation Acc:  0.1429

Epoch [66], Loss:  6.0685

Epoch [66], Validation Acc:  0.1429

Epoch [66], Loss:  6.3724

Epoch [66], Validation Acc:  0.0000

Epoch [66], Loss:  6.4248

Epoch [66], Validation Acc:  0.1429

Epoch [66], Loss:  5.5363

Epoch [66], Validation Acc:  0.0000

Epoch [67], Loss:  5.8144

Epoch [67], Validation Acc:  0.2857

Epoch [67], Loss:  6.5991

Epoch [67], Validation Acc:  0.0000

Epoch [67], Loss:  6.3068

Epoch [67], Validation Acc:  0.0000

Epoch [67], Loss:  6.0091

Epoch [67], Validation Acc:  0.1429

Epoch [68], Loss:  5.9618

Epoch [68], Validation Acc:  0.0000

Epoch [68], Loss:  6.0564

Epoch [68], Validation Acc:  0.0000

Epoch [68], Loss:  6.1132

Epoch [68], Validation Acc:  0.0000

Epoch [68], Loss:  5.9576

Epoch [68], Validation Acc:  0.0000

Epoch [69], Loss:  6.0282

Epoch [69], Validation Acc:  0.1429

Epoch [69], Loss:  6.7047

Epoch [69], Validation Acc:  0.0000

Epoch [69], Loss:  6.3181

Epoch [69], Validation Acc:  0.0000

Epoch [69], Loss:  5.9005

Epoch [69], Validation Acc:  0.1429

Epoch [70], Loss:  5.9270

Epoch [70], Validation Acc:  0.0000

Epoch [70], Loss:  6.4936

Epoch [70], Validation Acc:  0.0000

Epoch [70], Loss:  6.5965

Epoch [70], Validation Acc:  0.1429

Epoch [70], Loss:  6.2409

Epoch [70], Validation Acc:  0.1429

Epoch [71], Loss:  5.9262

Epoch [71], Validation Acc:  0.1429

Epoch [71], Loss:  6.8648

Epoch [71], Validation Acc:  0.1429

Epoch [71], Loss:  6.2853

Epoch [71], Validation Acc:  0.0000

Epoch [71], Loss:  5.9960

Epoch [71], Validation Acc:  0.1429

Epoch [72], Loss:  5.6012

Epoch [72], Validation Acc:  0.0000

Epoch [72], Loss:  6.5829

Epoch [72], Validation Acc:  0.1429

Epoch [72], Loss:  6.4045

Epoch [72], Validation Acc:  0.1429

Epoch [72], Loss:  5.5738

Epoch [72], Validation Acc:  0.0000

Epoch [73], Loss:  6.0297

Epoch [73], Validation Acc:  0.0000

Epoch [73], Loss:  6.3220

Epoch [73], Validation Acc:  0.0000

Epoch [73], Loss:  6.5938

Epoch [73], Validation Acc:  0.1429

Epoch [73], Loss:  6.3148

Epoch [73], Validation Acc:  0.2857

Epoch [74], Loss:  5.8817

Epoch [74], Validation Acc:  0.1429

Epoch [74], Loss:  6.6452

Epoch [74], Validation Acc:  0.1429

Epoch [74], Loss:  6.3324

Epoch [74], Validation Acc:  0.0000

Epoch [74], Loss:  6.0056

Epoch [74], Validation Acc:  0.1429

Epoch [75], Loss:  5.6277

Epoch [75], Validation Acc:  0.0000

Epoch [75], Loss:  6.3581

Epoch [75], Validation Acc:  0.0000

Epoch [75], Loss:  6.1055

Epoch [75], Validation Acc:  0.0000

Epoch [75], Loss:  5.6584

Epoch [75], Validation Acc:  0.1429

Epoch [76], Loss:  5.8088

Epoch [76], Validation Acc:  0.1429

Epoch [76], Loss:  6.8514

Epoch [76], Validation Acc:  0.1429

Epoch [76], Loss:  6.0078

Epoch [76], Validation Acc:  0.0000

Epoch [76], Loss:  5.9373

Epoch [76], Validation Acc:  0.0000

Epoch [77], Loss:  6.0367

Epoch [77], Validation Acc:  0.2857

Epoch [77], Loss:  6.4599

Epoch [77], Validation Acc:  0.0000

Epoch [77], Loss:  5.9285

Epoch [77], Validation Acc:  0.0000

Epoch [77], Loss:  5.9368

Epoch [77], Validation Acc:  0.0000

Epoch [78], Loss:  5.7694

Epoch [78], Validation Acc:  0.0000

Epoch [78], Loss:  6.4737

Epoch [78], Validation Acc:  0.0000

Epoch [78], Loss:  6.3988

Epoch [78], Validation Acc:  0.1429

Epoch [78], Loss:  5.5788

Epoch [78], Validation Acc:  0.1429

Epoch [79], Loss:  5.9091

Epoch [79], Validation Acc:  0.1429

Epoch [79], Loss:  6.7085

Epoch [79], Validation Acc:  0.1429

Epoch [79], Loss:  6.0186

Epoch [79], Validation Acc:  0.0000

Epoch [79], Loss:  5.8887

Epoch [79], Validation Acc:  0.1429

Epoch [80], Loss:  5.9692

Epoch [80], Validation Acc:  0.2857

Epoch [80], Loss:  6.8456

Epoch [80], Validation Acc:  0.1429

Epoch [80], Loss:  6.5486

Epoch [80], Validation Acc:  0.2857

Epoch [80], Loss:  5.7257

Epoch [80], Validation Acc:  0.1429

Epoch [81], Loss:  5.6737

Epoch [81], Validation Acc:  0.0000

Epoch [81], Loss:  6.5140

Epoch [81], Validation Acc:  0.1429

Epoch [81], Loss:  6.2889

Epoch [81], Validation Acc:  0.0000

Epoch [81], Loss:  5.7154

Epoch [81], Validation Acc:  0.0000

Epoch [82], Loss:  5.8429

Epoch [82], Validation Acc:  0.0000

Epoch [82], Loss:  6.5903

Epoch [82], Validation Acc:  0.1429

Epoch [82], Loss:  6.2184

Epoch [82], Validation Acc:  0.0000

Epoch [82], Loss:  5.5885

Epoch [82], Validation Acc:  0.0000

Epoch [83], Loss:  6.3829

Epoch [83], Validation Acc:  0.1429

Epoch [83], Loss:  6.0308

Epoch [83], Validation Acc:  0.0000

Epoch [83], Loss:  6.3566

Epoch [83], Validation Acc:  0.1429

Epoch [83], Loss:  6.1067

Epoch [83], Validation Acc:  0.1429

Epoch [84], Loss:  6.0102

Epoch [84], Validation Acc:  0.1429

Epoch [84], Loss:  6.5272

Epoch [84], Validation Acc:  0.1429

Epoch [84], Loss:  6.4247

Epoch [84], Validation Acc:  0.1429

Epoch [84], Loss:  6.0114

Epoch [84], Validation Acc:  0.1429

Epoch [85], Loss:  6.3488

Epoch [85], Validation Acc:  0.2857

Epoch [85], Loss:  6.3184

Epoch [85], Validation Acc:  0.0000

Epoch [85], Loss:  5.8041

Epoch [85], Validation Acc:  0.0000

Epoch [85], Loss:  5.6828

Epoch [85], Validation Acc:  0.1429

Epoch [86], Loss:  6.3654

Epoch [86], Validation Acc:  0.2857

Epoch [86], Loss:  6.3966

Epoch [86], Validation Acc:  0.1429

Epoch [86], Loss:  6.5183

Epoch [86], Validation Acc:  0.1429

Epoch [86], Loss:  5.9818

Epoch [86], Validation Acc:  0.1429

Epoch [87], Loss:  5.8135

Epoch [87], Validation Acc:  0.2857

Epoch [87], Loss:  6.7469

Epoch [87], Validation Acc:  0.1429

Epoch [87], Loss:  6.1553

Epoch [87], Validation Acc:  0.0000

Epoch [87], Loss:  5.6130

Epoch [87], Validation Acc:  0.1429

Epoch [88], Loss:  5.6639

Epoch [88], Validation Acc:  0.1429

Epoch [88], Loss:  6.6053

Epoch [88], Validation Acc:  0.1429

Epoch [88], Loss:  6.2031

Epoch [88], Validation Acc:  0.1429

Epoch [88], Loss:  5.6002

Epoch [88], Validation Acc:  0.1429

Epoch [89], Loss:  5.5892

Epoch [89], Validation Acc:  0.0000

Epoch [89], Loss:  6.4151

Epoch [89], Validation Acc:  0.0000

Epoch [89], Loss:  6.4895

Epoch [89], Validation Acc:  0.0000

Epoch [89], Loss:  5.6226

Epoch [89], Validation Acc:  0.0000

Epoch [90], Loss:  5.6230

Epoch [90], Validation Acc:  0.2857

Epoch [90], Loss:  6.1868

Epoch [90], Validation Acc:  0.0000

Epoch [90], Loss:  6.1341

Epoch [90], Validation Acc:  0.0000

Epoch [90], Loss:  5.7996

Epoch [90], Validation Acc:  0.0000

Epoch [91], Loss:  5.8582

Epoch [91], Validation Acc:  0.0000

Epoch [91], Loss:  6.6872

Epoch [91], Validation Acc:  0.0000

Epoch [91], Loss:  6.2598

Epoch [91], Validation Acc:  0.2857

Epoch [91], Loss:  6.1397

Epoch [91], Validation Acc:  0.1429

Epoch [92], Loss:  5.9483

Epoch [92], Validation Acc:  0.2857

Epoch [92], Loss:  6.7663

Epoch [92], Validation Acc:  0.2857

Epoch [92], Loss:  5.8583

Epoch [92], Validation Acc:  0.0000

Epoch [92], Loss:  5.4728

Epoch [92], Validation Acc:  0.0000

Epoch [93], Loss:  5.6429

Epoch [93], Validation Acc:  0.0000

Epoch [93], Loss:  6.3927

Epoch [93], Validation Acc:  0.0000

Epoch [93], Loss:  6.0807

Epoch [93], Validation Acc:  0.0000

Epoch [93], Loss:  5.9350

Epoch [93], Validation Acc:  0.1429

Epoch [94], Loss:  5.6818

Epoch [94], Validation Acc:  0.1429

Epoch [94], Loss:  6.8316

Epoch [94], Validation Acc:  0.0000

Epoch [94], Loss:  6.1075

Epoch [94], Validation Acc:  0.1429

Epoch [94], Loss:  5.8702

Epoch [94], Validation Acc:  0.1429

Epoch [95], Loss:  5.6706

Epoch [95], Validation Acc:  0.1429

Epoch [95], Loss:  6.7445

Epoch [95], Validation Acc:  0.1429

Epoch [95], Loss:  6.0437

Epoch [95], Validation Acc:  0.0000

Epoch [95], Loss:  5.6638

Epoch [95], Validation Acc:  0.0000

Epoch [96], Loss:  5.7349

Epoch [96], Validation Acc:  0.1429

Epoch [96], Loss:  6.3521

Epoch [96], Validation Acc:  0.1429

Epoch [96], Loss:  5.9984

Epoch [96], Validation Acc:  0.0000

Epoch [96], Loss:  5.9744

Epoch [96], Validation Acc:  0.0000

Epoch [97], Loss:  5.2370

Epoch [97], Validation Acc:  0.0000

Epoch [97], Loss:  6.3951

Epoch [97], Validation Acc:  0.0000

Epoch [97], Loss:  5.7830

Epoch [97], Validation Acc:  0.0000

Epoch [97], Loss:  5.8977

Epoch [97], Validation Acc:  0.1429

Epoch [98], Loss:  5.5440

Epoch [98], Validation Acc:  0.0000

Epoch [98], Loss:  6.3535

Epoch [98], Validation Acc:  0.0000

Epoch [98], Loss:  6.0906

Epoch [98], Validation Acc:  0.0000

Epoch [98], Loss:  6.1708

Epoch [98], Validation Acc:  0.2857

Epoch [99], Loss:  5.8184

Epoch [99], Validation Acc:  0.0000

Epoch [99], Loss:  6.9022

Epoch [99], Validation Acc:  0.1429

Epoch [99], Loss:  6.1821

Epoch [99], Validation Acc:  0.0000

Epoch [99], Loss:  5.3957

Epoch [99], Validation Acc:  0.1429

Epoch [100], Loss:  6.2192

Epoch [100], Validation Acc:  0.1429

Epoch [100], Loss:  6.5879

Epoch [100], Validation Acc:  0.0000

Epoch [100], Loss:  6.4794

Epoch [100], Validation Acc:  0.1429

Epoch [100], Loss:  5.7191

Epoch [100], Validation Acc:  0.0000

Testing on test data...
Test Acc:  0.2500
Spend time: 1826.6113007068634
