dataset_path: ../datasets/new_data
result_path: ../results
checkpoint_path: ../checkpoints
train_sample_ratio: 0.8
learning_rate: 0.001
epochs: 100
device: cuda:7
seed: 1
method_variant: cor_our_v3
peak_pick_num: 20
scratch: True
subset_index: 5
Epoch [1], Loss:  7.8658

Epoch [1], Validation Acc:  0.4286

Epoch [1], Loss:  7.3890

Epoch [1], Validation Acc:  0.1429

Epoch [1], Loss:  7.4285

Epoch [1], Validation Acc:  0.2857

Epoch [1], Loss:  7.1225

Epoch [1], Validation Acc:  0.5714

Epoch [2], Loss:  7.6584

Epoch [2], Validation Acc:  0.7143

Epoch [2], Loss:  7.0078

Epoch [2], Validation Acc:  0.1429

Epoch [2], Loss:  6.9248

Epoch [2], Validation Acc:  0.1429

Epoch [2], Loss:  6.4419

Epoch [2], Validation Acc:  0.4286

Epoch [3], Loss:  6.6170

Epoch [3], Validation Acc:  0.4286

Epoch [3], Loss:  6.3857

Epoch [3], Validation Acc:  0.2857

Epoch [3], Loss:  6.2965

Epoch [3], Validation Acc:  0.4286

Epoch [3], Loss:  5.2626

Epoch [3], Validation Acc:  0.1429

Epoch [4], Loss:  5.6688

Epoch [4], Validation Acc:  0.2857

Epoch [4], Loss:  5.4858

Epoch [4], Validation Acc:  0.0000

Epoch [4], Loss:  5.4777

Epoch [4], Validation Acc:  0.2857

Epoch [4], Loss:  4.7181

Epoch [4], Validation Acc:  0.1429

Epoch [5], Loss:  4.3653

Epoch [5], Validation Acc:  0.1429

Epoch [5], Loss:  5.1699

Epoch [5], Validation Acc:  0.1429

Epoch [5], Loss:  5.3114

Epoch [5], Validation Acc:  0.2857

Epoch [5], Loss:  4.3890

Epoch [5], Validation Acc:  0.2857

Epoch [6], Loss:  4.7467

Epoch [6], Validation Acc:  0.1429

Epoch [6], Loss:  5.0686

Epoch [6], Validation Acc:  0.2857

Epoch [6], Loss:  5.0973

Epoch [6], Validation Acc:  0.1429

Epoch [6], Loss:  4.4796

Epoch [6], Validation Acc:  0.1429

Epoch [7], Loss:  4.6765

Epoch [7], Validation Acc:  0.2857

Epoch [7], Loss:  5.0058

Epoch [7], Validation Acc:  0.1429

Epoch [7], Loss:  5.1336

Epoch [7], Validation Acc:  0.1429

Epoch [7], Loss:  3.9652

Epoch [7], Validation Acc:  0.0000

Epoch [8], Loss:  4.2910

Epoch [8], Validation Acc:  0.1429

Epoch [8], Loss:  4.8846

Epoch [8], Validation Acc:  0.0000

Epoch [8], Loss:  5.2292

Epoch [8], Validation Acc:  0.4286

Epoch [8], Loss:  3.9088

Epoch [8], Validation Acc:  0.2857

Epoch [9], Loss:  4.4110

Epoch [9], Validation Acc:  0.5714

Epoch [9], Loss:  5.2026

Epoch [9], Validation Acc:  0.2857

Epoch [9], Loss:  5.3005

Epoch [9], Validation Acc:  0.4286

Epoch [9], Loss:  4.7737

Epoch [9], Validation Acc:  0.2857

Epoch [10], Loss:  3.8669

Epoch [10], Validation Acc:  0.1429

Epoch [10], Loss:  4.9534

Epoch [10], Validation Acc:  0.2857

Epoch [10], Loss:  4.7525

Epoch [10], Validation Acc:  0.2857

Epoch [10], Loss:  4.7478

Epoch [10], Validation Acc:  0.1429

Epoch [11], Loss:  4.5259

Epoch [11], Validation Acc:  0.5714

Epoch [11], Loss:  4.8098

Epoch [11], Validation Acc:  0.1429

Epoch [11], Loss:  4.7984

Epoch [11], Validation Acc:  0.0000

Epoch [11], Loss:  4.8515

Epoch [11], Validation Acc:  0.5714

Epoch [12], Loss:  4.2142

Epoch [12], Validation Acc:  0.4286

Epoch [12], Loss:  4.9537

Epoch [12], Validation Acc:  0.1429

Epoch [12], Loss:  4.8476

Epoch [12], Validation Acc:  0.2857

Epoch [12], Loss:  4.9326

Epoch [12], Validation Acc:  0.4286

Epoch [13], Loss:  4.1466

Epoch [13], Validation Acc:  0.2857

Epoch [13], Loss:  5.2806

Epoch [13], Validation Acc:  0.4286

Epoch [13], Loss:  5.0536

Epoch [13], Validation Acc:  0.4286

Epoch [13], Loss:  4.2502

Epoch [13], Validation Acc:  0.2857

Epoch [14], Loss:  4.1862

Epoch [14], Validation Acc:  0.4286

Epoch [14], Loss:  5.1497

Epoch [14], Validation Acc:  0.2857

Epoch [14], Loss:  5.0916

Epoch [14], Validation Acc:  0.4286

Epoch [14], Loss:  4.0659

Epoch [14], Validation Acc:  0.0000

Epoch [15], Loss:  3.7567

Epoch [15], Validation Acc:  0.1429

Epoch [15], Loss:  4.6906

Epoch [15], Validation Acc:  0.1429

Epoch [15], Loss:  4.7582

Epoch [15], Validation Acc:  0.1429

Epoch [15], Loss:  4.3494

Epoch [15], Validation Acc:  0.1429

Epoch [16], Loss:  3.8671

Epoch [16], Validation Acc:  0.2857

Epoch [16], Loss:  4.9492

Epoch [16], Validation Acc:  0.1429

Epoch [16], Loss:  4.8692

Epoch [16], Validation Acc:  0.2857

Epoch [16], Loss:  4.4158

Epoch [16], Validation Acc:  0.4286

Epoch [17], Loss:  4.6494

Epoch [17], Validation Acc:  0.1429

Epoch [17], Loss:  5.1522

Epoch [17], Validation Acc:  0.2857

Epoch [17], Loss:  5.1974

Epoch [17], Validation Acc:  0.4286

Epoch [17], Loss:  4.4430

Epoch [17], Validation Acc:  0.2857

Epoch [18], Loss:  4.3968

Epoch [18], Validation Acc:  0.0000

Epoch [18], Loss:  4.7538

Epoch [18], Validation Acc:  0.1429

Epoch [18], Loss:  4.9230

Epoch [18], Validation Acc:  0.1429

Epoch [18], Loss:  4.5454

Epoch [18], Validation Acc:  0.4286

Epoch [19], Loss:  4.4701

Epoch [19], Validation Acc:  0.4286

Epoch [19], Loss:  5.3248

Epoch [19], Validation Acc:  0.2857

Epoch [19], Loss:  5.0472

Epoch [19], Validation Acc:  0.4286

Epoch [19], Loss:  4.7157

Epoch [19], Validation Acc:  0.2857

Epoch [20], Loss:  3.7397

Epoch [20], Validation Acc:  0.1429

Epoch [20], Loss:  4.6993

Epoch [20], Validation Acc:  0.0000

Epoch [20], Loss:  4.9512

Epoch [20], Validation Acc:  0.4286

Epoch [20], Loss:  4.5299

Epoch [20], Validation Acc:  0.4286

Epoch [21], Loss:  3.5207

Epoch [21], Validation Acc:  0.1429

Epoch [21], Loss:  5.0425

Epoch [21], Validation Acc:  0.4286

Epoch [21], Loss:  5.2335

Epoch [21], Validation Acc:  0.4286

Epoch [21], Loss:  4.6105

Epoch [21], Validation Acc:  0.4286

Epoch [22], Loss:  4.2580

Epoch [22], Validation Acc:  0.1429

Epoch [22], Loss:  5.1288

Epoch [22], Validation Acc:  0.0000

Epoch [22], Loss:  4.7629

Epoch [22], Validation Acc:  0.2857

Epoch [22], Loss:  4.4427

Epoch [22], Validation Acc:  0.2857

Epoch [23], Loss:  4.0684

Epoch [23], Validation Acc:  0.2857

Epoch [23], Loss:  4.9576

Epoch [23], Validation Acc:  0.1429

Epoch [23], Loss:  5.2045

Epoch [23], Validation Acc:  0.2857

Epoch [23], Loss:  4.4378

Epoch [23], Validation Acc:  0.2857

Epoch [24], Loss:  4.6551

Epoch [24], Validation Acc:  0.2857

Epoch [24], Loss:  4.7376

Epoch [24], Validation Acc:  0.2857

Epoch [24], Loss:  5.1314

Epoch [24], Validation Acc:  0.4286

Epoch [24], Loss:  4.9259

Epoch [24], Validation Acc:  0.5714

Epoch [25], Loss:  4.2115

Epoch [25], Validation Acc:  0.4286

Epoch [25], Loss:  4.9869

Epoch [25], Validation Acc:  0.2857

Epoch [25], Loss:  5.1448

Epoch [25], Validation Acc:  0.2857

Epoch [25], Loss:  5.2139

Epoch [25], Validation Acc:  0.5714

Epoch [26], Loss:  4.4423

Epoch [26], Validation Acc:  0.2857

Epoch [26], Loss:  5.0005

Epoch [26], Validation Acc:  0.1429

Epoch [26], Loss:  4.9729

Epoch [26], Validation Acc:  0.4286

Epoch [26], Loss:  4.3345

Epoch [26], Validation Acc:  0.1429

Epoch [27], Loss:  3.9170

Epoch [27], Validation Acc:  0.0000

Epoch [27], Loss:  5.2021

Epoch [27], Validation Acc:  0.2857

Epoch [27], Loss:  5.3080

Epoch [27], Validation Acc:  0.5714

Epoch [27], Loss:  4.6678

Epoch [27], Validation Acc:  0.2857

Epoch [28], Loss:  4.4201

Epoch [28], Validation Acc:  0.4286

Epoch [28], Loss:  4.8576

Epoch [28], Validation Acc:  0.1429

Epoch [28], Loss:  4.4804

Epoch [28], Validation Acc:  0.0000

Epoch [28], Loss:  4.4019

Epoch [28], Validation Acc:  0.2857

Epoch [29], Loss:  4.2219

Epoch [29], Validation Acc:  0.2857

Epoch [29], Loss:  4.9510

Epoch [29], Validation Acc:  0.1429

Epoch [29], Loss:  4.6683

Epoch [29], Validation Acc:  0.1429

Epoch [29], Loss:  4.8973

Epoch [29], Validation Acc:  0.4286

Epoch [30], Loss:  4.0844

Epoch [30], Validation Acc:  0.4286

Epoch [30], Loss:  4.9685

Epoch [30], Validation Acc:  0.1429

Epoch [30], Loss:  5.1983

Epoch [30], Validation Acc:  0.4286

Epoch [30], Loss:  4.8086

Epoch [30], Validation Acc:  0.2857

Epoch [31], Loss:  4.1684

Epoch [31], Validation Acc:  0.1429

Epoch [31], Loss:  5.0427

Epoch [31], Validation Acc:  0.1429

Epoch [31], Loss:  4.7643

Epoch [31], Validation Acc:  0.1429

Epoch [31], Loss:  4.4204

Epoch [31], Validation Acc:  0.1429

Epoch [32], Loss:  4.7804

Epoch [32], Validation Acc:  0.7143

Epoch [32], Loss:  4.9272

Epoch [32], Validation Acc:  0.1429

Epoch [32], Loss:  5.0751

Epoch [32], Validation Acc:  0.1429

Epoch [32], Loss:  4.8512

Epoch [32], Validation Acc:  0.4286

Epoch [33], Loss:  4.0993

Epoch [33], Validation Acc:  0.1429

Epoch [33], Loss:  4.8497

Epoch [33], Validation Acc:  0.1429

Epoch [33], Loss:  4.7443

Epoch [33], Validation Acc:  0.1429

Epoch [33], Loss:  4.4602

Epoch [33], Validation Acc:  0.4286

Epoch [34], Loss:  3.9509

Epoch [34], Validation Acc:  0.4286

Epoch [34], Loss:  4.4054

Epoch [34], Validation Acc:  0.1429

Epoch [34], Loss:  4.7665

Epoch [34], Validation Acc:  0.2857

Epoch [34], Loss:  4.7380

Epoch [34], Validation Acc:  0.5714

Epoch [35], Loss:  4.6602

Epoch [35], Validation Acc:  0.5714

Epoch [35], Loss:  4.7890

Epoch [35], Validation Acc:  0.0000

Epoch [35], Loss:  4.7860

Epoch [35], Validation Acc:  0.1429

Epoch [35], Loss:  5.1330

Epoch [35], Validation Acc:  0.5714

Epoch [36], Loss:  4.0452

Epoch [36], Validation Acc:  0.2857

Epoch [36], Loss:  4.7098

Epoch [36], Validation Acc:  0.2857

Epoch [36], Loss:  5.4300

Epoch [36], Validation Acc:  0.5714

Epoch [36], Loss:  3.6649

Epoch [36], Validation Acc:  0.1429

Epoch [37], Loss:  4.1692

Epoch [37], Validation Acc:  0.2857

Epoch [37], Loss:  5.0320

Epoch [37], Validation Acc:  0.1429

Epoch [37], Loss:  4.2723

Epoch [37], Validation Acc:  0.0000

Epoch [37], Loss:  4.4200

Epoch [37], Validation Acc:  0.2857

Epoch [38], Loss:  4.0382

Epoch [38], Validation Acc:  0.2857

Epoch [38], Loss:  4.5848

Epoch [38], Validation Acc:  0.1429

Epoch [38], Loss:  4.1388

Epoch [38], Validation Acc:  0.0000

Epoch [38], Loss:  4.7805

Epoch [38], Validation Acc:  0.4286

Epoch [39], Loss:  4.5741

Epoch [39], Validation Acc:  0.4286

Epoch [39], Loss:  5.0420

Epoch [39], Validation Acc:  0.2857

Epoch [39], Loss:  4.8753

Epoch [39], Validation Acc:  0.2857

Epoch [39], Loss:  4.4435

Epoch [39], Validation Acc:  0.1429

Epoch [40], Loss:  4.0398

Epoch [40], Validation Acc:  0.1429

Epoch [40], Loss:  4.6548

Epoch [40], Validation Acc:  0.1429

Epoch [40], Loss:  5.1295

Epoch [40], Validation Acc:  0.4286

Epoch [40], Loss:  4.2597

Epoch [40], Validation Acc:  0.2857

Epoch [41], Loss:  4.1041

Epoch [41], Validation Acc:  0.4286

Epoch [41], Loss:  4.6054

Epoch [41], Validation Acc:  0.1429

Epoch [41], Loss:  5.0781

Epoch [41], Validation Acc:  0.1429

Epoch [41], Loss:  4.4199

Epoch [41], Validation Acc:  0.1429

Epoch [42], Loss:  3.8757

Epoch [42], Validation Acc:  0.1429

Epoch [42], Loss:  4.5283

Epoch [42], Validation Acc:  0.1429

Epoch [42], Loss:  3.9607

Epoch [42], Validation Acc:  0.0000

Epoch [42], Loss:  4.4087

Epoch [42], Validation Acc:  0.1429

Epoch [43], Loss:  4.2391

Epoch [43], Validation Acc:  0.1429

Epoch [43], Loss:  5.1729

Epoch [43], Validation Acc:  0.0000

Epoch [43], Loss:  4.5666

Epoch [43], Validation Acc:  0.0000

Epoch [43], Loss:  4.5243

Epoch [43], Validation Acc:  0.2857

Epoch [44], Loss:  3.8780

Epoch [44], Validation Acc:  0.1429

Epoch [44], Loss:  4.9008

Epoch [44], Validation Acc:  0.1429

Epoch [44], Loss:  5.2488

Epoch [44], Validation Acc:  0.2857

Epoch [44], Loss:  4.4304

Epoch [44], Validation Acc:  0.2857

Epoch [45], Loss:  4.3263

Epoch [45], Validation Acc:  0.4286

Epoch [45], Loss:  4.6478

Epoch [45], Validation Acc:  0.0000

Epoch [45], Loss:  4.5499

Epoch [45], Validation Acc:  0.2857

Epoch [45], Loss:  4.6386

Epoch [45], Validation Acc:  0.2857

Epoch [46], Loss:  4.4907

Epoch [46], Validation Acc:  0.2857

Epoch [46], Loss:  4.2452

Epoch [46], Validation Acc:  0.0000

Epoch [46], Loss:  4.5141

Epoch [46], Validation Acc:  0.0000

Epoch [46], Loss:  4.5379

Epoch [46], Validation Acc:  0.4286

Epoch [47], Loss:  4.0458

Epoch [47], Validation Acc:  0.1429

Epoch [47], Loss:  5.1136

Epoch [47], Validation Acc:  0.2857

Epoch [47], Loss:  4.2918

Epoch [47], Validation Acc:  0.1429

Epoch [47], Loss:  4.3729

Epoch [47], Validation Acc:  0.2857

Epoch [48], Loss:  4.6878

Epoch [48], Validation Acc:  0.5714

Epoch [48], Loss:  4.9655

Epoch [48], Validation Acc:  0.1429

Epoch [48], Loss:  4.7427

Epoch [48], Validation Acc:  0.1429

Epoch [48], Loss:  4.3908

Epoch [48], Validation Acc:  0.2857

Epoch [49], Loss:  4.2756

Epoch [49], Validation Acc:  0.1429

Epoch [49], Loss:  4.5342

Epoch [49], Validation Acc:  0.0000

Epoch [49], Loss:  4.4184

Epoch [49], Validation Acc:  0.0000

Epoch [49], Loss:  3.9342

Epoch [49], Validation Acc:  0.2857

Epoch [50], Loss:  4.2676

Epoch [50], Validation Acc:  0.4286

Epoch [50], Loss:  4.6488

Epoch [50], Validation Acc:  0.0000

Epoch [50], Loss:  5.2580

Epoch [50], Validation Acc:  0.4286

Epoch [50], Loss:  4.6012

Epoch [50], Validation Acc:  0.2857

Epoch [51], Loss:  3.8397

Epoch [51], Validation Acc:  0.0000

Epoch [51], Loss:  4.7802

Epoch [51], Validation Acc:  0.0000

Epoch [51], Loss:  4.3438

Epoch [51], Validation Acc:  0.1429

Epoch [51], Loss:  4.4730

Epoch [51], Validation Acc:  0.4286

Epoch [52], Loss:  4.2062

Epoch [52], Validation Acc:  0.4286

Epoch [52], Loss:  5.3695

Epoch [52], Validation Acc:  0.4286

Epoch [52], Loss:  4.6593

Epoch [52], Validation Acc:  0.1429

Epoch [52], Loss:  4.5924

Epoch [52], Validation Acc:  0.2857

Epoch [53], Loss:  4.6719

Epoch [53], Validation Acc:  0.2857

Epoch [53], Loss:  4.8032

Epoch [53], Validation Acc:  0.1429

Epoch [53], Loss:  4.9256

Epoch [53], Validation Acc:  0.4286

Epoch [53], Loss:  4.1898

Epoch [53], Validation Acc:  0.1429

Epoch [54], Loss:  4.2091

Epoch [54], Validation Acc:  0.2857

Epoch [54], Loss:  4.9553

Epoch [54], Validation Acc:  0.0000

Epoch [54], Loss:  4.9159

Epoch [54], Validation Acc:  0.4286

Epoch [54], Loss:  5.3492

Epoch [54], Validation Acc:  0.5714

Epoch [55], Loss:  3.6741

Epoch [55], Validation Acc:  0.1429

Epoch [55], Loss:  5.1300

Epoch [55], Validation Acc:  0.2857

Epoch [55], Loss:  4.4223

Epoch [55], Validation Acc:  0.2857

Epoch [55], Loss:  4.5304

Epoch [55], Validation Acc:  0.4286

Epoch [56], Loss:  4.3168

Epoch [56], Validation Acc:  0.2857

Epoch [56], Loss:  4.6964

Epoch [56], Validation Acc:  0.1429

Epoch [56], Loss:  4.7566

Epoch [56], Validation Acc:  0.1429

Epoch [56], Loss:  4.5147

Epoch [56], Validation Acc:  0.4286

Epoch [57], Loss:  4.2528

Epoch [57], Validation Acc:  0.2857

Epoch [57], Loss:  4.6596

Epoch [57], Validation Acc:  0.1429

Epoch [57], Loss:  4.6693

Epoch [57], Validation Acc:  0.1429

Epoch [57], Loss:  4.2792

Epoch [57], Validation Acc:  0.1429

Epoch [58], Loss:  4.1265

Epoch [58], Validation Acc:  0.2857

Epoch [58], Loss:  4.9150

Epoch [58], Validation Acc:  0.1429

Epoch [58], Loss:  5.1324

Epoch [58], Validation Acc:  0.4286

Epoch [58], Loss:  4.4143

Epoch [58], Validation Acc:  0.2857

Epoch [59], Loss:  4.3938

Epoch [59], Validation Acc:  0.2857

Epoch [59], Loss:  5.0357

Epoch [59], Validation Acc:  0.2857

Epoch [59], Loss:  5.0748

Epoch [59], Validation Acc:  0.2857

Epoch [59], Loss:  4.5358

Epoch [59], Validation Acc:  0.5714

Epoch [60], Loss:  3.8213

Epoch [60], Validation Acc:  0.2857

Epoch [60], Loss:  5.1564

Epoch [60], Validation Acc:  0.2857

Epoch [60], Loss:  5.3754

Epoch [60], Validation Acc:  0.5714

Epoch [60], Loss:  4.6271

Epoch [60], Validation Acc:  0.4286

Epoch [61], Loss:  4.2634

Epoch [61], Validation Acc:  0.2857

Epoch [61], Loss:  4.6481

Epoch [61], Validation Acc:  0.2857

Epoch [61], Loss:  5.1663

Epoch [61], Validation Acc:  0.4286

Epoch [61], Loss:  4.2828

Epoch [61], Validation Acc:  0.4286

Epoch [62], Loss:  4.2067

Epoch [62], Validation Acc:  0.2857

Epoch [62], Loss:  4.9866

Epoch [62], Validation Acc:  0.1429

Epoch [62], Loss:  4.9523

Epoch [62], Validation Acc:  0.1429

Epoch [62], Loss:  4.5841

Epoch [62], Validation Acc:  0.5714

Epoch [63], Loss:  4.3342

Epoch [63], Validation Acc:  0.7143

Epoch [63], Loss:  5.0598

Epoch [63], Validation Acc:  0.4286

Epoch [63], Loss:  5.2234

Epoch [63], Validation Acc:  0.4286

Epoch [63], Loss:  4.3350

Epoch [63], Validation Acc:  0.2857

Epoch [64], Loss:  4.2998

Epoch [64], Validation Acc:  0.4286

Epoch [64], Loss:  4.9440

Epoch [64], Validation Acc:  0.1429

Epoch [64], Loss:  4.9544

Epoch [64], Validation Acc:  0.1429

Epoch [64], Loss:  4.4962

Epoch [64], Validation Acc:  0.2857

Epoch [65], Loss:  4.4554

Epoch [65], Validation Acc:  0.2857

Epoch [65], Loss:  4.7389

Epoch [65], Validation Acc:  0.1429

Epoch [65], Loss:  4.7714

Epoch [65], Validation Acc:  0.2857

Epoch [65], Loss:  4.8236

Epoch [65], Validation Acc:  0.4286

Epoch [66], Loss:  4.6904

Epoch [66], Validation Acc:  0.4286

Epoch [66], Loss:  5.0582

Epoch [66], Validation Acc:  0.2857

Epoch [66], Loss:  4.5615

Epoch [66], Validation Acc:  0.1429

Epoch [66], Loss:  4.8395

Epoch [66], Validation Acc:  0.5714

Epoch [67], Loss:  3.7699

Epoch [67], Validation Acc:  0.2857

Epoch [67], Loss:  4.9678

Epoch [67], Validation Acc:  0.0000

Epoch [67], Loss:  5.2259

Epoch [67], Validation Acc:  0.2857

Epoch [67], Loss:  4.5151

Epoch [67], Validation Acc:  0.2857

Epoch [68], Loss:  4.6612

Epoch [68], Validation Acc:  0.7143

Epoch [68], Loss:  5.1521

Epoch [68], Validation Acc:  0.2857

Epoch [68], Loss:  4.7113

Epoch [68], Validation Acc:  0.2857

Epoch [68], Loss:  4.5987

Epoch [68], Validation Acc:  0.2857

Epoch [69], Loss:  3.7231

Epoch [69], Validation Acc:  0.1429

Epoch [69], Loss:  4.9664

Epoch [69], Validation Acc:  0.4286

Epoch [69], Loss:  5.1968

Epoch [69], Validation Acc:  0.4286

Epoch [69], Loss:  4.3001

Epoch [69], Validation Acc:  0.1429

Epoch [70], Loss:  4.2911

Epoch [70], Validation Acc:  0.4286

Epoch [70], Loss:  4.8830

Epoch [70], Validation Acc:  0.1429

Epoch [70], Loss:  4.9017

Epoch [70], Validation Acc:  0.4286

Epoch [70], Loss:  4.3841

Epoch [70], Validation Acc:  0.2857

Epoch [71], Loss:  4.6089

Epoch [71], Validation Acc:  0.5714

Epoch [71], Loss:  5.0262

Epoch [71], Validation Acc:  0.2857

Epoch [71], Loss:  5.0717

Epoch [71], Validation Acc:  0.5714

Epoch [71], Loss:  4.2890

Epoch [71], Validation Acc:  0.1429

Epoch [72], Loss:  4.0381

Epoch [72], Validation Acc:  0.1429

Epoch [72], Loss:  4.6243

Epoch [72], Validation Acc:  0.1429

Epoch [72], Loss:  5.3049

Epoch [72], Validation Acc:  0.4286

Epoch [72], Loss:  3.8999

Epoch [72], Validation Acc:  0.0000

Epoch [73], Loss:  4.1740

Epoch [73], Validation Acc:  0.2857

Epoch [73], Loss:  5.1976

Epoch [73], Validation Acc:  0.4286

Epoch [73], Loss:  4.4574

Epoch [73], Validation Acc:  0.0000

Epoch [73], Loss:  4.7625

Epoch [73], Validation Acc:  0.7143

Epoch [74], Loss:  3.8668

Epoch [74], Validation Acc:  0.1429

Epoch [74], Loss:  5.1485

Epoch [74], Validation Acc:  0.4286

Epoch [74], Loss:  4.7557

Epoch [74], Validation Acc:  0.1429

Epoch [74], Loss:  4.6532

Epoch [74], Validation Acc:  0.5714

Epoch [75], Loss:  4.2851

Epoch [75], Validation Acc:  0.4286

Epoch [75], Loss:  4.8686

Epoch [75], Validation Acc:  0.1429

Epoch [75], Loss:  4.7585

Epoch [75], Validation Acc:  0.4286

Epoch [75], Loss:  4.5837

Epoch [75], Validation Acc:  0.2857

Epoch [76], Loss:  3.7146

Epoch [76], Validation Acc:  0.2857

Epoch [76], Loss:  4.8478

Epoch [76], Validation Acc:  0.1429

Epoch [76], Loss:  4.9601

Epoch [76], Validation Acc:  0.1429

Epoch [76], Loss:  4.0721

Epoch [76], Validation Acc:  0.1429

Epoch [77], Loss:  3.8175

Epoch [77], Validation Acc:  0.1429

Epoch [77], Loss:  4.6202

Epoch [77], Validation Acc:  0.0000

Epoch [77], Loss:  4.5851

Epoch [77], Validation Acc:  0.2857

Epoch [77], Loss:  4.3999

Epoch [77], Validation Acc:  0.2857

Epoch [78], Loss:  4.0700

Epoch [78], Validation Acc:  0.2857

Epoch [78], Loss:  4.9601

Epoch [78], Validation Acc:  0.4286

Epoch [78], Loss:  4.4385

Epoch [78], Validation Acc:  0.2857

Epoch [78], Loss:  4.6949

Epoch [78], Validation Acc:  0.4286

Epoch [79], Loss:  4.6942

Epoch [79], Validation Acc:  0.7143

Epoch [79], Loss:  4.3760

Epoch [79], Validation Acc:  0.0000

Epoch [79], Loss:  4.3366

Epoch [79], Validation Acc:  0.1429

Epoch [79], Loss:  4.3015

Epoch [79], Validation Acc:  0.2857

Epoch [80], Loss:  3.7895

Epoch [80], Validation Acc:  0.4286

Epoch [80], Loss:  4.5613

Epoch [80], Validation Acc:  0.1429

Epoch [80], Loss:  5.0700

Epoch [80], Validation Acc:  0.4286

Epoch [80], Loss:  4.7187

Epoch [80], Validation Acc:  0.5714

Epoch [81], Loss:  4.4335

Epoch [81], Validation Acc:  0.5714

Epoch [81], Loss:  4.9806

Epoch [81], Validation Acc:  0.1429

Epoch [81], Loss:  4.7312

Epoch [81], Validation Acc:  0.2857

Epoch [81], Loss:  4.4850

Epoch [81], Validation Acc:  0.4286

Epoch [82], Loss:  4.1148

Epoch [82], Validation Acc:  0.2857

Epoch [82], Loss:  4.8251

Epoch [82], Validation Acc:  0.1429

Epoch [82], Loss:  4.9085

Epoch [82], Validation Acc:  0.4286

Epoch [82], Loss:  4.8594

Epoch [82], Validation Acc:  0.4286

Epoch [83], Loss:  3.8827

Epoch [83], Validation Acc:  0.1429

Epoch [83], Loss:  4.9005

Epoch [83], Validation Acc:  0.2857

Epoch [83], Loss:  5.0461

Epoch [83], Validation Acc:  0.4286

Epoch [83], Loss:  4.1297

Epoch [83], Validation Acc:  0.0000

Epoch [84], Loss:  4.3810

Epoch [84], Validation Acc:  0.4286

Epoch [84], Loss:  4.6601

Epoch [84], Validation Acc:  0.2857

Epoch [84], Loss:  5.1267

Epoch [84], Validation Acc:  0.2857

Epoch [84], Loss:  4.4142

Epoch [84], Validation Acc:  0.2857

Epoch [85], Loss:  4.1318

Epoch [85], Validation Acc:  0.2857

Epoch [85], Loss:  4.8660

Epoch [85], Validation Acc:  0.1429

Epoch [85], Loss:  4.3418

Epoch [85], Validation Acc:  0.2857

Epoch [85], Loss:  4.5863

Epoch [85], Validation Acc:  0.2857

Epoch [86], Loss:  4.5215

Epoch [86], Validation Acc:  0.4286

Epoch [86], Loss:  5.1813

Epoch [86], Validation Acc:  0.2857

Epoch [86], Loss:  4.2837

Epoch [86], Validation Acc:  0.2857

Epoch [86], Loss:  4.5262

Epoch [86], Validation Acc:  0.4286

Epoch [87], Loss:  4.2044

Epoch [87], Validation Acc:  0.2857

Epoch [87], Loss:  5.1092

Epoch [87], Validation Acc:  0.1429

Epoch [87], Loss:  4.8535

Epoch [87], Validation Acc:  0.2857

Epoch [87], Loss:  4.4495

Epoch [87], Validation Acc:  0.2857

Epoch [88], Loss:  3.6948

Epoch [88], Validation Acc:  0.1429

Epoch [88], Loss:  4.9593

Epoch [88], Validation Acc:  0.0000

Epoch [88], Loss:  4.5837

Epoch [88], Validation Acc:  0.1429

Epoch [88], Loss:  4.5461

Epoch [88], Validation Acc:  0.2857

Epoch [89], Loss:  3.9142

Epoch [89], Validation Acc:  0.2857

Epoch [89], Loss:  4.9784

Epoch [89], Validation Acc:  0.1429

Epoch [89], Loss:  4.6844

Epoch [89], Validation Acc:  0.2857

Epoch [89], Loss:  4.3624

Epoch [89], Validation Acc:  0.2857

Epoch [90], Loss:  4.0603

Epoch [90], Validation Acc:  0.2857

Epoch [90], Loss:  4.7779

Epoch [90], Validation Acc:  0.0000

Epoch [90], Loss:  4.5015

Epoch [90], Validation Acc:  0.1429

Epoch [90], Loss:  4.7177

Epoch [90], Validation Acc:  0.5714

Epoch [91], Loss:  3.3701

Epoch [91], Validation Acc:  0.0000

Epoch [91], Loss:  4.9600

Epoch [91], Validation Acc:  0.2857

Epoch [91], Loss:  4.9932

Epoch [91], Validation Acc:  0.1429

Epoch [91], Loss:  4.9070

Epoch [91], Validation Acc:  0.4286

Epoch [92], Loss:  3.4738

Epoch [92], Validation Acc:  0.0000

Epoch [92], Loss:  5.3948

Epoch [92], Validation Acc:  0.2857

Epoch [92], Loss:  4.4941

Epoch [92], Validation Acc:  0.1429

Epoch [92], Loss:  4.4725

Epoch [92], Validation Acc:  0.2857

Epoch [93], Loss:  4.3849

Epoch [93], Validation Acc:  0.4286

Epoch [93], Loss:  5.1971

Epoch [93], Validation Acc:  0.1429

Epoch [93], Loss:  4.5453

Epoch [93], Validation Acc:  0.4286

Epoch [93], Loss:  4.7279

Epoch [93], Validation Acc:  0.2857

Epoch [94], Loss:  4.3301

Epoch [94], Validation Acc:  0.2857

Epoch [94], Loss:  5.2356

Epoch [94], Validation Acc:  0.1429

Epoch [94], Loss:  5.0917

Epoch [94], Validation Acc:  0.4286

Epoch [94], Loss:  4.5400

Epoch [94], Validation Acc:  0.2857

Epoch [95], Loss:  4.1542

Epoch [95], Validation Acc:  0.1429

Epoch [95], Loss:  5.0375

Epoch [95], Validation Acc:  0.2857

Epoch [95], Loss:  4.6497

Epoch [95], Validation Acc:  0.2857

Epoch [95], Loss:  4.6543

Epoch [95], Validation Acc:  0.2857

Epoch [96], Loss:  3.5381

Epoch [96], Validation Acc:  0.1429

Epoch [96], Loss:  4.9990

Epoch [96], Validation Acc:  0.1429

Epoch [96], Loss:  4.7117

Epoch [96], Validation Acc:  0.2857

Epoch [96], Loss:  4.0429

Epoch [96], Validation Acc:  0.1429

Epoch [97], Loss:  4.0508

Epoch [97], Validation Acc:  0.1429

Epoch [97], Loss:  4.7501

Epoch [97], Validation Acc:  0.0000

Epoch [97], Loss:  5.3109

Epoch [97], Validation Acc:  0.4286

Epoch [97], Loss:  4.9847

Epoch [97], Validation Acc:  0.5714

Epoch [98], Loss:  3.8329

Epoch [98], Validation Acc:  0.0000

Epoch [98], Loss:  4.9484

Epoch [98], Validation Acc:  0.1429

Epoch [98], Loss:  4.4555

Epoch [98], Validation Acc:  0.2857

Epoch [98], Loss:  5.0347

Epoch [98], Validation Acc:  0.2857

Epoch [99], Loss:  4.0185

Epoch [99], Validation Acc:  0.2857

Epoch [99], Loss:  4.9635

Epoch [99], Validation Acc:  0.1429

Epoch [99], Loss:  4.7560

Epoch [99], Validation Acc:  0.4286

Epoch [99], Loss:  4.3912

Epoch [99], Validation Acc:  0.4286

Epoch [100], Loss:  4.5329

Epoch [100], Validation Acc:  0.4286

Epoch [100], Loss:  4.4081

Epoch [100], Validation Acc:  0.1429

Epoch [100], Loss:  5.2704

Epoch [100], Validation Acc:  0.4286

Epoch [100], Loss:  4.3262

Epoch [100], Validation Acc:  0.2857

Testing on test data...
Test Acc:  0.7059
Spend time: 1784.2189481258392
