dataset_path: ../datasets/new_data
result_path: ../results
checkpoint_path: ../checkpoints
train_sample_ratio: 0.8
learning_rate: 0.001
epochs: 100
device: cuda:4
seed: 1
method_variant: cor_our_v3
peak_pick_num: 20
scratch: True
subset_index: 4
Epoch [1], Loss:  7.8658

Epoch [1], Validation Acc:  0.4286

Epoch [1], Loss:  7.3890

Epoch [1], Validation Acc:  0.1429

Epoch [1], Loss:  7.4285

Epoch [1], Validation Acc:  0.2857

Epoch [1], Loss:  6.9135

Epoch [1], Validation Acc:  0.1429

Epoch [2], Loss:  7.7079

Epoch [2], Validation Acc:  0.5714

Epoch [2], Loss:  6.9839

Epoch [2], Validation Acc:  0.1429

Epoch [2], Loss:  6.8854

Epoch [2], Validation Acc:  0.1429

Epoch [2], Loss:  6.3535

Epoch [2], Validation Acc:  0.2857

Epoch [3], Loss:  6.5261

Epoch [3], Validation Acc:  0.4286

Epoch [3], Loss:  6.3341

Epoch [3], Validation Acc:  0.2857

Epoch [3], Loss:  6.2310

Epoch [3], Validation Acc:  0.4286

Epoch [3], Loss:  5.4722

Epoch [3], Validation Acc:  0.2857

Epoch [4], Loss:  5.8898

Epoch [4], Validation Acc:  0.2857

Epoch [4], Loss:  5.7909

Epoch [4], Validation Acc:  0.2857

Epoch [4], Loss:  5.4516

Epoch [4], Validation Acc:  0.2857

Epoch [4], Loss:  5.3423

Epoch [4], Validation Acc:  0.5714

Epoch [5], Loss:  4.7422

Epoch [5], Validation Acc:  0.2857

Epoch [5], Loss:  5.0416

Epoch [5], Validation Acc:  0.1429

Epoch [5], Loss:  5.3421

Epoch [5], Validation Acc:  0.4286

Epoch [5], Loss:  4.4267

Epoch [5], Validation Acc:  0.1429

Epoch [6], Loss:  4.2124

Epoch [6], Validation Acc:  0.1429

Epoch [6], Loss:  5.1700

Epoch [6], Validation Acc:  0.1429

Epoch [6], Loss:  5.4743

Epoch [6], Validation Acc:  0.2857

Epoch [6], Loss:  4.4922

Epoch [6], Validation Acc:  0.2857

Epoch [7], Loss:  4.4754

Epoch [7], Validation Acc:  0.2857

Epoch [7], Loss:  5.0365

Epoch [7], Validation Acc:  0.0000

Epoch [7], Loss:  4.7506

Epoch [7], Validation Acc:  0.2857

Epoch [7], Loss:  4.1569

Epoch [7], Validation Acc:  0.0000

Epoch [8], Loss:  3.9238

Epoch [8], Validation Acc:  0.1429

Epoch [8], Loss:  5.1280

Epoch [8], Validation Acc:  0.1429

Epoch [8], Loss:  4.7863

Epoch [8], Validation Acc:  0.1429

Epoch [8], Loss:  3.9521

Epoch [8], Validation Acc:  0.0000

Epoch [9], Loss:  4.4455

Epoch [9], Validation Acc:  0.5714

Epoch [9], Loss:  4.8321

Epoch [9], Validation Acc:  0.0000

Epoch [9], Loss:  4.3158

Epoch [9], Validation Acc:  0.1429

Epoch [9], Loss:  4.5748

Epoch [9], Validation Acc:  0.2857

Epoch [10], Loss:  4.2749

Epoch [10], Validation Acc:  0.2857

Epoch [10], Loss:  5.0118

Epoch [10], Validation Acc:  0.2857

Epoch [10], Loss:  4.7657

Epoch [10], Validation Acc:  0.0000

Epoch [10], Loss:  4.1623

Epoch [10], Validation Acc:  0.4286

Epoch [11], Loss:  3.8253

Epoch [11], Validation Acc:  0.1429

Epoch [11], Loss:  4.9961

Epoch [11], Validation Acc:  0.0000

Epoch [11], Loss:  4.8343

Epoch [11], Validation Acc:  0.1429

Epoch [11], Loss:  3.8763

Epoch [11], Validation Acc:  0.2857

Epoch [12], Loss:  3.9860

Epoch [12], Validation Acc:  0.1429

Epoch [12], Loss:  4.6835

Epoch [12], Validation Acc:  0.1429

Epoch [12], Loss:  4.5418

Epoch [12], Validation Acc:  0.1429

Epoch [12], Loss:  4.3096

Epoch [12], Validation Acc:  0.2857

Epoch [13], Loss:  4.3380

Epoch [13], Validation Acc:  0.2857

Epoch [13], Loss:  4.5702

Epoch [13], Validation Acc:  0.1429

Epoch [13], Loss:  4.7136

Epoch [13], Validation Acc:  0.1429

Epoch [13], Loss:  4.5041

Epoch [13], Validation Acc:  0.7143

Epoch [14], Loss:  3.8585

Epoch [14], Validation Acc:  0.0000

Epoch [14], Loss:  5.0308

Epoch [14], Validation Acc:  0.0000

Epoch [14], Loss:  5.2464

Epoch [14], Validation Acc:  0.2857

Epoch [14], Loss:  3.7913

Epoch [14], Validation Acc:  0.0000

Epoch [15], Loss:  4.0479

Epoch [15], Validation Acc:  0.2857

Epoch [15], Loss:  4.8746

Epoch [15], Validation Acc:  0.1429

Epoch [15], Loss:  5.1623

Epoch [15], Validation Acc:  0.2857

Epoch [15], Loss:  4.6217

Epoch [15], Validation Acc:  0.4286

Epoch [16], Loss:  4.1324

Epoch [16], Validation Acc:  0.1429

Epoch [16], Loss:  5.1915

Epoch [16], Validation Acc:  0.2857

Epoch [16], Loss:  5.3171

Epoch [16], Validation Acc:  0.4286

Epoch [16], Loss:  3.8536

Epoch [16], Validation Acc:  0.1429

Epoch [17], Loss:  4.7400

Epoch [17], Validation Acc:  0.4286

Epoch [17], Loss:  4.7413

Epoch [17], Validation Acc:  0.1429

Epoch [17], Loss:  4.4263

Epoch [17], Validation Acc:  0.2857

Epoch [17], Loss:  4.5339

Epoch [17], Validation Acc:  0.4286

Epoch [18], Loss:  3.7462

Epoch [18], Validation Acc:  0.2857

Epoch [18], Loss:  4.6209

Epoch [18], Validation Acc:  0.2857

Epoch [18], Loss:  4.5468

Epoch [18], Validation Acc:  0.1429

Epoch [18], Loss:  4.3752

Epoch [18], Validation Acc:  0.4286

Epoch [19], Loss:  4.8052

Epoch [19], Validation Acc:  0.2857

Epoch [19], Loss:  4.8658

Epoch [19], Validation Acc:  0.1429

Epoch [19], Loss:  5.0619

Epoch [19], Validation Acc:  0.2857

Epoch [19], Loss:  4.4623

Epoch [19], Validation Acc:  0.4286

Epoch [20], Loss:  4.1700

Epoch [20], Validation Acc:  0.2857

Epoch [20], Loss:  5.1520

Epoch [20], Validation Acc:  0.4286

Epoch [20], Loss:  5.2543

Epoch [20], Validation Acc:  0.4286

Epoch [20], Loss:  4.4989

Epoch [20], Validation Acc:  0.1429

Epoch [21], Loss:  4.2894

Epoch [21], Validation Acc:  0.1429

Epoch [21], Loss:  4.8596

Epoch [21], Validation Acc:  0.1429

Epoch [21], Loss:  4.2974

Epoch [21], Validation Acc:  0.0000

Epoch [21], Loss:  4.4056

Epoch [21], Validation Acc:  0.4286

Epoch [22], Loss:  3.8361

Epoch [22], Validation Acc:  0.2857

Epoch [22], Loss:  4.8371

Epoch [22], Validation Acc:  0.1429

Epoch [22], Loss:  5.0662

Epoch [22], Validation Acc:  0.2857

Epoch [22], Loss:  4.6229

Epoch [22], Validation Acc:  0.4286

Epoch [23], Loss:  4.2140

Epoch [23], Validation Acc:  0.1429

Epoch [23], Loss:  4.9320

Epoch [23], Validation Acc:  0.1429

Epoch [23], Loss:  4.4891

Epoch [23], Validation Acc:  0.0000

Epoch [23], Loss:  4.0877

Epoch [23], Validation Acc:  0.0000

Epoch [24], Loss:  4.1523

Epoch [24], Validation Acc:  0.0000

Epoch [24], Loss:  4.8498

Epoch [24], Validation Acc:  0.1429

Epoch [24], Loss:  5.3041

Epoch [24], Validation Acc:  0.2857

Epoch [24], Loss:  4.2973

Epoch [24], Validation Acc:  0.4286

Epoch [25], Loss:  4.3233

Epoch [25], Validation Acc:  0.4286

Epoch [25], Loss:  4.8739

Epoch [25], Validation Acc:  0.1429

Epoch [25], Loss:  5.0721

Epoch [25], Validation Acc:  0.4286

Epoch [25], Loss:  4.1281

Epoch [25], Validation Acc:  0.2857

Epoch [26], Loss:  4.0838

Epoch [26], Validation Acc:  0.2857

Epoch [26], Loss:  4.7251

Epoch [26], Validation Acc:  0.1429

Epoch [26], Loss:  5.1246

Epoch [26], Validation Acc:  0.5714

Epoch [26], Loss:  3.9699

Epoch [26], Validation Acc:  0.1429

Epoch [27], Loss:  3.9932

Epoch [27], Validation Acc:  0.2857

Epoch [27], Loss:  5.0634

Epoch [27], Validation Acc:  0.4286

Epoch [27], Loss:  4.7448

Epoch [27], Validation Acc:  0.2857

Epoch [27], Loss:  4.1336

Epoch [27], Validation Acc:  0.2857

Epoch [28], Loss:  4.3327

Epoch [28], Validation Acc:  0.7143

Epoch [28], Loss:  4.7645

Epoch [28], Validation Acc:  0.0000

Epoch [28], Loss:  5.2614

Epoch [28], Validation Acc:  0.2857

Epoch [28], Loss:  3.5772

Epoch [28], Validation Acc:  0.2857

Epoch [29], Loss:  4.0671

Epoch [29], Validation Acc:  0.1429

Epoch [29], Loss:  4.4990

Epoch [29], Validation Acc:  0.0000

Epoch [29], Loss:  5.0535

Epoch [29], Validation Acc:  0.2857

Epoch [29], Loss:  4.2546

Epoch [29], Validation Acc:  0.4286

Epoch [30], Loss:  4.0899

Epoch [30], Validation Acc:  0.4286

Epoch [30], Loss:  5.1119

Epoch [30], Validation Acc:  0.1429

Epoch [30], Loss:  4.9477

Epoch [30], Validation Acc:  0.2857

Epoch [30], Loss:  4.4729

Epoch [30], Validation Acc:  0.2857

Epoch [31], Loss:  4.1198

Epoch [31], Validation Acc:  0.1429

Epoch [31], Loss:  4.7646

Epoch [31], Validation Acc:  0.1429

Epoch [31], Loss:  4.8738

Epoch [31], Validation Acc:  0.2857

Epoch [31], Loss:  3.4041

Epoch [31], Validation Acc:  0.1429

Epoch [32], Loss:  4.1624

Epoch [32], Validation Acc:  0.1429

Epoch [32], Loss:  4.9069

Epoch [32], Validation Acc:  0.2857

Epoch [32], Loss:  4.8396

Epoch [32], Validation Acc:  0.4286

Epoch [32], Loss:  3.9837

Epoch [32], Validation Acc:  0.2857

Epoch [33], Loss:  4.4690

Epoch [33], Validation Acc:  0.4286

Epoch [33], Loss:  4.6949

Epoch [33], Validation Acc:  0.1429

Epoch [33], Loss:  4.4567

Epoch [33], Validation Acc:  0.2857

Epoch [33], Loss:  4.2657

Epoch [33], Validation Acc:  0.4286

Epoch [34], Loss:  4.3346

Epoch [34], Validation Acc:  0.2857

Epoch [34], Loss:  4.8013

Epoch [34], Validation Acc:  0.0000

Epoch [34], Loss:  4.7909

Epoch [34], Validation Acc:  0.1429

Epoch [34], Loss:  4.4572

Epoch [34], Validation Acc:  0.2857

Epoch [35], Loss:  4.0266

Epoch [35], Validation Acc:  0.2857

Epoch [35], Loss:  4.6897

Epoch [35], Validation Acc:  0.2857

Epoch [35], Loss:  5.4254

Epoch [35], Validation Acc:  0.5714

Epoch [35], Loss:  4.6695

Epoch [35], Validation Acc:  0.4286

Epoch [36], Loss:  4.3633

Epoch [36], Validation Acc:  0.2857

Epoch [36], Loss:  4.9365

Epoch [36], Validation Acc:  0.0000

Epoch [36], Loss:  4.2542

Epoch [36], Validation Acc:  0.0000

Epoch [36], Loss:  4.2169

Epoch [36], Validation Acc:  0.2857

Epoch [37], Loss:  4.0205

Epoch [37], Validation Acc:  0.2857

Epoch [37], Loss:  4.5521

Epoch [37], Validation Acc:  0.1429

Epoch [37], Loss:  4.1384

Epoch [37], Validation Acc:  0.0000

Epoch [37], Loss:  4.3783

Epoch [37], Validation Acc:  0.4286

Epoch [38], Loss:  4.5701

Epoch [38], Validation Acc:  0.4286

Epoch [38], Loss:  5.0246

Epoch [38], Validation Acc:  0.2857

Epoch [38], Loss:  4.8723

Epoch [38], Validation Acc:  0.2857

Epoch [38], Loss:  3.9781

Epoch [38], Validation Acc:  0.2857

Epoch [39], Loss:  4.2117

Epoch [39], Validation Acc:  0.4286

Epoch [39], Loss:  4.6273

Epoch [39], Validation Acc:  0.1429

Epoch [39], Loss:  4.8094

Epoch [39], Validation Acc:  0.2857

Epoch [39], Loss:  3.9465

Epoch [39], Validation Acc:  0.1429

Epoch [40], Loss:  4.0319

Epoch [40], Validation Acc:  0.1429

Epoch [40], Loss:  4.7020

Epoch [40], Validation Acc:  0.1429

Epoch [40], Loss:  4.4061

Epoch [40], Validation Acc:  0.0000

Epoch [40], Loss:  3.8852

Epoch [40], Validation Acc:  0.1429

Epoch [41], Loss:  4.6018

Epoch [41], Validation Acc:  0.4286

Epoch [41], Loss:  4.2266

Epoch [41], Validation Acc:  0.0000

Epoch [41], Loss:  4.8472

Epoch [41], Validation Acc:  0.2857

Epoch [41], Loss:  4.5304

Epoch [41], Validation Acc:  0.1429

Epoch [42], Loss:  4.1522

Epoch [42], Validation Acc:  0.1429

Epoch [42], Loss:  4.8806

Epoch [42], Validation Acc:  0.0000

Epoch [42], Loss:  5.2527

Epoch [42], Validation Acc:  0.2857

Epoch [42], Loss:  4.2520

Epoch [42], Validation Acc:  0.4286

Epoch [43], Loss:  4.0554

Epoch [43], Validation Acc:  0.4286

Epoch [43], Loss:  4.6435

Epoch [43], Validation Acc:  0.1429

Epoch [43], Loss:  4.8212

Epoch [43], Validation Acc:  0.4286

Epoch [43], Loss:  4.3662

Epoch [43], Validation Acc:  0.2857

Epoch [44], Loss:  4.1792

Epoch [44], Validation Acc:  0.2857

Epoch [44], Loss:  4.6046

Epoch [44], Validation Acc:  0.1429

Epoch [44], Loss:  4.8474

Epoch [44], Validation Acc:  0.2857

Epoch [44], Loss:  4.1151

Epoch [44], Validation Acc:  0.2857

Epoch [45], Loss:  3.8683

Epoch [45], Validation Acc:  0.1429

Epoch [45], Loss:  4.6610

Epoch [45], Validation Acc:  0.1429

Epoch [45], Loss:  4.3815

Epoch [45], Validation Acc:  0.0000

Epoch [45], Loss:  3.9548

Epoch [45], Validation Acc:  0.2857

Epoch [46], Loss:  3.7521

Epoch [46], Validation Acc:  0.2857

Epoch [46], Loss:  4.8885

Epoch [46], Validation Acc:  0.1429

Epoch [46], Loss:  5.0076

Epoch [46], Validation Acc:  0.4286

Epoch [46], Loss:  3.5972

Epoch [46], Validation Acc:  0.1429

Epoch [47], Loss:  4.4817

Epoch [47], Validation Acc:  0.2857

Epoch [47], Loss:  4.3613

Epoch [47], Validation Acc:  0.0000

Epoch [47], Loss:  5.0562

Epoch [47], Validation Acc:  0.2857

Epoch [47], Loss:  4.2961

Epoch [47], Validation Acc:  0.2857

Epoch [48], Loss:  4.1136

Epoch [48], Validation Acc:  0.2857

Epoch [48], Loss:  4.3378

Epoch [48], Validation Acc:  0.0000

Epoch [48], Loss:  4.9078

Epoch [48], Validation Acc:  0.2857

Epoch [48], Loss:  3.9835

Epoch [48], Validation Acc:  0.4286

Epoch [49], Loss:  3.4103

Epoch [49], Validation Acc:  0.2857

Epoch [49], Loss:  4.6226

Epoch [49], Validation Acc:  0.1429

Epoch [49], Loss:  4.5915

Epoch [49], Validation Acc:  0.1429

Epoch [49], Loss:  4.5201

Epoch [49], Validation Acc:  0.4286

Epoch [50], Loss:  4.2344

Epoch [50], Validation Acc:  0.4286

Epoch [50], Loss:  4.9863

Epoch [50], Validation Acc:  0.1429

Epoch [50], Loss:  4.7279

Epoch [50], Validation Acc:  0.4286

Epoch [50], Loss:  4.3158

Epoch [50], Validation Acc:  0.4286

Epoch [51], Loss:  4.5169

Epoch [51], Validation Acc:  0.1429

Epoch [51], Loss:  4.7999

Epoch [51], Validation Acc:  0.2857

Epoch [51], Loss:  4.8676

Epoch [51], Validation Acc:  0.1429

Epoch [51], Loss:  3.9540

Epoch [51], Validation Acc:  0.1429

Epoch [52], Loss:  4.1977

Epoch [52], Validation Acc:  0.1429

Epoch [52], Loss:  5.2495

Epoch [52], Validation Acc:  0.4286

Epoch [52], Loss:  4.8945

Epoch [52], Validation Acc:  0.4286

Epoch [52], Loss:  4.4675

Epoch [52], Validation Acc:  0.2857

Epoch [53], Loss:  3.9487

Epoch [53], Validation Acc:  0.1429

Epoch [53], Loss:  5.0790

Epoch [53], Validation Acc:  0.1429

Epoch [53], Loss:  5.1685

Epoch [53], Validation Acc:  0.2857

Epoch [53], Loss:  4.1287

Epoch [53], Validation Acc:  0.4286

Epoch [54], Loss:  4.2373

Epoch [54], Validation Acc:  0.2857

Epoch [54], Loss:  5.0634

Epoch [54], Validation Acc:  0.1429

Epoch [54], Loss:  5.4740

Epoch [54], Validation Acc:  0.5714

Epoch [54], Loss:  3.9163

Epoch [54], Validation Acc:  0.1429

Epoch [55], Loss:  3.5673

Epoch [55], Validation Acc:  0.0000

Epoch [55], Loss:  4.6571

Epoch [55], Validation Acc:  0.1429

Epoch [55], Loss:  4.0909

Epoch [55], Validation Acc:  0.1429

Epoch [55], Loss:  3.9803

Epoch [55], Validation Acc:  0.1429

Epoch [56], Loss:  4.2410

Epoch [56], Validation Acc:  0.2857

Epoch [56], Loss:  5.0124

Epoch [56], Validation Acc:  0.2857

Epoch [56], Loss:  4.4685

Epoch [56], Validation Acc:  0.0000

Epoch [56], Loss:  4.4113

Epoch [56], Validation Acc:  0.2857

Epoch [57], Loss:  4.5794

Epoch [57], Validation Acc:  0.4286

Epoch [57], Loss:  4.7278

Epoch [57], Validation Acc:  0.2857

Epoch [57], Loss:  4.7052

Epoch [57], Validation Acc:  0.1429

Epoch [57], Loss:  4.5629

Epoch [57], Validation Acc:  0.2857

Epoch [58], Loss:  4.1513

Epoch [58], Validation Acc:  0.2857

Epoch [58], Loss:  4.6764

Epoch [58], Validation Acc:  0.1429

Epoch [58], Loss:  4.8127

Epoch [58], Validation Acc:  0.2857

Epoch [58], Loss:  4.2810

Epoch [58], Validation Acc:  0.2857

Epoch [59], Loss:  4.3353

Epoch [59], Validation Acc:  0.4286

Epoch [59], Loss:  4.7431

Epoch [59], Validation Acc:  0.0000

Epoch [59], Loss:  5.1555

Epoch [59], Validation Acc:  0.5714

Epoch [59], Loss:  3.9589

Epoch [59], Validation Acc:  0.0000

Epoch [60], Loss:  4.1646

Epoch [60], Validation Acc:  0.4286

Epoch [60], Loss:  4.6372

Epoch [60], Validation Acc:  0.2857

Epoch [60], Loss:  4.9734

Epoch [60], Validation Acc:  0.4286

Epoch [60], Loss:  4.5539

Epoch [60], Validation Acc:  0.2857

Epoch [61], Loss:  4.0205

Epoch [61], Validation Acc:  0.1429

Epoch [61], Loss:  4.6821

Epoch [61], Validation Acc:  0.2857

Epoch [61], Loss:  5.4049

Epoch [61], Validation Acc:  0.4286

Epoch [61], Loss:  3.8671

Epoch [61], Validation Acc:  0.0000

Epoch [62], Loss:  4.0486

Epoch [62], Validation Acc:  0.0000

Epoch [62], Loss:  4.3123

Epoch [62], Validation Acc:  0.0000

Epoch [62], Loss:  4.5930

Epoch [62], Validation Acc:  0.1429

Epoch [62], Loss:  4.4141

Epoch [62], Validation Acc:  0.5714

Epoch [63], Loss:  4.2215

Epoch [63], Validation Acc:  0.4286

Epoch [63], Loss:  4.5840

Epoch [63], Validation Acc:  0.0000

Epoch [63], Loss:  4.8965

Epoch [63], Validation Acc:  0.2857

Epoch [63], Loss:  4.0026

Epoch [63], Validation Acc:  0.1429

Epoch [64], Loss:  3.7931

Epoch [64], Validation Acc:  0.0000

Epoch [64], Loss:  5.1905

Epoch [64], Validation Acc:  0.1429

Epoch [64], Loss:  5.1373

Epoch [64], Validation Acc:  0.2857

Epoch [64], Loss:  4.0883

Epoch [64], Validation Acc:  0.2857

Epoch [65], Loss:  3.6980

Epoch [65], Validation Acc:  0.1429

Epoch [65], Loss:  4.9073

Epoch [65], Validation Acc:  0.1429

Epoch [65], Loss:  5.1321

Epoch [65], Validation Acc:  0.2857

Epoch [65], Loss:  4.0226

Epoch [65], Validation Acc:  0.2857

Epoch [66], Loss:  3.7267

Epoch [66], Validation Acc:  0.2857

Epoch [66], Loss:  4.2559

Epoch [66], Validation Acc:  0.0000

Epoch [66], Loss:  4.9311

Epoch [66], Validation Acc:  0.2857

Epoch [66], Loss:  3.5605

Epoch [66], Validation Acc:  0.0000

Epoch [67], Loss:  3.8604

Epoch [67], Validation Acc:  0.4286

Epoch [67], Loss:  4.9626

Epoch [67], Validation Acc:  0.4286

Epoch [67], Loss:  4.8569

Epoch [67], Validation Acc:  0.2857

Epoch [67], Loss:  4.0633

Epoch [67], Validation Acc:  0.1429

Epoch [68], Loss:  3.8183

Epoch [68], Validation Acc:  0.0000

Epoch [68], Loss:  4.2402

Epoch [68], Validation Acc:  0.0000

Epoch [68], Loss:  4.6204

Epoch [68], Validation Acc:  0.2857

Epoch [68], Loss:  4.0908

Epoch [68], Validation Acc:  0.2857

Epoch [69], Loss:  4.1831

Epoch [69], Validation Acc:  0.2857

Epoch [69], Loss:  4.8271

Epoch [69], Validation Acc:  0.0000

Epoch [69], Loss:  4.8509

Epoch [69], Validation Acc:  0.4286

Epoch [69], Loss:  3.8402

Epoch [69], Validation Acc:  0.1429

Epoch [70], Loss:  4.0333

Epoch [70], Validation Acc:  0.1429

Epoch [70], Loss:  4.6032

Epoch [70], Validation Acc:  0.1429

Epoch [70], Loss:  5.3391

Epoch [70], Validation Acc:  0.4286

Epoch [70], Loss:  4.5829

Epoch [70], Validation Acc:  0.4286

Epoch [71], Loss:  4.1424

Epoch [71], Validation Acc:  0.2857

Epoch [71], Loss:  5.1854

Epoch [71], Validation Acc:  0.4286

Epoch [71], Loss:  4.4490

Epoch [71], Validation Acc:  0.0000

Epoch [71], Loss:  4.1827

Epoch [71], Validation Acc:  0.2857

Epoch [72], Loss:  3.6404

Epoch [72], Validation Acc:  0.1429

Epoch [72], Loss:  5.0452

Epoch [72], Validation Acc:  0.2857

Epoch [72], Loss:  5.2070

Epoch [72], Validation Acc:  0.4286

Epoch [72], Loss:  3.7970

Epoch [72], Validation Acc:  0.0000

Epoch [73], Loss:  4.1274

Epoch [73], Validation Acc:  0.2857

Epoch [73], Loss:  4.5631

Epoch [73], Validation Acc:  0.0000

Epoch [73], Loss:  5.1124

Epoch [73], Validation Acc:  0.4286

Epoch [73], Loss:  4.6398

Epoch [73], Validation Acc:  0.5714

Epoch [74], Loss:  4.1290

Epoch [74], Validation Acc:  0.4286

Epoch [74], Loss:  4.8724

Epoch [74], Validation Acc:  0.1429

Epoch [74], Loss:  4.9534

Epoch [74], Validation Acc:  0.1429

Epoch [74], Loss:  4.2189

Epoch [74], Validation Acc:  0.1429

Epoch [75], Loss:  3.3115

Epoch [75], Validation Acc:  0.0000

Epoch [75], Loss:  4.5846

Epoch [75], Validation Acc:  0.0000

Epoch [75], Loss:  4.5976

Epoch [75], Validation Acc:  0.2857

Epoch [75], Loss:  3.8359

Epoch [75], Validation Acc:  0.1429

Epoch [76], Loss:  4.0650

Epoch [76], Validation Acc:  0.2857

Epoch [76], Loss:  4.9466

Epoch [76], Validation Acc:  0.4286

Epoch [76], Loss:  4.4353

Epoch [76], Validation Acc:  0.2857

Epoch [76], Loss:  4.5799

Epoch [76], Validation Acc:  0.2857

Epoch [77], Loss:  4.3992

Epoch [77], Validation Acc:  0.5714

Epoch [77], Loss:  4.6520

Epoch [77], Validation Acc:  0.0000

Epoch [77], Loss:  4.5799

Epoch [77], Validation Acc:  0.2857

Epoch [77], Loss:  4.2101

Epoch [77], Validation Acc:  0.1429

Epoch [78], Loss:  3.7887

Epoch [78], Validation Acc:  0.4286

Epoch [78], Loss:  4.5436

Epoch [78], Validation Acc:  0.1429

Epoch [78], Loss:  5.0463

Epoch [78], Validation Acc:  0.4286

Epoch [78], Loss:  3.8171

Epoch [78], Validation Acc:  0.2857

Epoch [79], Loss:  4.0537

Epoch [79], Validation Acc:  0.2857

Epoch [79], Loss:  5.1892

Epoch [79], Validation Acc:  0.2857

Epoch [79], Loss:  4.6333

Epoch [79], Validation Acc:  0.4286

Epoch [79], Loss:  4.0652

Epoch [79], Validation Acc:  0.2857

Epoch [80], Loss:  4.2200

Epoch [80], Validation Acc:  0.4286

Epoch [80], Loss:  5.0193

Epoch [80], Validation Acc:  0.2857

Epoch [80], Loss:  5.0773

Epoch [80], Validation Acc:  0.4286

Epoch [80], Loss:  4.2036

Epoch [80], Validation Acc:  0.2857

Epoch [81], Loss:  3.7962

Epoch [81], Validation Acc:  0.4286

Epoch [81], Loss:  4.5660

Epoch [81], Validation Acc:  0.1429

Epoch [81], Loss:  5.1558

Epoch [81], Validation Acc:  0.1429

Epoch [81], Loss:  4.2290

Epoch [81], Validation Acc:  0.0000

Epoch [82], Loss:  4.2148

Epoch [82], Validation Acc:  0.0000

Epoch [82], Loss:  5.0230

Epoch [82], Validation Acc:  0.5714

Epoch [82], Loss:  4.8938

Epoch [82], Validation Acc:  0.2857

Epoch [82], Loss:  3.9172

Epoch [82], Validation Acc:  0.4286

Epoch [83], Loss:  4.5043

Epoch [83], Validation Acc:  0.4286

Epoch [83], Loss:  4.2652

Epoch [83], Validation Acc:  0.0000

Epoch [83], Loss:  4.9107

Epoch [83], Validation Acc:  0.1429

Epoch [83], Loss:  4.5850

Epoch [83], Validation Acc:  0.5714

Epoch [84], Loss:  4.1387

Epoch [84], Validation Acc:  0.2857

Epoch [84], Loss:  4.8098

Epoch [84], Validation Acc:  0.1429

Epoch [84], Loss:  4.9010

Epoch [84], Validation Acc:  0.2857

Epoch [84], Loss:  4.3674

Epoch [84], Validation Acc:  0.2857

Epoch [85], Loss:  4.3961

Epoch [85], Validation Acc:  0.4286

Epoch [85], Loss:  4.6586

Epoch [85], Validation Acc:  0.0000

Epoch [85], Loss:  3.9991

Epoch [85], Validation Acc:  0.0000

Epoch [85], Loss:  4.1244

Epoch [85], Validation Acc:  0.2857

Epoch [86], Loss:  4.7531

Epoch [86], Validation Acc:  0.7143

Epoch [86], Loss:  4.7974

Epoch [86], Validation Acc:  0.1429

Epoch [86], Loss:  5.0244

Epoch [86], Validation Acc:  0.2857

Epoch [86], Loss:  4.4716

Epoch [86], Validation Acc:  0.5714

Epoch [87], Loss:  4.0098

Epoch [87], Validation Acc:  0.4286

Epoch [87], Loss:  4.9627

Epoch [87], Validation Acc:  0.1429

Epoch [87], Loss:  4.3990

Epoch [87], Validation Acc:  0.1429

Epoch [87], Loss:  3.7868

Epoch [87], Validation Acc:  0.4286

Epoch [88], Loss:  3.9269

Epoch [88], Validation Acc:  0.2857

Epoch [88], Loss:  4.7354

Epoch [88], Validation Acc:  0.1429

Epoch [88], Loss:  4.6955

Epoch [88], Validation Acc:  0.2857

Epoch [88], Loss:  3.7534

Epoch [88], Validation Acc:  0.1429

Epoch [89], Loss:  3.6543

Epoch [89], Validation Acc:  0.1429

Epoch [89], Loss:  4.8084

Epoch [89], Validation Acc:  0.0000

Epoch [89], Loss:  5.0578

Epoch [89], Validation Acc:  0.2857

Epoch [89], Loss:  3.7146

Epoch [89], Validation Acc:  0.1429

Epoch [90], Loss:  3.7497

Epoch [90], Validation Acc:  0.2857

Epoch [90], Loss:  4.4776

Epoch [90], Validation Acc:  0.0000

Epoch [90], Loss:  4.6249

Epoch [90], Validation Acc:  0.1429

Epoch [90], Loss:  4.2555

Epoch [90], Validation Acc:  0.4286

Epoch [91], Loss:  4.1355

Epoch [91], Validation Acc:  0.2857

Epoch [91], Loss:  5.1272

Epoch [91], Validation Acc:  0.2857

Epoch [91], Loss:  4.8124

Epoch [91], Validation Acc:  0.2857

Epoch [91], Loss:  4.6442

Epoch [91], Validation Acc:  0.4286

Epoch [92], Loss:  4.2654

Epoch [92], Validation Acc:  0.4286

Epoch [92], Loss:  5.1141

Epoch [92], Validation Acc:  0.5714

Epoch [92], Loss:  4.3597

Epoch [92], Validation Acc:  0.2857

Epoch [92], Loss:  4.0263

Epoch [92], Validation Acc:  0.0000

Epoch [93], Loss:  3.7710

Epoch [93], Validation Acc:  0.2857

Epoch [93], Loss:  4.4156

Epoch [93], Validation Acc:  0.0000

Epoch [93], Loss:  4.4408

Epoch [93], Validation Acc:  0.1429

Epoch [93], Loss:  4.5086

Epoch [93], Validation Acc:  0.2857

Epoch [94], Loss:  3.8016

Epoch [94], Validation Acc:  0.2857

Epoch [94], Loss:  5.0783

Epoch [94], Validation Acc:  0.1429

Epoch [94], Loss:  4.8619

Epoch [94], Validation Acc:  0.2857

Epoch [94], Loss:  4.2523

Epoch [94], Validation Acc:  0.1429

Epoch [95], Loss:  3.9999

Epoch [95], Validation Acc:  0.2857

Epoch [95], Loss:  5.0614

Epoch [95], Validation Acc:  0.1429

Epoch [95], Loss:  4.5399

Epoch [95], Validation Acc:  0.1429

Epoch [95], Loss:  4.2194

Epoch [95], Validation Acc:  0.4286

Epoch [96], Loss:  3.6918

Epoch [96], Validation Acc:  0.2857

Epoch [96], Loss:  4.4267

Epoch [96], Validation Acc:  0.1429

Epoch [96], Loss:  4.6897

Epoch [96], Validation Acc:  0.1429

Epoch [96], Loss:  4.5908

Epoch [96], Validation Acc:  0.5714

Epoch [97], Loss:  3.4749

Epoch [97], Validation Acc:  0.0000

Epoch [97], Loss:  4.6914

Epoch [97], Validation Acc:  0.0000

Epoch [97], Loss:  4.6516

Epoch [97], Validation Acc:  0.1429

Epoch [97], Loss:  4.0407

Epoch [97], Validation Acc:  0.2857

Epoch [98], Loss:  3.7647

Epoch [98], Validation Acc:  0.1429

Epoch [98], Loss:  4.4158

Epoch [98], Validation Acc:  0.0000

Epoch [98], Loss:  4.9038

Epoch [98], Validation Acc:  0.2857

Epoch [98], Loss:  4.7096

Epoch [98], Validation Acc:  0.5714

Epoch [99], Loss:  4.0193

Epoch [99], Validation Acc:  0.1429

Epoch [99], Loss:  5.2512

Epoch [99], Validation Acc:  0.2857

Epoch [99], Loss:  4.5525

Epoch [99], Validation Acc:  0.2857

Epoch [99], Loss:  3.7587

Epoch [99], Validation Acc:  0.2857

Epoch [100], Loss:  4.3938

Epoch [100], Validation Acc:  0.2857

Epoch [100], Loss:  4.7386

Epoch [100], Validation Acc:  0.1429

Epoch [100], Loss:  5.0699

Epoch [100], Validation Acc:  0.4286

Epoch [100], Loss:  4.0216

Epoch [100], Validation Acc:  0.2857

Testing on test data...
Test Acc:  0.5938
Spend time: 1852.4605166912079
