dataset_path: ../datasets/ChangjiangRiver_check
result_path: ../results
checkpoint_path: ../checkpoints
train_sample_ratio: 0.8
learning_rate: 0.001
epochs: 100
device: cuda:0
seed: 1
method_variant: cor_our_v2
peak_pick_num: 10
scratch: True
The following files missing: [778, 895, 1388, 1590, 1836, 3195, 5021, 5881, 6487, 8121, 8989, 13399, 15457]
Epoch [1], Loss:  6.6991

Epoch [1], Validation Acc:  0.0000

Epoch [2], Loss:  6.7527

Epoch [2], Validation Acc:  0.0000

Epoch [3], Loss:  6.9367

Epoch [3], Validation Acc:  0.0000

Epoch [4], Loss:  6.5558

Epoch [4], Validation Acc:  0.0000

Epoch [5], Loss:  6.3731

Epoch [5], Validation Acc:  0.0000

Epoch [6], Loss:  6.7988

Epoch [6], Validation Acc:  0.0000

Epoch [7], Loss:  6.6092

Epoch [7], Validation Acc:  0.0000

Epoch [8], Loss:  6.3480

Epoch [8], Validation Acc:  0.0000

Epoch [9], Loss:  6.2461

Epoch [9], Validation Acc:  0.0000

Epoch [10], Loss:  6.6373

Epoch [10], Validation Acc:  0.2000

Epoch [11], Loss:  6.9526

Epoch [11], Validation Acc:  0.2000

Epoch [12], Loss:  7.1998

Epoch [12], Validation Acc:  0.2000

Epoch [13], Loss:  6.5394

Epoch [13], Validation Acc:  0.4000

Epoch [14], Loss:  6.5187

Epoch [14], Validation Acc:  0.8000

Epoch [15], Loss:  6.7183

Epoch [15], Validation Acc:  1.0000

Epoch [16], Loss:  6.6901

Epoch [16], Validation Acc:  0.6000

Epoch [17], Loss:  6.3732

Epoch [17], Validation Acc:  0.4000

Epoch [18], Loss:  6.3728

Epoch [18], Validation Acc:  0.6000

Epoch [19], Loss:  6.6526

Epoch [19], Validation Acc:  0.8000

Epoch [20], Loss:  6.3762

Epoch [20], Validation Acc:  0.6000

Epoch [21], Loss:  6.3984

Epoch [21], Validation Acc:  0.8000

Epoch [22], Loss:  6.2180

Epoch [22], Validation Acc:  1.0000

Epoch [23], Loss:  6.2030

Epoch [23], Validation Acc:  0.6000

Epoch [24], Loss:  6.6134

Epoch [24], Validation Acc:  0.6000

Epoch [25], Loss:  6.6422

Epoch [25], Validation Acc:  0.6000

Epoch [26], Loss:  6.5144

Epoch [26], Validation Acc:  1.0000

Epoch [27], Loss:  6.3096

Epoch [27], Validation Acc:  0.4000

Epoch [28], Loss:  6.3078

Epoch [28], Validation Acc:  0.8000

Epoch [29], Loss:  6.1856

Epoch [29], Validation Acc:  0.6000

Epoch [30], Loss:  6.5583

Epoch [30], Validation Acc:  1.0000

Epoch [31], Loss:  6.2136

Epoch [31], Validation Acc:  1.0000

Epoch [32], Loss:  6.0981

Epoch [32], Validation Acc:  0.6000

Epoch [33], Loss:  6.3436

Epoch [33], Validation Acc:  0.6000

Epoch [34], Loss:  6.0551

Epoch [34], Validation Acc:  0.8000

Epoch [35], Loss:  6.1855

Epoch [35], Validation Acc:  0.6000

Epoch [36], Loss:  6.0206

Epoch [36], Validation Acc:  0.8000

Epoch [37], Loss:  5.8378

Epoch [37], Validation Acc:  0.4000

Epoch [38], Loss:  6.1232

Epoch [38], Validation Acc:  0.6000

Epoch [39], Loss:  6.1222

Epoch [39], Validation Acc:  0.8000

Epoch [40], Loss:  6.2902

Epoch [40], Validation Acc:  1.0000

Epoch [41], Loss:  5.8808

Epoch [41], Validation Acc:  0.6000

Epoch [42], Loss:  6.0999

Epoch [42], Validation Acc:  0.6000

Epoch [43], Loss:  6.1135

Epoch [43], Validation Acc:  0.8000

Epoch [44], Loss:  5.8931

Epoch [44], Validation Acc:  0.8000

Epoch [45], Loss:  5.8890

Epoch [45], Validation Acc:  0.8000

Epoch [46], Loss:  5.7988

Epoch [46], Validation Acc:  0.6000

Epoch [47], Loss:  6.0717

Epoch [47], Validation Acc:  0.6000

Epoch [48], Loss:  5.7218

Epoch [48], Validation Acc:  0.6000

Epoch [49], Loss:  5.5969

Epoch [49], Validation Acc:  0.4000

Epoch [50], Loss:  5.6334

Epoch [50], Validation Acc:  0.4000

Epoch [51], Loss:  5.9850

Epoch [51], Validation Acc:  1.0000

Epoch [52], Loss:  6.0057

Epoch [52], Validation Acc:  0.6000

Epoch [53], Loss:  5.8925

Epoch [53], Validation Acc:  0.6000

Epoch [54], Loss:  5.8290

Epoch [54], Validation Acc:  0.6000

Epoch [55], Loss:  5.3914

Epoch [55], Validation Acc:  0.6000

Epoch [56], Loss:  5.6444

Epoch [56], Validation Acc:  0.6000

Epoch [57], Loss:  6.1157

Epoch [57], Validation Acc:  0.4000

Epoch [58], Loss:  5.7468

Epoch [58], Validation Acc:  0.8000

Epoch [59], Loss:  5.5477

Epoch [59], Validation Acc:  0.2000

Epoch [60], Loss:  5.7659

Epoch [60], Validation Acc:  0.6000

Epoch [61], Loss:  5.7979

Epoch [61], Validation Acc:  0.4000

Epoch [62], Loss:  5.6595

Epoch [62], Validation Acc:  0.6000

Epoch [63], Loss:  5.4699

Epoch [63], Validation Acc:  0.6000

Epoch [64], Loss:  5.7942

Epoch [64], Validation Acc:  1.0000

Epoch [65], Loss:  5.5905

Epoch [65], Validation Acc:  0.4000

Epoch [66], Loss:  5.7306

Epoch [66], Validation Acc:  0.6000

Epoch [67], Loss:  5.2173

Epoch [67], Validation Acc:  0.6000

Epoch [68], Loss:  5.6726

Epoch [68], Validation Acc:  1.0000

Epoch [69], Loss:  5.6246

Epoch [69], Validation Acc:  0.8000

Epoch [70], Loss:  5.2322

Epoch [70], Validation Acc:  0.6000

Epoch [71], Loss:  5.4405

Epoch [71], Validation Acc:  0.4000

Epoch [72], Loss:  5.4066

Epoch [72], Validation Acc:  0.8000

Epoch [73], Loss:  5.4854

Epoch [73], Validation Acc:  0.8000

Epoch [74], Loss:  5.6618

Epoch [74], Validation Acc:  0.8000

Epoch [75], Loss:  5.2117

Epoch [75], Validation Acc:  0.6000

Epoch [76], Loss:  5.2275

Epoch [76], Validation Acc:  0.4000

Epoch [77], Loss:  5.6041

Epoch [77], Validation Acc:  1.0000

Epoch [78], Loss:  5.6168

Epoch [78], Validation Acc:  0.6000

Epoch [79], Loss:  5.3932

Epoch [79], Validation Acc:  0.6000

Epoch [80], Loss:  5.2226

Epoch [80], Validation Acc:  1.0000

Epoch [81], Loss:  5.1723

Epoch [81], Validation Acc:  0.4000

Epoch [82], Loss:  5.5049

Epoch [82], Validation Acc:  0.8000

Epoch [83], Loss:  5.4622

Epoch [83], Validation Acc:  0.8000

Epoch [84], Loss:  5.1685

Epoch [84], Validation Acc:  0.8000

Epoch [85], Loss:  5.3962

Epoch [85], Validation Acc:  1.0000

Epoch [86], Loss:  5.4893

Epoch [86], Validation Acc:  0.6000

Epoch [87], Loss:  5.7588

Epoch [87], Validation Acc:  0.8000

Epoch [88], Loss:  5.4722

Epoch [88], Validation Acc:  0.4000

Epoch [89], Loss:  5.2427

Epoch [89], Validation Acc:  0.4000

Epoch [90], Loss:  4.9715

Epoch [90], Validation Acc:  0.6000

Epoch [91], Loss:  4.8878

Epoch [91], Validation Acc:  0.4000

Epoch [92], Loss:  5.4090

Epoch [92], Validation Acc:  1.0000

Epoch [93], Loss:  4.9384

Epoch [93], Validation Acc:  0.6000

Epoch [94], Loss:  5.4190

Epoch [94], Validation Acc:  0.6000

Epoch [95], Loss:  4.8303

Epoch [95], Validation Acc:  0.8000

Epoch [96], Loss:  5.3080

Epoch [96], Validation Acc:  1.0000

Epoch [97], Loss:  4.9153

Epoch [97], Validation Acc:  0.4000

Epoch [98], Loss:  5.1554

Epoch [98], Validation Acc:  0.6000

Epoch [99], Loss:  5.3564

Epoch [99], Validation Acc:  0.4000

Epoch [100], Loss:  4.6014

Epoch [100], Validation Acc:  0.6000

Testing on test data...
Test Acc:  0.7619
Traceback (most recent call last):
  File "../src/main2.py", line 574, in <module>
    main(args)
  File "../src/main2.py", line 499, in main
    print(f"Final alpha: {model.alpha.item(): .4f}")
  File "/home/zhoujianping/miniconda3/envs/torch3090/lib/python3.8/site-packages/torch/nn/modules/module.py", line 947, in __getattr__
    raise AttributeError("'{}' object has no attribute '{}'".format(
AttributeError: 'Metfusion_Our_v2' object has no attribute 'alpha'
