dataset_path: ../datasets/ChangjiangRiver_check
result_path: ../results
checkpoint_path: ../checkpoints
train_sample_ratio: 0.8
learning_rate: 0.001
epochs: 5
device: cuda:0
seed: 1
method_variant: cor_our
peak_pick_num: 10
scratch: True
The following files missing: [778, 895, 1388, 1590, 1836, 3195, 5021, 5881, 6487, 8121, 8989, 13399, 15457]
Epoch [1], Loss:  5.9235

Epoch [1], Validation Acc:  0.2000

Epoch [2], Loss:  6.1761

Epoch [2], Validation Acc:  0.2000

Epoch [3], Loss:  6.1409

Epoch [3], Validation Acc:  0.2000

Epoch [4], Loss:  5.7771

Epoch [4], Validation Acc:  0.0000

Epoch [5], Loss:  5.7733

Epoch [5], Validation Acc:  0.4000

Testing on test data...
Test Acc:  0.4048
Final alpha:  0.2778
Final beta: -9.0436
Final gamma:  0.5643
Spend time: 269.5811376571655
