dataset_path: ../datasets/ChangjiangRiver_check
result_path: ../results
checkpoint_path: ../checkpoints
train_sample_ratio: 0.8
learning_rate: 0.001
epochs: 100
device: cuda:0
seed: 1
method_variant: cor_our_v3
peak_pick_num: 20
scratch: True
The following files missing: [778, 895, 1388, 1590, 1836, 3195, 5021, 5881, 6487, 8121, 8989, 13399, 15457]
Epoch [1], Loss:  6.5267

Epoch [1], Validation Acc:  0.6000

Epoch [2], Loss:  6.4067

Epoch [2], Validation Acc:  0.4000

Epoch [3], Loss:  6.4310

Epoch [3], Validation Acc:  0.8000

Epoch [4], Loss:  5.8667

Epoch [4], Validation Acc:  0.6000

Epoch [5], Loss:  5.4762

Epoch [5], Validation Acc:  0.8000

Epoch [6], Loss:  5.8205

Epoch [6], Validation Acc:  0.6000

Epoch [7], Loss:  5.2286

Epoch [7], Validation Acc:  0.8000

Epoch [8], Loss:  4.8401

Epoch [8], Validation Acc:  0.8000

Epoch [9], Loss:  4.2129

Epoch [9], Validation Acc:  0.8000

Epoch [10], Loss:  4.3844

Epoch [10], Validation Acc:  0.6000

Epoch [11], Loss:  4.2159

Epoch [11], Validation Acc:  0.8000

Epoch [12], Loss:  4.0467

Epoch [12], Validation Acc:  0.6000

Epoch [13], Loss:  3.3208

Epoch [13], Validation Acc:  0.6000

Epoch [14], Loss:  3.0103

Epoch [14], Validation Acc:  0.6000

Epoch [15], Loss:  2.9285

Epoch [15], Validation Acc:  1.0000

Epoch [16], Loss:  2.6294

Epoch [16], Validation Acc:  0.6000

Epoch [17], Loss:  1.8238

Epoch [17], Validation Acc:  0.4000

Epoch [18], Loss:  1.8761

Epoch [18], Validation Acc:  0.6000

Epoch [19], Loss:  2.2876

Epoch [19], Validation Acc:  0.8000

Epoch [20], Loss:  1.9908

Epoch [20], Validation Acc:  0.6000

Epoch [21], Loss:  1.9696

Epoch [21], Validation Acc:  0.8000

Epoch [22], Loss:  2.2665

Epoch [22], Validation Acc:  1.0000

Epoch [23], Loss:  1.6465

Epoch [23], Validation Acc:  0.6000

Epoch [24], Loss:  1.6226

Epoch [24], Validation Acc:  0.6000

Epoch [25], Loss:  1.7947

Epoch [25], Validation Acc:  0.6000

Epoch [26], Loss:  2.1338

Epoch [26], Validation Acc:  1.0000

Epoch [27], Loss:  1.2388

Epoch [27], Validation Acc:  0.4000

Epoch [28], Loss:  1.8450

Epoch [28], Validation Acc:  0.8000

Epoch [29], Loss:  1.4078

Epoch [29], Validation Acc:  0.6000

Epoch [30], Loss:  1.9557

Epoch [30], Validation Acc:  1.0000

Epoch [31], Loss:  1.9335

Epoch [31], Validation Acc:  1.0000

Epoch [32], Loss:  1.0312

Epoch [32], Validation Acc:  0.6000

Epoch [33], Loss:  1.4615

Epoch [33], Validation Acc:  0.6000

Epoch [34], Loss:  1.3422

Epoch [34], Validation Acc:  0.8000

Epoch [35], Loss:  1.0313

Epoch [35], Validation Acc:  0.6000

Epoch [36], Loss:  1.5214

Epoch [36], Validation Acc:  0.8000

Epoch [37], Loss:  0.8032

Epoch [37], Validation Acc:  0.4000

Epoch [38], Loss:  1.3485

Epoch [38], Validation Acc:  0.8000

Epoch [39], Loss:  1.4443

Epoch [39], Validation Acc:  0.8000

Epoch [40], Loss:  1.6229

Epoch [40], Validation Acc:  1.0000

Epoch [41], Loss:  0.7788

Epoch [41], Validation Acc:  0.6000

Epoch [42], Loss:  0.9532

Epoch [42], Validation Acc:  0.6000

Epoch [43], Loss:  1.3823

Epoch [43], Validation Acc:  0.8000

Epoch [44], Loss:  1.4402

Epoch [44], Validation Acc:  0.8000

Epoch [45], Loss:  1.1554

Epoch [45], Validation Acc:  0.8000

Epoch [46], Loss:  1.0009

Epoch [46], Validation Acc:  0.6000

Epoch [47], Loss:  0.9740

Epoch [47], Validation Acc:  0.6000

Epoch [48], Loss:  0.6631

Epoch [48], Validation Acc:  0.6000

Epoch [49], Loss:  0.8789

Epoch [49], Validation Acc:  0.6000

Epoch [50], Loss:  0.8567

Epoch [50], Validation Acc:  0.6000

Epoch [51], Loss:  1.5377

Epoch [51], Validation Acc:  1.0000

Epoch [52], Loss:  1.0513

Epoch [52], Validation Acc:  0.8000

Epoch [53], Loss:  1.3781

Epoch [53], Validation Acc:  0.8000

Epoch [54], Loss:  1.3569

Epoch [54], Validation Acc:  0.8000

Epoch [55], Loss:  0.6324

Epoch [55], Validation Acc:  0.6000

Epoch [56], Loss:  1.0627

Epoch [56], Validation Acc:  0.8000

Epoch [57], Loss:  0.8652

Epoch [57], Validation Acc:  0.6000

Epoch [58], Loss:  1.4684

Epoch [58], Validation Acc:  1.0000

Epoch [59], Loss:  0.2826

Epoch [59], Validation Acc:  0.2000

Epoch [60], Loss:  1.3494

Epoch [60], Validation Acc:  0.8000

Epoch [61], Loss:  1.4518

Epoch [61], Validation Acc:  1.0000

Epoch [62], Loss:  1.2528

Epoch [62], Validation Acc:  0.8000

Epoch [63], Loss:  1.2401

Epoch [63], Validation Acc:  0.8000

Epoch [64], Loss:  1.4822

Epoch [64], Validation Acc:  1.0000

Epoch [65], Loss:  0.6068

Epoch [65], Validation Acc:  0.6000

Epoch [66], Loss:  1.2496

Epoch [66], Validation Acc:  0.8000

Epoch [67], Loss:  0.8138

Epoch [67], Validation Acc:  0.6000

Epoch [68], Loss:  1.4566

Epoch [68], Validation Acc:  1.0000

Epoch [69], Loss:  1.2599

Epoch [69], Validation Acc:  0.8000

Epoch [70], Loss:  1.0250

Epoch [70], Validation Acc:  0.8000

Epoch [71], Loss:  0.7964

Epoch [71], Validation Acc:  0.6000

Epoch [72], Loss:  1.4492

Epoch [72], Validation Acc:  1.0000

Epoch [73], Loss:  1.4496

Epoch [73], Validation Acc:  1.0000

Epoch [74], Loss:  1.0402

Epoch [74], Validation Acc:  0.8000

Epoch [75], Loss:  1.2303

Epoch [75], Validation Acc:  0.8000

Epoch [76], Loss:  0.7953

Epoch [76], Validation Acc:  0.6000

Epoch [77], Loss:  1.4463

Epoch [77], Validation Acc:  1.0000

Epoch [78], Loss:  1.2252

Epoch [78], Validation Acc:  0.8000

Epoch [79], Loss:  1.2261

Epoch [79], Validation Acc:  0.8000

Epoch [80], Loss:  1.4386

Epoch [80], Validation Acc:  1.0000

Epoch [81], Loss:  0.5902

Epoch [81], Validation Acc:  0.6000

Epoch [82], Loss:  1.4365

Epoch [82], Validation Acc:  1.0000

Epoch [83], Loss:  1.2322

Epoch [83], Validation Acc:  0.8000

Epoch [84], Loss:  1.4328

Epoch [84], Validation Acc:  1.0000

Epoch [85], Loss:  1.4398

Epoch [85], Validation Acc:  1.0000

Epoch [86], Loss:  0.9013

Epoch [86], Validation Acc:  0.6000

Epoch [87], Loss:  1.4336

Epoch [87], Validation Acc:  1.0000

Epoch [88], Loss:  1.4095

Epoch [88], Validation Acc:  1.0000

Epoch [89], Loss:  1.2089

Epoch [89], Validation Acc:  0.8000

Epoch [90], Loss:  0.8884

Epoch [90], Validation Acc:  0.6000

Epoch [91], Loss:  0.8820

Epoch [91], Validation Acc:  0.6000

Epoch [92], Loss:  1.4401

Epoch [92], Validation Acc:  1.0000

Epoch [93], Loss:  0.5864

Epoch [93], Validation Acc:  0.6000

Epoch [94], Loss:  1.2181

Epoch [94], Validation Acc:  0.8000

Epoch [95], Loss:  1.2174

Epoch [95], Validation Acc:  0.8000

Epoch [96], Loss:  1.4350

Epoch [96], Validation Acc:  1.0000

Epoch [97], Loss:  0.8808

Epoch [97], Validation Acc:  0.6000

Epoch [98], Loss:  1.2132

Epoch [98], Validation Acc:  0.8000

Epoch [99], Loss:  1.2966

Epoch [99], Validation Acc:  0.8000

Epoch [100], Loss:  1.0902

Epoch [100], Validation Acc:  0.6000

Testing on test data...
Traceback (most recent call last):
  File "../src/main2.py", line 583, in <module>
    main(args)
  File "../src/main2.py", line 455, in main
    top_n_probs, top_n_indices = torch.topk(s_probs, peak_pick_num)
RuntimeError: invalid argument 5: k not in range for dimension at /pytorch/aten/src/THC/generic/THCTensorTopK.cu:24
