dataset_path: ../datasets/Honey_neg_check
result_path: ../results
checkpoint_path: ../checkpoints
train_sample_ratio: 0.8
learning_rate: 0.001
epochs: 100
device: cuda:4
seed: 1
method_variant: cor_our_v2
peak_pick_num: 10
scratch: True
The following files missing: [53, 827, 1887, 2565, 2567, 3740]
Epoch [1], Loss:  6.5213

Epoch [1], Validation Acc:  0.0000

Epoch [2], Loss:  6.5120

Epoch [2], Validation Acc:  0.0000

Epoch [3], Loss:  6.1422

Epoch [3], Validation Acc:  0.0000

Epoch [4], Loss:  6.3355

Epoch [4], Validation Acc:  0.0000

Epoch [5], Loss:  6.5453

Epoch [5], Validation Acc:  0.0000

Epoch [6], Loss:  5.9818

Epoch [6], Validation Acc:  0.0000

Epoch [7], Loss:  5.9251

Epoch [7], Validation Acc:  0.0000

Epoch [8], Loss:  6.6029

Epoch [8], Validation Acc:  0.0000

Epoch [9], Loss:  6.5914

Epoch [9], Validation Acc:  0.0000

Epoch [10], Loss:  6.4306

Epoch [10], Validation Acc:  0.0000

Epoch [11], Loss:  6.1858

Epoch [11], Validation Acc:  0.0000

Epoch [12], Loss:  6.7951

Epoch [12], Validation Acc:  0.0000

Epoch [13], Loss:  6.4024

Epoch [13], Validation Acc:  0.0000

Epoch [14], Loss:  5.8556

Epoch [14], Validation Acc:  0.0000

Epoch [15], Loss:  5.9997

Epoch [15], Validation Acc:  0.0000

Epoch [16], Loss:  6.1660

Epoch [16], Validation Acc:  0.0000

Epoch [17], Loss:  6.3164

Epoch [17], Validation Acc:  0.3333

Epoch [18], Loss:  6.5164

Epoch [18], Validation Acc:  0.3333

Epoch [19], Loss:  6.2971

Epoch [19], Validation Acc:  0.6667

Epoch [20], Loss:  6.4953

Epoch [20], Validation Acc:  0.3333

Epoch [21], Loss:  5.8858

Epoch [21], Validation Acc:  0.3333

Epoch [22], Loss:  6.1712

Epoch [22], Validation Acc:  0.6667

Epoch [23], Loss:  5.7694

Epoch [23], Validation Acc:  0.3333

Epoch [24], Loss:  6.7128

Epoch [24], Validation Acc:  0.6667

Epoch [25], Loss:  6.2321

Epoch [25], Validation Acc:  0.6667

Epoch [26], Loss:  5.7483

Epoch [26], Validation Acc:  0.3333

Epoch [27], Loss:  6.3936

Epoch [27], Validation Acc:  1.0000

Epoch [28], Loss:  5.8160

Epoch [28], Validation Acc:  0.6667

Epoch [29], Loss:  6.1919

Epoch [29], Validation Acc:  0.6667

Epoch [30], Loss:  6.3017

Epoch [30], Validation Acc:  0.6667

Epoch [31], Loss:  6.2237

Epoch [31], Validation Acc:  0.6667

Epoch [32], Loss:  5.8400

Epoch [32], Validation Acc:  0.6667

Epoch [33], Loss:  5.4518

Epoch [33], Validation Acc:  0.3333

Epoch [34], Loss:  5.8749

Epoch [34], Validation Acc:  0.6667

Epoch [35], Loss:  5.7168

Epoch [35], Validation Acc:  0.6667

Epoch [36], Loss:  6.3214

Epoch [36], Validation Acc:  1.0000

Epoch [37], Loss:  6.1717

Epoch [37], Validation Acc:  1.0000

Epoch [38], Loss:  5.6844

Epoch [38], Validation Acc:  0.6667

Epoch [39], Loss:  5.7802

Epoch [39], Validation Acc:  0.6667

Epoch [40], Loss:  5.9070

Epoch [40], Validation Acc:  1.0000

Epoch [41], Loss:  6.1119

Epoch [41], Validation Acc:  1.0000

Epoch [42], Loss:  6.1251

Epoch [42], Validation Acc:  1.0000

Epoch [43], Loss:  6.1605

Epoch [43], Validation Acc:  1.0000

Epoch [44], Loss:  5.2512

Epoch [44], Validation Acc:  1.0000

Epoch [45], Loss:  5.1069

Epoch [45], Validation Acc:  1.0000

Epoch [46], Loss:  5.9314

Epoch [46], Validation Acc:  1.0000

Epoch [47], Loss:  6.5061

Epoch [47], Validation Acc:  1.0000

Epoch [48], Loss:  6.0692

Epoch [48], Validation Acc:  1.0000

Epoch [49], Loss:  5.4387

Epoch [49], Validation Acc:  1.0000

Epoch [50], Loss:  6.4219

Epoch [50], Validation Acc:  1.0000

Epoch [51], Loss:  6.0778

Epoch [51], Validation Acc:  1.0000

Epoch [52], Loss:  5.6733

Epoch [52], Validation Acc:  1.0000

Epoch [53], Loss:  5.7054

Epoch [53], Validation Acc:  1.0000

Epoch [54], Loss:  5.6150

Epoch [54], Validation Acc:  1.0000

Epoch [55], Loss:  5.4583

Epoch [55], Validation Acc:  1.0000

Epoch [56], Loss:  5.9137

Epoch [56], Validation Acc:  1.0000

Epoch [57], Loss:  6.3591

Epoch [57], Validation Acc:  1.0000

Epoch [58], Loss:  5.5835

Epoch [58], Validation Acc:  1.0000

Epoch [59], Loss:  5.9930

Epoch [59], Validation Acc:  1.0000

Epoch [60], Loss:  5.8733

Epoch [60], Validation Acc:  1.0000

Epoch [61], Loss:  5.7138

Epoch [61], Validation Acc:  1.0000

Epoch [62], Loss:  6.0495

Epoch [62], Validation Acc:  1.0000

Epoch [63], Loss:  5.6912

Epoch [63], Validation Acc:  1.0000

Epoch [64], Loss:  5.4740

Epoch [64], Validation Acc:  1.0000

Epoch [65], Loss:  5.4652

Epoch [65], Validation Acc:  1.0000

Epoch [66], Loss:  5.8597

Epoch [66], Validation Acc:  1.0000

Epoch [67], Loss:  5.8391

Epoch [67], Validation Acc:  1.0000

Epoch [68], Loss:  5.4377

Epoch [68], Validation Acc:  1.0000

Epoch [69], Loss:  5.4946

Epoch [69], Validation Acc:  1.0000

Epoch [70], Loss:  5.8548

Epoch [70], Validation Acc:  1.0000

Epoch [71], Loss:  5.6059

Epoch [71], Validation Acc:  1.0000

Epoch [72], Loss:  5.4916

Epoch [72], Validation Acc:  1.0000

Epoch [73], Loss:  5.8099

Epoch [73], Validation Acc:  1.0000

Epoch [74], Loss:  5.0390

Epoch [74], Validation Acc:  1.0000

Epoch [75], Loss:  5.3851

Epoch [75], Validation Acc:  1.0000

Epoch [76], Loss:  4.8005

Epoch [76], Validation Acc:  1.0000

Epoch [77], Loss:  5.3462

Epoch [77], Validation Acc:  1.0000

Epoch [78], Loss:  5.3016

Epoch [78], Validation Acc:  1.0000

Epoch [79], Loss:  5.1768

Epoch [79], Validation Acc:  1.0000

Epoch [80], Loss:  5.1797

Epoch [80], Validation Acc:  1.0000

Epoch [81], Loss:  4.9916

Epoch [81], Validation Acc:  1.0000

Epoch [82], Loss:  5.9187

Epoch [82], Validation Acc:  1.0000

Epoch [83], Loss:  5.8408

Epoch [83], Validation Acc:  1.0000

Epoch [84], Loss:  5.7852

Epoch [84], Validation Acc:  1.0000

Epoch [85], Loss:  5.1527

Epoch [85], Validation Acc:  1.0000

Epoch [86], Loss:  4.8300

Epoch [86], Validation Acc:  1.0000

Epoch [87], Loss:  5.2626

Epoch [87], Validation Acc:  1.0000

Epoch [88], Loss:  5.7835

Epoch [88], Validation Acc:  1.0000

Epoch [89], Loss:  5.6449

Epoch [89], Validation Acc:  1.0000

Epoch [90], Loss:  5.1339

Epoch [90], Validation Acc:  1.0000

Epoch [91], Loss:  4.9959

Epoch [91], Validation Acc:  1.0000

Epoch [92], Loss:  4.9129

Epoch [92], Validation Acc:  1.0000

Epoch [93], Loss:  5.3210

Epoch [93], Validation Acc:  1.0000

Epoch [94], Loss:  5.3951

Epoch [94], Validation Acc:  1.0000

Epoch [95], Loss:  5.1889

Epoch [95], Validation Acc:  1.0000

Epoch [96], Loss:  5.5734

Epoch [96], Validation Acc:  1.0000

Epoch [97], Loss:  4.9167

Epoch [97], Validation Acc:  1.0000

Epoch [98], Loss:  5.3210

Epoch [98], Validation Acc:  1.0000

Epoch [99], Loss:  5.0924

Epoch [99], Validation Acc:  1.0000

Epoch [100], Loss:  6.0053

Epoch [100], Validation Acc:  1.0000

Testing on test data...
Test Acc:  0.5556
Spend time: 78.67832469940186
