dataset_path: ../datasets/Honey_neg_check
result_path: ../results
checkpoint_path: ../checkpoints
train_sample_ratio: 0.8
learning_rate: 0.001
epochs: 100
device: cuda:4
seed: 1
method_variant: wo_cor
peak_pick_num: 5
scratch: True
The following files missing: [53, 827, 1887, 2565, 2567, 3740]
Epoch [1], Loss:  5.6157

Epoch [1], Validation Acc:  1.0000

Epoch [2], Loss:  5.5272

Epoch [2], Validation Acc:  1.0000

Epoch [3], Loss:  5.2170

Epoch [3], Validation Acc:  1.0000

Epoch [4], Loss:  5.4894

Epoch [4], Validation Acc:  1.0000

Epoch [5], Loss:  5.5237

Epoch [5], Validation Acc:  1.0000

Epoch [6], Loss:  4.8994

Epoch [6], Validation Acc:  1.0000

Epoch [7], Loss:  5.0197

Epoch [7], Validation Acc:  1.0000

Epoch [8], Loss:  5.5604

Epoch [8], Validation Acc:  1.0000

Epoch [9], Loss:  5.5436

Epoch [9], Validation Acc:  1.0000

Epoch [10], Loss:  5.4696

Epoch [10], Validation Acc:  1.0000

Epoch [11], Loss:  5.0735

Epoch [11], Validation Acc:  1.0000

Epoch [12], Loss:  5.8953

Epoch [12], Validation Acc:  1.0000

Epoch [13], Loss:  5.4472

Epoch [13], Validation Acc:  1.0000

Epoch [14], Loss:  4.8931

Epoch [14], Validation Acc:  1.0000

Epoch [15], Loss:  4.9814

Epoch [15], Validation Acc:  1.0000

Epoch [16], Loss:  5.1265

Epoch [16], Validation Acc:  1.0000

Epoch [17], Loss:  5.3571

Epoch [17], Validation Acc:  1.0000

Epoch [18], Loss:  5.4264

Epoch [18], Validation Acc:  1.0000

Epoch [19], Loss:  5.3348

Epoch [19], Validation Acc:  1.0000

Epoch [20], Loss:  5.4032

Epoch [20], Validation Acc:  1.0000

Epoch [21], Loss:  4.8376

Epoch [21], Validation Acc:  1.0000

Epoch [22], Loss:  5.2566

Epoch [22], Validation Acc:  1.0000

Epoch [23], Loss:  4.7657

Epoch [23], Validation Acc:  1.0000

Epoch [24], Loss:  5.5860

Epoch [24], Validation Acc:  1.0000

Epoch [25], Loss:  5.2259

Epoch [25], Validation Acc:  1.0000

Epoch [26], Loss:  4.7623

Epoch [26], Validation Acc:  1.0000

Epoch [27], Loss:  5.2597

Epoch [27], Validation Acc:  1.0000

Epoch [28], Loss:  4.8093

Epoch [28], Validation Acc:  1.0000

Epoch [29], Loss:  5.1727

Epoch [29], Validation Acc:  1.0000

Epoch [30], Loss:  5.1624

Epoch [30], Validation Acc:  1.0000

Epoch [31], Loss:  5.1643

Epoch [31], Validation Acc:  1.0000

Epoch [32], Loss:  4.6783

Epoch [32], Validation Acc:  1.0000

Epoch [33], Loss:  4.3629

Epoch [33], Validation Acc:  1.0000

Epoch [34], Loss:  4.7033

Epoch [34], Validation Acc:  1.0000

Epoch [35], Loss:  4.5810

Epoch [35], Validation Acc:  1.0000

Epoch [36], Loss:  5.1987

Epoch [36], Validation Acc:  1.0000

Epoch [37], Loss:  5.1401

Epoch [37], Validation Acc:  1.0000

Epoch [38], Loss:  4.5416

Epoch [38], Validation Acc:  1.0000

Epoch [39], Loss:  4.6739

Epoch [39], Validation Acc:  1.0000

Epoch [40], Loss:  4.7935

Epoch [40], Validation Acc:  1.0000

Epoch [41], Loss:  5.0137

Epoch [41], Validation Acc:  1.0000

Epoch [42], Loss:  5.0884

Epoch [42], Validation Acc:  1.0000

Epoch [43], Loss:  4.9932

Epoch [43], Validation Acc:  1.0000

Epoch [44], Loss:  4.1051

Epoch [44], Validation Acc:  1.0000

Epoch [45], Loss:  4.0295

Epoch [45], Validation Acc:  1.0000

Epoch [46], Loss:  4.8960

Epoch [46], Validation Acc:  1.0000

Epoch [47], Loss:  5.4493

Epoch [47], Validation Acc:  1.0000

Epoch [48], Loss:  5.0288

Epoch [48], Validation Acc:  1.0000

Epoch [49], Loss:  4.3527

Epoch [49], Validation Acc:  1.0000

Epoch [50], Loss:  5.3749

Epoch [50], Validation Acc:  1.0000

Epoch [51], Loss:  4.9068

Epoch [51], Validation Acc:  1.0000

Epoch [52], Loss:  4.4987

Epoch [52], Validation Acc:  1.0000

Epoch [53], Loss:  4.5926

Epoch [53], Validation Acc:  1.0000

Epoch [54], Loss:  4.5267

Epoch [54], Validation Acc:  1.0000

Epoch [55], Loss:  4.3730

Epoch [55], Validation Acc:  1.0000

Epoch [56], Loss:  4.8782

Epoch [56], Validation Acc:  1.0000

Epoch [57], Loss:  5.2038

Epoch [57], Validation Acc:  1.0000

Epoch [58], Loss:  4.4750

Epoch [58], Validation Acc:  1.0000

Epoch [59], Loss:  4.8262

Epoch [59], Validation Acc:  1.0000

Epoch [60], Loss:  4.8446

Epoch [60], Validation Acc:  1.0000

Epoch [61], Loss:  4.5542

Epoch [61], Validation Acc:  1.0000

Epoch [62], Loss:  4.9483

Epoch [62], Validation Acc:  1.0000

Epoch [63], Loss:  4.5351

Epoch [63], Validation Acc:  1.0000

Epoch [64], Loss:  4.4203

Epoch [64], Validation Acc:  1.0000

Epoch [65], Loss:  4.4109

Epoch [65], Validation Acc:  1.0000

Epoch [66], Loss:  4.6707

Epoch [66], Validation Acc:  1.0000

Epoch [67], Loss:  4.8695

Epoch [67], Validation Acc:  1.0000

Epoch [68], Loss:  4.3830

Epoch [68], Validation Acc:  1.0000

Epoch [69], Loss:  4.4511

Epoch [69], Validation Acc:  1.0000

Epoch [70], Loss:  4.7202

Epoch [70], Validation Acc:  1.0000

Epoch [71], Loss:  4.4623

Epoch [71], Validation Acc:  1.0000

Epoch [72], Loss:  4.3352

Epoch [72], Validation Acc:  1.0000

Epoch [73], Loss:  4.7309

Epoch [73], Validation Acc:  1.0000

Epoch [74], Loss:  3.9510

Epoch [74], Validation Acc:  1.0000

Epoch [75], Loss:  4.2577

Epoch [75], Validation Acc:  1.0000

Epoch [76], Loss:  3.7346

Epoch [76], Validation Acc:  0.6667

Epoch [77], Loss:  4.2134

Epoch [77], Validation Acc:  1.0000

Epoch [78], Loss:  4.2422

Epoch [78], Validation Acc:  1.0000

Epoch [79], Loss:  4.0200

Epoch [79], Validation Acc:  1.0000

Epoch [80], Loss:  4.0582

Epoch [80], Validation Acc:  0.6667

Epoch [81], Loss:  3.7925

Epoch [81], Validation Acc:  1.0000

Epoch [82], Loss:  4.9437

Epoch [82], Validation Acc:  1.0000

Epoch [83], Loss:  4.7240

Epoch [83], Validation Acc:  1.0000

Epoch [84], Loss:  4.6441

Epoch [84], Validation Acc:  1.0000

Epoch [85], Loss:  4.1979

Epoch [85], Validation Acc:  0.6667

Epoch [86], Loss:  3.6807

Epoch [86], Validation Acc:  0.6667

Epoch [87], Loss:  4.2112

Epoch [87], Validation Acc:  0.6667

Epoch [88], Loss:  4.7242

Epoch [88], Validation Acc:  1.0000

Epoch [89], Loss:  4.5849

Epoch [89], Validation Acc:  1.0000

Epoch [90], Loss:  4.0183

Epoch [90], Validation Acc:  0.6667

Epoch [91], Loss:  3.9279

Epoch [91], Validation Acc:  1.0000

Epoch [92], Loss:  3.8736

Epoch [92], Validation Acc:  1.0000

Epoch [93], Loss:  4.2196

Epoch [93], Validation Acc:  1.0000

Epoch [94], Loss:  4.3813

Epoch [94], Validation Acc:  1.0000

Epoch [95], Loss:  4.0403

Epoch [95], Validation Acc:  1.0000

Epoch [96], Loss:  4.6409

Epoch [96], Validation Acc:  1.0000

Epoch [97], Loss:  3.8125

Epoch [97], Validation Acc:  1.0000

Epoch [98], Loss:  4.2713

Epoch [98], Validation Acc:  1.0000

Epoch [99], Loss:  4.0257

Epoch [99], Validation Acc:  1.0000

Epoch [100], Loss:  5.0129

Epoch [100], Validation Acc:  1.0000

Testing on test data...
Test Acc:  0.4815
Final alpha: -0.4729
Final beta: -9.8265
Final gamma:  0.3637
Traceback (most recent call last):
  File "../src/main2.py", line 558, in <module>
    main(args)
  File "../src/main2.py", line 486, in main
    print(f"Final lambda: {model.lamda.item(): .4f}")
  File "/home/zhoujianping/miniconda3/envs/torch3090/lib/python3.8/site-packages/torch/nn/modules/module.py", line 947, in __getattr__
    raise AttributeError("'{}' object has no attribute '{}'".format(
AttributeError: 'Metfusion' object has no attribute 'lamda'
