dataset_path: ../datasets/Honey_pos_check
result_path: ../results
checkpoint_path: ../checkpoints
train_sample_ratio: 0.8
learning_rate: 0.001
epochs: 100
device: cuda:0
seed: 1
method_variant: cor_our
peak_pick_num: 10
scratch: True
The following files missing: [2023, 3231, 3349, 3358, 3688, 4173, 5607, 14129, 18276, 10320]
Epoch [1], Loss:  7.0425

Epoch [1], Validation Acc:  1.0000

Epoch [2], Loss:  6.8703

Epoch [2], Validation Acc:  0.6667

Epoch [3], Loss:  6.5474

Epoch [3], Validation Acc:  0.6667

Epoch [4], Loss:  7.1901

Epoch [4], Validation Acc:  1.0000

Epoch [5], Loss:  6.4551

Epoch [5], Validation Acc:  0.6667

Epoch [6], Loss:  6.3388

Epoch [6], Validation Acc:  0.6667

Epoch [7], Loss:  6.8428

Epoch [7], Validation Acc:  1.0000

Epoch [8], Loss:  6.2683

Epoch [8], Validation Acc:  0.3333

Epoch [9], Loss:  6.5378

Epoch [9], Validation Acc:  1.0000

Epoch [10], Loss:  6.7361

Epoch [10], Validation Acc:  0.6667

Epoch [11], Loss:  6.6376

Epoch [11], Validation Acc:  1.0000

Epoch [12], Loss:  6.2875

Epoch [12], Validation Acc:  0.6667

Epoch [13], Loss:  7.0635

Epoch [13], Validation Acc:  1.0000

Epoch [14], Loss:  6.5991

Epoch [14], Validation Acc:  0.6667

Epoch [15], Loss:  6.7406

Epoch [15], Validation Acc:  0.6667

Epoch [16], Loss:  6.3678

Epoch [16], Validation Acc:  1.0000

Epoch [17], Loss:  6.6559

Epoch [17], Validation Acc:  0.6667

Epoch [18], Loss:  6.7278

Epoch [18], Validation Acc:  1.0000

Epoch [19], Loss:  6.5454

Epoch [19], Validation Acc:  0.6667

Epoch [20], Loss:  6.2008

Epoch [20], Validation Acc:  0.3333

Epoch [21], Loss:  6.6293

Epoch [21], Validation Acc:  1.0000

Epoch [22], Loss:  6.2453

Epoch [22], Validation Acc:  0.3333

Epoch [23], Loss:  6.2181

Epoch [23], Validation Acc:  0.6667

Epoch [24], Loss:  5.9641

Epoch [24], Validation Acc:  0.3333

Epoch [25], Loss:  6.4319

Epoch [25], Validation Acc:  0.6667

Epoch [26], Loss:  6.0848

Epoch [26], Validation Acc:  0.3333

Epoch [27], Loss:  6.1544

Epoch [27], Validation Acc:  0.6667

Epoch [28], Loss:  6.5686

Epoch [28], Validation Acc:  0.6667

Epoch [29], Loss:  6.2530

Epoch [29], Validation Acc:  0.6667

Epoch [30], Loss:  6.0518

Epoch [30], Validation Acc:  0.6667

Epoch [31], Loss:  6.1076

Epoch [31], Validation Acc:  0.3333

Epoch [32], Loss:  6.2350

Epoch [32], Validation Acc:  1.0000

Epoch [33], Loss:  5.8693

Epoch [33], Validation Acc:  0.3333

Epoch [34], Loss:  5.8004

Epoch [34], Validation Acc:  0.3333

Epoch [35], Loss:  6.0793

Epoch [35], Validation Acc:  0.6667

Epoch [36], Loss:  5.9131

Epoch [36], Validation Acc:  0.0000

Epoch [37], Loss:  6.3969

Epoch [37], Validation Acc:  0.6667

Epoch [38], Loss:  6.0974

Epoch [38], Validation Acc:  0.6667

Epoch [39], Loss:  6.2713

Epoch [39], Validation Acc:  1.0000

Epoch [40], Loss:  5.7509

Epoch [40], Validation Acc:  0.3333

Epoch [41], Loss:  6.0419

Epoch [41], Validation Acc:  1.0000

Epoch [42], Loss:  6.0685

Epoch [42], Validation Acc:  1.0000

Epoch [43], Loss:  5.8411

Epoch [43], Validation Acc:  0.3333

Epoch [44], Loss:  5.9043

Epoch [44], Validation Acc:  0.6667

Epoch [45], Loss:  6.2026

Epoch [45], Validation Acc:  0.6667

Epoch [46], Loss:  6.5135

Epoch [46], Validation Acc:  1.0000

Epoch [47], Loss:  6.4783

Epoch [47], Validation Acc:  1.0000

Epoch [48], Loss:  5.7450

Epoch [48], Validation Acc:  0.6667

Epoch [49], Loss:  5.9396

Epoch [49], Validation Acc:  0.3333

Epoch [50], Loss:  5.9715

Epoch [50], Validation Acc:  1.0000

Epoch [51], Loss:  6.1063

Epoch [51], Validation Acc:  0.6667

Epoch [52], Loss:  6.1538

Epoch [52], Validation Acc:  1.0000

Epoch [53], Loss:  5.5448

Epoch [53], Validation Acc:  0.6667

Epoch [54], Loss:  5.3658

Epoch [54], Validation Acc:  0.3333

Epoch [55], Loss:  5.5084

Epoch [55], Validation Acc:  0.3333

Epoch [56], Loss:  6.0111

Epoch [56], Validation Acc:  0.6667

Epoch [57], Loss:  5.2684

Epoch [57], Validation Acc:  0.0000

Epoch [58], Loss:  5.6126

Epoch [58], Validation Acc:  0.3333

Epoch [59], Loss:  6.0586

Epoch [59], Validation Acc:  1.0000

Epoch [60], Loss:  5.8371

Epoch [60], Validation Acc:  0.3333

Epoch [61], Loss:  6.0993

Epoch [61], Validation Acc:  1.0000

Epoch [62], Loss:  5.7436

Epoch [62], Validation Acc:  0.3333

Epoch [63], Loss:  5.8317

Epoch [63], Validation Acc:  0.6667

Epoch [64], Loss:  5.5961

Epoch [64], Validation Acc:  0.3333

Epoch [65], Loss:  5.6567

Epoch [65], Validation Acc:  0.3333

Epoch [66], Loss:  5.9176

Epoch [66], Validation Acc:  0.6667

Epoch [67], Loss:  5.9329

Epoch [67], Validation Acc:  0.6667

Epoch [68], Loss:  5.6601

Epoch [68], Validation Acc:  0.6667

Epoch [69], Loss:  6.2212

Epoch [69], Validation Acc:  1.0000

Epoch [70], Loss:  5.7212

Epoch [70], Validation Acc:  1.0000

Epoch [71], Loss:  5.9617

Epoch [71], Validation Acc:  1.0000

Epoch [72], Loss:  5.9372

Epoch [72], Validation Acc:  1.0000

Epoch [73], Loss:  5.3521

Epoch [73], Validation Acc:  0.6667

Epoch [74], Loss:  5.6520

Epoch [74], Validation Acc:  0.6667

Epoch [75], Loss:  5.7904

Epoch [75], Validation Acc:  0.6667

Epoch [76], Loss:  5.7371

Epoch [76], Validation Acc:  0.6667

Epoch [77], Loss:  5.2837

Epoch [77], Validation Acc:  0.3333

Epoch [78], Loss:  5.2774

Epoch [78], Validation Acc:  0.0000

Epoch [79], Loss:  6.2546

Epoch [79], Validation Acc:  1.0000

Epoch [80], Loss:  5.4641

Epoch [80], Validation Acc:  0.6667

Epoch [81], Loss:  5.5901

Epoch [81], Validation Acc:  0.6667

Epoch [82], Loss:  6.0388

Epoch [82], Validation Acc:  1.0000

Epoch [83], Loss:  5.8245

Epoch [83], Validation Acc:  1.0000

Epoch [84], Loss:  5.2350

Epoch [84], Validation Acc:  0.3333

Epoch [85], Loss:  5.1616

Epoch [85], Validation Acc:  0.3333

Epoch [86], Loss:  5.8823

Epoch [86], Validation Acc:  0.6667

Epoch [87], Loss:  5.3970

Epoch [87], Validation Acc:  0.6667

Epoch [88], Loss:  5.5822

Epoch [88], Validation Acc:  0.6667

Epoch [89], Loss:  6.1461

Epoch [89], Validation Acc:  1.0000

Epoch [90], Loss:  4.9717

Epoch [90], Validation Acc:  0.0000

Epoch [91], Loss:  5.3420

Epoch [91], Validation Acc:  0.3333

Epoch [92], Loss:  5.7858

Epoch [92], Validation Acc:  0.6667

Epoch [93], Loss:  5.3216

Epoch [93], Validation Acc:  0.6667

Epoch [94], Loss:  5.5320

Epoch [94], Validation Acc:  0.6667

Epoch [95], Loss:  5.7525

Epoch [95], Validation Acc:  0.6667

Epoch [96], Loss:  5.6903

Epoch [96], Validation Acc:  0.6667

Epoch [97], Loss:  5.5142

Epoch [97], Validation Acc:  0.6667

Epoch [98], Loss:  5.1341

Epoch [98], Validation Acc:  0.6667

Epoch [99], Loss:  5.3024

Epoch [99], Validation Acc:  0.6667

Epoch [100], Loss:  4.8560

Epoch [100], Validation Acc:  0.6667

Testing on test data...
Test Acc:  0.5000
Final alpha: -0.4682
Final beta: -9.8403
Final gamma:  0.4660
Final lambda:  1.1948
Spend time: 422.5004210472107
