dataset_path: ../datasets/Honey_pos_check
result_path: ../results
checkpoint_path: ../checkpoints
train_sample_ratio: 0.8
learning_rate: 0.001
epochs: 100
device: cuda:3
seed: 1
method_variant: cor_our_v3
peak_pick_num: 1
scratch: True
The following files missing: [2023, 3231, 3349, 3358, 3688, 4173, 5607, 14129, 18276, 10320]
Epoch [1], Loss:  8.0389

Epoch [1], Validation Acc:  0.3333

Epoch [2], Loss:  7.8190

Epoch [2], Validation Acc:  0.6667

Epoch [3], Loss:  7.5429

Epoch [3], Validation Acc:  0.6667

Epoch [4], Loss:  8.0266

Epoch [4], Validation Acc:  1.0000

Epoch [5], Loss:  7.1833

Epoch [5], Validation Acc:  0.6667

Epoch [6], Loss:  7.1321

Epoch [6], Validation Acc:  0.6667

Epoch [7], Loss:  7.2674

Epoch [7], Validation Acc:  1.0000

Epoch [8], Loss:  6.8368

Epoch [8], Validation Acc:  0.3333

Epoch [9], Loss:  6.8253

Epoch [9], Validation Acc:  1.0000

Epoch [10], Loss:  6.9742

Epoch [10], Validation Acc:  0.6667

Epoch [11], Loss:  6.7332

Epoch [11], Validation Acc:  1.0000

Epoch [12], Loss:  6.2836

Epoch [12], Validation Acc:  0.6667

Epoch [13], Loss:  6.7423

Epoch [13], Validation Acc:  1.0000

Epoch [14], Loss:  6.1735

Epoch [14], Validation Acc:  0.6667

Epoch [15], Loss:  5.9898

Epoch [15], Validation Acc:  0.6667

Epoch [16], Loss:  5.5155

Epoch [16], Validation Acc:  1.0000

Epoch [17], Loss:  5.5503

Epoch [17], Validation Acc:  0.6667

Epoch [18], Loss:  5.3061

Epoch [18], Validation Acc:  1.0000

Epoch [19], Loss:  4.7909

Epoch [19], Validation Acc:  0.6667

Epoch [20], Loss:  4.2417

Epoch [20], Validation Acc:  0.3333

Epoch [21], Loss:  4.7236

Epoch [21], Validation Acc:  1.0000

Epoch [22], Loss:  3.8668

Epoch [22], Validation Acc:  0.3333

Epoch [23], Loss:  3.6116

Epoch [23], Validation Acc:  0.6667

Epoch [24], Loss:  3.0372

Epoch [24], Validation Acc:  0.3333

Epoch [25], Loss:  3.4303

Epoch [25], Validation Acc:  0.6667

Epoch [26], Loss:  3.2578

Epoch [26], Validation Acc:  0.3333

Epoch [27], Loss:  3.0029

Epoch [27], Validation Acc:  0.6667

Epoch [28], Loss:  3.7823

Epoch [28], Validation Acc:  0.6667

Epoch [29], Loss:  3.2609

Epoch [29], Validation Acc:  0.6667

Epoch [30], Loss:  3.0322

Epoch [30], Validation Acc:  0.6667

Epoch [31], Loss:  2.4416

Epoch [31], Validation Acc:  0.3333

Epoch [32], Loss:  3.2151

Epoch [32], Validation Acc:  1.0000

Epoch [33], Loss:  2.4369

Epoch [33], Validation Acc:  0.3333

Epoch [34], Loss:  2.1225

Epoch [34], Validation Acc:  0.3333

Epoch [35], Loss:  2.3692

Epoch [35], Validation Acc:  0.6667

Epoch [36], Loss:  2.1469

Epoch [36], Validation Acc:  0.0000

Epoch [37], Loss:  3.0851

Epoch [37], Validation Acc:  0.6667

Epoch [38], Loss:  2.2312

Epoch [38], Validation Acc:  0.6667

Epoch [39], Loss:  2.8642

Epoch [39], Validation Acc:  1.0000

Epoch [40], Loss:  1.8760

Epoch [40], Validation Acc:  0.3333

Epoch [41], Loss:  2.8831

Epoch [41], Validation Acc:  1.0000

Epoch [42], Loss:  2.7036

Epoch [42], Validation Acc:  1.0000

Epoch [43], Loss:  1.8671

Epoch [43], Validation Acc:  0.3333

Epoch [44], Loss:  2.7203

Epoch [44], Validation Acc:  0.6667

Epoch [45], Loss:  2.5952

Epoch [45], Validation Acc:  0.6667

Epoch [46], Loss:  2.9008

Epoch [46], Validation Acc:  1.0000

Epoch [47], Loss:  2.8814

Epoch [47], Validation Acc:  1.0000

Epoch [48], Loss:  2.2725

Epoch [48], Validation Acc:  0.6667

Epoch [49], Loss:  1.9720

Epoch [49], Validation Acc:  0.3333

Epoch [50], Loss:  2.5623

Epoch [50], Validation Acc:  1.0000

Epoch [51], Loss:  2.3118

Epoch [51], Validation Acc:  0.6667

Epoch [52], Loss:  2.7525

Epoch [52], Validation Acc:  1.0000

Epoch [53], Loss:  1.6274

Epoch [53], Validation Acc:  0.6667

Epoch [54], Loss:  0.9959

Epoch [54], Validation Acc:  0.3333

Epoch [55], Loss:  1.5482

Epoch [55], Validation Acc:  0.3333

Epoch [56], Loss:  2.2513

Epoch [56], Validation Acc:  0.6667

Epoch [57], Loss:  0.6896

Epoch [57], Validation Acc:  0.0000

Epoch [58], Loss:  1.7782

Epoch [58], Validation Acc:  0.3333

Epoch [59], Loss:  2.7037

Epoch [59], Validation Acc:  1.0000

Epoch [60], Loss:  1.5991

Epoch [60], Validation Acc:  0.3333

Epoch [61], Loss:  2.5030

Epoch [61], Validation Acc:  1.0000

Epoch [62], Loss:  1.5806

Epoch [62], Validation Acc:  0.3333

Epoch [63], Loss:  1.5819

Epoch [63], Validation Acc:  0.6667

Epoch [64], Loss:  1.4877

Epoch [64], Validation Acc:  0.3333

Epoch [65], Loss:  2.0879

Epoch [65], Validation Acc:  0.3333

Epoch [66], Loss:  1.6492

Epoch [66], Validation Acc:  0.6667

Epoch [67], Loss:  2.5806

Epoch [67], Validation Acc:  0.6667

Epoch [68], Loss:  2.3575

Epoch [68], Validation Acc:  0.6667

Epoch [69], Loss:  2.6885

Epoch [69], Validation Acc:  1.0000

Epoch [70], Loss:  2.4655

Epoch [70], Validation Acc:  1.0000

Epoch [71], Loss:  2.4618

Epoch [71], Validation Acc:  1.0000

Epoch [72], Loss:  2.6793

Epoch [72], Validation Acc:  1.0000

Epoch [73], Loss:  2.3683

Epoch [73], Validation Acc:  0.6667

Epoch [74], Loss:  2.5616

Epoch [74], Validation Acc:  0.6667

Epoch [75], Loss:  1.6218

Epoch [75], Validation Acc:  0.6667

Epoch [76], Loss:  2.3796

Epoch [76], Validation Acc:  0.6667

Epoch [77], Loss:  1.3166

Epoch [77], Validation Acc:  0.3333

Epoch [78], Loss:  1.4247

Epoch [78], Validation Acc:  0.0000

Epoch [79], Loss:  2.6813

Epoch [79], Validation Acc:  1.0000

Epoch [80], Loss:  2.1698

Epoch [80], Validation Acc:  0.6667

Epoch [81], Loss:  1.8098

Epoch [81], Validation Acc:  0.6667

Epoch [82], Loss:  2.6675

Epoch [82], Validation Acc:  1.0000

Epoch [83], Loss:  2.4488

Epoch [83], Validation Acc:  1.0000

Epoch [84], Loss:  2.2641

Epoch [84], Validation Acc:  0.3333

Epoch [85], Loss:  1.5244

Epoch [85], Validation Acc:  0.3333

Epoch [86], Loss:  2.3867

Epoch [86], Validation Acc:  0.6667

Epoch [87], Loss:  2.5495

Epoch [87], Validation Acc:  0.6667

Epoch [88], Loss:  1.8030

Epoch [88], Validation Acc:  0.6667

Epoch [89], Loss:  2.6712

Epoch [89], Validation Acc:  1.0000

Epoch [90], Loss:  0.7621

Epoch [90], Validation Acc:  0.0000

Epoch [91], Loss:  1.5200

Epoch [91], Validation Acc:  0.3333

Epoch [92], Loss:  2.5533

Epoch [92], Validation Acc:  0.6667

Epoch [93], Loss:  2.5469

Epoch [93], Validation Acc:  0.6667

Epoch [94], Loss:  2.3408

Epoch [94], Validation Acc:  0.6667

Epoch [95], Loss:  2.5515

Epoch [95], Validation Acc:  0.6667

Epoch [96], Loss:  1.7293

Epoch [96], Validation Acc:  0.6667

Epoch [97], Loss:  2.3355

Epoch [97], Validation Acc:  0.6667

Epoch [98], Loss:  1.7182

Epoch [98], Validation Acc:  0.6667

Epoch [99], Loss:  1.7257

Epoch [99], Validation Acc:  0.6667

Epoch [100], Loss:  1.7166

Epoch [100], Validation Acc:  0.6667

Testing on test data...
Test Acc:  0.4118
Spend time: 397.3060986995697
