dataset_path: ../datasets/Honey_neg_check
result_path: ../results
checkpoint_path: ../checkpoints
train_sample_ratio: 0.8
learning_rate: 0.001
epochs: 100
device: cuda:6
seed: 1
method_variant: cor_our_v3
peak_pick_num: 20
scratch: True
The following files missing: [53, 827, 1887, 2565, 2567, 3740]
Epoch [1], Loss:  6.3879

Epoch [1], Validation Acc:  0.0000

Epoch [2], Loss:  6.2751

Epoch [2], Validation Acc:  1.0000

Epoch [3], Loss:  5.8619

Epoch [3], Validation Acc:  1.0000

Epoch [4], Loss:  5.9612

Epoch [4], Validation Acc:  1.0000

Epoch [5], Loss:  5.9674

Epoch [5], Validation Acc:  1.0000

Epoch [6], Loss:  5.2855

Epoch [6], Validation Acc:  1.0000

Epoch [7], Loss:  5.2318

Epoch [7], Validation Acc:  1.0000

Epoch [8], Loss:  5.6497

Epoch [8], Validation Acc:  1.0000

Epoch [9], Loss:  5.4986

Epoch [9], Validation Acc:  1.0000

Epoch [10], Loss:  5.3008

Epoch [10], Validation Acc:  1.0000

Epoch [11], Loss:  4.7485

Epoch [11], Validation Acc:  1.0000

Epoch [12], Loss:  5.4898

Epoch [12], Validation Acc:  1.0000

Epoch [13], Loss:  4.9109

Epoch [13], Validation Acc:  1.0000

Epoch [14], Loss:  4.1832

Epoch [14], Validation Acc:  1.0000

Epoch [15], Loss:  4.1409

Epoch [15], Validation Acc:  1.0000

Epoch [16], Loss:  4.1126

Epoch [16], Validation Acc:  1.0000

Epoch [17], Loss:  4.1875

Epoch [17], Validation Acc:  1.0000

Epoch [18], Loss:  4.0603

Epoch [18], Validation Acc:  1.0000

Epoch [19], Loss:  3.8314

Epoch [19], Validation Acc:  1.0000

Epoch [20], Loss:  3.7180

Epoch [20], Validation Acc:  1.0000

Epoch [21], Loss:  3.0463

Epoch [21], Validation Acc:  1.0000

Epoch [22], Loss:  3.3957

Epoch [22], Validation Acc:  1.0000

Epoch [23], Loss:  2.8447

Epoch [23], Validation Acc:  1.0000

Epoch [24], Loss:  3.3633

Epoch [24], Validation Acc:  1.0000

Epoch [25], Loss:  2.8463

Epoch [25], Validation Acc:  1.0000

Epoch [26], Loss:  2.4919

Epoch [26], Validation Acc:  1.0000

Epoch [27], Loss:  2.6738

Epoch [27], Validation Acc:  1.0000

Epoch [28], Loss:  2.2938

Epoch [28], Validation Acc:  1.0000

Epoch [29], Loss:  2.3022

Epoch [29], Validation Acc:  1.0000

Epoch [30], Loss:  2.2152

Epoch [30], Validation Acc:  1.0000

Epoch [31], Loss:  2.1163

Epoch [31], Validation Acc:  1.0000

Epoch [32], Loss:  1.7039

Epoch [32], Validation Acc:  1.0000

Epoch [33], Loss:  1.7032

Epoch [33], Validation Acc:  1.0000

Epoch [34], Loss:  1.6747

Epoch [34], Validation Acc:  1.0000

Epoch [35], Loss:  1.6771

Epoch [35], Validation Acc:  1.0000

Epoch [36], Loss:  1.7589

Epoch [36], Validation Acc:  1.0000

Epoch [37], Loss:  1.6213

Epoch [37], Validation Acc:  1.0000

Epoch [38], Loss:  1.5042

Epoch [38], Validation Acc:  1.0000

Epoch [39], Loss:  1.3226

Epoch [39], Validation Acc:  1.0000

Epoch [40], Loss:  1.3911

Epoch [40], Validation Acc:  1.0000

Epoch [41], Loss:  1.3723

Epoch [41], Validation Acc:  1.0000

Epoch [42], Loss:  1.3203

Epoch [42], Validation Acc:  1.0000

Epoch [43], Loss:  1.3227

Epoch [43], Validation Acc:  1.0000

Epoch [44], Loss:  1.1938

Epoch [44], Validation Acc:  1.0000

Epoch [45], Loss:  1.0590

Epoch [45], Validation Acc:  1.0000

Epoch [46], Loss:  1.2170

Epoch [46], Validation Acc:  1.0000

Epoch [47], Loss:  1.3281

Epoch [47], Validation Acc:  1.0000

Epoch [48], Loss:  1.1129

Epoch [48], Validation Acc:  1.0000

Epoch [49], Loss:  1.0220

Epoch [49], Validation Acc:  1.0000

Epoch [50], Loss:  1.1019

Epoch [50], Validation Acc:  1.0000

Epoch [51], Loss:  1.1138

Epoch [51], Validation Acc:  1.0000

Epoch [52], Loss:  1.1510

Epoch [52], Validation Acc:  1.0000

Epoch [53], Loss:  1.0531

Epoch [53], Validation Acc:  1.0000

Epoch [54], Loss:  0.9478

Epoch [54], Validation Acc:  1.0000

Epoch [55], Loss:  0.9661

Epoch [55], Validation Acc:  1.0000

Epoch [56], Loss:  0.9241

Epoch [56], Validation Acc:  1.0000

Epoch [57], Loss:  1.1010

Epoch [57], Validation Acc:  1.0000

Epoch [58], Loss:  0.9761

Epoch [58], Validation Acc:  1.0000

Epoch [59], Loss:  1.0264

Epoch [59], Validation Acc:  1.0000

Epoch [60], Loss:  0.8819

Epoch [60], Validation Acc:  1.0000

Epoch [61], Loss:  1.0906

Epoch [61], Validation Acc:  1.0000

Epoch [62], Loss:  0.9738

Epoch [62], Validation Acc:  1.0000

Epoch [63], Loss:  1.0770

Epoch [63], Validation Acc:  1.0000

Epoch [64], Loss:  0.9910

Epoch [64], Validation Acc:  1.0000

Epoch [65], Loss:  0.9865

Epoch [65], Validation Acc:  1.0000

Epoch [66], Loss:  0.9976

Epoch [66], Validation Acc:  1.0000

Epoch [67], Loss:  0.8394

Epoch [67], Validation Acc:  1.0000

Epoch [68], Loss:  0.9719

Epoch [68], Validation Acc:  1.0000

Epoch [69], Loss:  0.9335

Epoch [69], Validation Acc:  1.0000

Epoch [70], Loss:  0.9785

Epoch [70], Validation Acc:  1.0000

Epoch [71], Loss:  1.0436

Epoch [71], Validation Acc:  1.0000

Epoch [72], Loss:  0.9455

Epoch [72], Validation Acc:  1.0000

Epoch [73], Loss:  0.8339

Epoch [73], Validation Acc:  1.0000

Epoch [74], Loss:  0.8977

Epoch [74], Validation Acc:  1.0000

Epoch [75], Loss:  0.8118

Epoch [75], Validation Acc:  1.0000

Epoch [76], Loss:  0.7922

Epoch [76], Validation Acc:  1.0000

Epoch [77], Loss:  0.9160

Epoch [77], Validation Acc:  1.0000

Epoch [78], Loss:  0.7896

Epoch [78], Validation Acc:  1.0000

Epoch [79], Loss:  1.0051

Epoch [79], Validation Acc:  1.0000

Epoch [80], Loss:  0.8090

Epoch [80], Validation Acc:  1.0000

Epoch [81], Loss:  0.9143

Epoch [81], Validation Acc:  1.0000

Epoch [82], Loss:  0.8944

Epoch [82], Validation Acc:  1.0000

Epoch [83], Loss:  1.0276

Epoch [83], Validation Acc:  1.0000

Epoch [84], Loss:  1.0668

Epoch [84], Validation Acc:  1.0000

Epoch [85], Loss:  0.7855

Epoch [85], Validation Acc:  1.0000

Epoch [86], Loss:  0.9154

Epoch [86], Validation Acc:  1.0000

Epoch [87], Loss:  0.9247

Epoch [87], Validation Acc:  1.0000

Epoch [88], Loss:  0.8822

Epoch [88], Validation Acc:  1.0000

Epoch [89], Loss:  0.7922

Epoch [89], Validation Acc:  1.0000

Epoch [90], Loss:  0.9235

Epoch [90], Validation Acc:  1.0000

Epoch [91], Loss:  0.9806

Epoch [91], Validation Acc:  1.0000

Epoch [92], Loss:  0.8494

Epoch [92], Validation Acc:  1.0000

Epoch [93], Loss:  0.8661

Epoch [93], Validation Acc:  1.0000

Epoch [94], Loss:  0.8669

Epoch [94], Validation Acc:  1.0000

Epoch [95], Loss:  0.9111

Epoch [95], Validation Acc:  1.0000

Epoch [96], Loss:  0.7709

Epoch [96], Validation Acc:  1.0000

Epoch [97], Loss:  0.8558

Epoch [97], Validation Acc:  1.0000

Epoch [98], Loss:  0.8628

Epoch [98], Validation Acc:  1.0000

Epoch [99], Loss:  0.8976

Epoch [99], Validation Acc:  1.0000

Epoch [100], Loss:  0.9192

Epoch [100], Validation Acc:  1.0000

Testing on test data...
Test Acc:  0.6296
Spend time: 60.053043842315674
