dataset_path: ../datasets/HuangpujiangRiver_check
result_path: ../results
checkpoint_path: ../checkpoints
train_sample_ratio: 0.8
learning_rate: 0.001
epochs: 100
device: cuda:2
seed: 1
method_variant: cor_our_v3
peak_pick_num: 20
scratch: True
The following files missing: [732, 1687, 1825, 2538, 4304, 4962, 7578, 10013]
Epoch [1], Loss:  8.0972

Epoch [1], Validation Acc:  0.0000

Epoch [2], Loss:  7.8329

Epoch [2], Validation Acc:  0.0000

Epoch [3], Loss:  7.7374

Epoch [3], Validation Acc:  0.0000

Epoch [4], Loss:  7.6732

Epoch [4], Validation Acc:  0.5000

Epoch [5], Loss:  7.8112

Epoch [5], Validation Acc:  1.0000

Epoch [6], Loss:  7.7543

Epoch [6], Validation Acc:  1.0000

Epoch [7], Loss:  7.5198

Epoch [7], Validation Acc:  0.5000

Epoch [8], Loss:  6.9912

Epoch [8], Validation Acc:  0.0000

Epoch [9], Loss:  7.0189

Epoch [9], Validation Acc:  0.5000

Epoch [10], Loss:  6.7052

Epoch [10], Validation Acc:  0.5000

Epoch [11], Loss:  7.1493

Epoch [11], Validation Acc:  0.5000

Epoch [12], Loss:  7.1953

Epoch [12], Validation Acc:  1.0000

Epoch [13], Loss:  6.3964

Epoch [13], Validation Acc:  0.5000

Epoch [14], Loss:  6.6411

Epoch [14], Validation Acc:  0.5000

Epoch [15], Loss:  6.5888

Epoch [15], Validation Acc:  1.0000

Epoch [16], Loss:  6.7530

Epoch [16], Validation Acc:  1.0000

Epoch [17], Loss:  6.3551

Epoch [17], Validation Acc:  0.5000

Epoch [18], Loss:  6.2216

Epoch [18], Validation Acc:  1.0000

Epoch [19], Loss:  6.0786

Epoch [19], Validation Acc:  0.5000

Epoch [20], Loss:  5.5532

Epoch [20], Validation Acc:  0.5000

Epoch [21], Loss:  5.5206

Epoch [21], Validation Acc:  0.5000

Epoch [22], Loss:  5.8631

Epoch [22], Validation Acc:  1.0000

Epoch [23], Loss:  5.6385

Epoch [23], Validation Acc:  1.0000

Epoch [24], Loss:  5.2048

Epoch [24], Validation Acc:  1.0000

Epoch [25], Loss:  4.8354

Epoch [25], Validation Acc:  0.5000

Epoch [26], Loss:  5.0436

Epoch [26], Validation Acc:  1.0000

Epoch [27], Loss:  5.0308

Epoch [27], Validation Acc:  1.0000

Epoch [28], Loss:  4.1713

Epoch [28], Validation Acc:  0.5000

Epoch [29], Loss:  4.2185

Epoch [29], Validation Acc:  0.5000

Epoch [30], Loss:  4.4482

Epoch [30], Validation Acc:  1.0000

Epoch [31], Loss:  4.0946

Epoch [31], Validation Acc:  0.5000

Epoch [32], Loss:  4.0153

Epoch [32], Validation Acc:  1.0000

Epoch [33], Loss:  3.6265

Epoch [33], Validation Acc:  0.5000

Epoch [34], Loss:  3.4343

Epoch [34], Validation Acc:  1.0000

Epoch [35], Loss:  2.7841

Epoch [35], Validation Acc:  0.5000

Epoch [36], Loss:  2.6603

Epoch [36], Validation Acc:  0.5000

Epoch [37], Loss:  2.9315

Epoch [37], Validation Acc:  0.5000

Epoch [38], Loss:  3.0967

Epoch [38], Validation Acc:  1.0000

Epoch [39], Loss:  3.6639

Epoch [39], Validation Acc:  1.0000

Epoch [40], Loss:  3.2986

Epoch [40], Validation Acc:  1.0000

Epoch [41], Loss:  3.2800

Epoch [41], Validation Acc:  1.0000

Epoch [42], Loss:  3.5334

Epoch [42], Validation Acc:  1.0000

Epoch [43], Loss:  2.7544

Epoch [43], Validation Acc:  0.5000

Epoch [44], Loss:  3.4024

Epoch [44], Validation Acc:  1.0000

Epoch [45], Loss:  2.4125

Epoch [45], Validation Acc:  0.5000

Epoch [46], Loss:  3.1406

Epoch [46], Validation Acc:  1.0000

Epoch [47], Loss:  3.2116

Epoch [47], Validation Acc:  1.0000

Epoch [48], Loss:  1.8309

Epoch [48], Validation Acc:  0.5000

Epoch [49], Loss:  2.9129

Epoch [49], Validation Acc:  1.0000

Epoch [50], Loss:  1.2865

Epoch [50], Validation Acc:  0.0000

Epoch [51], Loss:  1.1245

Epoch [51], Validation Acc:  0.0000

Epoch [52], Loss:  2.4190

Epoch [52], Validation Acc:  0.5000

Epoch [53], Loss:  2.2041

Epoch [53], Validation Acc:  0.5000

Epoch [54], Loss:  1.0243

Epoch [54], Validation Acc:  0.0000

Epoch [55], Loss:  2.9701

Epoch [55], Validation Acc:  1.0000

Epoch [56], Loss:  2.4952

Epoch [56], Validation Acc:  0.5000

Epoch [57], Loss:  2.4115

Epoch [57], Validation Acc:  0.5000

Epoch [58], Loss:  2.6972

Epoch [58], Validation Acc:  1.0000

Epoch [59], Loss:  2.4127

Epoch [59], Validation Acc:  0.5000

Epoch [60], Loss:  2.3463

Epoch [60], Validation Acc:  0.5000

Epoch [61], Loss:  1.3912

Epoch [61], Validation Acc:  0.5000

Epoch [62], Loss:  2.3376

Epoch [62], Validation Acc:  0.5000

Epoch [63], Loss:  0.9165

Epoch [63], Validation Acc:  0.0000

Epoch [64], Loss:  2.2083

Epoch [64], Validation Acc:  0.5000

Epoch [65], Loss:  1.3005

Epoch [65], Validation Acc:  0.5000

Epoch [66], Loss:  1.2792

Epoch [66], Validation Acc:  0.5000

Epoch [67], Loss:  2.0832

Epoch [67], Validation Acc:  0.5000

Epoch [68], Loss:  2.6114

Epoch [68], Validation Acc:  1.0000

Epoch [69], Loss:  2.6259

Epoch [69], Validation Acc:  1.0000

Epoch [70], Loss:  1.2250

Epoch [70], Validation Acc:  0.5000

Epoch [71], Loss:  2.4727

Epoch [71], Validation Acc:  1.0000

Epoch [72], Loss:  2.5615

Epoch [72], Validation Acc:  1.0000

Epoch [73], Loss:  1.1509

Epoch [73], Validation Acc:  0.5000

Epoch [74], Loss:  2.5395

Epoch [74], Validation Acc:  1.0000

Epoch [75], Loss:  2.5568

Epoch [75], Validation Acc:  1.0000

Epoch [76], Loss:  1.1650

Epoch [76], Validation Acc:  0.5000

Epoch [77], Loss:  2.4805

Epoch [77], Validation Acc:  1.0000

Epoch [78], Loss:  1.9500

Epoch [78], Validation Acc:  0.5000

Epoch [79], Loss:  2.4863

Epoch [79], Validation Acc:  1.0000

Epoch [80], Loss:  1.1265

Epoch [80], Validation Acc:  0.5000

Epoch [81], Loss:  1.9637

Epoch [81], Validation Acc:  0.5000

Epoch [82], Loss:  1.9578

Epoch [82], Validation Acc:  0.5000

Epoch [83], Loss:  2.4113

Epoch [83], Validation Acc:  1.0000

Epoch [84], Loss:  2.0124

Epoch [84], Validation Acc:  0.5000

Epoch [85], Loss:  1.0732

Epoch [85], Validation Acc:  0.5000

Epoch [86], Loss:  2.0341

Epoch [86], Validation Acc:  0.5000

Epoch [87], Loss:  1.8779

Epoch [87], Validation Acc:  0.5000

Epoch [88], Loss:  1.0725

Epoch [88], Validation Acc:  0.5000

Epoch [89], Loss:  2.4480

Epoch [89], Validation Acc:  1.0000

Epoch [90], Loss:  2.0408

Epoch [90], Validation Acc:  0.5000

Epoch [91], Loss:  2.4369

Epoch [91], Validation Acc:  1.0000

Epoch [92], Loss:  2.0330

Epoch [92], Validation Acc:  0.5000

Epoch [93], Loss:  2.3758

Epoch [93], Validation Acc:  1.0000

Epoch [94], Loss:  1.8801

Epoch [94], Validation Acc:  0.5000

Epoch [95], Loss:  2.4028

Epoch [95], Validation Acc:  1.0000

Epoch [96], Loss:  2.0032

Epoch [96], Validation Acc:  0.5000

Epoch [97], Loss:  1.8517

Epoch [97], Validation Acc:  0.5000

Epoch [98], Loss:  2.3700

Epoch [98], Validation Acc:  1.0000

Epoch [99], Loss:  2.3627

Epoch [99], Validation Acc:  1.0000

Epoch [100], Loss:  2.3707

Epoch [100], Validation Acc:  1.0000

Testing on test data...
Test Acc:  0.7308
Spend time: 75.30063486099243
