dataset_path: ../datasets/HuangpujiangRiver_check
result_path: ../results
checkpoint_path: ../checkpoints
train_sample_ratio: 0.8
learning_rate: 0.001
epochs: 100
device: cuda:2
seed: 1
method_variant: cor_our_v2
peak_pick_num: 10
scratch: True
The following files missing: [732, 1687, 1825, 2538, 4304, 4962, 7578, 10013]
Epoch [1], Loss:  8.2585

Epoch [1], Validation Acc:  0.0000

Epoch [2], Loss:  8.0344

Epoch [2], Validation Acc:  0.0000

Epoch [3], Loss:  8.0229

Epoch [3], Validation Acc:  0.0000

Epoch [4], Loss:  8.0187

Epoch [4], Validation Acc:  0.0000

Epoch [5], Loss:  8.3064

Epoch [5], Validation Acc:  0.0000

Epoch [6], Loss:  8.3054

Epoch [6], Validation Acc:  0.0000

Epoch [7], Loss:  8.1994

Epoch [7], Validation Acc:  0.0000

Epoch [8], Loss:  7.8096

Epoch [8], Validation Acc:  0.0000

Epoch [9], Loss:  7.8786

Epoch [9], Validation Acc:  0.0000

Epoch [10], Loss:  7.7466

Epoch [10], Validation Acc:  0.0000

Epoch [11], Loss:  8.1714

Epoch [11], Validation Acc:  0.0000

Epoch [12], Loss:  8.1195

Epoch [12], Validation Acc:  0.0000

Epoch [13], Loss:  7.8222

Epoch [13], Validation Acc:  0.0000

Epoch [14], Loss:  7.8939

Epoch [14], Validation Acc:  0.0000

Epoch [15], Loss:  7.9837

Epoch [15], Validation Acc:  0.0000

Epoch [16], Loss:  8.3226

Epoch [16], Validation Acc:  0.0000

Epoch [17], Loss:  8.1169

Epoch [17], Validation Acc:  0.0000

Epoch [18], Loss:  7.9682

Epoch [18], Validation Acc:  0.0000

Epoch [19], Loss:  7.9824

Epoch [19], Validation Acc:  0.0000

Epoch [20], Loss:  7.9629

Epoch [20], Validation Acc:  0.0000

Epoch [21], Loss:  7.7496

Epoch [21], Validation Acc:  0.0000

Epoch [22], Loss:  7.9595

Epoch [22], Validation Acc:  0.0000

Epoch [23], Loss:  8.2612

Epoch [23], Validation Acc:  0.0000

Epoch [24], Loss:  7.9086

Epoch [24], Validation Acc:  0.0000

Epoch [25], Loss:  7.7179

Epoch [25], Validation Acc:  0.0000

Epoch [26], Loss:  7.9939

Epoch [26], Validation Acc:  0.5000

Epoch [27], Loss:  7.9097

Epoch [27], Validation Acc:  0.5000

Epoch [28], Loss:  8.0198

Epoch [28], Validation Acc:  0.5000

Epoch [29], Loss:  7.8023

Epoch [29], Validation Acc:  0.0000

Epoch [30], Loss:  8.2015

Epoch [30], Validation Acc:  1.0000

Epoch [31], Loss:  8.1262

Epoch [31], Validation Acc:  0.5000

Epoch [32], Loss:  7.8408

Epoch [32], Validation Acc:  0.5000

Epoch [33], Loss:  7.7687

Epoch [33], Validation Acc:  0.5000

Epoch [34], Loss:  8.0300

Epoch [34], Validation Acc:  1.0000

Epoch [35], Loss:  7.6332

Epoch [35], Validation Acc:  0.5000

Epoch [36], Loss:  7.3899

Epoch [36], Validation Acc:  0.5000

Epoch [37], Loss:  7.9343

Epoch [37], Validation Acc:  0.5000

Epoch [38], Loss:  7.9886

Epoch [38], Validation Acc:  1.0000

Epoch [39], Loss:  7.5856

Epoch [39], Validation Acc:  1.0000

Epoch [40], Loss:  7.7736

Epoch [40], Validation Acc:  1.0000

Epoch [41], Loss:  7.7841

Epoch [41], Validation Acc:  1.0000

Epoch [42], Loss:  7.5857

Epoch [42], Validation Acc:  1.0000

Epoch [43], Loss:  7.5517

Epoch [43], Validation Acc:  0.5000

Epoch [44], Loss:  7.5542

Epoch [44], Validation Acc:  1.0000

Epoch [45], Loss:  7.7291

Epoch [45], Validation Acc:  0.5000

Epoch [46], Loss:  7.8368

Epoch [46], Validation Acc:  1.0000

Epoch [47], Loss:  7.4437

Epoch [47], Validation Acc:  1.0000

Epoch [48], Loss:  7.1796

Epoch [48], Validation Acc:  0.5000

Epoch [49], Loss:  7.6199

Epoch [49], Validation Acc:  1.0000

Epoch [50], Loss:  7.3905

Epoch [50], Validation Acc:  0.0000

Epoch [51], Loss:  7.2435

Epoch [51], Validation Acc:  0.0000

Epoch [52], Loss:  7.4787

Epoch [52], Validation Acc:  0.5000

Epoch [53], Loss:  7.6523

Epoch [53], Validation Acc:  0.5000

Epoch [54], Loss:  7.2106

Epoch [54], Validation Acc:  0.0000

Epoch [55], Loss:  7.4777

Epoch [55], Validation Acc:  1.0000

Epoch [56], Loss:  7.9100

Epoch [56], Validation Acc:  0.5000

Epoch [57], Loss:  7.5678

Epoch [57], Validation Acc:  0.5000

Epoch [58], Loss:  7.5442

Epoch [58], Validation Acc:  1.0000

Epoch [59], Loss:  7.6687

Epoch [59], Validation Acc:  0.5000

Epoch [60], Loss:  7.5443

Epoch [60], Validation Acc:  0.5000

Epoch [61], Loss:  7.0611

Epoch [61], Validation Acc:  0.5000

Epoch [62], Loss:  7.6444

Epoch [62], Validation Acc:  0.5000

Epoch [63], Loss:  7.2561

Epoch [63], Validation Acc:  0.0000

Epoch [64], Loss:  7.7871

Epoch [64], Validation Acc:  0.5000

Epoch [65], Loss:  7.0233

Epoch [65], Validation Acc:  0.5000

Epoch [66], Loss:  7.0148

Epoch [66], Validation Acc:  0.5000

Epoch [67], Loss:  7.3480

Epoch [67], Validation Acc:  0.5000

Epoch [68], Loss:  7.8685

Epoch [68], Validation Acc:  1.0000

Epoch [69], Loss:  7.3810

Epoch [69], Validation Acc:  1.0000

Epoch [70], Loss:  7.0068

Epoch [70], Validation Acc:  0.5000

Epoch [71], Loss:  7.6812

Epoch [71], Validation Acc:  1.0000

Epoch [72], Loss:  7.6281

Epoch [72], Validation Acc:  1.0000

Epoch [73], Loss:  7.2178

Epoch [73], Validation Acc:  0.5000

Epoch [74], Loss:  7.2550

Epoch [74], Validation Acc:  1.0000

Epoch [75], Loss:  7.5758

Epoch [75], Validation Acc:  1.0000

Epoch [76], Loss:  7.2529

Epoch [76], Validation Acc:  0.5000

Epoch [77], Loss:  7.4663

Epoch [77], Validation Acc:  1.0000

Epoch [78], Loss:  7.5173

Epoch [78], Validation Acc:  0.5000

Epoch [79], Loss:  7.2221

Epoch [79], Validation Acc:  1.0000

Epoch [80], Loss:  7.0145

Epoch [80], Validation Acc:  0.5000

Epoch [81], Loss:  7.5575

Epoch [81], Validation Acc:  0.5000

Epoch [82], Loss:  7.3488

Epoch [82], Validation Acc:  0.5000

Epoch [83], Loss:  7.3171

Epoch [83], Validation Acc:  1.0000

Epoch [84], Loss:  7.4993

Epoch [84], Validation Acc:  0.5000

Epoch [85], Loss:  6.8812

Epoch [85], Validation Acc:  0.5000

Epoch [86], Loss:  7.3310

Epoch [86], Validation Acc:  0.5000

Epoch [87], Loss:  7.3321

Epoch [87], Validation Acc:  0.5000

Epoch [88], Loss:  7.1422

Epoch [88], Validation Acc:  0.5000

Epoch [89], Loss:  7.2810

Epoch [89], Validation Acc:  1.0000

Epoch [90], Loss:  7.4254

Epoch [90], Validation Acc:  0.5000

Epoch [91], Loss:  7.2682

Epoch [91], Validation Acc:  1.0000

Epoch [92], Loss:  7.4104

Epoch [92], Validation Acc:  0.5000

Epoch [93], Loss:  7.2381

Epoch [93], Validation Acc:  1.0000

Epoch [94], Loss:  7.3715

Epoch [94], Validation Acc:  0.5000

Epoch [95], Loss:  7.3578

Epoch [95], Validation Acc:  1.0000

Epoch [96], Loss:  7.4925

Epoch [96], Validation Acc:  0.5000

Epoch [97], Loss:  7.2428

Epoch [97], Validation Acc:  0.5000

Epoch [98], Loss:  7.4368

Epoch [98], Validation Acc:  1.0000

Epoch [99], Loss:  7.1894

Epoch [99], Validation Acc:  1.0000

Epoch [100], Loss:  7.2170

Epoch [100], Validation Acc:  1.0000

Testing on test data...
Test Acc:  0.6538
Spend time: 64.42612099647522
