dataset_path: ../datasets/HuangpujiangRiver_check
result_path: ../results
checkpoint_path: ../checkpoints
train_sample_ratio: 0.8
learning_rate: 0.001
epochs: 100
device: cuda:4
seed: 1
method_variant: wo_cor
peak_pick_num: 5
scratch: True
The following files missing: [732, 1687, 1825, 2538, 4304, 4962, 7578, 10013]
Epoch [1], Loss:  7.0679

Epoch [1], Validation Acc:  0.5000

Epoch [2], Loss:  7.0149

Epoch [2], Validation Acc:  0.5000

Epoch [3], Loss:  6.9833

Epoch [3], Validation Acc:  0.5000

Epoch [4], Loss:  6.9930

Epoch [4], Validation Acc:  0.5000

Epoch [5], Loss:  7.1317

Epoch [5], Validation Acc:  1.0000

Epoch [6], Loss:  7.2292

Epoch [6], Validation Acc:  1.0000

Epoch [7], Loss:  6.9802

Epoch [7], Validation Acc:  0.5000

Epoch [8], Loss:  6.5092

Epoch [8], Validation Acc:  0.0000

Epoch [9], Loss:  6.6858

Epoch [9], Validation Acc:  0.5000

Epoch [10], Loss:  6.4474

Epoch [10], Validation Acc:  0.5000

Epoch [11], Loss:  7.0366

Epoch [11], Validation Acc:  0.5000

Epoch [12], Loss:  7.1631

Epoch [12], Validation Acc:  1.0000

Epoch [13], Loss:  6.5008

Epoch [13], Validation Acc:  0.5000

Epoch [14], Loss:  6.8031

Epoch [14], Validation Acc:  0.5000

Epoch [15], Loss:  6.9119

Epoch [15], Validation Acc:  1.0000

Epoch [16], Loss:  7.1930

Epoch [16], Validation Acc:  1.0000

Epoch [17], Loss:  6.9599

Epoch [17], Validation Acc:  0.5000

Epoch [18], Loss:  6.9021

Epoch [18], Validation Acc:  1.0000

Epoch [19], Loss:  6.8952

Epoch [19], Validation Acc:  0.5000

Epoch [20], Loss:  6.6965

Epoch [20], Validation Acc:  0.5000

Epoch [21], Loss:  6.6563

Epoch [21], Validation Acc:  0.5000

Epoch [22], Loss:  6.9924

Epoch [22], Validation Acc:  1.0000

Epoch [23], Loss:  7.1118

Epoch [23], Validation Acc:  1.0000

Epoch [24], Loss:  6.8237

Epoch [24], Validation Acc:  1.0000

Epoch [25], Loss:  6.6208

Epoch [25], Validation Acc:  0.5000

Epoch [26], Loss:  6.9037

Epoch [26], Validation Acc:  1.0000

Epoch [27], Loss:  6.9297

Epoch [27], Validation Acc:  1.0000

Epoch [28], Loss:  6.7530

Epoch [28], Validation Acc:  0.5000

Epoch [29], Loss:  6.7082

Epoch [29], Validation Acc:  0.5000

Epoch [30], Loss:  7.0443

Epoch [30], Validation Acc:  1.0000

Epoch [31], Loss:  6.9596

Epoch [31], Validation Acc:  0.5000

Epoch [32], Loss:  6.7507

Epoch [32], Validation Acc:  1.0000

Epoch [33], Loss:  6.6744

Epoch [33], Validation Acc:  0.5000

Epoch [34], Loss:  6.7669

Epoch [34], Validation Acc:  1.0000

Epoch [35], Loss:  6.3710

Epoch [35], Validation Acc:  0.5000

Epoch [36], Loss:  6.1947

Epoch [36], Validation Acc:  0.5000

Epoch [37], Loss:  6.6605

Epoch [37], Validation Acc:  0.5000

Epoch [38], Loss:  6.7251

Epoch [38], Validation Acc:  1.0000

Epoch [39], Loss:  6.6790

Epoch [39], Validation Acc:  1.0000

Epoch [40], Loss:  6.6945

Epoch [40], Validation Acc:  1.0000

Epoch [41], Loss:  6.7084

Epoch [41], Validation Acc:  1.0000

Epoch [42], Loss:  6.6846

Epoch [42], Validation Acc:  1.0000

Epoch [43], Loss:  6.4564

Epoch [43], Validation Acc:  0.5000

Epoch [44], Loss:  6.6549

Epoch [44], Validation Acc:  1.0000

Epoch [45], Loss:  6.4514

Epoch [45], Validation Acc:  0.5000

Epoch [46], Loss:  6.7546

Epoch [46], Validation Acc:  1.0000

Epoch [47], Loss:  6.5611

Epoch [47], Validation Acc:  1.0000

Epoch [48], Loss:  6.0076

Epoch [48], Validation Acc:  0.5000

Epoch [49], Loss:  6.5533

Epoch [49], Validation Acc:  1.0000

Epoch [50], Loss:  6.0200

Epoch [50], Validation Acc:  0.0000

Epoch [51], Loss:  5.8663

Epoch [51], Validation Acc:  0.0000

Epoch [52], Loss:  6.3970

Epoch [52], Validation Acc:  0.5000

Epoch [53], Loss:  6.3828

Epoch [53], Validation Acc:  0.5000

Epoch [54], Loss:  5.8361

Epoch [54], Validation Acc:  0.0000

Epoch [55], Loss:  6.5950

Epoch [55], Validation Acc:  1.0000

Epoch [56], Loss:  6.7588

Epoch [56], Validation Acc:  0.5000

Epoch [57], Loss:  6.4993

Epoch [57], Validation Acc:  0.5000

Epoch [58], Loss:  6.4878

Epoch [58], Validation Acc:  1.0000

Epoch [59], Loss:  6.5835

Epoch [59], Validation Acc:  0.5000

Epoch [60], Loss:  6.4800

Epoch [60], Validation Acc:  0.5000

Epoch [61], Loss:  5.9087

Epoch [61], Validation Acc:  0.5000

Epoch [62], Loss:  6.5610

Epoch [62], Validation Acc:  0.5000

Epoch [63], Loss:  5.8953

Epoch [63], Validation Acc:  0.0000

Epoch [64], Loss:  6.5385

Epoch [64], Validation Acc:  0.5000

Epoch [65], Loss:  5.8767

Epoch [65], Validation Acc:  0.5000

Epoch [66], Loss:  5.8698

Epoch [66], Validation Acc:  0.5000

Epoch [67], Loss:  6.2892

Epoch [67], Validation Acc:  0.5000

Epoch [68], Loss:  6.7563

Epoch [68], Validation Acc:  1.0000

Epoch [69], Loss:  6.5200

Epoch [69], Validation Acc:  1.0000

Epoch [70], Loss:  5.8584

Epoch [70], Validation Acc:  0.5000

Epoch [71], Loss:  6.4628

Epoch [71], Validation Acc:  1.0000

Epoch [72], Loss:  6.5810

Epoch [72], Validation Acc:  1.0000

Epoch [73], Loss:  5.8949

Epoch [73], Validation Acc:  0.5000

Epoch [74], Loss:  6.4175

Epoch [74], Validation Acc:  1.0000

Epoch [75], Loss:  6.6552

Epoch [75], Validation Acc:  1.0000

Epoch [76], Loss:  6.0415

Epoch [76], Validation Acc:  0.5000

Epoch [77], Loss:  6.4567

Epoch [77], Validation Acc:  1.0000

Epoch [78], Loss:  6.2871

Epoch [78], Validation Acc:  0.5000

Epoch [79], Loss:  6.3936

Epoch [79], Validation Acc:  1.0000

Epoch [80], Loss:  5.8640

Epoch [80], Validation Acc:  0.5000

Epoch [81], Loss:  6.4393

Epoch [81], Validation Acc:  0.5000

Epoch [82], Loss:  6.2841

Epoch [82], Validation Acc:  0.5000

Epoch [83], Loss:  6.3119

Epoch [83], Validation Acc:  1.0000

Epoch [84], Loss:  6.2699

Epoch [84], Validation Acc:  0.5000

Epoch [85], Loss:  5.7529

Epoch [85], Validation Acc:  0.5000

Epoch [86], Loss:  6.3046

Epoch [86], Validation Acc:  0.5000

Epoch [87], Loss:  6.1060

Epoch [87], Validation Acc:  0.5000

Epoch [88], Loss:  5.9498

Epoch [88], Validation Acc:  0.5000

Epoch [89], Loss:  6.4323

Epoch [89], Validation Acc:  1.0000

Epoch [90], Loss:  6.3669

Epoch [90], Validation Acc:  0.5000

Epoch [91], Loss:  6.4213

Epoch [91], Validation Acc:  1.0000

Epoch [92], Loss:  6.3525

Epoch [92], Validation Acc:  0.5000

Epoch [93], Loss:  6.2489

Epoch [93], Validation Acc:  1.0000

Epoch [94], Loss:  6.1630

Epoch [94], Validation Acc:  0.5000

Epoch [95], Loss:  6.3610

Epoch [95], Validation Acc:  1.0000

Epoch [96], Loss:  6.2847

Epoch [96], Validation Acc:  0.5000

Epoch [97], Loss:  6.0278

Epoch [97], Validation Acc:  0.5000

Epoch [98], Loss:  6.2614

Epoch [98], Validation Acc:  1.0000

Epoch [99], Loss:  6.2106

Epoch [99], Validation Acc:  1.0000

Epoch [100], Loss:  6.2162

Epoch [100], Validation Acc:  1.0000

Testing on test data...
Test Acc:  0.5000
Final alpha: -0.2659
Final beta: -9.6840
Final gamma:  0.4106
Traceback (most recent call last):
  File "../src/main2.py", line 558, in <module>
    main(args)
  File "../src/main2.py", line 486, in main
    print(f"Final lambda: {model.lamda.item(): .4f}")
  File "/home/zhoujianping/miniconda3/envs/torch3090/lib/python3.8/site-packages/torch/nn/modules/module.py", line 947, in __getattr__
    raise AttributeError("'{}' object has no attribute '{}'".format(
AttributeError: 'Metfusion' object has no attribute 'lamda'
