dataset_path: ../datasets/Honey_pos_check
result_path: ../results
checkpoint_path: ../checkpoints
train_sample_ratio: 0.8
learning_rate: 0.001
epochs: 100
device: cuda:0
seed: 1
situation: mlp_HoneyPos_
cor_situation: with_cor_outside_sig_
peak_pick_num: 10
The following files missing: [2023, 3231, 3349, 3358, 3688, 4173, 5607, 14129, 18276, 10320]
mlp_HoneyPos_with_cor_outside_sig_test and validation with peak pick number to be 10
Epoch [1], Loss:  75.7878

Epoch [1], Validation Acc:  0.6667

Epoch [1], Test Acc:  0.4412

Epoch [2], Loss:  74.3316

Epoch [2], Validation Acc:  0.3333

Epoch [2], Test Acc:  0.4412

Epoch [3], Loss:  72.1880

Epoch [3], Validation Acc:  0.3333

Epoch [3], Test Acc:  0.4412

Epoch [4], Loss:  78.2648

Epoch [4], Validation Acc:  1.0000

Epoch [4], Test Acc:  0.4412

Epoch [5], Loss:  71.3083

Epoch [5], Validation Acc:  0.6667

Epoch [5], Test Acc:  0.4412

Epoch [6], Loss:  71.0435

Epoch [6], Validation Acc:  0.3333

Epoch [6], Test Acc:  0.4412

Epoch [7], Loss:  74.2454

Epoch [7], Validation Acc:  1.0000

Epoch [7], Test Acc:  0.4412

Epoch [8], Loss:  71.4018

Epoch [8], Validation Acc:  0.3333

Epoch [8], Test Acc:  0.4412

Epoch [9], Loss:  72.5436

Epoch [9], Validation Acc:  1.0000

Epoch [9], Test Acc:  0.4412

Epoch [10], Loss:  73.9166

Epoch [10], Validation Acc:  0.3333

Epoch [10], Test Acc:  0.4412

Epoch [11], Loss:  73.5971

Epoch [11], Validation Acc:  0.6667

Epoch [11], Test Acc:  0.4412

Epoch [12], Loss:  71.2515

Epoch [12], Validation Acc:  0.0000

Epoch [12], Test Acc:  0.4412

Epoch [13], Loss:  78.2468

Epoch [13], Validation Acc:  1.0000

Epoch [13], Test Acc:  0.4412

Epoch [14], Loss:  74.0503

Epoch [14], Validation Acc:  0.3333

Epoch [14], Test Acc:  0.4412

Epoch [15], Loss:  76.3566

Epoch [15], Validation Acc:  0.3333

Epoch [15], Test Acc:  0.4412

Epoch [16], Loss:  71.4529

Epoch [16], Validation Acc:  0.6667

Epoch [16], Test Acc:  0.4412

Epoch [17], Loss:  74.5293

Epoch [17], Validation Acc:  0.3333

Epoch [17], Test Acc:  0.4412

Epoch [18], Loss:  75.9661

Epoch [18], Validation Acc:  0.6667

Epoch [18], Test Acc:  0.4412

Epoch [19], Loss:  74.4117

Epoch [19], Validation Acc:  0.6667

Epoch [19], Test Acc:  0.4412

Epoch [20], Loss:  71.0147

Epoch [20], Validation Acc:  0.3333

Epoch [20], Test Acc:  0.4412

Epoch [21], Loss:  74.1497

Epoch [21], Validation Acc:  1.0000

Epoch [21], Test Acc:  0.4412

Epoch [22], Loss:  71.7328

Epoch [22], Validation Acc:  0.3333

Epoch [22], Test Acc:  0.4412

Epoch [23], Loss:  71.9299

Epoch [23], Validation Acc:  0.0000

Epoch [23], Test Acc:  0.4412

Epoch [24], Loss:  69.8424

Epoch [24], Validation Acc:  0.3333

Epoch [24], Test Acc:  0.4412

Epoch [25], Loss:  74.4697

Epoch [25], Validation Acc:  0.3333

Epoch [25], Test Acc:  0.4412

Epoch [26], Loss:  69.8262

Epoch [26], Validation Acc:  0.3333

Epoch [26], Test Acc:  0.4412

Epoch [27], Loss:  71.4207

Epoch [27], Validation Acc:  0.6667

Epoch [27], Test Acc:  0.4412

Epoch [28], Loss:  74.1272

Epoch [28], Validation Acc:  0.6667

Epoch [28], Test Acc:  0.4412

Epoch [29], Loss:  71.5629

Epoch [29], Validation Acc:  0.3333

Epoch [29], Test Acc:  0.4412

Epoch [30], Loss:  70.3688

Epoch [30], Validation Acc:  0.0000

Epoch [30], Test Acc:  0.4412

Epoch [31], Loss:  72.1292

Epoch [31], Validation Acc:  0.3333

Epoch [31], Test Acc:  0.4412

Epoch [32], Loss:  71.7747

Epoch [32], Validation Acc:  0.6667

Epoch [32], Test Acc:  0.4412

Epoch [33], Loss:  68.9891

Epoch [33], Validation Acc:  0.0000

Epoch [33], Test Acc:  0.4412

Epoch [34], Loss:  69.2455

Epoch [34], Validation Acc:  0.0000

Epoch [34], Test Acc:  0.4412

Epoch [35], Loss:  72.0886

Epoch [35], Validation Acc:  0.3333

Epoch [35], Test Acc:  0.4412

Epoch [36], Loss:  69.9957

Epoch [36], Validation Acc:  0.0000

Epoch [36], Test Acc:  0.4412

Epoch [37], Loss:  74.0856

Epoch [37], Validation Acc:  0.6667

Epoch [37], Test Acc:  0.4412

Epoch [38], Loss:  72.8145

Epoch [38], Validation Acc:  0.6667

Epoch [38], Test Acc:  0.4412

Epoch [39], Loss:  72.8144

Epoch [39], Validation Acc:  0.6667

Epoch [39], Test Acc:  0.4412

Epoch [40], Loss:  69.4500

Epoch [40], Validation Acc:  0.0000

Epoch [40], Test Acc:  0.4118

Epoch [41], Loss:  71.3637

Epoch [41], Validation Acc:  0.3333

Epoch [41], Test Acc:  0.4118

Epoch [42], Loss:  71.2625

Epoch [42], Validation Acc:  1.0000

Epoch [42], Test Acc:  0.4118

Epoch [43], Loss:  69.0815

Epoch [43], Validation Acc:  0.3333

Epoch [43], Test Acc:  0.4118

Epoch [44], Loss:  69.6700

Epoch [44], Validation Acc:  0.3333

Epoch [44], Test Acc:  0.4118

Epoch [45], Loss:  72.8962

Epoch [45], Validation Acc:  0.6667

Epoch [45], Test Acc:  0.4118

Epoch [46], Loss:  75.9576

Epoch [46], Validation Acc:  1.0000

Epoch [46], Test Acc:  0.4118

Epoch [47], Loss:  74.6193

Epoch [47], Validation Acc:  0.6667

Epoch [47], Test Acc:  0.4118

Epoch [48], Loss:  68.4918

Epoch [48], Validation Acc:  0.3333

Epoch [48], Test Acc:  0.4118

Epoch [49], Loss:  71.3879

Epoch [49], Validation Acc:  0.0000

Epoch [49], Test Acc:  0.4118

Epoch [50], Loss:  71.0110

Epoch [50], Validation Acc:  1.0000

Epoch [50], Test Acc:  0.4118

Epoch [51], Loss:  72.5508

Epoch [51], Validation Acc:  0.6667

Epoch [51], Test Acc:  0.4118

Epoch [52], Loss:  72.8154

Epoch [52], Validation Acc:  0.6667

Epoch [52], Test Acc:  0.4118

Epoch [53], Loss:  67.7646

Epoch [53], Validation Acc:  0.3333

Epoch [53], Test Acc:  0.4118

Epoch [54], Loss:  68.0071

Epoch [54], Validation Acc:  0.0000

Epoch [54], Test Acc:  0.4118

Epoch [55], Loss:  68.6763

Epoch [55], Validation Acc:  0.0000

Epoch [55], Test Acc:  0.4118

Epoch [56], Loss:  72.0290

Epoch [56], Validation Acc:  0.6667

Epoch [56], Test Acc:  0.4118

Epoch [57], Loss:  67.6669

Epoch [57], Validation Acc:  0.0000

Epoch [57], Test Acc:  0.4118

Epoch [58], Loss:  69.0586

Epoch [58], Validation Acc:  0.0000

Epoch [58], Test Acc:  0.4118

Epoch [59], Loss:  72.5493

Epoch [59], Validation Acc:  0.6667

Epoch [59], Test Acc:  0.4118

Epoch [60], Loss:  71.7527

Epoch [60], Validation Acc:  0.3333

Epoch [60], Test Acc:  0.4118

Epoch [61], Loss:  72.2664

Epoch [61], Validation Acc:  1.0000

Epoch [61], Test Acc:  0.4118

Epoch [62], Loss:  72.0026

Epoch [62], Validation Acc:  0.3333

Epoch [62], Test Acc:  0.4118

Epoch [63], Loss:  71.9170

Epoch [63], Validation Acc:  0.6667

Epoch [63], Test Acc:  0.4118

Epoch [64], Loss:  69.5689

Epoch [64], Validation Acc:  0.3333

Epoch [64], Test Acc:  0.4118

Epoch [65], Loss:  68.3766

Epoch [65], Validation Acc:  0.3333

Epoch [65], Test Acc:  0.4118

Epoch [66], Loss:  73.1079

Epoch [66], Validation Acc:  0.6667

Epoch [66], Test Acc:  0.4118

Epoch [67], Loss:  70.9092

Epoch [67], Validation Acc:  0.3333

Epoch [67], Test Acc:  0.4118

Epoch [68], Loss:  68.4031

Epoch [68], Validation Acc:  0.3333

Epoch [68], Test Acc:  0.4118

Epoch [69], Loss:  75.1568

Epoch [69], Validation Acc:  1.0000

Epoch [69], Test Acc:  0.4118

Epoch [70], Loss:  70.2168

Epoch [70], Validation Acc:  0.6667

Epoch [70], Test Acc:  0.4118

Epoch [71], Loss:  71.6870

Epoch [71], Validation Acc:  0.6667

Epoch [71], Test Acc:  0.4118

Epoch [72], Loss:  73.6385

Epoch [72], Validation Acc:  0.6667

Epoch [72], Test Acc:  0.4118

Epoch [73], Loss:  67.8787

Epoch [73], Validation Acc:  0.3333

Epoch [73], Test Acc:  0.4118

Epoch [74], Loss:  70.0236

Epoch [74], Validation Acc:  0.6667

Epoch [74], Test Acc:  0.4118

Epoch [75], Loss:  71.3875

Epoch [75], Validation Acc:  0.6667

Epoch [75], Test Acc:  0.4118

Epoch [76], Loss:  71.1970

Epoch [76], Validation Acc:  0.6667

Epoch [76], Test Acc:  0.4118

Epoch [77], Loss:  67.8507

Epoch [77], Validation Acc:  0.3333

Epoch [77], Test Acc:  0.4118

Epoch [78], Loss:  67.9483

Epoch [78], Validation Acc:  0.0000

Epoch [78], Test Acc:  0.4118

Epoch [79], Loss:  75.1917

Epoch [79], Validation Acc:  1.0000

Epoch [79], Test Acc:  0.4118

Epoch [80], Loss:  68.6138

Epoch [80], Validation Acc:  0.3333

Epoch [80], Test Acc:  0.4118

Epoch [81], Loss:  72.3741

Epoch [81], Validation Acc:  0.6667

Epoch [81], Test Acc:  0.4118

Epoch [82], Loss:  74.4602

Epoch [82], Validation Acc:  0.6667

Epoch [82], Test Acc:  0.4118

Epoch [83], Loss:  72.6256

Epoch [83], Validation Acc:  1.0000

Epoch [83], Test Acc:  0.4118

Epoch [84], Loss:  66.7167

Epoch [84], Validation Acc:  0.0000

Epoch [84], Test Acc:  0.4118

Epoch [85], Loss:  68.4296

Epoch [85], Validation Acc:  0.0000

Epoch [85], Test Acc:  0.4118

Epoch [86], Loss:  73.3468

Epoch [86], Validation Acc:  0.6667

Epoch [86], Test Acc:  0.4118

Epoch [87], Loss:  68.4365

Epoch [87], Validation Acc:  0.3333

Epoch [87], Test Acc:  0.4118

Epoch [88], Loss:  71.8687

Epoch [88], Validation Acc:  0.6667

Epoch [88], Test Acc:  0.4118

Epoch [89], Loss:  74.9133

Epoch [89], Validation Acc:  1.0000

Epoch [89], Test Acc:  0.4118

Epoch [90], Loss:  67.1834

Epoch [90], Validation Acc:  0.0000

Epoch [90], Test Acc:  0.4118

Epoch [91], Loss:  69.6553

Epoch [91], Validation Acc:  0.3333

Epoch [91], Test Acc:  0.4118

Epoch [92], Loss:  71.8431

Epoch [92], Validation Acc:  0.6667

Epoch [92], Test Acc:  0.4118

Epoch [93], Loss:  68.1905

Epoch [93], Validation Acc:  0.3333

Epoch [93], Test Acc:  0.4118

Epoch [94], Loss:  69.2230

Epoch [94], Validation Acc:  0.3333

Epoch [94], Test Acc:  0.4118

Epoch [95], Loss:  71.7458

Epoch [95], Validation Acc:  0.6667

Epoch [95], Test Acc:  0.4118

Epoch [96], Loss:  73.6579

Epoch [96], Validation Acc:  0.6667

Epoch [96], Test Acc:  0.4118

Epoch [97], Loss:  69.4356

Epoch [97], Validation Acc:  0.6667

Epoch [97], Test Acc:  0.4118

Epoch [98], Loss:  69.2886

Epoch [98], Validation Acc:  0.3333

Epoch [98], Test Acc:  0.4118

Epoch [99], Loss:  71.0899

Epoch [99], Validation Acc:  0.3333

Epoch [99], Test Acc:  0.4118

Epoch [100], Loss:  66.5453

Epoch [100], Validation Acc:  0.0000

Epoch [100], Test Acc:  0.4118

Testing on test data...
Test Acc:  0.4412
Final alpha:  0.0064
Final beta: -9.3344
Final gamma:  0.4614
Spend time: 22099.85556435585
