dataset_path: ../datasets/ChangjiangRiver_check
result_path: ../results
checkpoint_path: ../checkpoints
train_sample_ratio: 0.8
learning_rate: 0.001
epochs: 100
device: cuda:0
seed: 1
situation: mlp_changjiang,
cor_situation: with_cor_outside_sig,
peak_pick_num: 5
The following files missing: [778, 895, 1388, 1590, 1836, 3195, 5021, 5881, 6487, 8121, 8989, 13399, 15457]
mlp_changjiang,with_cor_outside_sig,test and validation with peak pick number to be 5
Epoch [1], Loss:  98.4556

Epoch [1], Validation Acc:  0.2000

Epoch [2], Loss:  101.2602

Epoch [2], Validation Acc:  0.2000

Epoch [3], Loss:  102.5072

Epoch [3], Validation Acc:  0.2000

Epoch [4], Loss:  96.7044

Epoch [4], Validation Acc:  0.0000

Epoch [5], Loss:  95.3686

Epoch [5], Validation Acc:  0.4000

Epoch [6], Loss:  100.7724

Epoch [6], Validation Acc:  0.0000

Epoch [7], Loss:  99.5281

Epoch [7], Validation Acc:  0.4000

Epoch [8], Loss:  94.2776

Epoch [8], Validation Acc:  0.2000

Epoch [9], Loss:  94.1155

Epoch [9], Validation Acc:  0.2000

Epoch [10], Loss:  99.3151

Epoch [10], Validation Acc:  0.0000

Epoch [11], Loss:  105.9718

Epoch [11], Validation Acc:  0.6000

Epoch [12], Loss:  109.5686

Epoch [12], Validation Acc:  0.4000

Epoch [13], Loss:  99.1028

Epoch [13], Validation Acc:  0.2000

Epoch [14], Loss:  100.1025

Epoch [14], Validation Acc:  0.2000

Epoch [15], Loss:  102.1159

Epoch [15], Validation Acc:  0.2000

Epoch [16], Loss:  100.6852

Epoch [16], Validation Acc:  0.0000

Epoch [17], Loss:  96.1197

Epoch [17], Validation Acc:  0.0000

Epoch [18], Loss:  98.1305

Epoch [18], Validation Acc:  0.4000

Epoch [19], Loss:  103.4853

Epoch [19], Validation Acc:  0.4000

Epoch [20], Loss:  96.9575

Epoch [20], Validation Acc:  0.2000

