dataset_path: ../datasets/HuangpujiangRiver_check
result_path: ../results
checkpoint_path: ../checkpoints
train_sample_ratio: 0.8
learning_rate: 0.001
epochs: 100
device: cuda:0
seed: 1
situation: mlp_Huangpujiang_
cor_situation: with_cor_inside_sig_
peak_pick_num: 10
The following files missing: [732, 1687, 1825, 2538, 4304, 4962, 7578, 10013]
mlp_Huangpujiang_with_cor_inside_sig_test and validation with peak pick number to be 10
Epoch [1], Loss:  54.4844

Epoch [1], Validation Acc:  0.0000

Epoch [1], Test Acc:  0.3846

Epoch [2], Loss:  53.5839

Epoch [2], Validation Acc:  0.0000

Epoch [2], Test Acc:  0.3846

Epoch [3], Loss:  53.4079

Epoch [3], Validation Acc:  0.0000

Epoch [3], Test Acc:  0.3846

Epoch [4], Loss:  53.5437

Epoch [4], Validation Acc:  0.0000

Epoch [4], Test Acc:  0.3846

Epoch [5], Loss:  55.3447

Epoch [5], Validation Acc:  0.5000

Epoch [5], Test Acc:  0.3846

Epoch [6], Loss:  55.9469

Epoch [6], Validation Acc:  1.0000

Epoch [6], Test Acc:  0.3846

Epoch [7], Loss:  54.3341

Epoch [7], Validation Acc:  0.0000

Epoch [7], Test Acc:  0.3846

Epoch [8], Loss:  51.9404

Epoch [8], Validation Acc:  0.0000

Epoch [8], Test Acc:  0.3846

Epoch [9], Loss:  52.5132

Epoch [9], Validation Acc:  0.5000

Epoch [9], Test Acc:  0.3846

Epoch [10], Loss:  51.7177

Epoch [10], Validation Acc:  0.5000

Epoch [10], Test Acc:  0.3846

Epoch [11], Loss:  54.9081

Epoch [11], Validation Acc:  0.5000

Epoch [11], Test Acc:  0.3846

Epoch [12], Loss:  54.5810

Epoch [12], Validation Acc:  0.5000

Epoch [12], Test Acc:  0.3846

Epoch [13], Loss:  51.7432

Epoch [13], Validation Acc:  0.0000

Epoch [13], Test Acc:  0.3846

Epoch [14], Loss:  52.7734

Epoch [14], Validation Acc:  0.0000

Epoch [14], Test Acc:  0.4231

Epoch [15], Loss:  53.0794

Epoch [15], Validation Acc:  0.0000

Epoch [15], Test Acc:  0.4231

Epoch [16], Loss:  55.8700

Epoch [16], Validation Acc:  0.5000

Epoch [16], Test Acc:  0.4231

Epoch [17], Loss:  54.8161

Epoch [17], Validation Acc:  0.5000

Epoch [17], Test Acc:  0.4231

Epoch [18], Loss:  53.1109

Epoch [18], Validation Acc:  0.0000

Epoch [18], Test Acc:  0.4615

Epoch [19], Loss:  53.7837

Epoch [19], Validation Acc:  0.0000

Epoch [19], Test Acc:  0.4615

Epoch [20], Loss:  53.9010

Epoch [20], Validation Acc:  0.5000

Epoch [20], Test Acc:  0.4615

Epoch [21], Loss:  51.9966

Epoch [21], Validation Acc:  0.0000

Epoch [21], Test Acc:  0.4615

Epoch [22], Loss:  53.7846

Epoch [22], Validation Acc:  0.5000

Epoch [22], Test Acc:  0.4615

Epoch [23], Loss:  55.7194

Epoch [23], Validation Acc:  0.5000

Epoch [23], Test Acc:  0.4615

Epoch [24], Loss:  52.8137

Epoch [24], Validation Acc:  0.5000

Epoch [24], Test Acc:  0.4615

Epoch [25], Loss:  51.8863

Epoch [25], Validation Acc:  0.0000

Epoch [25], Test Acc:  0.4615

Epoch [26], Loss:  53.4072

Epoch [26], Validation Acc:  0.0000

Epoch [26], Test Acc:  0.4615

Epoch [27], Loss:  53.5916

Epoch [27], Validation Acc:  1.0000

Epoch [27], Test Acc:  0.4615

Epoch [28], Loss:  54.8488

Epoch [28], Validation Acc:  0.5000

Epoch [28], Test Acc:  0.4615

Epoch [29], Loss:  52.8429

Epoch [29], Validation Acc:  0.5000

Epoch [29], Test Acc:  0.4615

Epoch [30], Loss:  55.5587

Epoch [30], Validation Acc:  0.5000

Epoch [30], Test Acc:  0.4615

Epoch [31], Loss:  55.7329

Epoch [31], Validation Acc:  0.5000

Epoch [31], Test Acc:  0.5000

Epoch [32], Loss:  53.1478

Epoch [32], Validation Acc:  0.5000

Epoch [32], Test Acc:  0.5000

Epoch [33], Loss:  52.7574

Epoch [33], Validation Acc:  0.5000

Epoch [33], Test Acc:  0.5000

Epoch [34], Loss:  54.4634

Epoch [34], Validation Acc:  0.5000

Epoch [34], Test Acc:  0.5000

Epoch [35], Loss:  51.9279

Epoch [35], Validation Acc:  0.5000

Epoch [35], Test Acc:  0.5000

Epoch [36], Loss:  49.5136

Epoch [36], Validation Acc:  0.0000

Epoch [36], Test Acc:  0.5000

Epoch [37], Loss:  54.5660

Epoch [37], Validation Acc:  0.5000

Epoch [37], Test Acc:  0.5000

Epoch [38], Loss:  54.3010

Epoch [38], Validation Acc:  0.5000

Epoch [38], Test Acc:  0.5000

Epoch [39], Loss:  50.9696

Epoch [39], Validation Acc:  0.5000

Epoch [39], Test Acc:  0.5000

Epoch [40], Loss:  52.3278

Epoch [40], Validation Acc:  0.5000

Epoch [40], Test Acc:  0.5000

Epoch [41], Loss:  52.3078

Epoch [41], Validation Acc:  0.5000

Epoch [41], Test Acc:  0.5000

Epoch [42], Loss:  50.8798

Epoch [42], Validation Acc:  0.5000

Epoch [42], Test Acc:  0.5000

Epoch [43], Loss:  51.3551

Epoch [43], Validation Acc:  0.5000

Epoch [43], Test Acc:  0.5000

Epoch [44], Loss:  50.8162

Epoch [44], Validation Acc:  0.5000

Epoch [44], Test Acc:  0.5000

Epoch [45], Loss:  53.1688

Epoch [45], Validation Acc:  0.5000

Epoch [45], Test Acc:  0.5000

Epoch [46], Loss:  52.5950

Epoch [46], Validation Acc:  0.0000

Epoch [46], Test Acc:  0.5000

Epoch [47], Loss:  50.2725

Epoch [47], Validation Acc:  1.0000

Epoch [47], Test Acc:  0.5000

Epoch [48], Loss:  48.5796

Epoch [48], Validation Acc:  0.5000

Epoch [48], Test Acc:  0.5000

Epoch [49], Loss:  52.0283

Epoch [49], Validation Acc:  1.0000

Epoch [49], Test Acc:  0.5000

Epoch [50], Loss:  50.5992

Epoch [50], Validation Acc:  0.0000

Epoch [50], Test Acc:  0.5000

Epoch [51], Loss:  49.4472

Epoch [51], Validation Acc:  0.0000

Epoch [51], Test Acc:  0.5000

Epoch [52], Loss:  51.1833

Epoch [52], Validation Acc:  0.5000

Epoch [52], Test Acc:  0.5000

Epoch [53], Loss:  52.9077

Epoch [53], Validation Acc:  0.5000

Epoch [53], Test Acc:  0.5000

Epoch [54], Loss:  49.3455

Epoch [54], Validation Acc:  0.0000

Epoch [54], Test Acc:  0.5000

Epoch [55], Loss:  50.5362

Epoch [55], Validation Acc:  0.5000

Epoch [55], Test Acc:  0.5000

Epoch [56], Loss:  55.1808

Epoch [56], Validation Acc:  0.5000

Epoch [56], Test Acc:  0.5000

Epoch [57], Loss:  52.1874

Epoch [57], Validation Acc:  0.5000

Epoch [57], Test Acc:  0.5000

Epoch [58], Loss:  51.7689

Epoch [58], Validation Acc:  1.0000

Epoch [58], Test Acc:  0.5000

Epoch [59], Loss:  52.4138

Epoch [59], Validation Acc:  0.0000

Epoch [59], Test Acc:  0.5000

Epoch [60], Loss:  52.1420

Epoch [60], Validation Acc:  0.5000

Epoch [60], Test Acc:  0.5000

Epoch [61], Loss:  48.3131

Epoch [61], Validation Acc:  0.5000

Epoch [61], Test Acc:  0.5000

Epoch [62], Loss:  52.3127

Epoch [62], Validation Acc:  0.0000

Epoch [62], Test Acc:  0.5000

Epoch [63], Loss:  50.1710

Epoch [63], Validation Acc:  0.0000

Epoch [63], Test Acc:  0.5000

Epoch [64], Loss:  53.6852

Epoch [64], Validation Acc:  0.0000

Epoch [64], Test Acc:  0.5000

Epoch [65], Loss:  48.2400

Epoch [65], Validation Acc:  0.5000

Epoch [65], Test Acc:  0.5000

Epoch [66], Loss:  48.2280

Epoch [66], Validation Acc:  0.5000

Epoch [66], Test Acc:  0.5000

Epoch [67], Loss:  50.9652

Epoch [67], Validation Acc:  0.5000

Epoch [67], Test Acc:  0.5000

Epoch [68], Loss:  54.6866

Epoch [68], Validation Acc:  0.5000

Epoch [68], Test Acc:  0.5000

Epoch [69], Loss:  50.3011

Epoch [69], Validation Acc:  0.5000

Epoch [69], Test Acc:  0.5000

Epoch [70], Loss:  47.9578

Epoch [70], Validation Acc:  0.5000

Epoch [70], Test Acc:  0.5000

Epoch [71], Loss:  53.2568

Epoch [71], Validation Acc:  0.5000

Epoch [71], Test Acc:  0.5000

Epoch [72], Loss:  51.7761

Epoch [72], Validation Acc:  0.0000

Epoch [72], Test Acc:  0.5000

Epoch [73], Loss:  49.6431

Epoch [73], Validation Acc:  0.0000

Epoch [73], Test Acc:  0.5000

Epoch [74], Loss:  49.9341

Epoch [74], Validation Acc:  1.0000

Epoch [74], Test Acc:  0.5000

Epoch [75], Loss:  52.8490

Epoch [75], Validation Acc:  1.0000

Epoch [75], Test Acc:  0.5000

Epoch [76], Loss:  51.0298

Epoch [76], Validation Acc:  0.5000

Epoch [76], Test Acc:  0.5000

Epoch [77], Loss:  51.6468

Epoch [77], Validation Acc:  0.5000

Epoch [77], Test Acc:  0.5000

Epoch [78], Loss:  52.3211

Epoch [78], Validation Acc:  0.0000

Epoch [78], Test Acc:  0.5000

Epoch [79], Loss:  49.8968

Epoch [79], Validation Acc:  1.0000

Epoch [79], Test Acc:  0.5000

Epoch [80], Loss:  48.0687

Epoch [80], Validation Acc:  0.0000

Epoch [80], Test Acc:  0.5000

Epoch [81], Loss:  53.7647

Epoch [81], Validation Acc:  0.5000

Epoch [81], Test Acc:  0.5000

Epoch [82], Loss:  50.8046

Epoch [82], Validation Acc:  0.0000

Epoch [82], Test Acc:  0.4615

Epoch [83], Loss:  51.6236

Epoch [83], Validation Acc:  1.0000

Epoch [83], Test Acc:  0.4615

Epoch [84], Loss:  53.2995

Epoch [84], Validation Acc:  0.5000

Epoch [84], Test Acc:  0.4615

Epoch [85], Loss:  47.7119

Epoch [85], Validation Acc:  0.5000

Epoch [85], Test Acc:  0.4615

Epoch [86], Loss:  51.8427

Epoch [86], Validation Acc:  0.5000

Epoch [86], Test Acc:  0.4615

Epoch [87], Loss:  52.2075

Epoch [87], Validation Acc:  0.5000

Epoch [87], Test Acc:  0.4615

Epoch [88], Loss:  50.8969

Epoch [88], Validation Acc:  0.5000

Epoch [88], Test Acc:  0.4615

Epoch [89], Loss:  49.7472

Epoch [89], Validation Acc:  0.5000

Epoch [89], Test Acc:  0.4615

Epoch [90], Loss:  51.7078

Epoch [90], Validation Acc:  0.0000

Epoch [90], Test Acc:  0.4615

Epoch [91], Loss:  49.7104

Epoch [91], Validation Acc:  0.5000

Epoch [91], Test Acc:  0.4615

Epoch [92], Loss:  51.6563

Epoch [92], Validation Acc:  0.0000

Epoch [92], Test Acc:  0.4615

Epoch [93], Loss:  51.5527

Epoch [93], Validation Acc:  1.0000

Epoch [93], Test Acc:  0.4615

Epoch [94], Loss:  52.0596

Epoch [94], Validation Acc:  0.0000

Epoch [94], Test Acc:  0.4615

Epoch [95], Loss:  51.1174

Epoch [95], Validation Acc:  0.5000

Epoch [95], Test Acc:  0.4615

Epoch [96], Loss:  53.0581

Epoch [96], Validation Acc:  0.0000

Epoch [96], Test Acc:  0.4615

Epoch [97], Loss:  52.0558

Epoch [97], Validation Acc:  0.5000

Epoch [97], Test Acc:  0.4615

Epoch [98], Loss:  52.8032

Epoch [98], Validation Acc:  0.5000

Epoch [98], Test Acc:  0.4231

Epoch [99], Loss:  51.5184

Epoch [99], Validation Acc:  1.0000

Epoch [99], Test Acc:  0.4231

Epoch [100], Loss:  51.0989

Epoch [100], Validation Acc:  1.0000

Epoch [100], Test Acc:  0.4231

Testing on test data...
Test Acc:  0.5000
Final alpha:  0.0694
Final beta: -9.2826
Final gamma:  0.2599
Spend time: 17678.104811429977
