dataset_path: ../datasets/HuangpujiangRiver_check
result_path: ../results
checkpoint_path: ../checkpoints
train_sample_ratio: 0.8
learning_rate: 0.001
epochs: 100
device: cuda:0
seed: 1
situation: mlp_Huangpujiang_
cor_situation: without_cor
peak_pick_num: 20
The following files missing: [732, 1687, 1825, 2538, 4304, 4962, 7578, 10013]
mlp_Huangpujiang_without_cortest and validation with peak pick number to be 20
Epoch [1], Loss:  49.4750

Epoch [1], Validation Acc:  0.5000

Epoch [2], Loss:  49.1040

Epoch [2], Validation Acc:  0.5000

Epoch [3], Loss:  48.8830

Epoch [3], Validation Acc:  0.5000

Epoch [4], Loss:  48.9508

Epoch [4], Validation Acc:  0.5000

Epoch [5], Loss:  49.9217

Epoch [5], Validation Acc:  1.0000

Epoch [6], Loss:  50.6042

Epoch [6], Validation Acc:  1.0000

Epoch [7], Loss:  48.8615

Epoch [7], Validation Acc:  0.5000

Epoch [8], Loss:  45.5646

Epoch [8], Validation Acc:  0.0000

Epoch [9], Loss:  46.8005

Epoch [9], Validation Acc:  0.5000

Epoch [10], Loss:  45.1316

Epoch [10], Validation Acc:  0.5000

Epoch [11], Loss:  49.2565

Epoch [11], Validation Acc:  0.5000

Epoch [12], Loss:  50.1414

Epoch [12], Validation Acc:  1.0000

Epoch [13], Loss:  45.5054

Epoch [13], Validation Acc:  0.5000

Epoch [14], Loss:  47.6219

Epoch [14], Validation Acc:  0.5000

Epoch [15], Loss:  48.3834

Epoch [15], Validation Acc:  1.0000

Epoch [16], Loss:  50.3507

Epoch [16], Validation Acc:  1.0000

Epoch [17], Loss:  48.7194

Epoch [17], Validation Acc:  0.5000

Epoch [18], Loss:  48.3146

Epoch [18], Validation Acc:  1.0000

Epoch [19], Loss:  48.2663

Epoch [19], Validation Acc:  0.5000

Epoch [20], Loss:  46.8756

Epoch [20], Validation Acc:  0.5000

Epoch [21], Loss:  46.5944

Epoch [21], Validation Acc:  0.5000

Epoch [22], Loss:  48.9466

Epoch [22], Validation Acc:  1.0000

Epoch [23], Loss:  49.7824

Epoch [23], Validation Acc:  1.0000

Epoch [24], Loss:  47.7658

Epoch [24], Validation Acc:  1.0000

Epoch [25], Loss:  46.3458

Epoch [25], Validation Acc:  0.5000

Epoch [26], Loss:  48.3262

Epoch [26], Validation Acc:  1.0000

Epoch [27], Loss:  48.5079

Epoch [27], Validation Acc:  1.0000

Epoch [28], Loss:  47.2711

Epoch [28], Validation Acc:  0.5000

Epoch [29], Loss:  46.9572

Epoch [29], Validation Acc:  0.5000

Epoch [30], Loss:  49.3100

Epoch [30], Validation Acc:  1.0000

Epoch [31], Loss:  48.7174

Epoch [31], Validation Acc:  0.5000

Epoch [32], Loss:  47.2547

Epoch [32], Validation Acc:  1.0000

Epoch [33], Loss:  46.7210

Epoch [33], Validation Acc:  0.5000

Epoch [34], Loss:  47.3680

Epoch [34], Validation Acc:  1.0000

Epoch [35], Loss:  44.5971

Epoch [35], Validation Acc:  0.5000

Epoch [36], Loss:  43.3632

Epoch [36], Validation Acc:  0.5000

Epoch [37], Loss:  46.6233

Epoch [37], Validation Acc:  0.5000

Epoch [38], Loss:  47.0756

Epoch [38], Validation Acc:  1.0000

Epoch [39], Loss:  46.7527

Epoch [39], Validation Acc:  1.0000

Epoch [40], Loss:  46.8613

Epoch [40], Validation Acc:  1.0000

Epoch [41], Loss:  46.9588

Epoch [41], Validation Acc:  1.0000

Epoch [42], Loss:  46.7919

Epoch [42], Validation Acc:  1.0000

Epoch [43], Loss:  45.1947

Epoch [43], Validation Acc:  0.5000

Epoch [44], Loss:  46.5846

Epoch [44], Validation Acc:  1.0000

Epoch [45], Loss:  45.1595

Epoch [45], Validation Acc:  0.5000

Epoch [46], Loss:  47.2824

Epoch [46], Validation Acc:  1.0000

Epoch [47], Loss:  45.9275

Epoch [47], Validation Acc:  1.0000

Epoch [48], Loss:  42.0531

Epoch [48], Validation Acc:  0.5000

Epoch [49], Loss:  45.8732

Epoch [49], Validation Acc:  1.0000

Epoch [50], Loss:  42.1397

Epoch [50], Validation Acc:  0.0000

Epoch [51], Loss:  41.0644

Epoch [51], Validation Acc:  0.0000

Epoch [52], Loss:  44.7787

Epoch [52], Validation Acc:  0.5000

Epoch [53], Loss:  44.6796

Epoch [53], Validation Acc:  0.5000

Epoch [54], Loss:  40.8527

Epoch [54], Validation Acc:  0.0000

Epoch [55], Loss:  46.1652

Epoch [55], Validation Acc:  1.0000

Epoch [56], Loss:  47.3117

Epoch [56], Validation Acc:  0.5000

Epoch [57], Loss:  45.4952

Epoch [57], Validation Acc:  0.5000

Epoch [58], Loss:  45.4149

Epoch [58], Validation Acc:  1.0000

Epoch [59], Loss:  46.0847

Epoch [59], Validation Acc:  0.5000

Epoch [60], Loss:  45.3598

Epoch [60], Validation Acc:  0.5000

Epoch [61], Loss:  41.3610

Epoch [61], Validation Acc:  0.5000

Epoch [62], Loss:  45.9273

Epoch [62], Validation Acc:  0.5000

Epoch [63], Loss:  41.2668

Epoch [63], Validation Acc:  0.0000

Epoch [64], Loss:  45.7695

Epoch [64], Validation Acc:  0.5000

Epoch [65], Loss:  41.1369

Epoch [65], Validation Acc:  0.5000

Epoch [66], Loss:  41.0885

Epoch [66], Validation Acc:  0.5000

Epoch [67], Loss:  44.0247

Epoch [67], Validation Acc:  0.5000

Epoch [68], Loss:  47.2941

Epoch [68], Validation Acc:  1.0000

Epoch [69], Loss:  45.6397

Epoch [69], Validation Acc:  1.0000

Epoch [70], Loss:  41.0086

Epoch [70], Validation Acc:  0.5000

Epoch [71], Loss:  45.2396

Epoch [71], Validation Acc:  1.0000

Epoch [72], Loss:  46.0667

Epoch [72], Validation Acc:  1.0000

Epoch [73], Loss:  41.2645

Epoch [73], Validation Acc:  0.5000

Epoch [74], Loss:  44.9224

Epoch [74], Validation Acc:  1.0000

Epoch [75], Loss:  46.5863

Epoch [75], Validation Acc:  1.0000

Epoch [76], Loss:  42.2908

Epoch [76], Validation Acc:  0.5000

Epoch [77], Loss:  45.1969

Epoch [77], Validation Acc:  1.0000

Epoch [78], Loss:  44.0095

Epoch [78], Validation Acc:  0.5000

Epoch [79], Loss:  44.7550

Epoch [79], Validation Acc:  1.0000

Epoch [80], Loss:  41.0477

Epoch [80], Validation Acc:  0.5000

Epoch [81], Loss:  45.0748

Epoch [81], Validation Acc:  0.5000

Epoch [82], Loss:  43.9887

Epoch [82], Validation Acc:  0.5000

Epoch [83], Loss:  44.1831

Epoch [83], Validation Acc:  1.0000

Epoch [84], Loss:  43.8895

Epoch [84], Validation Acc:  0.5000

Epoch [85], Loss:  40.2705

Epoch [85], Validation Acc:  0.5000

Epoch [86], Loss:  44.1322

Epoch [86], Validation Acc:  0.5000

Epoch [87], Loss:  42.7423

Epoch [87], Validation Acc:  0.5000

Epoch [88], Loss:  41.6486

Epoch [88], Validation Acc:  0.5000

Epoch [89], Loss:  45.0263

Epoch [89], Validation Acc:  1.0000

Epoch [90], Loss:  44.5687

Epoch [90], Validation Acc:  0.5000

Epoch [91], Loss:  44.9494

Epoch [91], Validation Acc:  1.0000

Epoch [92], Loss:  44.4676

Epoch [92], Validation Acc:  0.5000

Epoch [93], Loss:  43.7423

Epoch [93], Validation Acc:  1.0000

Epoch [94], Loss:  43.1409

Epoch [94], Validation Acc:  0.5000

Epoch [95], Loss:  44.5273

Epoch [95], Validation Acc:  1.0000

Epoch [96], Loss:  43.9926

Epoch [96], Validation Acc:  0.5000

Epoch [97], Loss:  42.1949

Epoch [97], Validation Acc:  0.5000

Epoch [98], Loss:  43.8297

Epoch [98], Validation Acc:  1.0000

Epoch [99], Loss:  43.4742

Epoch [99], Validation Acc:  1.0000

Epoch [100], Loss:  43.5134

Epoch [100], Validation Acc:  1.0000

Testing on test data...
Test Acc:  0.7308
Final alpha: -0.2659
Final beta: -9.6840
Final gamma:  0.4106
Spend time: 3547.265125989914
