dataset_path: ../datasets/ChangjiangRiver_check
result_path: ../results
checkpoint_path: ../checkpoints
train_sample_ratio: 0.8
learning_rate: 0.001
epochs: 100
device: cuda:0
seed: 1
The following files missing: [778, 895, 1388, 1590, 1593, 1836, 1838, 3195, 4371, 5021, 5881, 6487, 8058, 8121, 8122, 8989, 9415, 13399, 15457, 779, 961, 6745, 1599, 2961, 4372, 4639, 5023, 10310, 12011, 12155, 8125, 10275, 13402, 16492]
Traceback (most recent call last):
  File "/home/zgjgroup/lyz/hjwrw/MolecularNetwork/datasets/inputfiles_check/Pollutants_Molecular/scripts/../src/main.py", line 428, in <module>
    main(args)
  File "/home/zgjgroup/lyz/hjwrw/MolecularNetwork/datasets/inputfiles_check/Pollutants_Molecular/scripts/../src/main.py", line 249, in main
    train_data, validation_data = train_test_split(
  File "/home/zgjgroup/miniconda3/envs/tensorflow/lib/python3.9/site-packages/sklearn/utils/_param_validation.py", line 213, in wrapper
    return func(*args, **kwargs)
  File "/home/zgjgroup/miniconda3/envs/tensorflow/lib/python3.9/site-packages/sklearn/model_selection/_split.py", line 2660, in train_test_split
    n_train, n_test = _validate_shuffle_split(
  File "/home/zgjgroup/miniconda3/envs/tensorflow/lib/python3.9/site-packages/sklearn/model_selection/_split.py", line 2308, in _validate_shuffle_split
    raise ValueError(
ValueError: With n_samples=0, test_size=0.19999999999999996 and train_size=None, the resulting train set will be empty. Adjust any of the aforementioned parameters.
