dataset_path: ../datasets/Honey_neg_check
result_path: ../results
checkpoint_path: ../checkpoints
train_sample_ratio: 0.8
learning_rate: 0.001
epochs: 100
device: cuda:0
seed: 1
situation: mlp_HoneyNeg,
cor_situation: with_cor_outside_sig,
peak_pick_num: 10
The following files missing: [53, 827, 1887, 2565, 2567, 3740]
mlp_HoneyNeg,with_cor_outside_sig,test and validation with peak pick number to be 10
Epoch [1], Loss:  48.7150

Epoch [1], Validation Acc:  0.3333

Epoch [2], Loss:  48.9177

Epoch [2], Validation Acc:  0.3333

Epoch [3], Loss:  46.6836

Epoch [3], Validation Acc:  0.3333

Epoch [4], Loss:  48.1165

Epoch [4], Validation Acc:  0.3333

Epoch [5], Loss:  49.3048

Epoch [5], Validation Acc:  0.3333

Epoch [6], Loss:  45.2838

Epoch [6], Validation Acc:  0.3333

Epoch [7], Loss:  45.4269

Epoch [7], Validation Acc:  0.6667

Epoch [8], Loss:  49.7147

Epoch [8], Validation Acc:  0.3333

Epoch [9], Loss:  49.7053

Epoch [9], Validation Acc:  0.3333

Epoch [10], Loss:  48.8465

Epoch [10], Validation Acc:  0.6667

Epoch [11], Loss:  47.0413

Epoch [11], Validation Acc:  0.3333

Epoch [12], Loss:  51.4602

Epoch [12], Validation Acc:  0.3333

Epoch [13], Loss:  48.8093

Epoch [13], Validation Acc:  0.6667

Epoch [14], Loss:  45.6088

Epoch [14], Validation Acc:  1.0000

Epoch [15], Loss:  46.1592

Epoch [15], Validation Acc:  0.6667

Epoch [16], Loss:  47.3151

Epoch [16], Validation Acc:  0.3333

Epoch [17], Loss:  48.3294

Epoch [17], Validation Acc:  0.3333

Epoch [18], Loss:  49.5727

Epoch [18], Validation Acc:  0.0000

Epoch [19], Loss:  48.3123

Epoch [19], Validation Acc:  0.3333

Epoch [20], Loss:  49.8325

Epoch [20], Validation Acc:  0.3333

Epoch [21], Loss:  46.2684

Epoch [21], Validation Acc:  1.0000

Epoch [22], Loss:  48.1527

Epoch [22], Validation Acc:  0.6667

Epoch [23], Loss:  45.8251

Epoch [23], Validation Acc:  1.0000

Epoch [24], Loss:  51.3433

Epoch [24], Validation Acc:  0.0000

Epoch [25], Loss:  48.5699

Epoch [25], Validation Acc:  0.6667

Epoch [26], Loss:  45.4998

Epoch [26], Validation Acc:  0.6667

Epoch [27], Loss:  49.4474

Epoch [27], Validation Acc:  0.3333

Epoch [28], Loss:  45.5716

Epoch [28], Validation Acc:  0.3333

Epoch [29], Loss:  48.5445

Epoch [29], Validation Acc:  0.6667

Epoch [30], Loss:  48.6587

Epoch [30], Validation Acc:  0.0000

Epoch [31], Loss:  48.6101

Epoch [31], Validation Acc:  0.3333

Epoch [32], Loss:  45.9580

Epoch [32], Validation Acc:  0.3333

Epoch [33], Loss:  43.5913

Epoch [33], Validation Acc:  0.6667

Epoch [34], Loss:  46.3733

Epoch [34], Validation Acc:  0.3333

Epoch [35], Loss:  45.4093

Epoch [35], Validation Acc:  0.3333

Epoch [36], Loss:  49.2791

Epoch [36], Validation Acc:  0.0000

Epoch [37], Loss:  48.1874

Epoch [37], Validation Acc:  0.3333

Epoch [38], Loss:  45.3515

Epoch [38], Validation Acc:  0.3333

Epoch [39], Loss:  46.2534

Epoch [39], Validation Acc:  0.6667

