dataset_path: ../datasets/combo
result_path: ../results
checkpoint_path: ../checkpoints
train_sample_ratio: 0.8
learning_rate: 0.001
epochs: 100
device: cuda:0
seed: 1
situation: mlp_Combo_
cor_situation: with_cor_inside_sig_
peak_pick_num: 10
The following files missing: [1, 3, 6, 8, 11, 16, 23, 27, 28, 35, 41, 52, 59, 103, 106, 113, 123, 124, 131, 168, 174, 177, 178, 181, 185, 195, 206, 208, 211, 247, 251, 253, 258, 262, 264, 272, 274, 318, 320, 321, 322, 327]
mlp_Combo_with_cor_inside_sig_test and validation with peak pick number to be 10
Epoch [1], Loss:  324.0940

Epoch [1], Validation Acc:  0.1667

Epoch [1], Test Acc:  0.3581

Epoch [2], Loss:  319.2793

Epoch [2], Validation Acc:  0.1667

Epoch [2], Test Acc:  0.3581

Epoch [3], Loss:  326.9641

Epoch [3], Validation Acc:  0.4167

Epoch [3], Test Acc:  0.3784

Epoch [4], Loss:  325.3032

Epoch [4], Validation Acc:  0.5000

Epoch [4], Test Acc:  0.3851

Epoch [5], Loss:  319.8441

Epoch [5], Validation Acc:  0.3333

Epoch [5], Test Acc:  0.4054

Epoch [6], Loss:  315.2062

Epoch [6], Validation Acc:  0.4167

Epoch [6], Test Acc:  0.4122

Epoch [7], Loss:  319.4489

Epoch [7], Validation Acc:  0.4167

Epoch [7], Test Acc:  0.4189

Epoch [8], Loss:  318.8469

Epoch [8], Validation Acc:  0.1667

Epoch [8], Test Acc:  0.4257

Epoch [9], Loss:  316.0095

Epoch [9], Validation Acc:  0.1667

Epoch [9], Test Acc:  0.4257

Epoch [10], Loss:  319.3184

Epoch [10], Validation Acc:  0.3333

Epoch [10], Test Acc:  0.4189

Epoch [11], Loss:  326.5795

Epoch [11], Validation Acc:  0.4167

Epoch [11], Test Acc:  0.4122

Epoch [12], Loss:  315.8420

Epoch [12], Validation Acc:  0.5000

Epoch [12], Test Acc:  0.4122

Epoch [13], Loss:  307.4754

Epoch [13], Validation Acc:  0.4167

Epoch [13], Test Acc:  0.4122

Epoch [14], Loss:  311.7471

Epoch [14], Validation Acc:  0.3333

Epoch [14], Test Acc:  0.4122

Epoch [15], Loss:  317.4900

Epoch [15], Validation Acc:  0.4167

Epoch [15], Test Acc:  0.4122

Epoch [16], Loss:  312.2810

Epoch [16], Validation Acc:  0.2500

Epoch [16], Test Acc:  0.4054

Epoch [17], Loss:  308.6998

Epoch [17], Validation Acc:  0.3333

Epoch [17], Test Acc:  0.3784

Epoch [18], Loss:  307.8908

Epoch [18], Validation Acc:  0.3333

Epoch [18], Test Acc:  0.3784

Epoch [19], Loss:  317.2935

Epoch [19], Validation Acc:  0.2500

Epoch [19], Test Acc:  0.3784

Epoch [20], Loss:  308.9647

Epoch [20], Validation Acc:  0.5000

Epoch [20], Test Acc:  0.3784

Epoch [21], Loss:  307.7702

Epoch [21], Validation Acc:  0.4167

Epoch [21], Test Acc:  0.3784

Epoch [22], Loss:  310.6172

Epoch [22], Validation Acc:  0.4167

Epoch [22], Test Acc:  0.3784

Epoch [23], Loss:  318.1596

Epoch [23], Validation Acc:  0.3333

Epoch [23], Test Acc:  0.3784

Epoch [24], Loss:  318.4925

Epoch [24], Validation Acc:  0.2500

Epoch [24], Test Acc:  0.3784

Epoch [25], Loss:  316.3519

Epoch [25], Validation Acc:  0.5833

Epoch [25], Test Acc:  0.3784

Epoch [26], Loss:  308.9411

Epoch [26], Validation Acc:  0.4167

Epoch [26], Test Acc:  0.3784

Epoch [27], Loss:  310.8401

Epoch [27], Validation Acc:  0.2500

Epoch [27], Test Acc:  0.3784

Epoch [28], Loss:  305.0491

Epoch [28], Validation Acc:  0.3333

Epoch [28], Test Acc:  0.3784

Epoch [29], Loss:  304.6491

Epoch [29], Validation Acc:  0.3333

Epoch [29], Test Acc:  0.3784

Epoch [30], Loss:  302.8451

Epoch [30], Validation Acc:  0.3333

Epoch [30], Test Acc:  0.3784

Epoch [31], Loss:  314.1586

Epoch [31], Validation Acc:  0.4167

Epoch [31], Test Acc:  0.3784

Epoch [32], Loss:  318.6556

Epoch [32], Validation Acc:  0.2500

Epoch [32], Test Acc:  0.3784

Epoch [33], Loss:  315.3378

Epoch [33], Validation Acc:  0.0833

Epoch [33], Test Acc:  0.3784

Epoch [34], Loss:  297.6987

Epoch [34], Validation Acc:  0.2500

Epoch [34], Test Acc:  0.3784

Epoch [35], Loss:  318.1251

Epoch [35], Validation Acc:  0.3333

Epoch [35], Test Acc:  0.3784

Epoch [36], Loss:  303.8361

Epoch [36], Validation Acc:  0.1667

Epoch [36], Test Acc:  0.3784

Epoch [37], Loss:  297.6942

Epoch [37], Validation Acc:  0.1667

Epoch [37], Test Acc:  0.3784

Epoch [38], Loss:  310.2184

Epoch [38], Validation Acc:  0.4167

Epoch [38], Test Acc:  0.3784

Epoch [39], Loss:  315.3508

Epoch [39], Validation Acc:  0.3333

Epoch [39], Test Acc:  0.3784

Epoch [40], Loss:  308.9241

Epoch [40], Validation Acc:  0.3333

Epoch [40], Test Acc:  0.3784

Epoch [41], Loss:  306.0914

Epoch [41], Validation Acc:  0.4167

Epoch [41], Test Acc:  0.3784

Epoch [42], Loss:  307.0428

Epoch [42], Validation Acc:  0.2500

Epoch [42], Test Acc:  0.3716

Epoch [43], Loss:  308.6426

Epoch [43], Validation Acc:  0.4167

Epoch [43], Test Acc:  0.3716

Epoch [44], Loss:  302.3812

Epoch [44], Validation Acc:  0.2500

Epoch [44], Test Acc:  0.3649

Epoch [45], Loss:  305.6848

Epoch [45], Validation Acc:  0.3333

Epoch [45], Test Acc:  0.3649

Epoch [46], Loss:  298.6627

Epoch [46], Validation Acc:  0.3333

Epoch [46], Test Acc:  0.3649

Epoch [47], Loss:  300.5171

Epoch [47], Validation Acc:  0.1667

Epoch [47], Test Acc:  0.3514

Epoch [48], Loss:  302.8803

Epoch [48], Validation Acc:  0.3333

Epoch [48], Test Acc:  0.3514

Epoch [49], Loss:  309.4893

Epoch [49], Validation Acc:  0.2500

Epoch [49], Test Acc:  0.3514

Epoch [50], Loss:  307.1480

Epoch [50], Validation Acc:  0.5000

Epoch [50], Test Acc:  0.3446

Epoch [51], Loss:  302.1420

Epoch [51], Validation Acc:  0.1667

Epoch [51], Test Acc:  0.3378

Epoch [52], Loss:  300.8406

Epoch [52], Validation Acc:  0.1667

Epoch [52], Test Acc:  0.3378

Epoch [53], Loss:  301.0414

Epoch [53], Validation Acc:  0.2500

Epoch [53], Test Acc:  0.3446

Epoch [54], Loss:  295.5879

Epoch [54], Validation Acc:  0.0833

Epoch [54], Test Acc:  0.3378

Epoch [55], Loss:  307.9429

Epoch [55], Validation Acc:  0.5000

Epoch [55], Test Acc:  0.3378

Epoch [56], Loss:  311.2681

Epoch [56], Validation Acc:  0.4167

Epoch [56], Test Acc:  0.3378

Epoch [57], Loss:  303.0644

Epoch [57], Validation Acc:  0.5000

Epoch [57], Test Acc:  0.3378

Epoch [58], Loss:  301.3390

Epoch [58], Validation Acc:  0.4167

Epoch [58], Test Acc:  0.3378

Epoch [59], Loss:  292.8479

Epoch [59], Validation Acc:  0.2500

Epoch [59], Test Acc:  0.3378

Epoch [60], Loss:  300.7529

Epoch [60], Validation Acc:  0.4167

Epoch [60], Test Acc:  0.3378

Epoch [61], Loss:  300.6172

Epoch [61], Validation Acc:  0.3333

Epoch [61], Test Acc:  0.3378

Epoch [62], Loss:  315.9751

Epoch [62], Validation Acc:  0.4167

Epoch [62], Test Acc:  0.3378

Epoch [63], Loss:  304.8973

Epoch [63], Validation Acc:  0.3333

Epoch [63], Test Acc:  0.3378

Epoch [64], Loss:  296.7746

Epoch [64], Validation Acc:  0.1667

Epoch [64], Test Acc:  0.3378

Epoch [65], Loss:  295.4240

Epoch [65], Validation Acc:  0.1667

Epoch [65], Test Acc:  0.3378

Epoch [66], Loss:  298.3573

Epoch [66], Validation Acc:  0.4167

Epoch [66], Test Acc:  0.3311

Epoch [67], Loss:  301.8765

Epoch [67], Validation Acc:  0.3333

Epoch [67], Test Acc:  0.3243

Epoch [68], Loss:  300.7877

Epoch [68], Validation Acc:  0.1667

Epoch [68], Test Acc:  0.3311

Epoch [69], Loss:  295.6589

Epoch [69], Validation Acc:  0.4167

Epoch [69], Test Acc:  0.3311

Epoch [70], Loss:  301.6789

Epoch [70], Validation Acc:  0.3333

Epoch [70], Test Acc:  0.3311

Epoch [71], Loss:  291.1710

Epoch [71], Validation Acc:  0.0833

Epoch [71], Test Acc:  0.3311

Epoch [72], Loss:  307.4860

Epoch [72], Validation Acc:  0.3333

Epoch [72], Test Acc:  0.3311

Epoch [73], Loss:  307.3304

Epoch [73], Validation Acc:  0.2500

Epoch [73], Test Acc:  0.3311

Epoch [74], Loss:  302.4213

Epoch [74], Validation Acc:  0.5000

Epoch [74], Test Acc:  0.3311

Epoch [75], Loss:  298.3935

Epoch [75], Validation Acc:  0.3333

Epoch [75], Test Acc:  0.3378

Epoch [76], Loss:  297.4853

Epoch [76], Validation Acc:  0.5000

Epoch [76], Test Acc:  0.3311

Epoch [77], Loss:  307.4654

Epoch [77], Validation Acc:  0.3333

Epoch [77], Test Acc:  0.3311

Epoch [78], Loss:  292.5877

Epoch [78], Validation Acc:  0.2500

Epoch [78], Test Acc:  0.3311

Epoch [79], Loss:  307.7773

Epoch [79], Validation Acc:  0.5000

Epoch [79], Test Acc:  0.3311

Epoch [80], Loss:  296.5558

Epoch [80], Validation Acc:  0.3333

Epoch [80], Test Acc:  0.3311

Epoch [81], Loss:  287.6060

Epoch [81], Validation Acc:  0.0833

Epoch [81], Test Acc:  0.3311

Epoch [82], Loss:  286.1632

Epoch [82], Validation Acc:  0.3333

Epoch [82], Test Acc:  0.3311

Epoch [83], Loss:  305.6516

Epoch [83], Validation Acc:  0.5833

Epoch [83], Test Acc:  0.3311

Epoch [84], Loss:  296.6366

Epoch [84], Validation Acc:  0.1667

Epoch [84], Test Acc:  0.3311

Epoch [85], Loss:  299.5687

Epoch [85], Validation Acc:  0.4167

Epoch [85], Test Acc:  0.3243

Epoch [86], Loss:  301.5756

Epoch [86], Validation Acc:  0.5833

Epoch [86], Test Acc:  0.3311

Epoch [87], Loss:  306.0136

Epoch [87], Validation Acc:  0.2500

Epoch [87], Test Acc:  0.3243

Epoch [88], Loss:  305.7714

Epoch [88], Validation Acc:  0.4167

Epoch [88], Test Acc:  0.3243

Epoch [89], Loss:  313.8169

Epoch [89], Validation Acc:  0.4167

Epoch [89], Test Acc:  0.3243

Epoch [90], Loss:  306.6453

Epoch [90], Validation Acc:  0.3333

Epoch [90], Test Acc:  0.3243

Epoch [91], Loss:  303.4562

Epoch [91], Validation Acc:  0.5000

Epoch [91], Test Acc:  0.3243

Epoch [92], Loss:  303.7079

Epoch [92], Validation Acc:  0.3333

Epoch [92], Test Acc:  0.3243

Epoch [93], Loss:  290.6469

Epoch [93], Validation Acc:  0.2500

Epoch [93], Test Acc:  0.3243

Epoch [94], Loss:  295.4697

Epoch [94], Validation Acc:  0.2500

Epoch [94], Test Acc:  0.3243

Epoch [95], Loss:  296.6840

Epoch [95], Validation Acc:  0.1667

Epoch [95], Test Acc:  0.3243

Epoch [96], Loss:  301.0990

Epoch [96], Validation Acc:  0.3333

Epoch [96], Test Acc:  0.3243

Epoch [97], Loss:  293.0948

Epoch [97], Validation Acc:  0.2500

Epoch [97], Test Acc:  0.3243

Epoch [98], Loss:  309.9136

Epoch [98], Validation Acc:  0.4167

Epoch [98], Test Acc:  0.3243

Epoch [99], Loss:  299.3999

Epoch [99], Validation Acc:  0.3333

Epoch [99], Test Acc:  0.3176

Epoch [100], Loss:  289.5263

Epoch [100], Validation Acc:  0.4167

Epoch [100], Test Acc:  0.3243

Testing on test data...
Test Acc:  0.4257
Final alpha:  0.1450
Final beta: -9.1802
Final gamma:  0.3876
Spend time: 69673.5161037445
