dataset_path: ../datasets/ChangjiangRiver_check
result_path: ../results
checkpoint_path: ../checkpoints
train_sample_ratio: 0.8
learning_rate: 0.001
epochs: 100
device: cuda:0
seed: 1
situation: mlp_changjiang_
cor_situation: with_cor_outside_sig_
peak_pick_num: 5
The following files missing: [778, 895, 1388, 1590, 1836, 3195, 5021, 5881, 6487, 8121, 8989, 13399, 15457]
mlp_changjiang_with_cor_outside_sig_test and validation with peak pick number to be 5
Epoch [1], Loss:  104.4167

Epoch [1], Validation Acc:  0.0000

Epoch [1], Test Acc:  0.0238

Epoch [2], Loss:  105.3790

Epoch [2], Validation Acc:  0.0000

Epoch [2], Test Acc:  0.0238

Epoch [3], Loss:  108.8864

Epoch [3], Validation Acc:  0.0000

Epoch [3], Test Acc:  0.0238

Epoch [4], Loss:  103.0071

Epoch [4], Validation Acc:  0.0000

Epoch [4], Test Acc:  0.0238

Epoch [5], Loss:  99.9420

Epoch [5], Validation Acc:  0.0000

Epoch [5], Test Acc:  0.0238

Epoch [6], Loss:  107.4054

Epoch [6], Validation Acc:  0.0000

Epoch [6], Test Acc:  0.0238

Epoch [7], Loss:  104.2979

Epoch [7], Validation Acc:  0.0000

Epoch [7], Test Acc:  0.0238

Epoch [8], Loss:  100.6756

Epoch [8], Validation Acc:  0.0000

Epoch [8], Test Acc:  0.0238

Epoch [9], Loss:  98.9221

Epoch [9], Validation Acc:  0.0000

Epoch [9], Test Acc:  0.0238

Epoch [10], Loss:  105.6854

Epoch [10], Validation Acc:  0.0000

Epoch [10], Test Acc:  0.0238

Epoch [11], Loss:  111.0651

Epoch [11], Validation Acc:  0.0000

Epoch [11], Test Acc:  0.0238

Epoch [12], Loss:  115.1516

Epoch [12], Validation Acc:  0.0000

Epoch [12], Test Acc:  0.0714

Epoch [13], Loss:  105.0655

Epoch [13], Validation Acc:  0.0000

Epoch [13], Test Acc:  0.0714

Epoch [14], Loss:  104.5488

Epoch [14], Validation Acc:  0.0000

Epoch [14], Test Acc:  0.0714

Epoch [15], Loss:  108.4469

Epoch [15], Validation Acc:  0.0000

Epoch [15], Test Acc:  0.0714

Epoch [16], Loss:  108.2771

Epoch [16], Validation Acc:  0.0000

Epoch [16], Test Acc:  0.0714

Epoch [17], Loss:  103.6679

Epoch [17], Validation Acc:  0.0000

Epoch [17], Test Acc:  0.0714

Epoch [18], Loss:  104.1078

Epoch [18], Validation Acc:  0.0000

Epoch [18], Test Acc:  0.0714

Epoch [19], Loss:  108.4584

Epoch [19], Validation Acc:  0.0000

Epoch [19], Test Acc:  0.0714

Epoch [20], Loss:  104.5631

Epoch [20], Validation Acc:  0.0000

Epoch [20], Test Acc:  0.0714

Epoch [21], Loss:  104.9968

Epoch [21], Validation Acc:  0.0000

Epoch [21], Test Acc:  0.0714

Epoch [22], Loss:  101.6854

Epoch [22], Validation Acc:  0.0000

Epoch [22], Test Acc:  0.0714

Epoch [23], Loss:  102.2778

Epoch [23], Validation Acc:  0.0000

Epoch [23], Test Acc:  0.0714

Epoch [24], Loss:  109.2541

Epoch [24], Validation Acc:  0.0000

Epoch [24], Test Acc:  0.0714

Epoch [25], Loss:  110.0948

Epoch [25], Validation Acc:  0.0000

Epoch [25], Test Acc:  0.0714

Epoch [26], Loss:  107.2592

Epoch [26], Validation Acc:  0.0000

Epoch [26], Test Acc:  0.0714

Epoch [27], Loss:  105.4795

Epoch [27], Validation Acc:  0.0000

Epoch [27], Test Acc:  0.0714

Epoch [28], Loss:  104.7895

Epoch [28], Validation Acc:  0.0000

Epoch [28], Test Acc:  0.0714

Epoch [29], Loss:  103.4010

Epoch [29], Validation Acc:  0.0000

Epoch [29], Test Acc:  0.0714

Epoch [30], Loss:  109.1972

Epoch [30], Validation Acc:  0.0000

Epoch [30], Test Acc:  0.0714

Epoch [31], Loss:  103.6169

Epoch [31], Validation Acc:  0.0000

Epoch [31], Test Acc:  0.0714

Epoch [32], Loss:  103.2226

Epoch [32], Validation Acc:  0.0000

Epoch [32], Test Acc:  0.0714

Epoch [33], Loss:  107.1015

Epoch [33], Validation Acc:  0.0000

Epoch [33], Test Acc:  0.0714

Epoch [34], Loss:  102.8979

Epoch [34], Validation Acc:  0.0000

Epoch [34], Test Acc:  0.0714

Epoch [35], Loss:  106.1407

Epoch [35], Validation Acc:  0.0000

Epoch [35], Test Acc:  0.0714

Epoch [36], Loss:  102.6773

Epoch [36], Validation Acc:  0.0000

Epoch [36], Test Acc:  0.0714

Epoch [37], Loss:  100.3631

Epoch [37], Validation Acc:  0.0000

Epoch [37], Test Acc:  0.0714

Epoch [38], Loss:  105.3154

Epoch [38], Validation Acc:  0.0000

Epoch [38], Test Acc:  0.0714

Epoch [39], Loss:  105.0921

Epoch [39], Validation Acc:  0.0000

Epoch [39], Test Acc:  0.0714

Epoch [40], Loss:  108.1660

Epoch [40], Validation Acc:  0.0000

Epoch [40], Test Acc:  0.0714

Epoch [41], Loss:  101.8744

Epoch [41], Validation Acc:  0.0000

Epoch [41], Test Acc:  0.0714

Epoch [42], Loss:  105.8992

Epoch [42], Validation Acc:  0.0000

Epoch [42], Test Acc:  0.0714

Epoch [43], Loss:  105.8098

Epoch [43], Validation Acc:  0.0000

Epoch [43], Test Acc:  0.0714

Epoch [44], Loss:  101.8772

Epoch [44], Validation Acc:  0.0000

Epoch [44], Test Acc:  0.0714

Epoch [45], Loss:  102.0228

Epoch [45], Validation Acc:  0.0000

Epoch [45], Test Acc:  0.0714

Epoch [46], Loss:  102.3411

Epoch [46], Validation Acc:  0.0000

Epoch [46], Test Acc:  0.0714

Epoch [47], Loss:  106.7018

Epoch [47], Validation Acc:  0.0000

Epoch [47], Test Acc:  0.0714

Epoch [48], Loss:  102.1280

Epoch [48], Validation Acc:  0.0000

Epoch [48], Test Acc:  0.0714

Epoch [49], Loss:  100.2435

Epoch [49], Validation Acc:  0.0000

Epoch [49], Test Acc:  0.0714

Epoch [50], Loss:  101.1794

Epoch [50], Validation Acc:  0.0000

