dataset_path: ../datasets/combo
result_path: ../results
checkpoint_path: ../checkpoints
train_sample_ratio: 0.8
learning_rate: 0.001
epochs: 100
device: cuda:0
seed: 1
situation: mlp_Combo_
cor_situation: without_cor_
peak_pick_num: 10
The following files missing: [1, 3, 6, 8, 11, 16, 23, 27, 28, 35, 41, 52, 59, 103, 106, 113, 123, 124, 131, 168, 174, 177, 178, 181, 185, 195, 206, 208, 211, 247, 251, 253, 258, 262, 264, 272, 274, 318, 320, 321, 322, 327]
mlp_Combo_without_cor_test and validation with peak pick number to be 10
Epoch [1], Loss:  295.6047

Epoch [1], Validation Acc:  0.5000

Epoch [1], Test Acc:  0.6351

Epoch [2], Loss:  290.3549

Epoch [2], Validation Acc:  0.5833

Epoch [2], Test Acc:  0.6486

Epoch [3], Loss:  295.7877

Epoch [3], Validation Acc:  0.9167

Epoch [3], Test Acc:  0.6554

Epoch [4], Loss:  291.4218

Epoch [4], Validation Acc:  0.7500

Epoch [4], Test Acc:  0.6622

Epoch [5], Loss:  284.2193

Epoch [5], Validation Acc:  0.5833

Epoch [5], Test Acc:  0.6486

Epoch [6], Loss:  274.5614

Epoch [6], Validation Acc:  0.6667

Epoch [6], Test Acc:  0.6419

Epoch [7], Loss:  280.1310

Epoch [7], Validation Acc:  0.8333

Epoch [7], Test Acc:  0.6351

Epoch [8], Loss:  285.1620

Epoch [8], Validation Acc:  0.8333

Epoch [8], Test Acc:  0.6351

Epoch [9], Loss:  275.6069

Epoch [9], Validation Acc:  0.7500

Epoch [9], Test Acc:  0.6351

Epoch [10], Loss:  277.2421

Epoch [10], Validation Acc:  0.7500

Epoch [10], Test Acc:  0.6351

Epoch [11], Loss:  285.8663

Epoch [11], Validation Acc:  0.9167

Epoch [11], Test Acc:  0.6351

Epoch [12], Loss:  271.7855

Epoch [12], Validation Acc:  1.0000

Epoch [12], Test Acc:  0.6351

Epoch [13], Loss:  259.4184

Epoch [13], Validation Acc:  0.7500

Epoch [13], Test Acc:  0.6351

Epoch [14], Loss:  265.6464

Epoch [14], Validation Acc:  0.7500

Epoch [14], Test Acc:  0.6216

Epoch [15], Loss:  266.7247

Epoch [15], Validation Acc:  0.7500

Epoch [15], Test Acc:  0.6216

Epoch [16], Loss:  266.1721

Epoch [16], Validation Acc:  0.7500

Epoch [16], Test Acc:  0.6149

Epoch [17], Loss:  253.9997

Epoch [17], Validation Acc:  0.7500

Epoch [17], Test Acc:  0.6149

Epoch [18], Loss:  250.9459

Epoch [18], Validation Acc:  0.8333

Epoch [18], Test Acc:  0.6149

Epoch [19], Loss:  263.5894

Epoch [19], Validation Acc:  0.7500

Epoch [19], Test Acc:  0.6149

Epoch [20], Loss:  249.0309

Epoch [20], Validation Acc:  0.6667

Epoch [20], Test Acc:  0.6149

Epoch [21], Loss:  253.9257

Epoch [21], Validation Acc:  0.9167

Epoch [21], Test Acc:  0.6149

Epoch [22], Loss:  245.3589

Epoch [22], Validation Acc:  0.6667

Epoch [22], Test Acc:  0.6149

Epoch [23], Loss:  251.2512

Epoch [23], Validation Acc:  0.5833

Epoch [23], Test Acc:  0.6149

Epoch [24], Loss:  250.0477

Epoch [24], Validation Acc:  0.5000

Epoch [24], Test Acc:  0.6149

Epoch [25], Loss:  250.7474

Epoch [25], Validation Acc:  0.7500

Epoch [25], Test Acc:  0.6149

Epoch [26], Loss:  240.1283

Epoch [26], Validation Acc:  0.6667

Epoch [26], Test Acc:  0.6149

Epoch [27], Loss:  238.9489

Epoch [27], Validation Acc:  0.5833

Epoch [27], Test Acc:  0.6149

Epoch [28], Loss:  236.9881

Epoch [28], Validation Acc:  0.6667

Epoch [28], Test Acc:  0.6149

Epoch [29], Loss:  231.9879

Epoch [29], Validation Acc:  0.5833

Epoch [29], Test Acc:  0.6216

Epoch [30], Loss:  226.7617

Epoch [30], Validation Acc:  0.6667

Epoch [30], Test Acc:  0.6081

Epoch [31], Loss:  242.3564

Epoch [31], Validation Acc:  0.7500

Epoch [31], Test Acc:  0.6081

Epoch [32], Loss:  246.1629

Epoch [32], Validation Acc:  0.7500

Epoch [32], Test Acc:  0.6081

Epoch [33], Loss:  234.4881

Epoch [33], Validation Acc:  0.5833

Epoch [33], Test Acc:  0.6149

Epoch [34], Loss:  222.3762

Epoch [34], Validation Acc:  0.8333

Epoch [34], Test Acc:  0.6014

Epoch [35], Loss:  238.3165

Epoch [35], Validation Acc:  0.6667

Epoch [35], Test Acc:  0.6149

Epoch [36], Loss:  219.9572

Epoch [36], Validation Acc:  0.5833

Epoch [36], Test Acc:  0.6014

Epoch [37], Loss:  215.7243

Epoch [37], Validation Acc:  0.5833

Epoch [37], Test Acc:  0.6014

Epoch [38], Loss:  225.3729

Epoch [38], Validation Acc:  0.6667

Epoch [38], Test Acc:  0.6014

Epoch [39], Loss:  234.4169

Epoch [39], Validation Acc:  0.8333

Epoch [39], Test Acc:  0.6014

Epoch [40], Loss:  227.4214

Epoch [40], Validation Acc:  0.7500

Epoch [40], Test Acc:  0.5946

Epoch [41], Loss:  225.5672

Epoch [41], Validation Acc:  0.8333

Epoch [41], Test Acc:  0.5946

Epoch [42], Loss:  217.1949

Epoch [42], Validation Acc:  0.7500

Epoch [42], Test Acc:  0.5946

Epoch [43], Loss:  215.0925

Epoch [43], Validation Acc:  0.5833

Epoch [43], Test Acc:  0.5946

Epoch [44], Loss:  212.1499

Epoch [44], Validation Acc:  0.6667

Epoch [44], Test Acc:  0.5946

Epoch [45], Loss:  221.6932

Epoch [45], Validation Acc:  0.6667

Epoch [45], Test Acc:  0.5946

Epoch [46], Loss:  196.9728

Epoch [46], Validation Acc:  0.5000

Epoch [46], Test Acc:  0.5946

Epoch [47], Loss:  206.3330

Epoch [47], Validation Acc:  0.6667

Epoch [47], Test Acc:  0.5946

Epoch [48], Loss:  201.4141

Epoch [48], Validation Acc:  0.5000

Epoch [48], Test Acc:  0.6014

Epoch [49], Loss:  208.6919

Epoch [49], Validation Acc:  0.6667

Epoch [49], Test Acc:  0.5946

Epoch [50], Loss:  215.7158

Epoch [50], Validation Acc:  0.6667

Epoch [50], Test Acc:  0.5946

Epoch [51], Loss:  198.6147

Epoch [51], Validation Acc:  0.5000

Epoch [51], Test Acc:  0.5946

Epoch [52], Loss:  197.2825

Epoch [52], Validation Acc:  0.5000

Epoch [52], Test Acc:  0.5946

Epoch [53], Loss:  198.0234

Epoch [53], Validation Acc:  0.5833

Epoch [53], Test Acc:  0.5946

Epoch [54], Loss:  203.5045

Epoch [54], Validation Acc:  0.7500

Epoch [54], Test Acc:  0.5946

Epoch [55], Loss:  197.6172

Epoch [55], Validation Acc:  0.8333

Epoch [55], Test Acc:  0.5946

Epoch [56], Loss:  204.0094

Epoch [56], Validation Acc:  0.5833

Epoch [56], Test Acc:  0.5946

Epoch [57], Loss:  199.1973

Epoch [57], Validation Acc:  0.8333

Epoch [57], Test Acc:  0.5946

Epoch [58], Loss:  202.5946

Epoch [58], Validation Acc:  0.6667

Epoch [58], Test Acc:  0.6014

Epoch [59], Loss:  176.6113

Epoch [59], Validation Acc:  0.4167

Epoch [59], Test Acc:  0.5946

Epoch [60], Loss:  185.1922

Epoch [60], Validation Acc:  0.6667

Epoch [60], Test Acc:  0.5946

Epoch [61], Loss:  192.3072

Epoch [61], Validation Acc:  0.7500

Epoch [61], Test Acc:  0.6014

Epoch [62], Loss:  209.3249

Epoch [62], Validation Acc:  0.7500

Epoch [62], Test Acc:  0.6014

Epoch [63], Loss:  185.4426

Epoch [63], Validation Acc:  0.5000

Epoch [63], Test Acc:  0.5946

Epoch [64], Loss:  188.2155

Epoch [64], Validation Acc:  0.5833

Epoch [64], Test Acc:  0.6014

Epoch [65], Loss:  181.0305

Epoch [65], Validation Acc:  0.6667

Epoch [65], Test Acc:  0.5946

Epoch [66], Loss:  175.0695

Epoch [66], Validation Acc:  0.5833

Epoch [66], Test Acc:  0.5946

Epoch [67], Loss:  188.8717

Epoch [67], Validation Acc:  0.7500

Epoch [67], Test Acc:  0.5946

Epoch [68], Loss:  186.3752

Epoch [68], Validation Acc:  0.5000

Epoch [68], Test Acc:  0.5946

Epoch [69], Loss:  179.5658

Epoch [69], Validation Acc:  0.6667

Epoch [69], Test Acc:  0.5946

Epoch [70], Loss:  185.8264

Epoch [70], Validation Acc:  0.7500

Epoch [70], Test Acc:  0.5946

Epoch [71], Loss:  183.6715

Epoch [71], Validation Acc:  0.5833

Epoch [71], Test Acc:  0.5946

Epoch [72], Loss:  191.3870

Epoch [72], Validation Acc:  0.7500

Epoch [72], Test Acc:  0.5946

Epoch [73], Loss:  187.7891

Epoch [73], Validation Acc:  0.5000

Epoch [73], Test Acc:  0.5946

Epoch [74], Loss:  191.8177

Epoch [74], Validation Acc:  0.8333

Epoch [74], Test Acc:  0.5946

Epoch [75], Loss:  181.3874

Epoch [75], Validation Acc:  0.6667

Epoch [75], Test Acc:  0.5878

Epoch [76], Loss:  187.7639

Epoch [76], Validation Acc:  0.8333

Epoch [76], Test Acc:  0.5946

Epoch [77], Loss:  186.8893

Epoch [77], Validation Acc:  0.6667

Epoch [77], Test Acc:  0.5946

Epoch [78], Loss:  171.0397

Epoch [78], Validation Acc:  0.5833

Epoch [78], Test Acc:  0.5946

Epoch [79], Loss:  180.4600

Epoch [79], Validation Acc:  0.7500

Epoch [79], Test Acc:  0.5878

Epoch [80], Loss:  172.5476

Epoch [80], Validation Acc:  0.5000

Epoch [80], Test Acc:  0.5946

Epoch [81], Loss:  171.4246

Epoch [81], Validation Acc:  0.5833

Epoch [81], Test Acc:  0.5946

Epoch [82], Loss:  161.0899

Epoch [82], Validation Acc:  0.5000

Epoch [82], Test Acc:  0.5878

Epoch [83], Loss:  170.4969

Epoch [83], Validation Acc:  0.6667

Epoch [83], Test Acc:  0.5878

Epoch [84], Loss:  173.5934

Epoch [84], Validation Acc:  0.7500

Epoch [84], Test Acc:  0.5878

Epoch [85], Loss:  170.6236

Epoch [85], Validation Acc:  0.5000

Epoch [85], Test Acc:  0.5878

Epoch [86], Loss:  185.9736

Epoch [86], Validation Acc:  0.9167

Epoch [86], Test Acc:  0.5811

Epoch [87], Loss:  170.0320

Epoch [87], Validation Acc:  0.4167

Epoch [87], Test Acc:  0.5878

Epoch [88], Loss:  185.9654

Epoch [88], Validation Acc:  0.7500

Epoch [88], Test Acc:  0.5878

Epoch [89], Loss:  176.5316

Epoch [89], Validation Acc:  0.6667

Epoch [89], Test Acc:  0.5878

Epoch [90], Loss:  172.9717

Epoch [90], Validation Acc:  0.6667

Epoch [90], Test Acc:  0.5878

Epoch [91], Loss:  166.0390

Epoch [91], Validation Acc:  0.5833

Epoch [91], Test Acc:  0.5878

Epoch [92], Loss:  166.1537

Epoch [92], Validation Acc:  0.5833

Epoch [92], Test Acc:  0.5878

Epoch [93], Loss:  165.3427

Epoch [93], Validation Acc:  0.6667

Epoch [93], Test Acc:  0.5878

Epoch [94], Loss:  163.9141

Epoch [94], Validation Acc:  0.7500

Epoch [94], Test Acc:  0.5878

Epoch [95], Loss:  167.9681

Epoch [95], Validation Acc:  0.6667

Epoch [95], Test Acc:  0.5878

Epoch [96], Loss:  174.4157

Epoch [96], Validation Acc:  0.6667

Epoch [96], Test Acc:  0.5878

Epoch [97], Loss:  173.5893

Epoch [97], Validation Acc:  0.8333

Epoch [97], Test Acc:  0.5878

Epoch [98], Loss:  177.1365

Epoch [98], Validation Acc:  0.8333

Epoch [98], Test Acc:  0.5811

Epoch [99], Loss:  176.4565

Epoch [99], Validation Acc:  0.7500

Epoch [99], Test Acc:  0.5811

Epoch [100], Loss:  156.5725

Epoch [100], Validation Acc:  0.7500

Epoch [100], Test Acc:  0.5743

Testing on test data...
Test Acc:  0.6622
Final alpha:  0.1396
Final beta: -9.1609
Final gamma:  0.4906
Spend time: 68650.72883319855
