dataset_path: ../datasets/combo
result_path: ../results
checkpoint_path: ../checkpoints
train_sample_ratio: 0.8
learning_rate: 0.001
epochs: 100
device: cuda:0
seed: 1
situation: mlp_Combo_
cor_situation: with_cor_outside_sig_
peak_pick_num: 5
The following files missing: [1, 3, 6, 8, 11, 16, 23, 27, 28, 35, 41, 52, 59, 103, 106, 113, 123, 124, 131, 168, 174, 177, 178, 181, 185, 195, 206, 208, 211, 247, 251, 253, 258, 262, 264, 272, 274, 318, 320, 321, 322, 327]
mlp_Combo_with_cor_outside_sig_test and validation with peak pick number to be 5
Epoch [1], Loss:  321.6825

Epoch [1], Validation Acc:  0.1667

Epoch [1], Test Acc:  0.3446

Epoch [2], Loss:  317.5994

Epoch [2], Validation Acc:  0.3333

Epoch [2], Test Acc:  0.3446

Epoch [3], Loss:  324.8273

Epoch [3], Validation Acc:  0.4167

Epoch [3], Test Acc:  0.3446

Epoch [4], Loss:  324.1446

Epoch [4], Validation Acc:  0.5000

Epoch [4], Test Acc:  0.3446

Epoch [5], Loss:  318.9017

Epoch [5], Validation Acc:  0.3333

Epoch [5], Test Acc:  0.3446

Epoch [6], Loss:  314.4301

Epoch [6], Validation Acc:  0.4167

Epoch [6], Test Acc:  0.3446

Epoch [7], Loss:  319.1779

Epoch [7], Validation Acc:  0.4167

Epoch [7], Test Acc:  0.3446

Epoch [8], Loss:  319.3858

Epoch [8], Validation Acc:  0.1667

Epoch [8], Test Acc:  0.3446

Epoch [9], Loss:  316.3483

Epoch [9], Validation Acc:  0.1667

Epoch [9], Test Acc:  0.3446

Epoch [10], Loss:  319.8083

Epoch [10], Validation Acc:  0.2500

Epoch [10], Test Acc:  0.3446

Epoch [11], Loss:  327.0700

Epoch [11], Validation Acc:  0.4167

Epoch [11], Test Acc:  0.3446

Epoch [12], Loss:  316.4290

Epoch [12], Validation Acc:  0.5000

Epoch [12], Test Acc:  0.3446

Epoch [13], Loss:  308.9117

Epoch [13], Validation Acc:  0.4167

Epoch [13], Test Acc:  0.3446

Epoch [14], Loss:  312.9343

Epoch [14], Validation Acc:  0.3333

Epoch [14], Test Acc:  0.3446

Epoch [15], Loss:  318.5919

Epoch [15], Validation Acc:  0.3333

Epoch [15], Test Acc:  0.3446

Epoch [16], Loss:  314.3030

Epoch [16], Validation Acc:  0.2500

Epoch [16], Test Acc:  0.3446

Epoch [17], Loss:  310.5100

Epoch [17], Validation Acc:  0.3333

Epoch [17], Test Acc:  0.3311

Epoch [18], Loss:  309.5000

Epoch [18], Validation Acc:  0.3333

Epoch [18], Test Acc:  0.3311

Epoch [19], Loss:  319.2331

Epoch [19], Validation Acc:  0.2500

Epoch [19], Test Acc:  0.3243

Epoch [20], Loss:  310.2358

Epoch [20], Validation Acc:  0.4167

Epoch [20], Test Acc:  0.3243

Epoch [21], Loss:  309.3956

Epoch [21], Validation Acc:  0.4167

Epoch [21], Test Acc:  0.3243

Epoch [22], Loss:  312.7213

Epoch [22], Validation Acc:  0.4167

Epoch [22], Test Acc:  0.3243

Epoch [23], Loss:  320.2199

Epoch [23], Validation Acc:  0.4167

Epoch [23], Test Acc:  0.3243

Epoch [24], Loss:  320.5051

Epoch [24], Validation Acc:  0.2500

Epoch [24], Test Acc:  0.3243

Epoch [25], Loss:  317.7233

Epoch [25], Validation Acc:  0.5000

Epoch [25], Test Acc:  0.3243

Epoch [26], Loss:  310.6890

Epoch [26], Validation Acc:  0.5000

Epoch [26], Test Acc:  0.3243

Epoch [27], Loss:  313.6537

Epoch [27], Validation Acc:  0.2500

Epoch [27], Test Acc:  0.3243

Epoch [28], Loss:  306.8020

Epoch [28], Validation Acc:  0.4167

Epoch [28], Test Acc:  0.3243

Epoch [29], Loss:  306.7265

Epoch [29], Validation Acc:  0.4167

Epoch [29], Test Acc:  0.3243

Epoch [30], Loss:  305.7406

Epoch [30], Validation Acc:  0.4167

Epoch [30], Test Acc:  0.3243

Epoch [31], Loss:  316.6390

Epoch [31], Validation Acc:  0.4167

Epoch [31], Test Acc:  0.3243

Epoch [32], Loss:  320.4096

Epoch [32], Validation Acc:  0.2500

Epoch [32], Test Acc:  0.3243

Epoch [33], Loss:  318.7794

Epoch [33], Validation Acc:  0.0833

Epoch [33], Test Acc:  0.3243

Epoch [34], Loss:  300.2488

Epoch [34], Validation Acc:  0.2500

Epoch [34], Test Acc:  0.3243

Epoch [35], Loss:  320.6410

Epoch [35], Validation Acc:  0.2500

Epoch [35], Test Acc:  0.3243

Epoch [36], Loss:  306.1514

Epoch [36], Validation Acc:  0.0833

Epoch [36], Test Acc:  0.3243

Epoch [37], Loss:  300.2856

Epoch [37], Validation Acc:  0.1667

Epoch [37], Test Acc:  0.3243

Epoch [38], Loss:  312.5912

Epoch [38], Validation Acc:  0.4167

Epoch [38], Test Acc:  0.3108

Epoch [39], Loss:  318.4397

Epoch [39], Validation Acc:  0.3333

Epoch [39], Test Acc:  0.3108

Epoch [40], Loss:  311.7226

Epoch [40], Validation Acc:  0.3333

Epoch [40], Test Acc:  0.3108

Epoch [41], Loss:  308.8620

Epoch [41], Validation Acc:  0.4167

Epoch [41], Test Acc:  0.3108

Epoch [42], Loss:  310.4771

Epoch [42], Validation Acc:  0.2500

Epoch [42], Test Acc:  0.2973

Epoch [43], Loss:  311.0131

Epoch [43], Validation Acc:  0.3333

Epoch [43], Test Acc:  0.2973

Epoch [44], Loss:  306.1002

Epoch [44], Validation Acc:  0.2500

Epoch [44], Test Acc:  0.2973

Epoch [45], Loss:  309.1102

Epoch [45], Validation Acc:  0.3333

Epoch [45], Test Acc:  0.2973

Epoch [46], Loss:  301.9029

Epoch [46], Validation Acc:  0.3333

Epoch [46], Test Acc:  0.2973

Epoch [47], Loss:  304.2708

Epoch [47], Validation Acc:  0.1667

Epoch [47], Test Acc:  0.2973

Epoch [48], Loss:  305.0006

Epoch [48], Validation Acc:  0.2500

Epoch [48], Test Acc:  0.2905

Epoch [49], Loss:  312.1957

Epoch [49], Validation Acc:  0.2500

Epoch [49], Test Acc:  0.2905

Epoch [50], Loss:  310.0617

Epoch [50], Validation Acc:  0.4167

Epoch [50], Test Acc:  0.2905

Epoch [51], Loss:  305.7880

Epoch [51], Validation Acc:  0.1667

Epoch [51], Test Acc:  0.2905

Epoch [52], Loss:  304.7857

Epoch [52], Validation Acc:  0.1667

Epoch [52], Test Acc:  0.2838

Epoch [53], Loss:  304.5481

Epoch [53], Validation Acc:  0.1667

Epoch [53], Test Acc:  0.2838

Epoch [54], Loss:  299.5666

Epoch [54], Validation Acc:  0.0833

Epoch [54], Test Acc:  0.2838

Epoch [55], Loss:  309.7929

Epoch [55], Validation Acc:  0.5000

Epoch [55], Test Acc:  0.2838

Epoch [56], Loss:  313.9250

Epoch [56], Validation Acc:  0.4167

Epoch [56], Test Acc:  0.2838

Epoch [57], Loss:  305.8433

Epoch [57], Validation Acc:  0.5000

Epoch [57], Test Acc:  0.2838

Epoch [58], Loss:  304.8927

Epoch [58], Validation Acc:  0.4167

Epoch [58], Test Acc:  0.2838

Epoch [59], Loss:  295.9598

Epoch [59], Validation Acc:  0.2500

Epoch [59], Test Acc:  0.2770

Epoch [60], Loss:  303.4399

Epoch [60], Validation Acc:  0.3333

Epoch [60], Test Acc:  0.2770

Epoch [61], Loss:  304.3261

Epoch [61], Validation Acc:  0.3333

Epoch [61], Test Acc:  0.2770

Epoch [62], Loss:  320.0465

Epoch [62], Validation Acc:  0.4167

Epoch [62], Test Acc:  0.2770

Epoch [63], Loss:  308.6319

Epoch [63], Validation Acc:  0.3333

Epoch [63], Test Acc:  0.2770

Epoch [64], Loss:  301.4840

Epoch [64], Validation Acc:  0.1667

Epoch [64], Test Acc:  0.2770

Epoch [65], Loss:  298.9877

Epoch [65], Validation Acc:  0.1667

Epoch [65], Test Acc:  0.2770

Epoch [66], Loss:  301.6971

Epoch [66], Validation Acc:  0.3333

Epoch [66], Test Acc:  0.2770

Epoch [67], Loss:  306.1145

Epoch [67], Validation Acc:  0.3333

Epoch [67], Test Acc:  0.2703

Epoch [68], Loss:  305.7728

Epoch [68], Validation Acc:  0.1667

Epoch [68], Test Acc:  0.2770

Epoch [69], Loss:  299.5989

Epoch [69], Validation Acc:  0.4167

Epoch [69], Test Acc:  0.2770

Epoch [70], Loss:  305.7067

Epoch [70], Validation Acc:  0.3333

Epoch [70], Test Acc:  0.2703

Epoch [71], Loss:  295.9211

Epoch [71], Validation Acc:  0.0833

Epoch [71], Test Acc:  0.2703

Epoch [72], Loss:  311.2065

Epoch [72], Validation Acc:  0.3333

Epoch [72], Test Acc:  0.2703

Epoch [73], Loss:  311.0392

Epoch [73], Validation Acc:  0.1667

Epoch [73], Test Acc:  0.2635

Epoch [74], Loss:  306.1010

Epoch [74], Validation Acc:  0.5000

Epoch [74], Test Acc:  0.2635

Epoch [75], Loss:  303.1439

Epoch [75], Validation Acc:  0.2500

Epoch [75], Test Acc:  0.2635

Epoch [76], Loss:  301.8808

Epoch [76], Validation Acc:  0.5000

Epoch [76], Test Acc:  0.2635

Epoch [77], Loss:  311.5879

Epoch [77], Validation Acc:  0.3333

Epoch [77], Test Acc:  0.2635

Epoch [78], Loss:  296.6477

Epoch [78], Validation Acc:  0.2500

Epoch [78], Test Acc:  0.2635

Epoch [79], Loss:  311.9160

Epoch [79], Validation Acc:  0.5000

Epoch [79], Test Acc:  0.2635

Epoch [80], Loss:  300.7571

Epoch [80], Validation Acc:  0.3333

Epoch [80], Test Acc:  0.2635

Epoch [81], Loss:  293.5122

Epoch [81], Validation Acc:  0.0833

Epoch [81], Test Acc:  0.2635

Epoch [82], Loss:  291.1659

Epoch [82], Validation Acc:  0.3333

Epoch [82], Test Acc:  0.2635

Epoch [83], Loss:  307.7556

Epoch [83], Validation Acc:  0.5000

Epoch [83], Test Acc:  0.2635

Epoch [84], Loss:  301.1337

Epoch [84], Validation Acc:  0.2500

Epoch [84], Test Acc:  0.2635

Epoch [85], Loss:  302.8863

Epoch [85], Validation Acc:  0.3333

Epoch [85], Test Acc:  0.2635

Epoch [86], Loss:  305.1315

Epoch [86], Validation Acc:  0.5833

Epoch [86], Test Acc:  0.2635

Epoch [87], Loss:  311.4657

Epoch [87], Validation Acc:  0.1667

Epoch [87], Test Acc:  0.2635

Epoch [88], Loss:  309.2160

Epoch [88], Validation Acc:  0.4167

Epoch [88], Test Acc:  0.2635

Epoch [89], Loss:  318.3568

Epoch [89], Validation Acc:  0.4167

Epoch [89], Test Acc:  0.2635

Epoch [90], Loss:  311.5366

Epoch [90], Validation Acc:  0.3333

Epoch [90], Test Acc:  0.2635

Epoch [91], Loss:  307.9894

Epoch [91], Validation Acc:  0.5000

Epoch [91], Test Acc:  0.2635

Epoch [92], Loss:  309.1050

Epoch [92], Validation Acc:  0.4167

Epoch [92], Test Acc:  0.2635

Epoch [93], Loss:  296.3061

Epoch [93], Validation Acc:  0.2500

Epoch [93], Test Acc:  0.2635

Epoch [94], Loss:  299.7678

Epoch [94], Validation Acc:  0.2500

Epoch [94], Test Acc:  0.2635

Epoch [95], Loss:  302.5158

Epoch [95], Validation Acc:  0.1667

Epoch [95], Test Acc:  0.2635

Epoch [96], Loss:  307.0474

Epoch [96], Validation Acc:  0.3333

Epoch [96], Test Acc:  0.2635

Epoch [97], Loss:  298.1783

Epoch [97], Validation Acc:  0.2500

Epoch [97], Test Acc:  0.2635

Epoch [98], Loss:  314.4306

Epoch [98], Validation Acc:  0.5000

Epoch [98], Test Acc:  0.2635

Epoch [99], Loss:  304.1877

Epoch [99], Validation Acc:  0.3333

Epoch [99], Test Acc:  0.2635

Epoch [100], Loss:  292.9776

Epoch [100], Validation Acc:  0.4167

Epoch [100], Test Acc:  0.2635

Testing on test data...
Test Acc:  0.3446
Final alpha:  0.0004
Final beta: -9.5420
Final gamma:  0.4327
Spend time: 68781.86378383636
