dataset_path: ../datasets/Sediment_check
result_path: ../results
checkpoint_path: ../checkpoints
train_sample_ratio: 0.8
learning_rate: 0.001
epochs: 100
device: cuda:0
seed: 1
situation: mlp_Sediment_
cor_situation: with_cor_inside_sig_
peak_pick_num: 5
The following files missing: [7437, 7688, 7744, 8407, 13399]
mlp_Sediment_with_cor_inside_sig_test and validation with peak pick number to be 5
Epoch [1], Loss:  35.0903

Epoch [1], Validation Acc:  0.0000

Epoch [1], Test Acc:  0.0000

Epoch [2], Loss:  32.0448

Epoch [2], Validation Acc:  0.0000

Epoch [2], Test Acc:  0.0000

Epoch [3], Loss:  35.0843

Epoch [3], Validation Acc:  0.0000

Epoch [3], Test Acc:  0.0000

Epoch [4], Loss:  33.8182

Epoch [4], Validation Acc:  0.0000

Epoch [4], Test Acc:  0.0000

Epoch [5], Loss:  33.8160

Epoch [5], Validation Acc:  0.0000

Epoch [5], Test Acc:  0.0000

Epoch [6], Loss:  33.3267

Epoch [6], Validation Acc:  0.0000

Epoch [6], Test Acc:  0.0000

Epoch [7], Loss:  33.8117

Epoch [7], Validation Acc:  0.0000

Epoch [7], Test Acc:  0.0000

Epoch [8], Loss:  32.0284

Epoch [8], Validation Acc:  0.0000

Epoch [8], Test Acc:  0.0000

Epoch [9], Loss:  32.4242

Epoch [9], Validation Acc:  0.0000

Epoch [9], Test Acc:  0.0000

Epoch [10], Loss:  35.0642

Epoch [10], Validation Acc:  0.0000

Epoch [10], Test Acc:  0.0000

Epoch [11], Loss:  33.8031

Epoch [11], Validation Acc:  0.0000

Epoch [11], Test Acc:  0.0000

Epoch [12], Loss:  35.0588

Epoch [12], Validation Acc:  0.0000

Epoch [12], Test Acc:  0.0000

Epoch [13], Loss:  32.0148

Epoch [13], Validation Acc:  0.0000

Epoch [13], Test Acc:  0.0000

Epoch [14], Loss:  32.4145

Epoch [14], Validation Acc:  0.0000

Epoch [14], Test Acc:  0.0000

Epoch [15], Loss:  33.7941

Epoch [15], Validation Acc:  0.0000

Epoch [15], Test Acc:  0.0000

Epoch [16], Loss:  32.4103

Epoch [16], Validation Acc:  0.0000

Epoch [16], Test Acc:  0.0000

Epoch [17], Loss:  33.7902

Epoch [17], Validation Acc:  0.0000

Epoch [17], Test Acc:  0.0000

Epoch [18], Loss:  32.4071

Epoch [18], Validation Acc:  0.0000

Epoch [18], Test Acc:  0.0000

Epoch [19], Loss:  31.9995

Epoch [19], Validation Acc:  0.0000

Epoch [19], Test Acc:  0.0000

Epoch [20], Loss:  33.7846

Epoch [20], Validation Acc:  0.0000

Epoch [20], Test Acc:  0.0000

Epoch [21], Loss:  31.9941

Epoch [21], Validation Acc:  0.0000

Epoch [21], Test Acc:  0.0000

Epoch [22], Loss:  31.9910

Epoch [22], Validation Acc:  0.0000

Epoch [22], Test Acc:  0.0000

Epoch [23], Loss:  33.2918

Epoch [23], Validation Acc:  0.0000

Epoch [23], Test Acc:  0.0000

Epoch [24], Loss:  31.9858

Epoch [24], Validation Acc:  0.0000

Epoch [24], Test Acc:  0.0000

Epoch [25], Loss:  33.2874

Epoch [25], Validation Acc:  0.0000

Epoch [25], Test Acc:  0.0000

Epoch [26], Loss:  33.7712

Epoch [26], Validation Acc:  0.0000

Epoch [26], Test Acc:  0.0000

Epoch [27], Loss:  35.0169

Epoch [27], Validation Acc:  0.0000

Epoch [27], Test Acc:  0.0000

Epoch [28], Loss:  33.7666

Epoch [28], Validation Acc:  0.0000

Epoch [28], Test Acc:  0.0000

Epoch [29], Loss:  31.9716

Epoch [29], Validation Acc:  0.0000

Epoch [29], Test Acc:  0.0000

Epoch [30], Loss:  35.0087

Epoch [30], Validation Acc:  0.0000

Epoch [30], Test Acc:  0.0000

Epoch [31], Loss:  33.7603

Epoch [31], Validation Acc:  0.0000

Epoch [31], Test Acc:  0.0000

Epoch [32], Loss:  33.7578

Epoch [32], Validation Acc:  0.0000

Epoch [32], Test Acc:  0.0000

Epoch [33], Loss:  32.3793

Epoch [33], Validation Acc:  0.0000

Epoch [33], Test Acc:  0.0000

Epoch [34], Loss:  34.9969

Epoch [34], Validation Acc:  0.0000

Epoch [34], Test Acc:  0.0000

Epoch [35], Loss:  33.2668

Epoch [35], Validation Acc:  0.0000

Epoch [35], Test Acc:  0.0000

Epoch [36], Loss:  33.7496

Epoch [36], Validation Acc:  0.0000

Epoch [36], Test Acc:  0.0000

Epoch [37], Loss:  33.7480

Epoch [37], Validation Acc:  0.0000

Epoch [37], Test Acc:  0.0000

Epoch [38], Loss:  32.3701

Epoch [38], Validation Acc:  0.0000

Epoch [38], Test Acc:  0.0000

Epoch [39], Loss:  33.2587

Epoch [39], Validation Acc:  0.0000

Epoch [39], Test Acc:  0.0000

Epoch [40], Loss:  32.3667

Epoch [40], Validation Acc:  0.0000

Epoch [40], Test Acc:  0.0000

Epoch [41], Loss:  33.2552

Epoch [41], Validation Acc:  0.0000

Epoch [41], Test Acc:  0.0000

Epoch [42], Loss:  32.3635

Epoch [42], Validation Acc:  0.0000

Epoch [42], Test Acc:  0.0000

Epoch [43], Loss:  32.3622

Epoch [43], Validation Acc:  0.0000

Epoch [43], Test Acc:  0.0000

Epoch [44], Loss:  31.9342

Epoch [44], Validation Acc:  0.0000

Epoch [44], Test Acc:  0.0000

Epoch [45], Loss:  33.7328

Epoch [45], Validation Acc:  0.0000

Epoch [45], Test Acc:  0.0000

Epoch [46], Loss:  32.3570

Epoch [46], Validation Acc:  0.0000

Epoch [46], Test Acc:  0.0000

Epoch [47], Loss:  32.3554

Epoch [47], Validation Acc:  0.0000

Epoch [47], Test Acc:  0.0000

Epoch [48], Loss:  33.7273

Epoch [48], Validation Acc:  0.0000

Epoch [48], Test Acc:  0.0000

Epoch [49], Loss:  34.9601

Epoch [49], Validation Acc:  0.0000

Epoch [49], Test Acc:  0.0000

Epoch [50], Loss:  31.9197

Epoch [50], Validation Acc:  0.0000

Epoch [50], Test Acc:  0.0000

Epoch [51], Loss:  34.9541

Epoch [51], Validation Acc:  0.0000

Epoch [51], Test Acc:  0.0000

Epoch [52], Loss:  32.3466

Epoch [52], Validation Acc:  0.0000

Epoch [52], Test Acc:  0.0000

Epoch [53], Loss:  32.3451

Epoch [53], Validation Acc:  0.0000

Epoch [53], Test Acc:  0.0000

Epoch [54], Loss:  33.7151

Epoch [54], Validation Acc:  0.0000

Epoch [54], Test Acc:  0.0000

Epoch [55], Loss:  33.2284

Epoch [55], Validation Acc:  0.0000

Epoch [55], Test Acc:  0.0000

Epoch [56], Loss:  32.3397

Epoch [56], Validation Acc:  0.0000

Epoch [56], Test Acc:  0.0000

Epoch [57], Loss:  33.7095

Epoch [57], Validation Acc:  0.0000

Epoch [57], Test Acc:  0.0000

Epoch [58], Loss:  33.7079

Epoch [58], Validation Acc:  0.0000

Epoch [58], Test Acc:  0.0000

Epoch [59], Loss:  31.8968

Epoch [59], Validation Acc:  0.0000

Epoch [59], Test Acc:  0.0000

Epoch [60], Loss:  33.2191

Epoch [60], Validation Acc:  0.0000

Epoch [60], Test Acc:  0.0000

Epoch [61], Loss:  33.2173

Epoch [61], Validation Acc:  0.0000

Epoch [61], Test Acc:  0.0000

Epoch [62], Loss:  32.3299

Epoch [62], Validation Acc:  0.0000

Epoch [62], Test Acc:  0.0000

Epoch [63], Loss:  34.9238

Epoch [63], Validation Acc:  0.0000

Epoch [63], Test Acc:  0.0000

Epoch [64], Loss:  32.3268

Epoch [64], Validation Acc:  0.0000

Epoch [64], Test Acc:  0.0000

Epoch [65], Loss:  31.8821

Epoch [65], Validation Acc:  0.0000

Epoch [65], Test Acc:  0.0000

Epoch [66], Loss:  32.3228

Epoch [66], Validation Acc:  0.0000

Epoch [66], Test Acc:  0.0000

Epoch [67], Loss:  33.2061

Epoch [67], Validation Acc:  0.0000

Epoch [67], Test Acc:  0.0000

Epoch [68], Loss:  34.9113

Epoch [68], Validation Acc:  0.0000

Epoch [68], Test Acc:  0.0000

Epoch [69], Loss:  32.3177

Epoch [69], Validation Acc:  0.0000

Epoch [69], Test Acc:  0.0000

Epoch [70], Loss:  33.2005

Epoch [70], Validation Acc:  0.0000

Epoch [70], Test Acc:  0.0000

Epoch [71], Loss:  32.3145

Epoch [71], Validation Acc:  0.0000

Epoch [71], Test Acc:  0.0000

Epoch [72], Loss:  31.8646

Epoch [72], Validation Acc:  0.0000

Epoch [72], Test Acc:  0.0000

Epoch [73], Loss:  32.3112

Epoch [73], Validation Acc:  0.0000

Epoch [73], Test Acc:  0.0000

Epoch [74], Loss:  33.6770

Epoch [74], Validation Acc:  0.0000

Epoch [74], Test Acc:  0.0000

Epoch [75], Loss:  32.3082

Epoch [75], Validation Acc:  0.0000

Epoch [75], Test Acc:  0.0000

Epoch [76], Loss:  33.6736

Epoch [76], Validation Acc:  0.0000

Epoch [76], Test Acc:  0.0000

Epoch [77], Loss:  33.6720

Epoch [77], Validation Acc:  0.0000

Epoch [77], Test Acc:  0.0000

Epoch [78], Loss:  34.8866

Epoch [78], Validation Acc:  0.0000

Epoch [78], Test Acc:  0.0000

Epoch [79], Loss:  32.3018

Epoch [79], Validation Acc:  0.0000

Epoch [79], Test Acc:  0.0000

