dataset_path: ../datasets/combo
result_path: ../results
checkpoint_path: ../checkpoints
train_sample_ratio: 0.8
learning_rate: 0.001
epochs: 150
device: cuda:0
seed: 1
situation: mlp_Combo_
cor_situation: with_cor_outside_sig_
peak_pick_num: 5
The following files missing: [1, 3, 6, 8, 11, 16, 23, 27, 28, 35, 41, 52, 59, 103, 106, 113, 123, 124, 131, 168, 174, 177, 178, 181, 185, 195, 206, 208, 211, 247, 251, 253, 258, 262, 264, 272, 274, 318, 320, 321, 322, 327]
mlp_Combo_with_cor_outside_sig_test and validation with peak pick number to be 5
Epoch [1], Loss:  321.6825

Epoch [1], Validation Acc:  0.1667

Epoch [2], Loss:  317.5994

Epoch [2], Validation Acc:  0.3333

Epoch [3], Loss:  324.8273

Epoch [3], Validation Acc:  0.4167

Epoch [4], Loss:  324.1446

Epoch [4], Validation Acc:  0.5000

Epoch [5], Loss:  318.9017

Epoch [5], Validation Acc:  0.3333

Epoch [6], Loss:  314.4301

Epoch [6], Validation Acc:  0.4167

Epoch [7], Loss:  319.1779

Epoch [7], Validation Acc:  0.4167

Epoch [8], Loss:  319.3858

Epoch [8], Validation Acc:  0.1667

Epoch [9], Loss:  316.3483

Epoch [9], Validation Acc:  0.1667

Epoch [10], Loss:  319.8083

Epoch [10], Validation Acc:  0.2500

Epoch [11], Loss:  327.0700

Epoch [11], Validation Acc:  0.4167

Epoch [12], Loss:  316.4290

Epoch [12], Validation Acc:  0.5000

Epoch [13], Loss:  308.9117

Epoch [13], Validation Acc:  0.4167

Epoch [14], Loss:  312.9343

Epoch [14], Validation Acc:  0.3333

Epoch [15], Loss:  318.5919

Epoch [15], Validation Acc:  0.3333

Epoch [16], Loss:  314.3030

Epoch [16], Validation Acc:  0.2500

Epoch [17], Loss:  310.5100

Epoch [17], Validation Acc:  0.3333

Epoch [18], Loss:  309.5000

Epoch [18], Validation Acc:  0.3333

Epoch [19], Loss:  319.2331

Epoch [19], Validation Acc:  0.2500

Epoch [20], Loss:  310.2358

Epoch [20], Validation Acc:  0.4167

Epoch [21], Loss:  309.3956

Epoch [21], Validation Acc:  0.4167

Epoch [22], Loss:  312.7213

Epoch [22], Validation Acc:  0.4167

Epoch [23], Loss:  320.2199

Epoch [23], Validation Acc:  0.4167

Epoch [24], Loss:  320.5051

Epoch [24], Validation Acc:  0.2500

Epoch [25], Loss:  317.7233

Epoch [25], Validation Acc:  0.5000

Epoch [26], Loss:  310.6890

Epoch [26], Validation Acc:  0.5000

Epoch [27], Loss:  313.6537

Epoch [27], Validation Acc:  0.2500

Epoch [28], Loss:  306.8020

Epoch [28], Validation Acc:  0.4167

Epoch [29], Loss:  306.7265

Epoch [29], Validation Acc:  0.4167

Epoch [30], Loss:  305.7406

Epoch [30], Validation Acc:  0.4167

Epoch [31], Loss:  316.6390

Epoch [31], Validation Acc:  0.4167

Epoch [32], Loss:  320.4096

Epoch [32], Validation Acc:  0.2500

Epoch [33], Loss:  318.7794

Epoch [33], Validation Acc:  0.0833

Epoch [34], Loss:  300.2488

Epoch [34], Validation Acc:  0.2500

Epoch [35], Loss:  320.6410

Epoch [35], Validation Acc:  0.2500

Epoch [36], Loss:  306.1514

Epoch [36], Validation Acc:  0.0833

Epoch [37], Loss:  300.2856

Epoch [37], Validation Acc:  0.1667

Epoch [38], Loss:  312.5912

Epoch [38], Validation Acc:  0.4167

Epoch [39], Loss:  318.4397

Epoch [39], Validation Acc:  0.3333

Epoch [40], Loss:  311.7226

Epoch [40], Validation Acc:  0.3333

Epoch [41], Loss:  308.8620

Epoch [41], Validation Acc:  0.4167

Epoch [42], Loss:  310.4771

Epoch [42], Validation Acc:  0.2500

Epoch [43], Loss:  311.0131

Epoch [43], Validation Acc:  0.3333

Epoch [44], Loss:  306.1002

Epoch [44], Validation Acc:  0.2500

Epoch [45], Loss:  309.1102

Epoch [45], Validation Acc:  0.3333

Epoch [46], Loss:  301.9029

Epoch [46], Validation Acc:  0.3333

Epoch [47], Loss:  304.2708

Epoch [47], Validation Acc:  0.1667

Epoch [48], Loss:  305.0006

Epoch [48], Validation Acc:  0.2500

Epoch [49], Loss:  312.1957

Epoch [49], Validation Acc:  0.2500

Epoch [50], Loss:  310.0617

Epoch [50], Validation Acc:  0.4167

Epoch [51], Loss:  305.7880

Epoch [51], Validation Acc:  0.1667

Epoch [52], Loss:  304.7857

Epoch [52], Validation Acc:  0.1667

Epoch [53], Loss:  304.5481

Epoch [53], Validation Acc:  0.1667

Epoch [54], Loss:  299.5666

Epoch [54], Validation Acc:  0.0833

Epoch [55], Loss:  309.7929

Epoch [55], Validation Acc:  0.5000

Epoch [56], Loss:  313.9250

Epoch [56], Validation Acc:  0.4167

Epoch [57], Loss:  305.8433

Epoch [57], Validation Acc:  0.5000

Epoch [58], Loss:  304.8927

Epoch [58], Validation Acc:  0.4167

Epoch [59], Loss:  295.9598

Epoch [59], Validation Acc:  0.2500

Epoch [60], Loss:  303.4399

Epoch [60], Validation Acc:  0.3333

Epoch [61], Loss:  304.3261

Epoch [61], Validation Acc:  0.3333

Epoch [62], Loss:  320.0465

Epoch [62], Validation Acc:  0.4167

Epoch [63], Loss:  308.6319

Epoch [63], Validation Acc:  0.3333

Epoch [64], Loss:  301.4840

Epoch [64], Validation Acc:  0.1667

Epoch [65], Loss:  298.9877

Epoch [65], Validation Acc:  0.1667

Epoch [66], Loss:  301.6971

Epoch [66], Validation Acc:  0.3333

Epoch [67], Loss:  306.1145

Epoch [67], Validation Acc:  0.3333

Epoch [68], Loss:  305.7728

Epoch [68], Validation Acc:  0.1667

Epoch [69], Loss:  299.5989

Epoch [69], Validation Acc:  0.4167

Epoch [70], Loss:  305.7067

Epoch [70], Validation Acc:  0.3333

Epoch [71], Loss:  295.9211

Epoch [71], Validation Acc:  0.0833

Epoch [72], Loss:  311.2065

Epoch [72], Validation Acc:  0.3333

Epoch [73], Loss:  311.0392

Epoch [73], Validation Acc:  0.1667

Epoch [74], Loss:  306.1010

Epoch [74], Validation Acc:  0.5000

Epoch [75], Loss:  303.1439

Epoch [75], Validation Acc:  0.2500

Epoch [76], Loss:  301.8808

Epoch [76], Validation Acc:  0.5000

Epoch [77], Loss:  311.5879

Epoch [77], Validation Acc:  0.3333

Epoch [78], Loss:  296.6477

Epoch [78], Validation Acc:  0.2500

Epoch [79], Loss:  311.9160

Epoch [79], Validation Acc:  0.5000

Epoch [80], Loss:  300.7571

Epoch [80], Validation Acc:  0.3333

Epoch [81], Loss:  293.5122

Epoch [81], Validation Acc:  0.0833

Epoch [82], Loss:  291.1659

Epoch [82], Validation Acc:  0.3333

Epoch [83], Loss:  307.7556

Epoch [83], Validation Acc:  0.5000

Epoch [84], Loss:  301.1337

Epoch [84], Validation Acc:  0.2500

Epoch [85], Loss:  302.8863

Epoch [85], Validation Acc:  0.3333

Epoch [86], Loss:  305.1315

Epoch [86], Validation Acc:  0.5833

Epoch [87], Loss:  311.4657

Epoch [87], Validation Acc:  0.1667

Epoch [88], Loss:  309.2160

Epoch [88], Validation Acc:  0.4167

Epoch [89], Loss:  318.3568

Epoch [89], Validation Acc:  0.4167

Epoch [90], Loss:  311.5366

Epoch [90], Validation Acc:  0.3333

Epoch [91], Loss:  307.9894

Epoch [91], Validation Acc:  0.5000

Epoch [92], Loss:  309.1050

Epoch [92], Validation Acc:  0.4167

Epoch [93], Loss:  296.3061

Epoch [93], Validation Acc:  0.2500

Epoch [94], Loss:  299.7678

Epoch [94], Validation Acc:  0.2500

Epoch [95], Loss:  302.5158

Epoch [95], Validation Acc:  0.1667

Epoch [96], Loss:  307.0474

Epoch [96], Validation Acc:  0.3333

Epoch [97], Loss:  298.1783

Epoch [97], Validation Acc:  0.2500

Epoch [98], Loss:  314.4306

Epoch [98], Validation Acc:  0.5000

Epoch [99], Loss:  304.1877

Epoch [99], Validation Acc:  0.3333

Epoch [100], Loss:  292.9776

Epoch [100], Validation Acc:  0.4167

Epoch [101], Loss:  302.8053

Epoch [101], Validation Acc:  0.4167

Epoch [102], Loss:  295.6925

Epoch [102], Validation Acc:  0.4167

Epoch [103], Loss:  294.6259

Epoch [103], Validation Acc:  0.1667

Epoch [104], Loss:  307.1989

Epoch [104], Validation Acc:  0.4167

Epoch [105], Loss:  301.6746

Epoch [105], Validation Acc:  0.4167

Epoch [106], Loss:  296.7602

Epoch [106], Validation Acc:  0.2500

Epoch [107], Loss:  312.6527

Epoch [107], Validation Acc:  0.4167

Epoch [108], Loss:  297.8851

Epoch [108], Validation Acc:  0.3333

Epoch [109], Loss:  287.7486

Epoch [109], Validation Acc:  0.0000

Epoch [110], Loss:  302.7530

Epoch [110], Validation Acc:  0.4167

Epoch [111], Loss:  293.9977

Epoch [111], Validation Acc:  0.3333

Epoch [112], Loss:  295.6037

Epoch [112], Validation Acc:  0.3333

Epoch [113], Loss:  288.8037

Epoch [113], Validation Acc:  0.1667

Epoch [114], Loss:  305.2164

Epoch [114], Validation Acc:  0.3333

Epoch [115], Loss:  292.9155

Epoch [115], Validation Acc:  0.1667

Epoch [116], Loss:  286.6194

Epoch [116], Validation Acc:  0.1667

Epoch [117], Loss:  304.7722

Epoch [117], Validation Acc:  0.3333

Epoch [118], Loss:  284.9035

Epoch [118], Validation Acc:  0.3333

Epoch [119], Loss:  295.4290

Epoch [119], Validation Acc:  0.3333

Epoch [120], Loss:  306.3939

Epoch [120], Validation Acc:  0.3333

Epoch [121], Loss:  302.2968

Epoch [121], Validation Acc:  0.5000

Epoch [122], Loss:  298.4461

Epoch [122], Validation Acc:  0.5000

Epoch [123], Loss:  309.1408

Epoch [123], Validation Acc:  0.5833

Epoch [124], Loss:  281.7645

Epoch [124], Validation Acc:  0.1667

Epoch [125], Loss:  292.5640

Epoch [125], Validation Acc:  0.2500

Epoch [126], Loss:  298.2187

Epoch [126], Validation Acc:  0.3333

Epoch [127], Loss:  299.0924

Epoch [127], Validation Acc:  0.3333

Epoch [128], Loss:  297.7088

Epoch [128], Validation Acc:  0.4167

Epoch [129], Loss:  291.0155

Epoch [129], Validation Acc:  0.2500

Epoch [130], Loss:  289.3421

Epoch [130], Validation Acc:  0.2500

Epoch [131], Loss:  301.5682

Epoch [131], Validation Acc:  0.3333

Epoch [132], Loss:  289.3514

Epoch [132], Validation Acc:  0.1667

Epoch [133], Loss:  303.8138

Epoch [133], Validation Acc:  0.2500

Epoch [134], Loss:  283.7283

Epoch [134], Validation Acc:  0.1667

Epoch [135], Loss:  302.4574

Epoch [135], Validation Acc:  0.4167

Epoch [136], Loss:  294.8721

Epoch [136], Validation Acc:  0.5833

Epoch [137], Loss:  292.2916

Epoch [137], Validation Acc:  0.4167

Epoch [138], Loss:  289.0850

Epoch [138], Validation Acc:  0.4167

Epoch [139], Loss:  289.1615

Epoch [139], Validation Acc:  0.2500

Epoch [140], Loss:  285.8830

Epoch [140], Validation Acc:  0.3333

Epoch [141], Loss:  295.8229

Epoch [141], Validation Acc:  0.2500

Epoch [142], Loss:  289.4922

Epoch [142], Validation Acc:  0.0833

Epoch [143], Loss:  293.8757

Epoch [143], Validation Acc:  0.4167

Epoch [144], Loss:  284.0820

Epoch [144], Validation Acc:  0.1667

Epoch [145], Loss:  283.4635

Epoch [145], Validation Acc:  0.2500

Epoch [146], Loss:  295.1742

Epoch [146], Validation Acc:  0.3333

Epoch [147], Loss:  299.8914

Epoch [147], Validation Acc:  0.4167

Epoch [148], Loss:  292.1639

Epoch [148], Validation Acc:  0.4167

Epoch [149], Loss:  293.8866

Epoch [149], Validation Acc:  0.0833

Epoch [150], Loss:  286.9127

Epoch [150], Validation Acc:  0.0833

Testing on test data...
Test Acc:  0.2568
Final alpha: -1.9216
Final beta: -12.9200
Final gamma:  0.4308
Spend time: 28778.261676073074
