dataset_path: ../datasets/HuangpujiangRiver_check
result_path: ../results
checkpoint_path: ../checkpoints
train_sample_ratio: 0.8
learning_rate: 0.001
epochs: 100
device: cuda:0
seed: 1
situation: mlp_Huangpujiang_
cor_situation: without_cor
peak_pick_num: 1
The following files missing: [732, 1687, 1825, 2538, 4304, 4962, 7578, 10013]
mlp_Huangpujiang_without_cortest and validation with peak pick number to be 1
Epoch [1], Loss:  56.2871

Epoch [1], Validation Acc:  0.0000

Epoch [1], Test Acc:  0.0000

Epoch [2], Loss:  55.1180

Epoch [2], Validation Acc:  0.0000

Epoch [2], Test Acc:  0.0000

Epoch [3], Loss:  54.9485

Epoch [3], Validation Acc:  0.0000

Epoch [3], Test Acc:  0.0000

Epoch [4], Loss:  55.0873

Epoch [4], Validation Acc:  0.0000

Epoch [4], Test Acc:  0.0000

Epoch [5], Loss:  56.7525

Epoch [5], Validation Acc:  0.0000

Epoch [5], Test Acc:  0.0000

Epoch [6], Loss:  56.8342

Epoch [6], Validation Acc:  0.0000

Epoch [6], Test Acc:  0.0000

Epoch [7], Loss:  56.1647

Epoch [7], Validation Acc:  0.0000

Epoch [7], Test Acc:  0.0000

Epoch [8], Loss:  53.5680

Epoch [8], Validation Acc:  0.0000

Epoch [8], Test Acc:  0.0000

Epoch [9], Loss:  53.9639

Epoch [9], Validation Acc:  0.0000

Epoch [9], Test Acc:  0.0000

Epoch [10], Loss:  53.1217

Epoch [10], Validation Acc:  0.0000

Epoch [10], Test Acc:  0.0000

Epoch [11], Loss:  56.1925

Epoch [11], Validation Acc:  0.0000

Epoch [11], Test Acc:  0.0000

Epoch [12], Loss:  55.9981

Epoch [12], Validation Acc:  0.0000

Epoch [12], Test Acc:  0.0000

Epoch [13], Loss:  53.7703

Epoch [13], Validation Acc:  0.0000

Epoch [13], Test Acc:  0.0000

Epoch [14], Loss:  54.6082

Epoch [14], Validation Acc:  0.0000

Epoch [14], Test Acc:  0.0000

Epoch [15], Loss:  55.0354

Epoch [15], Validation Acc:  0.0000

Epoch [15], Test Acc:  0.0000

Epoch [16], Loss:  57.3471

Epoch [16], Validation Acc:  0.0000

Epoch [16], Test Acc:  0.0000

Epoch [17], Loss:  56.0863

Epoch [17], Validation Acc:  0.0000

Epoch [17], Test Acc:  0.0000

Epoch [18], Loss:  55.1507

Epoch [18], Validation Acc:  0.0000

Epoch [18], Test Acc:  0.0000

Epoch [19], Loss:  55.4872

Epoch [19], Validation Acc:  0.0000

Epoch [19], Test Acc:  0.0000

Epoch [20], Loss:  55.2158

Epoch [20], Validation Acc:  0.0000

Epoch [20], Test Acc:  0.0000

Epoch [21], Loss:  53.8708

Epoch [21], Validation Acc:  0.0000

Epoch [21], Test Acc:  0.0000

Epoch [22], Loss:  55.2077

Epoch [22], Validation Acc:  0.0000

Epoch [22], Test Acc:  0.0000

Epoch [23], Loss:  57.2227

Epoch [23], Validation Acc:  0.0000

Epoch [23], Test Acc:  0.0000

Epoch [24], Loss:  54.8847

Epoch [24], Validation Acc:  0.0000

Epoch [24], Test Acc:  0.0000

Epoch [25], Loss:  53.8155

Epoch [25], Validation Acc:  0.0000

Epoch [25], Test Acc:  0.0000

Epoch [26], Loss:  55.6630

Epoch [26], Validation Acc:  0.0000

Epoch [26], Test Acc:  0.0000

Epoch [27], Loss:  54.9575

Epoch [27], Validation Acc:  0.0000

Epoch [27], Test Acc:  0.0000

Epoch [28], Loss:  56.0563

Epoch [28], Validation Acc:  0.0000

Epoch [28], Test Acc:  0.0000

Epoch [29], Loss:  54.5489

Epoch [29], Validation Acc:  0.0000

Epoch [29], Test Acc:  0.0000

Epoch [30], Loss:  57.1080

Epoch [30], Validation Acc:  0.0000

Epoch [30], Test Acc:  0.0000

Epoch [31], Loss:  56.8377

Epoch [31], Validation Acc:  0.0000

Epoch [31], Test Acc:  0.0000

Epoch [32], Loss:  54.8800

Epoch [32], Validation Acc:  0.0000

Epoch [32], Test Acc:  0.0000

Epoch [33], Loss:  54.4999

Epoch [33], Validation Acc:  0.0000

Epoch [33], Test Acc:  0.0000

Epoch [34], Loss:  56.2242

Epoch [34], Validation Acc:  0.0000

Epoch [34], Test Acc:  0.0000

Epoch [35], Loss:  53.5133

Epoch [35], Validation Acc:  0.0000

Epoch [35], Test Acc:  0.0000

Epoch [36], Loss:  52.0065

Epoch [36], Validation Acc:  0.0000

Epoch [36], Test Acc:  0.0000

Epoch [37], Loss:  55.9376

Epoch [37], Validation Acc:  0.0000

Epoch [37], Test Acc:  0.0000

Epoch [38], Loss:  56.1615

Epoch [38], Validation Acc:  0.0000

Epoch [38], Test Acc:  0.0000

Epoch [39], Loss:  53.3043

Epoch [39], Validation Acc:  0.0000

Epoch [39], Test Acc:  0.0000

Epoch [40], Loss:  54.6496

Epoch [40], Validation Acc:  0.0000

Epoch [40], Test Acc:  0.0000

Epoch [41], Loss:  54.8211

Epoch [41], Validation Acc:  0.0000

Epoch [41], Test Acc:  0.0000

Epoch [42], Loss:  53.4592

Epoch [42], Validation Acc:  0.0000

Epoch [42], Test Acc:  0.0000

Epoch [43], Loss:  53.4089

Epoch [43], Validation Acc:  0.0000

Epoch [43], Test Acc:  0.0000

Epoch [44], Loss:  53.2503

Epoch [44], Validation Acc:  0.0000

Epoch [44], Test Acc:  0.0000

Epoch [45], Loss:  54.8694

Epoch [45], Validation Acc:  0.0000

Epoch [45], Test Acc:  0.0000

Epoch [46], Loss:  55.4024

Epoch [46], Validation Acc:  0.0000

Epoch [46], Test Acc:  0.0385

Epoch [47], Loss:  52.5814

Epoch [47], Validation Acc:  0.0000

Epoch [47], Test Acc:  0.0385

Epoch [48], Loss:  51.0360

Epoch [48], Validation Acc:  0.0000

Epoch [48], Test Acc:  0.0385

Epoch [49], Loss:  54.0400

Epoch [49], Validation Acc:  0.0000

Epoch [49], Test Acc:  0.0385

Epoch [50], Loss:  52.9693

Epoch [50], Validation Acc:  0.0000

Epoch [50], Test Acc:  0.0385

Epoch [51], Loss:  51.9786

Epoch [51], Validation Acc:  0.0000

Epoch [51], Test Acc:  0.0385

Epoch [52], Loss:  53.3157

Epoch [52], Validation Acc:  0.0000

Epoch [52], Test Acc:  0.0385

Epoch [53], Loss:  54.7809

Epoch [53], Validation Acc:  0.0000

Epoch [53], Test Acc:  0.0385

Epoch [54], Loss:  51.9457

Epoch [54], Validation Acc:  0.0000

Epoch [54], Test Acc:  0.0385

Epoch [55], Loss:  53.1439

Epoch [55], Validation Acc:  0.0000

Epoch [55], Test Acc:  0.0385

Epoch [56], Loss:  56.5524

Epoch [56], Validation Acc:  0.0000

Epoch [56], Test Acc:  0.0385

Epoch [57], Loss:  54.2482

Epoch [57], Validation Acc:  0.0000

Epoch [57], Test Acc:  0.0385

Epoch [58], Loss:  53.9503

Epoch [58], Validation Acc:  0.0000

Epoch [58], Test Acc:  0.0385

Epoch [59], Loss:  55.0711

Epoch [59], Validation Acc:  0.0000

Epoch [59], Test Acc:  0.0385

Epoch [60], Loss:  54.2239

Epoch [60], Validation Acc:  0.0000

Epoch [60], Test Acc:  0.0385

Epoch [61], Loss:  50.8995

Epoch [61], Validation Acc:  0.0000

Epoch [61], Test Acc:  0.0385

Epoch [62], Loss:  55.0484

Epoch [62], Validation Acc:  0.0000

Epoch [62], Test Acc:  0.0385

Epoch [63], Loss:  52.8446

Epoch [63], Validation Acc:  0.0000

Epoch [63], Test Acc:  0.0385

Epoch [64], Loss:  56.3443

Epoch [64], Validation Acc:  0.0000

