dataset_path: ../datasets/Honey_neg_check
result_path: ../results
checkpoint_path: ../checkpoints
train_sample_ratio: 0.8
learning_rate: 0.001
epochs: 100
device: cuda:0
seed: 1
situation: mlp_HoneyNeg_
cor_situation: with_cor_outside_sig_
peak_pick_num: 20
The following files missing: [53, 827, 1887, 2565, 2567, 3740]
mlp_HoneyNeg_with_cor_outside_sig_test and validation with peak pick number to be 20
Epoch [1], Loss:  48.7150

Epoch [1], Validation Acc:  0.3333

Epoch [2], Loss:  48.9177

Epoch [2], Validation Acc:  0.3333

Epoch [3], Loss:  46.6836

Epoch [3], Validation Acc:  0.3333

Epoch [4], Loss:  48.1165

Epoch [4], Validation Acc:  0.3333

Epoch [5], Loss:  49.3048

Epoch [5], Validation Acc:  0.3333

Epoch [6], Loss:  45.2838

Epoch [6], Validation Acc:  0.3333

Epoch [7], Loss:  45.4269

Epoch [7], Validation Acc:  0.6667

Epoch [8], Loss:  49.7147

Epoch [8], Validation Acc:  0.3333

Epoch [9], Loss:  49.7053

Epoch [9], Validation Acc:  0.3333

Epoch [10], Loss:  48.8465

Epoch [10], Validation Acc:  0.6667

Epoch [11], Loss:  47.0413

Epoch [11], Validation Acc:  0.3333

Epoch [12], Loss:  51.4602

Epoch [12], Validation Acc:  0.3333

Epoch [13], Loss:  48.8093

Epoch [13], Validation Acc:  0.6667

Epoch [14], Loss:  45.6088

Epoch [14], Validation Acc:  1.0000

Epoch [15], Loss:  46.1592

Epoch [15], Validation Acc:  0.6667

Epoch [16], Loss:  47.3151

Epoch [16], Validation Acc:  0.3333

Epoch [17], Loss:  48.3294

Epoch [17], Validation Acc:  0.3333

Epoch [18], Loss:  49.5727

Epoch [18], Validation Acc:  0.0000

Epoch [19], Loss:  48.3123

Epoch [19], Validation Acc:  0.3333

Epoch [20], Loss:  49.8325

Epoch [20], Validation Acc:  0.3333

Epoch [21], Loss:  46.2684

Epoch [21], Validation Acc:  1.0000

Epoch [22], Loss:  48.1527

Epoch [22], Validation Acc:  0.6667

Epoch [23], Loss:  45.8251

Epoch [23], Validation Acc:  1.0000

Epoch [24], Loss:  51.3433

Epoch [24], Validation Acc:  0.0000

Epoch [25], Loss:  48.5699

Epoch [25], Validation Acc:  0.6667

Epoch [26], Loss:  45.4998

Epoch [26], Validation Acc:  0.6667

Epoch [27], Loss:  49.4474

Epoch [27], Validation Acc:  0.3333

Epoch [28], Loss:  45.5716

Epoch [28], Validation Acc:  0.3333

Epoch [29], Loss:  48.5445

Epoch [29], Validation Acc:  0.6667

Epoch [30], Loss:  48.6587

Epoch [30], Validation Acc:  0.0000

Epoch [31], Loss:  48.6101

Epoch [31], Validation Acc:  0.3333

Epoch [32], Loss:  45.9580

Epoch [32], Validation Acc:  0.3333

Epoch [33], Loss:  43.5913

Epoch [33], Validation Acc:  0.6667

Epoch [34], Loss:  46.3733

Epoch [34], Validation Acc:  0.3333

Epoch [35], Loss:  45.4093

Epoch [35], Validation Acc:  0.3333

Epoch [36], Loss:  49.2791

Epoch [36], Validation Acc:  0.0000

Epoch [37], Loss:  48.1874

Epoch [37], Validation Acc:  0.3333

Epoch [38], Loss:  45.3515

Epoch [38], Validation Acc:  0.3333

Epoch [39], Loss:  46.2534

Epoch [39], Validation Acc:  0.6667

Epoch [40], Loss:  47.3212

Epoch [40], Validation Acc:  0.6667

Epoch [41], Loss:  48.0797

Epoch [41], Validation Acc:  0.3333

Epoch [42], Loss:  48.8026

Epoch [42], Validation Acc:  0.6667

Epoch [43], Loss:  48.4235

Epoch [43], Validation Acc:  0.0000

Epoch [44], Loss:  43.0550

Epoch [44], Validation Acc:  0.6667

Epoch [45], Loss:  42.7162

Epoch [45], Validation Acc:  1.0000

Epoch [46], Loss:  47.4552

Epoch [46], Validation Acc:  0.3333

Epoch [47], Loss:  51.3733

Epoch [47], Validation Acc:  0.3333

Epoch [48], Loss:  48.3690

Epoch [48], Validation Acc:  0.6667

Epoch [49], Loss:  44.8822

Epoch [49], Validation Acc:  0.6667

Epoch [50], Loss:  50.9021

Epoch [50], Validation Acc:  0.3333

Epoch [51], Loss:  48.2990

Epoch [51], Validation Acc:  0.0000

Epoch [52], Loss:  46.2061

Epoch [52], Validation Acc:  0.3333

Epoch [53], Loss:  45.7090

Epoch [53], Validation Acc:  0.3333

Epoch [54], Loss:  45.7475

Epoch [54], Validation Acc:  0.6667

Epoch [55], Loss:  44.7760

Epoch [55], Validation Acc:  0.6667

Epoch [56], Loss:  47.9875

Epoch [56], Validation Acc:  0.3333

Epoch [57], Loss:  51.2147

Epoch [57], Validation Acc:  0.3333

Epoch [58], Loss:  45.7540

Epoch [58], Validation Acc:  0.3333

Epoch [59], Loss:  48.1735

Epoch [59], Validation Acc:  0.0000

Epoch [60], Loss:  47.9605

Epoch [60], Validation Acc:  0.3333

Epoch [61], Loss:  47.1357

Epoch [61], Validation Acc:  0.3333

Epoch [62], Loss:  48.8541

Epoch [62], Validation Acc:  0.0000

Epoch [63], Loss:  47.1108

Epoch [63], Validation Acc:  0.3333

Epoch [64], Loss:  44.9788

Epoch [64], Validation Acc:  0.3333

Epoch [65], Loss:  44.9626

Epoch [65], Validation Acc:  0.3333

Epoch [66], Loss:  48.5903

Epoch [66], Validation Acc:  0.3333

Epoch [67], Loss:  48.3138

Epoch [67], Validation Acc:  0.6667

Epoch [68], Loss:  44.9148

Epoch [68], Validation Acc:  0.3333

Epoch [69], Loss:  45.6540

Epoch [69], Validation Acc:  0.3333

Epoch [70], Loss:  48.5872

Epoch [70], Validation Acc:  0.3333

Epoch [71], Loss:  47.0277

Epoch [71], Validation Acc:  0.3333

Epoch [72], Loss:  45.4424

Epoch [72], Validation Acc:  0.3333

Epoch [73], Loss:  48.0948

Epoch [73], Validation Acc:  0.6667

Epoch [74], Loss:  43.4401

Epoch [74], Validation Acc:  0.6667

Epoch [75], Loss:  45.5733

Epoch [75], Validation Acc:  0.6667

Epoch [76], Loss:  42.1698

Epoch [76], Validation Acc:  1.0000

Epoch [77], Loss:  45.5595

Epoch [77], Validation Acc:  0.3333

Epoch [78], Loss:  45.6994

Epoch [78], Validation Acc:  1.0000

Epoch [79], Loss:  43.8003

Epoch [79], Validation Acc:  0.3333

Epoch [80], Loss:  44.9315

Epoch [80], Validation Acc:  0.6667

Epoch [81], Loss:  43.2468

Epoch [81], Validation Acc:  0.6667

Epoch [82], Loss:  49.0103

Epoch [82], Validation Acc:  0.3333

Epoch [83], Loss:  48.9860

Epoch [83], Validation Acc:  0.0000

Epoch [84], Loss:  48.2769

Epoch [84], Validation Acc:  0.0000

Epoch [85], Loss:  44.6748

Epoch [85], Validation Acc:  0.6667

Epoch [86], Loss:  42.6054

Epoch [86], Validation Acc:  0.6667

Epoch [87], Loss:  44.6715

Epoch [87], Validation Acc:  0.3333

Epoch [88], Loss:  48.9066

Epoch [88], Validation Acc:  0.3333

Epoch [89], Loss:  47.5243

Epoch [89], Validation Acc:  0.3333

Epoch [90], Loss:  45.2905

Epoch [90], Validation Acc:  0.6667

Epoch [91], Loss:  43.8860

Epoch [91], Validation Acc:  0.3333

Epoch [92], Loss:  43.6448

Epoch [92], Validation Acc:  0.6667

Epoch [93], Loss:  46.3908

Epoch [93], Validation Acc:  0.3333

Epoch [94], Loss:  45.9124

Epoch [94], Validation Acc:  0.3333

Epoch [95], Loss:  45.8623

Epoch [95], Validation Acc:  0.6667

Epoch [96], Loss:  47.7493

Epoch [96], Validation Acc:  0.3333

Epoch [97], Loss:  43.8379

Epoch [97], Validation Acc:  0.6667

Epoch [98], Loss:  46.2923

Epoch [98], Validation Acc:  0.6667

Epoch [99], Loss:  45.6148

Epoch [99], Validation Acc:  0.6667

Epoch [100], Loss:  50.4097

Epoch [100], Validation Acc:  0.0000

Testing on test data...
Test Acc:  0.2963
Final alpha: -0.0549
Final beta: -9.4019
Final gamma:  0.3961
Spend time: 1296.3530423641205
