dataset_path: ../datasets/HuangpujiangRiver_check
result_path: ../results
checkpoint_path: ../checkpoints
train_sample_ratio: 0.8
learning_rate: 0.001
epochs: 100
device: cuda:0
seed: 1
situation: mlp_Huangpujiang,
cor_situation: without_cor
peak_pick_num: 10
The following files missing: [732, 1687, 1825, 2538, 4304, 4962, 7578, 10013]
mlp_Huangpujiang,without_cortest and validation with peak pick number to be 10
Epoch [1], Loss:  49.4750

Epoch [1], Validation Acc:  0.5000

Epoch [2], Loss:  49.1040

Epoch [2], Validation Acc:  0.5000

Epoch [3], Loss:  48.8830

Epoch [3], Validation Acc:  0.5000

Epoch [4], Loss:  48.9508

Epoch [4], Validation Acc:  0.5000

Epoch [5], Loss:  49.9217

Epoch [5], Validation Acc:  1.0000

Epoch [6], Loss:  50.6042

Epoch [6], Validation Acc:  1.0000

