dataset_path: ../datasets/Honey_neg_check
result_path: ../results
checkpoint_path: ../checkpoints
train_sample_ratio: 0.8
learning_rate: 0.001
epochs: 100
device: cuda:0
seed: 1
situation: mlp_HoneyNeg,
cor_situation: without_cor,
peak_pick_num: 5
The following files missing: [53, 827, 1887, 2565, 2567, 3740]
mlp_HoneyNeg,without_cor,test and validation with peak pick number to be 5
Epoch [1], Loss:  44.9257

Epoch [1], Validation Acc:  1.0000

Epoch [2], Loss:  44.2180

Epoch [2], Validation Acc:  1.0000

Epoch [3], Loss:  41.7360

Epoch [3], Validation Acc:  1.0000

Epoch [4], Loss:  43.9154

Epoch [4], Validation Acc:  1.0000

Epoch [5], Loss:  44.1898

Epoch [5], Validation Acc:  1.0000

Epoch [6], Loss:  39.1955

Epoch [6], Validation Acc:  1.0000

Epoch [7], Loss:  40.1579

Epoch [7], Validation Acc:  1.0000

Epoch [8], Loss:  44.4831

Epoch [8], Validation Acc:  1.0000

Epoch [9], Loss:  44.3485

Epoch [9], Validation Acc:  1.0000

Epoch [10], Loss:  43.7571

Epoch [10], Validation Acc:  1.0000

Epoch [11], Loss:  40.5879

Epoch [11], Validation Acc:  1.0000

Epoch [12], Loss:  47.1627

Epoch [12], Validation Acc:  1.0000

Epoch [13], Loss:  43.5774

Epoch [13], Validation Acc:  1.0000

Epoch [14], Loss:  39.1450

Epoch [14], Validation Acc:  1.0000

Epoch [15], Loss:  39.8510

Epoch [15], Validation Acc:  1.0000

Epoch [16], Loss:  41.0117

Epoch [16], Validation Acc:  1.0000

Epoch [17], Loss:  42.8564

Epoch [17], Validation Acc:  1.0000

Epoch [18], Loss:  43.4111

Epoch [18], Validation Acc:  1.0000

Epoch [19], Loss:  42.6780

Epoch [19], Validation Acc:  1.0000

Epoch [20], Loss:  43.2253

Epoch [20], Validation Acc:  1.0000

Epoch [21], Loss:  38.7006

Epoch [21], Validation Acc:  1.0000

Epoch [22], Loss:  42.0527

Epoch [22], Validation Acc:  1.0000

Epoch [23], Loss:  38.1255

Epoch [23], Validation Acc:  1.0000

Epoch [24], Loss:  44.6880

Epoch [24], Validation Acc:  1.0000

Epoch [25], Loss:  41.8071

Epoch [25], Validation Acc:  1.0000

Epoch [26], Loss:  38.0981

Epoch [26], Validation Acc:  1.0000

Epoch [27], Loss:  42.0775

Epoch [27], Validation Acc:  1.0000

Epoch [28], Loss:  38.4743

Epoch [28], Validation Acc:  1.0000

Epoch [29], Loss:  41.3812

Epoch [29], Validation Acc:  1.0000

Epoch [30], Loss:  41.2996

Epoch [30], Validation Acc:  1.0000

Epoch [31], Loss:  41.3143

Epoch [31], Validation Acc:  1.0000

Epoch [32], Loss:  37.4264

Epoch [32], Validation Acc:  1.0000

Epoch [33], Loss:  34.9029

Epoch [33], Validation Acc:  1.0000

Epoch [34], Loss:  37.6267

Epoch [34], Validation Acc:  1.0000

Epoch [35], Loss:  36.6484

Epoch [35], Validation Acc:  1.0000

Epoch [36], Loss:  41.5894

Epoch [36], Validation Acc:  1.0000

Epoch [37], Loss:  41.1208

Epoch [37], Validation Acc:  1.0000

Epoch [38], Loss:  36.3329

Epoch [38], Validation Acc:  1.0000

Epoch [39], Loss:  37.3912

Epoch [39], Validation Acc:  1.0000

Epoch [40], Loss:  38.3480

Epoch [40], Validation Acc:  1.0000

Epoch [41], Loss:  40.1097

Epoch [41], Validation Acc:  1.0000

Epoch [42], Loss:  40.7076

Epoch [42], Validation Acc:  1.0000

Epoch [43], Loss:  39.9455

Epoch [43], Validation Acc:  1.0000

Epoch [44], Loss:  32.8405

Epoch [44], Validation Acc:  1.0000

