dataset_path: ../datasets/Honey_pos_check
result_path: ../results
checkpoint_path: ../checkpoints
train_sample_ratio: 0.8
learning_rate: 0.001
epochs: 100
device: cuda:0
seed: 1
situation: mlp_HoneyPos_
cor_situation: with_cor_inside_sig_
peak_pick_num: 1
The following files missing: [2023, 3231, 3349, 3358, 3688, 4173, 5607, 14129, 18276, 10320]
mlp_HoneyPos_with_cor_inside_sig_test and validation with peak pick number to be 1
Epoch [1], Loss:  80.1997

Epoch [1], Validation Acc:  0.0000

Epoch [1], Test Acc:  0.0294

Epoch [2], Loss:  78.9034

Epoch [2], Validation Acc:  0.0000

Epoch [2], Test Acc:  0.0294

Epoch [3], Loss:  77.3691

Epoch [3], Validation Acc:  0.0000

Epoch [3], Test Acc:  0.0294

Epoch [4], Loss:  82.9523

Epoch [4], Validation Acc:  0.0000

Epoch [4], Test Acc:  0.0294

Epoch [5], Loss:  75.5490

Epoch [5], Validation Acc:  0.0000

Epoch [5], Test Acc:  0.0294

Epoch [6], Loss:  76.9171

Epoch [6], Validation Acc:  0.0000

Epoch [6], Test Acc:  0.0294

Epoch [7], Loss:  77.3249

Epoch [7], Validation Acc:  0.0000

Epoch [7], Test Acc:  0.0294

Epoch [8], Loss:  77.1990

Epoch [8], Validation Acc:  0.0000

Epoch [8], Test Acc:  0.0294

Epoch [9], Loss:  76.6803

Epoch [9], Validation Acc:  0.0000

Epoch [9], Test Acc:  0.0294

Epoch [10], Loss:  78.7772

Epoch [10], Validation Acc:  0.0000

Epoch [10], Test Acc:  0.0294

Epoch [11], Loss:  78.4705

Epoch [11], Validation Acc:  0.0000

Epoch [11], Test Acc:  0.0294

Epoch [12], Loss:  77.9207

Epoch [12], Validation Acc:  0.0000

Epoch [12], Test Acc:  0.0294

Epoch [13], Loss:  82.6224

Epoch [13], Validation Acc:  0.0000

Epoch [13], Test Acc:  0.0294

Epoch [14], Loss:  80.2077

Epoch [14], Validation Acc:  0.0000

Epoch [14], Test Acc:  0.0294

Epoch [15], Loss:  82.5493

Epoch [15], Validation Acc:  0.0000

Epoch [15], Test Acc:  0.0294

Epoch [16], Loss:  76.4979

Epoch [16], Validation Acc:  0.0000

Epoch [16], Test Acc:  0.0294

Epoch [17], Loss:  79.9392

Epoch [17], Validation Acc:  0.0000

Epoch [17], Test Acc:  0.0294

Epoch [18], Loss:  81.5590

Epoch [18], Validation Acc:  0.0000

Epoch [18], Test Acc:  0.0294

Epoch [19], Loss:  79.9291

Epoch [19], Validation Acc:  0.0000

Epoch [19], Test Acc:  0.0294

Epoch [20], Loss:  76.8500

Epoch [20], Validation Acc:  0.0000

Epoch [20], Test Acc:  0.0294

Epoch [21], Loss:  77.9495

Epoch [21], Validation Acc:  0.0000

Epoch [21], Test Acc:  0.0294

Epoch [22], Loss:  77.5287

Epoch [22], Validation Acc:  0.0000

Epoch [22], Test Acc:  0.0294

Epoch [23], Loss:  79.0728

Epoch [23], Validation Acc:  0.0000

Epoch [23], Test Acc:  0.0294

Epoch [24], Loss:  76.1750

Epoch [24], Validation Acc:  0.0000

Epoch [24], Test Acc:  0.0294

Epoch [25], Loss:  80.9984

Epoch [25], Validation Acc:  0.0000

Epoch [25], Test Acc:  0.0294

Epoch [26], Loss:  75.3397

Epoch [26], Validation Acc:  0.0000

Epoch [26], Test Acc:  0.0294

Epoch [27], Loss:  76.7152

Epoch [27], Validation Acc:  0.3333

Epoch [27], Test Acc:  0.0294

Epoch [28], Loss:  78.9997

Epoch [28], Validation Acc:  0.0000

Epoch [28], Test Acc:  0.0294

Epoch [29], Loss:  78.0227

Epoch [29], Validation Acc:  0.0000

Epoch [29], Test Acc:  0.0294

Epoch [30], Loss:  77.5579

Epoch [30], Validation Acc:  0.0000

Epoch [30], Test Acc:  0.0294

Epoch [31], Loss:  78.6399

Epoch [31], Validation Acc:  0.0000

Epoch [31], Test Acc:  0.0294

Epoch [32], Loss:  77.3888

Epoch [32], Validation Acc:  0.3333

Epoch [32], Test Acc:  0.0294

Epoch [33], Loss:  75.8972

Epoch [33], Validation Acc:  0.0000

Epoch [33], Test Acc:  0.0294

Epoch [34], Loss:  76.6379

Epoch [34], Validation Acc:  0.0000

Epoch [34], Test Acc:  0.0294

Epoch [35], Loss:  78.9493

Epoch [35], Validation Acc:  0.0000

Epoch [35], Test Acc:  0.0294

Epoch [36], Loss:  76.8729

Epoch [36], Validation Acc:  0.0000

Epoch [36], Test Acc:  0.0294

Epoch [37], Loss:  79.6646

Epoch [37], Validation Acc:  0.3333

Epoch [37], Test Acc:  0.0294

Epoch [38], Loss:  79.0408

Epoch [38], Validation Acc:  0.3333

Epoch [38], Test Acc:  0.0294

Epoch [39], Loss:  78.6211

Epoch [39], Validation Acc:  0.0000

Epoch [39], Test Acc:  0.0294

Epoch [40], Loss:  77.0767

Epoch [40], Validation Acc:  0.0000

Epoch [40], Test Acc:  0.0294

Epoch [41], Loss:  78.5376

Epoch [41], Validation Acc:  0.0000

Epoch [41], Test Acc:  0.0294

Epoch [42], Loss:  76.3111

Epoch [42], Validation Acc:  0.3333

Epoch [42], Test Acc:  0.0294

Epoch [43], Loss:  75.1684

Epoch [43], Validation Acc:  0.0000

Epoch [43], Test Acc:  0.0294

Epoch [44], Loss:  76.2595

Epoch [44], Validation Acc:  0.3333

Epoch [44], Test Acc:  0.0294

Epoch [45], Loss:  78.4831

Epoch [45], Validation Acc:  0.0000

Epoch [45], Test Acc:  0.0294

Epoch [46], Loss:  81.6492

Epoch [46], Validation Acc:  0.3333

Epoch [46], Test Acc:  0.0294

Epoch [47], Loss:  80.3829

Epoch [47], Validation Acc:  0.0000

