dataset_path: ../datasets/Sediment_check
result_path: ../results
checkpoint_path: ../checkpoints
train_sample_ratio: 0.8
learning_rate: 0.001
epochs: 100
device: cuda:0
seed: 1
situation: mlp_Sediment,
cor_situation: with_cor_inside_the_sigmoid_function,
peak_pick_num: 10
The following files missing: [7437, 7688, 7744, 8407, 13399]
mlp_Sediment,with_cor_inside_the_sigmoid_function,test and validation with peak pick number to be 10
Epoch [1], Loss:  34.6940

Epoch [1], Validation Acc:  0.0000

Epoch [2], Loss:  31.8786

Epoch [2], Validation Acc:  0.0000

Epoch [3], Loss:  34.6876

Epoch [3], Validation Acc:  0.0000

Epoch [4], Loss:  33.4623

Epoch [4], Validation Acc:  0.0000

