dataset_path: ../datasets/HuangpujiangRiver_check
result_path: ../results
checkpoint_path: ../checkpoints
train_sample_ratio: 0.8
learning_rate: 0.001
epochs: 100
device: cuda:0
seed: 1
The following files missing: [732, 1687, 1825, 2538, 4304, 4962, 7578, 10013]
Epoch [1], Loss:  55.8053

Epoch [1], Validation Acc:  0.0000

Epoch [2], Loss:  54.7534

Epoch [2], Validation Acc:  0.0000

Epoch [3], Loss:  54.5638

Epoch [3], Validation Acc:  0.0000

Epoch [4], Loss:  54.7437

Epoch [4], Validation Acc:  0.0000

Epoch [5], Loss:  56.2743

Epoch [5], Validation Acc:  0.0000

Epoch [6], Loss:  56.3750

Epoch [6], Validation Acc:  0.0000

Epoch [7], Loss:  55.7552

Epoch [7], Validation Acc:  0.0000

Epoch [8], Loss:  53.2266

Epoch [8], Validation Acc:  0.0000

Epoch [9], Loss:  53.5392

Epoch [9], Validation Acc:  0.0000

Epoch [10], Loss:  52.7312

Epoch [10], Validation Acc:  0.0000

Epoch [11], Loss:  55.8295

Epoch [11], Validation Acc:  0.0000

Epoch [12], Loss:  55.6418

Epoch [12], Validation Acc:  0.0000

Epoch [13], Loss:  53.3893

Epoch [13], Validation Acc:  0.0000

Epoch [14], Loss:  54.3420

Epoch [14], Validation Acc:  0.0000

Epoch [15], Loss:  54.6684

Epoch [15], Validation Acc:  0.0000

Epoch [16], Loss:  56.9538

Epoch [16], Validation Acc:  0.0000

Epoch [17], Loss:  55.7758

Epoch [17], Validation Acc:  0.0000

Epoch [18], Loss:  54.8375

Epoch [18], Validation Acc:  0.0000

Epoch [19], Loss:  55.2883

Epoch [19], Validation Acc:  0.0000

Epoch [20], Loss:  54.9624

Epoch [20], Validation Acc:  0.0000

Epoch [21], Loss:  53.6546

Epoch [21], Validation Acc:  0.0000

Epoch [22], Loss:  54.9116

Epoch [22], Validation Acc:  0.0000

Epoch [23], Loss:  56.8797

Epoch [23], Validation Acc:  0.0000

Epoch [24], Loss:  54.5822

Epoch [24], Validation Acc:  0.0000

Epoch [25], Loss:  53.6275

Epoch [25], Validation Acc:  0.0000

Epoch [26], Loss:  55.4094

Epoch [26], Validation Acc:  0.0000

Epoch [27], Loss:  54.6579

Epoch [27], Validation Acc:  0.0000

Epoch [28], Loss:  55.8892

Epoch [28], Validation Acc:  0.0000

Epoch [29], Loss:  54.3812

Epoch [29], Validation Acc:  0.0000

Epoch [30], Loss:  56.8054

Epoch [30], Validation Acc:  0.0000

Epoch [31], Loss:  56.6474

Epoch [31], Validation Acc:  0.0000

Epoch [32], Loss:  54.6857

Epoch [32], Validation Acc:  0.0000

Epoch [33], Loss:  54.3557

Epoch [33], Validation Acc:  0.0000

Epoch [34], Loss:  55.9888

Epoch [34], Validation Acc:  0.0000

Epoch [35], Loss:  53.2894

Epoch [35], Validation Acc:  0.0000

Epoch [36], Loss:  51.8612

Epoch [36], Validation Acc:  0.0000

Epoch [37], Loss:  55.8295

Epoch [37], Validation Acc:  0.0000

Epoch [38], Loss:  55.9504

Epoch [38], Validation Acc:  0.0000

Epoch [39], Loss:  53.1310

Epoch [39], Validation Acc:  0.0000

Epoch [40], Loss:  54.4323

Epoch [40], Validation Acc:  0.0000

Epoch [41], Loss:  54.6397

Epoch [41], Validation Acc:  0.0000

Epoch [42], Loss:  53.3284

Epoch [42], Validation Acc:  0.0000

Epoch [43], Loss:  53.2902

Epoch [43], Validation Acc:  0.0000

Epoch [44], Loss:  53.0931

Epoch [44], Validation Acc:  0.0000

Epoch [45], Loss:  54.7768

Epoch [45], Validation Acc:  0.0000

Epoch [46], Loss:  55.2451

Epoch [46], Validation Acc:  0.0000

Epoch [47], Loss:  52.4283

Epoch [47], Validation Acc:  0.0000

Epoch [48], Loss:  50.9078

Epoch [48], Validation Acc:  0.0000

Epoch [49], Loss:  53.9128

Epoch [49], Validation Acc:  0.0000

Epoch [50], Loss:  52.9581

Epoch [50], Validation Acc:  0.0000

Epoch [51], Loss:  51.9492

Epoch [51], Validation Acc:  0.0000

Epoch [52], Loss:  53.2303

Epoch [52], Validation Acc:  0.0000

Epoch [53], Loss:  54.7236

Epoch [53], Validation Acc:  0.0000

Epoch [54], Loss:  51.9314

Epoch [54], Validation Acc:  0.0000

Epoch [55], Loss:  53.0184

Epoch [55], Validation Acc:  0.0000

Epoch [56], Loss:  56.4672

Epoch [56], Validation Acc:  0.0000

Epoch [57], Loss:  54.2053

Epoch [57], Validation Acc:  0.0000

Epoch [58], Loss:  53.8518

Epoch [58], Validation Acc:  0.0000

Epoch [59], Loss:  55.0737

Epoch [59], Validation Acc:  0.0000

Epoch [60], Loss:  54.1884

Epoch [60], Validation Acc:  0.0000

Epoch [61], Loss:  50.8142

Epoch [61], Validation Acc:  0.0000

Epoch [62], Loss:  55.0602

Epoch [62], Validation Acc:  0.0000

Epoch [63], Loss:  52.8893

Epoch [63], Validation Acc:  0.0000

Epoch [64], Loss:  56.3187

Epoch [64], Validation Acc:  0.0000

Epoch [65], Loss:  50.7884

Epoch [65], Validation Acc:  0.0000

Epoch [66], Loss:  50.7807

Epoch [66], Validation Acc:  0.0000

Epoch [67], Loss:  53.1380

Epoch [67], Validation Acc:  0.0000

Epoch [68], Loss:  56.4416

Epoch [68], Validation Acc:  0.0000

Epoch [69], Loss:  52.9255

Epoch [69], Validation Acc:  0.0000

Epoch [70], Loss:  50.9884

Epoch [70], Validation Acc:  0.0000

Epoch [71], Loss:  55.6661

Epoch [71], Validation Acc:  0.0000

Epoch [72], Loss:  55.0499

Epoch [72], Validation Acc:  0.0000

Epoch [73], Loss:  52.8668

Epoch [73], Validation Acc:  0.0000

Epoch [74], Loss:  52.2392

Epoch [74], Validation Acc:  0.0000

Epoch [75], Loss:  54.4720

Epoch [75], Validation Acc:  0.0000

Epoch [76], Loss:  52.9352

Epoch [76], Validation Acc:  0.0000

Epoch [77], Loss:  54.1114

Epoch [77], Validation Acc:  0.0000

Epoch [78], Loss:  55.1990

Epoch [78], Validation Acc:  0.0000

Epoch [79], Loss:  52.2016

Epoch [79], Validation Acc:  0.0000

Epoch [80], Loss:  51.5640

Epoch [80], Validation Acc:  0.0000

Epoch [81], Loss:  55.2684

Epoch [81], Validation Acc:  0.0000

Epoch [82], Loss:  53.9318

Epoch [82], Validation Acc:  0.0000

Epoch [83], Loss:  53.4170

Epoch [83], Validation Acc:  0.0000

Epoch [84], Loss:  55.5367

Epoch [84], Validation Acc:  0.0000

Epoch [85], Loss:  50.8810

Epoch [85], Validation Acc:  0.0000

Epoch [86], Loss:  54.0312

