dataset_path: ../datasets/Honey_neg_check
result_path: ../results
checkpoint_path: ../checkpoints
train_sample_ratio: 0.8
learning_rate: 0.001
epochs: 100
device: cuda:0
seed: 1
situation: mlp_HoneyNeg_
cor_situation: without_cor_
peak_pick_num: 20
The following files missing: [53, 827, 1887, 2565, 2567, 3740]
mlp_HoneyNeg_without_cor_test and validation with peak pick number to be 20
Epoch [1], Loss:  44.9257

Epoch [1], Validation Acc:  1.0000

Epoch [1], Test Acc:  0.5926

Epoch [2], Loss:  44.2180

Epoch [2], Validation Acc:  1.0000

Epoch [2], Test Acc:  0.5926

Epoch [3], Loss:  41.7360

Epoch [3], Validation Acc:  1.0000

Epoch [3], Test Acc:  0.5926

Epoch [4], Loss:  43.9154

Epoch [4], Validation Acc:  1.0000

Epoch [4], Test Acc:  0.5926

Epoch [5], Loss:  44.1898

Epoch [5], Validation Acc:  1.0000

Epoch [5], Test Acc:  0.5926

Epoch [6], Loss:  39.1955

Epoch [6], Validation Acc:  1.0000

Epoch [6], Test Acc:  0.5926

Epoch [7], Loss:  40.1579

Epoch [7], Validation Acc:  1.0000

Epoch [7], Test Acc:  0.5926

Epoch [8], Loss:  44.4831

Epoch [8], Validation Acc:  1.0000

Epoch [8], Test Acc:  0.5926

Epoch [9], Loss:  44.3485

Epoch [9], Validation Acc:  1.0000

Epoch [9], Test Acc:  0.5926

Epoch [10], Loss:  43.7571

Epoch [10], Validation Acc:  1.0000

Epoch [10], Test Acc:  0.6296

Epoch [11], Loss:  40.5879

Epoch [11], Validation Acc:  1.0000

Epoch [11], Test Acc:  0.6296

Epoch [12], Loss:  47.1627

Epoch [12], Validation Acc:  1.0000

Epoch [12], Test Acc:  0.6296

Epoch [13], Loss:  43.5774

Epoch [13], Validation Acc:  1.0000

Epoch [13], Test Acc:  0.6296

Epoch [14], Loss:  39.1450

Epoch [14], Validation Acc:  1.0000

Epoch [14], Test Acc:  0.6296

Epoch [15], Loss:  39.8510

Epoch [15], Validation Acc:  1.0000

Epoch [15], Test Acc:  0.6296

Epoch [16], Loss:  41.0117

Epoch [16], Validation Acc:  1.0000

Epoch [16], Test Acc:  0.6296

Epoch [17], Loss:  42.8564

Epoch [17], Validation Acc:  1.0000

Epoch [17], Test Acc:  0.6296

Epoch [18], Loss:  43.4111

Epoch [18], Validation Acc:  1.0000

Epoch [18], Test Acc:  0.6296

Epoch [19], Loss:  42.6780

Epoch [19], Validation Acc:  1.0000

Epoch [19], Test Acc:  0.6296

Epoch [20], Loss:  43.2253

Epoch [20], Validation Acc:  1.0000

Epoch [20], Test Acc:  0.6296

Epoch [21], Loss:  38.7006

Epoch [21], Validation Acc:  1.0000

Epoch [21], Test Acc:  0.6296

Epoch [22], Loss:  42.0527

Epoch [22], Validation Acc:  1.0000

Epoch [22], Test Acc:  0.6296

Epoch [23], Loss:  38.1255

Epoch [23], Validation Acc:  1.0000

Epoch [23], Test Acc:  0.6296

Epoch [24], Loss:  44.6880

Epoch [24], Validation Acc:  1.0000

Epoch [24], Test Acc:  0.6296

Epoch [25], Loss:  41.8071

Epoch [25], Validation Acc:  1.0000

Epoch [25], Test Acc:  0.6296

Epoch [26], Loss:  38.0981

Epoch [26], Validation Acc:  1.0000

Epoch [26], Test Acc:  0.6296

Epoch [27], Loss:  42.0775

Epoch [27], Validation Acc:  1.0000

Epoch [27], Test Acc:  0.6296

Epoch [28], Loss:  38.4743

Epoch [28], Validation Acc:  1.0000

Epoch [28], Test Acc:  0.6296

Epoch [29], Loss:  41.3812

Epoch [29], Validation Acc:  1.0000

Epoch [29], Test Acc:  0.5926

Epoch [30], Loss:  41.2996

Epoch [30], Validation Acc:  1.0000

Epoch [30], Test Acc:  0.5926

Epoch [31], Loss:  41.3143

Epoch [31], Validation Acc:  1.0000

Epoch [31], Test Acc:  0.5926

Epoch [32], Loss:  37.4264

Epoch [32], Validation Acc:  1.0000

Epoch [32], Test Acc:  0.5926

Epoch [33], Loss:  34.9029

Epoch [33], Validation Acc:  1.0000

Epoch [33], Test Acc:  0.5926

Epoch [34], Loss:  37.6267

Epoch [34], Validation Acc:  1.0000

Epoch [34], Test Acc:  0.5926

Epoch [35], Loss:  36.6484

Epoch [35], Validation Acc:  1.0000

Epoch [35], Test Acc:  0.5926

Epoch [36], Loss:  41.5894

Epoch [36], Validation Acc:  1.0000

Epoch [36], Test Acc:  0.5926

Epoch [37], Loss:  41.1208

Epoch [37], Validation Acc:  1.0000

Epoch [37], Test Acc:  0.5926

Epoch [38], Loss:  36.3329

Epoch [38], Validation Acc:  1.0000

Epoch [38], Test Acc:  0.5926

Epoch [39], Loss:  37.3912

Epoch [39], Validation Acc:  1.0000

Epoch [39], Test Acc:  0.5926

Epoch [40], Loss:  38.3480

Epoch [40], Validation Acc:  1.0000

Epoch [40], Test Acc:  0.5926

Epoch [41], Loss:  40.1097

Epoch [41], Validation Acc:  1.0000

Epoch [41], Test Acc:  0.5926

Epoch [42], Loss:  40.7076

Epoch [42], Validation Acc:  1.0000

Epoch [42], Test Acc:  0.5926

Epoch [43], Loss:  39.9455

Epoch [43], Validation Acc:  1.0000

Epoch [43], Test Acc:  0.5926

Epoch [44], Loss:  32.8405

Epoch [44], Validation Acc:  1.0000

Epoch [44], Test Acc:  0.5926

Epoch [45], Loss:  32.2359

Epoch [45], Validation Acc:  1.0000

Epoch [45], Test Acc:  0.5926

Epoch [46], Loss:  39.1677

Epoch [46], Validation Acc:  1.0000

Epoch [46], Test Acc:  0.5926

Epoch [47], Loss:  43.5948

Epoch [47], Validation Acc:  1.0000

Epoch [47], Test Acc:  0.5926

Epoch [48], Loss:  40.2306

Epoch [48], Validation Acc:  1.0000

Epoch [48], Test Acc:  0.5926

Epoch [49], Loss:  34.8218

Epoch [49], Validation Acc:  1.0000

Epoch [49], Test Acc:  0.5926

Epoch [50], Loss:  42.9992

Epoch [50], Validation Acc:  1.0000

Epoch [50], Test Acc:  0.5926

Epoch [51], Loss:  39.2547

Epoch [51], Validation Acc:  1.0000

Epoch [51], Test Acc:  0.5926

Epoch [52], Loss:  35.9897

Epoch [52], Validation Acc:  1.0000

Epoch [52], Test Acc:  0.5926

Epoch [53], Loss:  36.7412

Epoch [53], Validation Acc:  1.0000

Epoch [53], Test Acc:  0.5926

Epoch [54], Loss:  36.2135

Epoch [54], Validation Acc:  1.0000

Epoch [54], Test Acc:  0.5926

Epoch [55], Loss:  34.9841

Epoch [55], Validation Acc:  1.0000

Epoch [55], Test Acc:  0.5926

Epoch [56], Loss:  39.0256

Epoch [56], Validation Acc:  1.0000

Epoch [56], Test Acc:  0.5926

Epoch [57], Loss:  41.6302

Epoch [57], Validation Acc:  1.0000

Epoch [57], Test Acc:  0.5926

Epoch [58], Loss:  35.7998

Epoch [58], Validation Acc:  1.0000

Epoch [58], Test Acc:  0.5926

Epoch [59], Loss:  38.6098

Epoch [59], Validation Acc:  1.0000

Epoch [59], Test Acc:  0.5926

Epoch [60], Loss:  38.7567

Epoch [60], Validation Acc:  1.0000

Epoch [60], Test Acc:  0.5926

Epoch [61], Loss:  36.4335

Epoch [61], Validation Acc:  1.0000

Epoch [61], Test Acc:  0.5926

Epoch [62], Loss:  39.5863

Epoch [62], Validation Acc:  1.0000

Epoch [62], Test Acc:  0.5926

Epoch [63], Loss:  36.2805

Epoch [63], Validation Acc:  1.0000

Epoch [63], Test Acc:  0.5926

Epoch [64], Loss:  35.3626

Epoch [64], Validation Acc:  1.0000

Epoch [64], Test Acc:  0.5926

Epoch [65], Loss:  35.2874

Epoch [65], Validation Acc:  1.0000

Epoch [65], Test Acc:  0.5926

Epoch [66], Loss:  37.3659

Epoch [66], Validation Acc:  1.0000

Epoch [66], Test Acc:  0.5926

Epoch [67], Loss:  38.9563

Epoch [67], Validation Acc:  1.0000

Epoch [67], Test Acc:  0.5926

Epoch [68], Loss:  35.0637

Epoch [68], Validation Acc:  1.0000

Epoch [68], Test Acc:  0.5926

Epoch [69], Loss:  35.6087

Epoch [69], Validation Acc:  1.0000

Epoch [69], Test Acc:  0.5926

Epoch [70], Loss:  37.7612

Epoch [70], Validation Acc:  1.0000

Epoch [70], Test Acc:  0.5926

Epoch [71], Loss:  35.6986

Epoch [71], Validation Acc:  1.0000

Epoch [71], Test Acc:  0.5926

Epoch [72], Loss:  34.6814

Epoch [72], Validation Acc:  1.0000

Epoch [72], Test Acc:  0.5926

Epoch [73], Loss:  37.8471

Epoch [73], Validation Acc:  1.0000

Epoch [73], Test Acc:  0.5926

Epoch [74], Loss:  31.6082

Epoch [74], Validation Acc:  1.0000

Epoch [74], Test Acc:  0.5926

Epoch [75], Loss:  34.0613

Epoch [75], Validation Acc:  1.0000

Epoch [75], Test Acc:  0.5926

Epoch [76], Loss:  29.8771

Epoch [76], Validation Acc:  0.6667

Epoch [76], Test Acc:  0.5926

Epoch [77], Loss:  33.7073

Epoch [77], Validation Acc:  1.0000

Epoch [77], Test Acc:  0.5926

Epoch [78], Loss:  33.9376

Epoch [78], Validation Acc:  1.0000

Epoch [78], Test Acc:  0.5926

Epoch [79], Loss:  32.1600

Epoch [79], Validation Acc:  1.0000

Epoch [79], Test Acc:  0.5926

Epoch [80], Loss:  32.4653

Epoch [80], Validation Acc:  0.6667

Epoch [80], Test Acc:  0.5926

Epoch [81], Loss:  30.3402

Epoch [81], Validation Acc:  1.0000

Epoch [81], Test Acc:  0.5926

Epoch [82], Loss:  39.5498

Epoch [82], Validation Acc:  1.0000

Epoch [82], Test Acc:  0.5926

Epoch [83], Loss:  37.7920

Epoch [83], Validation Acc:  1.0000

Epoch [83], Test Acc:  0.5926

Epoch [84], Loss:  37.1527

Epoch [84], Validation Acc:  1.0000

Epoch [84], Test Acc:  0.5926

Epoch [85], Loss:  33.5834

Epoch [85], Validation Acc:  0.6667

Epoch [85], Test Acc:  0.5926

Epoch [86], Loss:  29.4454

Epoch [86], Validation Acc:  0.6667

Epoch [86], Test Acc:  0.5926

Epoch [87], Loss:  33.6893

Epoch [87], Validation Acc:  0.6667

Epoch [87], Test Acc:  0.5926

Epoch [88], Loss:  37.7938

Epoch [88], Validation Acc:  1.0000

Epoch [88], Test Acc:  0.5926

Epoch [89], Loss:  36.6794

Epoch [89], Validation Acc:  1.0000

Epoch [89], Test Acc:  0.5926

Epoch [90], Loss:  32.1463

Epoch [90], Validation Acc:  0.6667

Epoch [90], Test Acc:  0.5926

Epoch [91], Loss:  31.4233

Epoch [91], Validation Acc:  1.0000

Epoch [91], Test Acc:  0.5926

Epoch [92], Loss:  30.9885

Epoch [92], Validation Acc:  1.0000

Epoch [92], Test Acc:  0.5926

Epoch [93], Loss:  33.7571

Epoch [93], Validation Acc:  1.0000

Epoch [93], Test Acc:  0.5926

Epoch [94], Loss:  35.0504

Epoch [94], Validation Acc:  1.0000

Epoch [94], Test Acc:  0.5926

Epoch [95], Loss:  32.3226

Epoch [95], Validation Acc:  1.0000

Epoch [95], Test Acc:  0.5926

Epoch [96], Loss:  37.1274

Epoch [96], Validation Acc:  1.0000

Epoch [96], Test Acc:  0.5926

Epoch [97], Loss:  30.4999

Epoch [97], Validation Acc:  1.0000

Epoch [97], Test Acc:  0.5926

Epoch [98], Loss:  34.1707

Epoch [98], Validation Acc:  1.0000

Epoch [98], Test Acc:  0.5926

Epoch [99], Loss:  32.2059

Epoch [99], Validation Acc:  1.0000

Epoch [99], Test Acc:  0.5926

Epoch [100], Loss:  40.1032

Epoch [100], Validation Acc:  1.0000

Epoch [100], Test Acc:  0.5926

Testing on test data...
Test Acc:  0.6296
Final alpha:  0.0873
Final beta: -9.1812
Final gamma:  0.4392
Spend time: 8499.191359758377
