dataset_path: ../datasets/ChangjiangRiver_check
result_path: ../results
checkpoint_path: ../checkpoints
train_sample_ratio: 0.8
learning_rate: 0.001
epochs: 150
device: cuda:0
seed: 1
situation: mlp_changjiang_
cor_situation: without_cor_
peak_pick_num: 1
The following files missing: [778, 895, 1388, 1590, 1836, 3195, 5021, 5881, 6487, 8121, 8989, 13399, 15457]
mlp_changjiang_without_cor_test and validation with peak pick number to be 1
Epoch [1], Loss:  91.0133

Epoch [1], Validation Acc:  0.6000

Epoch [2], Loss:  91.9631

Epoch [2], Validation Acc:  0.4000

Epoch [3], Loss:  94.1858

Epoch [3], Validation Acc:  0.8000

Epoch [4], Loss:  88.0809

Epoch [4], Validation Acc:  0.6000

Epoch [5], Loss:  85.0148

Epoch [5], Validation Acc:  0.8000

Epoch [6], Loss:  93.3157

Epoch [6], Validation Acc:  0.6000

Epoch [7], Loss:  88.2386

Epoch [7], Validation Acc:  0.8000

Epoch [8], Loss:  85.1904

Epoch [8], Validation Acc:  0.8000

Epoch [9], Loss:  81.9156

Epoch [9], Validation Acc:  0.6000

Epoch [10], Loss:  89.0441

Epoch [10], Validation Acc:  0.6000

Epoch [11], Loss:  92.9397

Epoch [11], Validation Acc:  0.8000

Epoch [12], Loss:  97.3076

Epoch [12], Validation Acc:  0.6000

Epoch [13], Loss:  87.7556

Epoch [13], Validation Acc:  0.4000

Epoch [14], Loss:  87.4265

Epoch [14], Validation Acc:  0.4000

Epoch [15], Loss:  90.0211

Epoch [15], Validation Acc:  0.8000

Epoch [16], Loss:  89.3024

Epoch [16], Validation Acc:  0.6000

Epoch [17], Loss:  82.7826

Epoch [17], Validation Acc:  0.4000

Epoch [18], Loss:  82.6710

Epoch [18], Validation Acc:  0.6000

Epoch [19], Loss:  89.1658

Epoch [19], Validation Acc:  0.6000

Epoch [20], Loss:  84.9042

Epoch [20], Validation Acc:  0.6000

Epoch [21], Loss:  85.1785

Epoch [21], Validation Acc:  0.6000

Epoch [22], Loss:  84.8407

Epoch [22], Validation Acc:  1.0000

Epoch [23], Loss:  82.8410

Epoch [23], Validation Acc:  0.6000

Epoch [24], Loss:  88.5712

Epoch [24], Validation Acc:  0.6000

Epoch [25], Loss:  89.0407

Epoch [25], Validation Acc:  0.4000

Epoch [26], Loss:  90.2469

Epoch [26], Validation Acc:  0.8000

Epoch [27], Loss:  83.0676

Epoch [27], Validation Acc:  0.2000

Epoch [28], Loss:  85.7447

Epoch [28], Validation Acc:  0.4000

Epoch [29], Loss:  83.0732

Epoch [29], Validation Acc:  0.4000

Epoch [30], Loss:  90.0573

Epoch [30], Validation Acc:  0.8000

Epoch [31], Loss:  85.1316

Epoch [31], Validation Acc:  1.0000

Epoch [32], Loss:  80.3555

Epoch [32], Validation Acc:  0.6000

Epoch [33], Loss:  85.4432

Epoch [33], Validation Acc:  0.6000

Epoch [34], Loss:  80.2831

Epoch [34], Validation Acc:  0.8000

Epoch [35], Loss:  81.0052

Epoch [35], Validation Acc:  0.4000

Epoch [36], Loss:  80.5132

Epoch [36], Validation Acc:  0.8000

Epoch [37], Loss:  76.8777

Epoch [37], Validation Acc:  0.4000

Epoch [38], Loss:  81.7550

Epoch [38], Validation Acc:  0.8000

Epoch [39], Loss:  82.4814

Epoch [39], Validation Acc:  0.6000

Epoch [40], Loss:  85.3297

Epoch [40], Validation Acc:  0.6000

Epoch [41], Loss:  77.9920

Epoch [41], Validation Acc:  0.4000

Epoch [42], Loss:  81.4515

Epoch [42], Validation Acc:  0.4000

Epoch [43], Loss:  82.3996

Epoch [43], Validation Acc:  0.8000

Epoch [44], Loss:  79.8124

Epoch [44], Validation Acc:  0.8000

Epoch [45], Loss:  79.4420

Epoch [45], Validation Acc:  0.8000

Epoch [46], Loss:  76.2539

Epoch [46], Validation Acc:  0.6000

Epoch [47], Loss:  81.6685

Epoch [47], Validation Acc:  0.4000

Epoch [48], Loss:  73.9507

Epoch [48], Validation Acc:  0.6000

Epoch [49], Loss:  73.5401

Epoch [49], Validation Acc:  0.4000

Epoch [50], Loss:  74.1333

Epoch [50], Validation Acc:  0.6000

Epoch [51], Loss:  80.6112

Epoch [51], Validation Acc:  1.0000

Epoch [52], Loss:  79.2423

Epoch [52], Validation Acc:  0.8000

Epoch [53], Loss:  80.0797

Epoch [53], Validation Acc:  0.8000

Epoch [54], Loss:  78.6882

Epoch [54], Validation Acc:  0.6000

Epoch [55], Loss:  69.5594

Epoch [55], Validation Acc:  0.6000

Epoch [56], Loss:  76.5760

Epoch [56], Validation Acc:  0.8000

Epoch [57], Loss:  82.6279

Epoch [57], Validation Acc:  0.4000

Epoch [58], Loss:  77.2126

Epoch [58], Validation Acc:  1.0000

Epoch [59], Loss:  71.3103

Epoch [59], Validation Acc:  0.2000

Epoch [60], Loss:  78.7043

Epoch [60], Validation Acc:  0.6000

Epoch [61], Loss:  80.0555

Epoch [61], Validation Acc:  0.6000

Epoch [62], Loss:  76.1809

Epoch [62], Validation Acc:  0.8000

Epoch [63], Loss:  73.2020

Epoch [63], Validation Acc:  0.6000

Epoch [64], Loss:  80.1240

Epoch [64], Validation Acc:  1.0000

Epoch [65], Loss:  72.9857

Epoch [65], Validation Acc:  0.4000

Epoch [66], Loss:  78.2140

Epoch [66], Validation Acc:  0.8000

Epoch [67], Loss:  67.4743

Epoch [67], Validation Acc:  0.6000

Epoch [68], Loss:  76.0129

Epoch [68], Validation Acc:  1.0000

Epoch [69], Loss:  76.4929

Epoch [69], Validation Acc:  0.8000

Epoch [70], Loss:  69.1873

Epoch [70], Validation Acc:  0.6000

Epoch [71], Loss:  71.1189

Epoch [71], Validation Acc:  0.4000

Epoch [72], Loss:  74.2971

Epoch [72], Validation Acc:  0.8000

Epoch [73], Loss:  76.6285

Epoch [73], Validation Acc:  0.8000

Epoch [74], Loss:  76.3366

Epoch [74], Validation Acc:  0.8000

Epoch [75], Loss:  70.2529

Epoch [75], Validation Acc:  0.8000

Epoch [76], Loss:  69.5730

Epoch [76], Validation Acc:  0.6000

Epoch [77], Loss:  76.0406

Epoch [77], Validation Acc:  1.0000

Epoch [78], Loss:  75.7416

Epoch [78], Validation Acc:  0.6000

Epoch [79], Loss:  73.1279

Epoch [79], Validation Acc:  0.6000

Epoch [80], Loss:  69.5547

Epoch [80], Validation Acc:  1.0000

Epoch [81], Loss:  68.9335

Epoch [81], Validation Acc:  0.6000

Epoch [82], Loss:  74.8161

Epoch [82], Validation Acc:  0.8000

Epoch [83], Loss:  72.7921

Epoch [83], Validation Acc:  0.8000

Epoch [84], Loss:  70.3685

Epoch [84], Validation Acc:  1.0000

Epoch [85], Loss:  71.4691

Epoch [85], Validation Acc:  1.0000

Epoch [86], Loss:  73.8501

Epoch [86], Validation Acc:  0.6000

Epoch [87], Loss:  79.9940

Epoch [87], Validation Acc:  0.8000

Epoch [88], Loss:  76.9371

Epoch [88], Validation Acc:  0.6000

Epoch [89], Loss:  73.1056

Epoch [89], Validation Acc:  0.6000

Epoch [90], Loss:  66.3123

Epoch [90], Validation Acc:  0.6000

Epoch [91], Loss:  63.9043

Epoch [91], Validation Acc:  0.4000

Epoch [92], Loss:  73.1441

Epoch [92], Validation Acc:  1.0000

Epoch [93], Loss:  63.0877

Epoch [93], Validation Acc:  0.6000

Epoch [94], Loss:  72.9544

Epoch [94], Validation Acc:  0.6000

Epoch [95], Loss:  64.3907

Epoch [95], Validation Acc:  0.8000

Epoch [96], Loss:  72.2633

Epoch [96], Validation Acc:  1.0000

Epoch [97], Loss:  65.6637

Epoch [97], Validation Acc:  0.4000

Epoch [98], Loss:  70.4637

Epoch [98], Validation Acc:  0.6000

Epoch [99], Loss:  75.5965

Epoch [99], Validation Acc:  0.6000

Epoch [100], Loss:  60.2123

Epoch [100], Validation Acc:  0.6000

Epoch [101], Loss:  64.8111

Epoch [101], Validation Acc:  1.0000

Epoch [102], Loss:  70.0208

Epoch [102], Validation Acc:  1.0000

Epoch [103], Loss:  67.7346

Epoch [103], Validation Acc:  0.6000

Epoch [104], Loss:  65.9198

Epoch [104], Validation Acc:  0.6000

Epoch [105], Loss:  64.0875

Epoch [105], Validation Acc:  0.6000

Epoch [106], Loss:  58.8559

Epoch [106], Validation Acc:  0.8000

Epoch [107], Loss:  69.0997

Epoch [107], Validation Acc:  0.8000

Epoch [108], Loss:  69.8953

Epoch [108], Validation Acc:  0.8000

Epoch [109], Loss:  73.4027

Epoch [109], Validation Acc:  0.6000

Epoch [110], Loss:  66.0671

Epoch [110], Validation Acc:  0.8000

Epoch [111], Loss:  62.7316

Epoch [111], Validation Acc:  0.4000

Epoch [112], Loss:  70.8041

Epoch [112], Validation Acc:  1.0000

Epoch [113], Loss:  65.1266

Epoch [113], Validation Acc:  0.6000

Epoch [114], Loss:  65.5438

Epoch [114], Validation Acc:  0.4000

Epoch [115], Loss:  62.4448

Epoch [115], Validation Acc:  0.4000

Epoch [116], Loss:  72.7966

Epoch [116], Validation Acc:  0.8000

Epoch [117], Loss:  61.2851

Epoch [117], Validation Acc:  0.6000

Epoch [118], Loss:  60.1196

Epoch [118], Validation Acc:  0.6000

Epoch [119], Loss:  66.4523

Epoch [119], Validation Acc:  0.8000

Epoch [120], Loss:  63.5887

Epoch [120], Validation Acc:  0.8000

Epoch [121], Loss:  73.2692

Epoch [121], Validation Acc:  1.0000

Epoch [122], Loss:  60.9453

Epoch [122], Validation Acc:  0.8000

Epoch [123], Loss:  72.0033

Epoch [123], Validation Acc:  1.0000

Epoch [124], Loss:  66.2278

Epoch [124], Validation Acc:  0.8000

Epoch [125], Loss:  67.8596

Epoch [125], Validation Acc:  0.8000

Epoch [126], Loss:  69.9224

Epoch [126], Validation Acc:  0.8000

Epoch [127], Loss:  59.8754

Epoch [127], Validation Acc:  0.8000

Epoch [128], Loss:  64.6200

Epoch [128], Validation Acc:  0.8000

Epoch [129], Loss:  60.5902

Epoch [129], Validation Acc:  0.8000

Epoch [130], Loss:  70.2692

Epoch [130], Validation Acc:  1.0000

Epoch [131], Loss:  66.1199

Epoch [131], Validation Acc:  0.8000

Epoch [132], Loss:  59.8146

Epoch [132], Validation Acc:  0.4000

Epoch [133], Loss:  55.0600

Epoch [133], Validation Acc:  0.4000

Epoch [134], Loss:  65.3391

Epoch [134], Validation Acc:  0.8000

Epoch [135], Loss:  63.0853

Epoch [135], Validation Acc:  0.8000

Epoch [136], Loss:  56.3873

Epoch [136], Validation Acc:  0.8000

Epoch [137], Loss:  61.6043

Epoch [137], Validation Acc:  0.6000

Epoch [138], Loss:  62.1672

Epoch [138], Validation Acc:  0.6000

Epoch [139], Loss:  64.1493

Epoch [139], Validation Acc:  0.8000

Epoch [140], Loss:  69.5605

Epoch [140], Validation Acc:  1.0000

Epoch [141], Loss:  69.3218

Epoch [141], Validation Acc:  0.8000

Epoch [142], Loss:  56.9088

Epoch [142], Validation Acc:  0.4000

Epoch [143], Loss:  63.4857

Epoch [143], Validation Acc:  0.6000

Epoch [144], Loss:  63.1070

Epoch [144], Validation Acc:  0.8000

Epoch [145], Loss:  58.2928

Epoch [145], Validation Acc:  0.4000

Epoch [146], Loss:  65.5908

Epoch [146], Validation Acc:  0.4000

Epoch [147], Loss:  54.1564

Epoch [147], Validation Acc:  0.8000

Epoch [148], Loss:  63.0255

Epoch [148], Validation Acc:  0.8000

Epoch [149], Loss:  55.6533

Epoch [149], Validation Acc:  0.4000

Epoch [150], Loss:  59.4841

Epoch [150], Validation Acc:  0.2000

Testing on test data...
Test Acc:  0.4048
Final alpha: -1.4881
Final beta: -11.0523
Final gamma:  0.4706
Spend time: 7194.511597394943
