dataset_path: ../datasets/ChangjiangRiver_check
result_path: ../results
checkpoint_path: ../checkpoints
train_sample_ratio: 0.8
learning_rate: 0.001
epochs: 100
device: cuda:0
seed: 1
situation: mlp_changjiang_
cor_situation: without_cor_
peak_pick_num: 1
The following files missing: [778, 895, 1388, 1590, 1836, 3195, 5021, 5881, 6487, 8121, 8989, 13399, 15457]
mlp_changjiang_without_cor_test and validation with peak pick number to be 1
Epoch [1], Loss:  91.0133

Epoch [1], Validation Acc:  0.6000

Epoch [1], Test Acc:  0.4524

Epoch [2], Loss:  91.9631

Epoch [2], Validation Acc:  0.4000

Epoch [2], Test Acc:  0.4524

Epoch [3], Loss:  94.1858

Epoch [3], Validation Acc:  0.8000

Epoch [3], Test Acc:  0.4524

Epoch [4], Loss:  88.0809

Epoch [4], Validation Acc:  0.6000

Epoch [4], Test Acc:  0.4524

Epoch [5], Loss:  85.0148

Epoch [5], Validation Acc:  0.8000

Epoch [5], Test Acc:  0.4524

Epoch [6], Loss:  93.3157

Epoch [6], Validation Acc:  0.6000

Epoch [6], Test Acc:  0.4524

Epoch [7], Loss:  88.2386

Epoch [7], Validation Acc:  0.8000

Epoch [7], Test Acc:  0.4524

Epoch [8], Loss:  85.1904

Epoch [8], Validation Acc:  0.8000

Epoch [8], Test Acc:  0.4524

Epoch [9], Loss:  81.9156

Epoch [9], Validation Acc:  0.6000

Epoch [9], Test Acc:  0.4524

Epoch [10], Loss:  89.0441

Epoch [10], Validation Acc:  0.6000

Epoch [10], Test Acc:  0.4524

Epoch [11], Loss:  92.9397

Epoch [11], Validation Acc:  0.8000

Epoch [11], Test Acc:  0.4524

Epoch [12], Loss:  97.3076

Epoch [12], Validation Acc:  0.6000

Epoch [12], Test Acc:  0.4524

Epoch [13], Loss:  87.7556

Epoch [13], Validation Acc:  0.4000

Epoch [13], Test Acc:  0.4524

Epoch [14], Loss:  87.4265

Epoch [14], Validation Acc:  0.4000

Epoch [14], Test Acc:  0.4524

Epoch [15], Loss:  90.0211

Epoch [15], Validation Acc:  0.8000

Epoch [15], Test Acc:  0.4524

Epoch [16], Loss:  89.3024

Epoch [16], Validation Acc:  0.6000

Epoch [16], Test Acc:  0.4762

Epoch [17], Loss:  82.7826

Epoch [17], Validation Acc:  0.4000

Epoch [17], Test Acc:  0.4762

Epoch [18], Loss:  82.6710

Epoch [18], Validation Acc:  0.6000

Epoch [18], Test Acc:  0.4762

Epoch [19], Loss:  89.1658

Epoch [19], Validation Acc:  0.6000

Epoch [19], Test Acc:  0.4762

Epoch [20], Loss:  84.9042

Epoch [20], Validation Acc:  0.6000

Epoch [20], Test Acc:  0.4762

Epoch [21], Loss:  85.1785

Epoch [21], Validation Acc:  0.6000

Epoch [21], Test Acc:  0.4762

Epoch [22], Loss:  84.8407

Epoch [22], Validation Acc:  1.0000

Epoch [22], Test Acc:  0.4286

Epoch [23], Loss:  82.8410

Epoch [23], Validation Acc:  0.6000

Epoch [23], Test Acc:  0.4286

Epoch [24], Loss:  88.5712

Epoch [24], Validation Acc:  0.6000

Epoch [24], Test Acc:  0.4286

Epoch [25], Loss:  89.0407

Epoch [25], Validation Acc:  0.4000

Epoch [25], Test Acc:  0.4286

Epoch [26], Loss:  90.2469

Epoch [26], Validation Acc:  0.8000

Epoch [26], Test Acc:  0.4286

Epoch [27], Loss:  83.0676

Epoch [27], Validation Acc:  0.2000

Epoch [27], Test Acc:  0.4286

Epoch [28], Loss:  85.7447

Epoch [28], Validation Acc:  0.4000

Epoch [28], Test Acc:  0.4286

Epoch [29], Loss:  83.0732

Epoch [29], Validation Acc:  0.4000

Epoch [29], Test Acc:  0.4286

Epoch [30], Loss:  90.0573

Epoch [30], Validation Acc:  0.8000

Epoch [30], Test Acc:  0.4286

Epoch [31], Loss:  85.1316

Epoch [31], Validation Acc:  1.0000

Epoch [31], Test Acc:  0.4286

Epoch [32], Loss:  80.3555

Epoch [32], Validation Acc:  0.6000

Epoch [32], Test Acc:  0.4286

Epoch [33], Loss:  85.4432

Epoch [33], Validation Acc:  0.6000

Epoch [33], Test Acc:  0.4286

Epoch [34], Loss:  80.2831

Epoch [34], Validation Acc:  0.8000

Epoch [34], Test Acc:  0.4286

Epoch [35], Loss:  81.0052

Epoch [35], Validation Acc:  0.4000

Epoch [35], Test Acc:  0.4286

Epoch [36], Loss:  80.5132

Epoch [36], Validation Acc:  0.8000

Epoch [36], Test Acc:  0.4286

Epoch [37], Loss:  76.8777

Epoch [37], Validation Acc:  0.4000

Epoch [37], Test Acc:  0.4286

Epoch [38], Loss:  81.7550

Epoch [38], Validation Acc:  0.8000

Epoch [38], Test Acc:  0.4286

Epoch [39], Loss:  82.4814

Epoch [39], Validation Acc:  0.6000

Epoch [39], Test Acc:  0.4286

Epoch [40], Loss:  85.3297

Epoch [40], Validation Acc:  0.6000

Epoch [40], Test Acc:  0.4286

Epoch [41], Loss:  77.9920

Epoch [41], Validation Acc:  0.4000

Epoch [41], Test Acc:  0.4286

Epoch [42], Loss:  81.4515

Epoch [42], Validation Acc:  0.4000

Epoch [42], Test Acc:  0.4286

Epoch [43], Loss:  82.3996

Epoch [43], Validation Acc:  0.8000

Epoch [43], Test Acc:  0.4286

Epoch [44], Loss:  79.8124

Epoch [44], Validation Acc:  0.8000

Epoch [44], Test Acc:  0.4286

Epoch [45], Loss:  79.4420

Epoch [45], Validation Acc:  0.8000

Epoch [45], Test Acc:  0.4286

Epoch [46], Loss:  76.2539

Epoch [46], Validation Acc:  0.6000

Epoch [46], Test Acc:  0.4286

Epoch [47], Loss:  81.6685

Epoch [47], Validation Acc:  0.4000

Epoch [47], Test Acc:  0.4286

Epoch [48], Loss:  73.9507

Epoch [48], Validation Acc:  0.6000

Epoch [48], Test Acc:  0.4286

Epoch [49], Loss:  73.5401

Epoch [49], Validation Acc:  0.4000

Epoch [49], Test Acc:  0.4286

Epoch [50], Loss:  74.1333

Epoch [50], Validation Acc:  0.6000

Epoch [50], Test Acc:  0.4286

Epoch [51], Loss:  80.6112

Epoch [51], Validation Acc:  1.0000

Epoch [51], Test Acc:  0.4286

Epoch [52], Loss:  79.2423

Epoch [52], Validation Acc:  0.8000

Epoch [52], Test Acc:  0.4286

Epoch [53], Loss:  80.0797

Epoch [53], Validation Acc:  0.8000

Epoch [53], Test Acc:  0.4286

Epoch [54], Loss:  78.6882

Epoch [54], Validation Acc:  0.6000

Epoch [54], Test Acc:  0.4286

Epoch [55], Loss:  69.5594

Epoch [55], Validation Acc:  0.6000

Epoch [55], Test Acc:  0.4286

Epoch [56], Loss:  76.5760

Epoch [56], Validation Acc:  0.8000

Epoch [56], Test Acc:  0.4286

Epoch [57], Loss:  82.6279

Epoch [57], Validation Acc:  0.4000

Epoch [57], Test Acc:  0.4286

Epoch [58], Loss:  77.2126

Epoch [58], Validation Acc:  1.0000

Epoch [58], Test Acc:  0.4286

Epoch [59], Loss:  71.3103

Epoch [59], Validation Acc:  0.2000

Epoch [59], Test Acc:  0.4286

Epoch [60], Loss:  78.7043

Epoch [60], Validation Acc:  0.6000

Epoch [60], Test Acc:  0.4286

Epoch [61], Loss:  80.0555

Epoch [61], Validation Acc:  0.6000

Epoch [61], Test Acc:  0.4286

Epoch [62], Loss:  76.1809

Epoch [62], Validation Acc:  0.8000

Epoch [62], Test Acc:  0.4286

Epoch [63], Loss:  73.2020

Epoch [63], Validation Acc:  0.6000

Epoch [63], Test Acc:  0.4286

Epoch [64], Loss:  80.1240

Epoch [64], Validation Acc:  1.0000

Epoch [64], Test Acc:  0.4286

Epoch [65], Loss:  72.9857

Epoch [65], Validation Acc:  0.4000

Epoch [65], Test Acc:  0.4286

Epoch [66], Loss:  78.2140

Epoch [66], Validation Acc:  0.8000

Epoch [66], Test Acc:  0.4286

Epoch [67], Loss:  67.4743

Epoch [67], Validation Acc:  0.6000

Epoch [67], Test Acc:  0.4286

Epoch [68], Loss:  76.0129

Epoch [68], Validation Acc:  1.0000

Epoch [68], Test Acc:  0.4286

Epoch [69], Loss:  76.4929

Epoch [69], Validation Acc:  0.8000

Epoch [69], Test Acc:  0.4286

Epoch [70], Loss:  69.1873

Epoch [70], Validation Acc:  0.6000

Epoch [70], Test Acc:  0.4286

Epoch [71], Loss:  71.1189

Epoch [71], Validation Acc:  0.4000

Epoch [71], Test Acc:  0.4286

Epoch [72], Loss:  74.2971

Epoch [72], Validation Acc:  0.8000

Epoch [72], Test Acc:  0.4286

Epoch [73], Loss:  76.6285

Epoch [73], Validation Acc:  0.8000

Epoch [73], Test Acc:  0.4286

Epoch [74], Loss:  76.3366

Epoch [74], Validation Acc:  0.8000

Epoch [74], Test Acc:  0.4286

Epoch [75], Loss:  70.2529

Epoch [75], Validation Acc:  0.8000

Epoch [75], Test Acc:  0.4286

Epoch [76], Loss:  69.5730

Epoch [76], Validation Acc:  0.6000

Epoch [76], Test Acc:  0.4286

Epoch [77], Loss:  76.0406

Epoch [77], Validation Acc:  1.0000

Epoch [77], Test Acc:  0.4286

Epoch [78], Loss:  75.7416

Epoch [78], Validation Acc:  0.6000

Epoch [78], Test Acc:  0.4286

Epoch [79], Loss:  73.1279

Epoch [79], Validation Acc:  0.6000

Epoch [79], Test Acc:  0.4286

Epoch [80], Loss:  69.5547

Epoch [80], Validation Acc:  1.0000

Epoch [80], Test Acc:  0.4286

Epoch [81], Loss:  68.9335

Epoch [81], Validation Acc:  0.6000

Epoch [81], Test Acc:  0.4286

Epoch [82], Loss:  74.8161

Epoch [82], Validation Acc:  0.8000

Epoch [82], Test Acc:  0.4286

Epoch [83], Loss:  72.7921

Epoch [83], Validation Acc:  0.8000

Epoch [83], Test Acc:  0.4286

Epoch [84], Loss:  70.3685

Epoch [84], Validation Acc:  1.0000

Epoch [84], Test Acc:  0.4286

Epoch [85], Loss:  71.4691

Epoch [85], Validation Acc:  1.0000

Epoch [85], Test Acc:  0.4286

Epoch [86], Loss:  73.8501

Epoch [86], Validation Acc:  0.6000

Epoch [86], Test Acc:  0.4286

Epoch [87], Loss:  79.9940

Epoch [87], Validation Acc:  0.8000

Epoch [87], Test Acc:  0.4286

Epoch [88], Loss:  76.9371

Epoch [88], Validation Acc:  0.6000

Epoch [88], Test Acc:  0.4286

Epoch [89], Loss:  73.1056

Epoch [89], Validation Acc:  0.6000

Epoch [89], Test Acc:  0.4286

Epoch [90], Loss:  66.3123

Epoch [90], Validation Acc:  0.6000

Epoch [90], Test Acc:  0.4286

Epoch [91], Loss:  63.9043

Epoch [91], Validation Acc:  0.4000

Epoch [91], Test Acc:  0.4286

Epoch [92], Loss:  73.1441

Epoch [92], Validation Acc:  1.0000

Epoch [92], Test Acc:  0.4048

Epoch [93], Loss:  63.0877

Epoch [93], Validation Acc:  0.6000

Epoch [93], Test Acc:  0.4048

Epoch [94], Loss:  72.9544

Epoch [94], Validation Acc:  0.6000

Epoch [94], Test Acc:  0.4048

Epoch [95], Loss:  64.3907

Epoch [95], Validation Acc:  0.8000

Epoch [95], Test Acc:  0.4048

Epoch [96], Loss:  72.2633

Epoch [96], Validation Acc:  1.0000

Epoch [96], Test Acc:  0.4048

Epoch [97], Loss:  65.6637

Epoch [97], Validation Acc:  0.4000

Epoch [97], Test Acc:  0.4048

Epoch [98], Loss:  70.4637

Epoch [98], Validation Acc:  0.6000

Epoch [98], Test Acc:  0.4048

Epoch [99], Loss:  75.5965

Epoch [99], Validation Acc:  0.6000

Epoch [99], Test Acc:  0.4048

Epoch [100], Loss:  60.2123

Epoch [100], Validation Acc:  0.6000

Epoch [100], Test Acc:  0.4048

Testing on test data...
Test Acc:  0.4762
Final alpha:  0.0103
Final beta: -9.3237
Final gamma:  0.4654
Spend time: 21094.76345729828
