dataset_path: ../datasets/Sediment_check
result_path: ../results
checkpoint_path: ../checkpoints
train_sample_ratio: 0.8
learning_rate: 0.001
epochs: 100
device: cuda:0
seed: 1
situation: mlp_Sediment_
cor_situation: with_cor_inside_sig_
peak_pick_num: 5
The following files missing: [7437, 7688, 7744, 8407, 13399]
mlp_Sediment_with_cor_inside_sig_test and validation with peak pick number to be 5
Epoch [1], Loss:  34.6940

Epoch [1], Validation Acc:  0.0000

Epoch [2], Loss:  31.8786

Epoch [2], Validation Acc:  0.0000

Epoch [3], Loss:  34.6876

Epoch [3], Validation Acc:  0.0000

Epoch [4], Loss:  33.4623

Epoch [4], Validation Acc:  0.0000

Epoch [5], Loss:  33.4591

Epoch [5], Validation Acc:  0.0000

Epoch [6], Loss:  32.9712

Epoch [6], Validation Acc:  0.0000

Epoch [7], Loss:  33.4529

Epoch [7], Validation Acc:  0.0000

Epoch [8], Loss:  31.8707

Epoch [8], Validation Acc:  1.0000

Epoch [9], Loss:  32.0786

Epoch [9], Validation Acc:  0.0000

Epoch [10], Loss:  34.6661

Epoch [10], Validation Acc:  0.0000

Epoch [11], Loss:  33.4414

Epoch [11], Validation Acc:  0.0000

Epoch [12], Loss:  34.6586

Epoch [12], Validation Acc:  0.0000

Epoch [13], Loss:  31.8642

Epoch [13], Validation Acc:  1.0000

Epoch [14], Loss:  32.0653

Epoch [14], Validation Acc:  0.0000

Epoch [15], Loss:  33.4306

Epoch [15], Validation Acc:  0.0000

Epoch [16], Loss:  32.0603

Epoch [16], Validation Acc:  0.0000

Epoch [17], Loss:  33.4242

Epoch [17], Validation Acc:  0.0000

Epoch [18], Loss:  32.0546

Epoch [18], Validation Acc:  0.0000

Epoch [19], Loss:  31.8580

Epoch [19], Validation Acc:  1.0000

Epoch [20], Loss:  33.4163

Epoch [20], Validation Acc:  0.0000

Epoch [21], Loss:  31.8555

Epoch [21], Validation Acc:  1.0000

Epoch [22], Loss:  31.8538

Epoch [22], Validation Acc:  1.0000

Epoch [23], Loss:  32.9262

Epoch [23], Validation Acc:  0.0000

Epoch [24], Loss:  31.8507

Epoch [24], Validation Acc:  1.0000

Epoch [25], Loss:  32.9224

Epoch [25], Validation Acc:  0.0000

Epoch [26], Loss:  33.4038

Epoch [26], Validation Acc:  0.0000

Epoch [27], Loss:  34.6173

Epoch [27], Validation Acc:  0.0000

Epoch [28], Loss:  33.3996

Epoch [28], Validation Acc:  0.0000

Epoch [29], Loss:  31.8440

Epoch [29], Validation Acc:  1.0000

Epoch [30], Loss:  34.6083

Epoch [30], Validation Acc:  0.0000

Epoch [31], Loss:  33.3913

Epoch [31], Validation Acc:  0.0000

Epoch [32], Loss:  33.3883

Epoch [32], Validation Acc:  0.0000

Epoch [33], Loss:  32.0196

Epoch [33], Validation Acc:  0.0000

Epoch [34], Loss:  34.5969

Epoch [34], Validation Acc:  0.0000

Epoch [35], Loss:  32.8951

Epoch [35], Validation Acc:  0.0000

Epoch [36], Loss:  33.3767

Epoch [36], Validation Acc:  0.0000

Epoch [37], Loss:  33.3723

Epoch [37], Validation Acc:  0.0000

Epoch [38], Loss:  32.0047

Epoch [38], Validation Acc:  0.0000

Epoch [39], Loss:  32.8838

Epoch [39], Validation Acc:  0.0000

Epoch [40], Loss:  31.9990

Epoch [40], Validation Acc:  0.0000

Epoch [41], Loss:  32.8767

Epoch [41], Validation Acc:  0.0000

Epoch [42], Loss:  31.9923

Epoch [42], Validation Acc:  0.0000

Epoch [43], Loss:  31.9885

Epoch [43], Validation Acc:  0.0000

Epoch [44], Loss:  31.8341

Epoch [44], Validation Acc:  1.0000

Epoch [45], Loss:  33.3495

Epoch [45], Validation Acc:  0.0000

Epoch [46], Loss:  31.9816

Epoch [46], Validation Acc:  0.0000

Epoch [47], Loss:  31.9792

Epoch [47], Validation Acc:  0.0000

Epoch [48], Loss:  33.3418

Epoch [48], Validation Acc:  0.0000

Epoch [49], Loss:  34.5506

Epoch [49], Validation Acc:  0.0000

Epoch [50], Loss:  31.8305

Epoch [50], Validation Acc:  1.0000

Epoch [51], Loss:  34.5461

Epoch [51], Validation Acc:  0.0000

Epoch [52], Loss:  31.9670

Epoch [52], Validation Acc:  0.0000

Epoch [53], Loss:  31.9647

Epoch [53], Validation Acc:  0.0000

Epoch [54], Loss:  33.3265

Epoch [54], Validation Acc:  0.0000

Epoch [55], Loss:  32.8408

Epoch [55], Validation Acc:  0.0000

Epoch [56], Loss:  31.9566

Epoch [56], Validation Acc:  0.0000

Epoch [57], Loss:  33.3194

Epoch [57], Validation Acc:  0.0000

Epoch [58], Loss:  33.3153

Epoch [58], Validation Acc:  0.0000

Epoch [59], Loss:  31.8260

Epoch [59], Validation Acc:  1.0000

Epoch [60], Loss:  32.8284

Epoch [60], Validation Acc:  0.0000

Epoch [61], Loss:  32.8252

Epoch [61], Validation Acc:  0.0000

Epoch [62], Loss:  31.9432

Epoch [62], Validation Acc:  0.0000

Epoch [63], Loss:  34.5145

Epoch [63], Validation Acc:  0.0000

Epoch [64], Loss:  31.9372

Epoch [64], Validation Acc:  0.0000

Epoch [65], Loss:  31.8237

Epoch [65], Validation Acc:  1.0000

Epoch [66], Loss:  31.9337

Epoch [66], Validation Acc:  0.0000

Epoch [67], Loss:  32.8118

Epoch [67], Validation Acc:  0.0000

Epoch [68], Loss:  34.5023

Epoch [68], Validation Acc:  0.0000

Epoch [69], Loss:  31.9272

Epoch [69], Validation Acc:  0.0000

Epoch [70], Loss:  32.8052

Epoch [70], Validation Acc:  0.0000

Epoch [71], Loss:  31.9218

Epoch [71], Validation Acc:  0.0000

Epoch [72], Loss:  31.8211

Epoch [72], Validation Acc:  1.0000

Epoch [73], Loss:  31.9182

Epoch [73], Validation Acc:  0.0000

Epoch [74], Loss:  33.2804

Epoch [74], Validation Acc:  0.0000

Epoch [75], Loss:  31.9141

Epoch [75], Validation Acc:  0.0000

Epoch [76], Loss:  33.2756

Epoch [76], Validation Acc:  0.0000

Epoch [77], Loss:  33.2728

Epoch [77], Validation Acc:  0.0000

Epoch [78], Loss:  34.4801

Epoch [78], Validation Acc:  0.0000

Epoch [79], Loss:  31.9057

Epoch [79], Validation Acc:  0.0000

Epoch [80], Loss:  32.7836

Epoch [80], Validation Acc:  0.0000

Epoch [81], Loss:  31.9001

Epoch [81], Validation Acc:  0.0000

Epoch [82], Loss:  31.8192

Epoch [82], Validation Acc:  1.0000

Epoch [83], Loss:  34.4698

Epoch [83], Validation Acc:  0.0000

Epoch [84], Loss:  33.2594

Epoch [84], Validation Acc:  0.0000

Epoch [85], Loss:  31.8179

Epoch [85], Validation Acc:  1.0000

Epoch [86], Loss:  34.4643

Epoch [86], Validation Acc:  0.0000

Epoch [87], Loss:  33.2545

Epoch [87], Validation Acc:  0.0000

Epoch [88], Loss:  31.8154

Epoch [88], Validation Acc:  1.0000

Epoch [89], Loss:  34.4598

Epoch [89], Validation Acc:  0.0000

Epoch [90], Loss:  31.8879

Epoch [90], Validation Acc:  0.0000

Epoch [91], Loss:  33.2485

Epoch [91], Validation Acc:  0.0000

Epoch [92], Loss:  31.8131

Epoch [92], Validation Acc:  1.0000

Epoch [93], Loss:  32.7627

Epoch [93], Validation Acc:  0.0000

Epoch [94], Loss:  32.7613

Epoch [94], Validation Acc:  0.0000

Epoch [95], Loss:  31.8806

Epoch [95], Validation Acc:  0.0000

Epoch [96], Loss:  34.4486

Epoch [96], Validation Acc:  0.0000

Epoch [97], Loss:  32.7569

Epoch [97], Validation Acc:  0.0000

Epoch [98], Loss:  31.8744

Epoch [98], Validation Acc:  0.0000

Epoch [99], Loss:  34.4437

Epoch [99], Validation Acc:  0.0000

Epoch [100], Loss:  32.7504

Epoch [100], Validation Acc:  0.0000

Testing on test data...
Test Acc:  0.1053
Final alpha:  0.3839
Final beta: -9.1059
Final gamma:  0.4381
Spend time: 3555.7907650470734
