dataset_path: ../datasets/Sediment_check
result_path: ../results
checkpoint_path: ../checkpoints
train_sample_ratio: 0.8
learning_rate: 0.001
epochs: 100
device: cuda:0
seed: 1
situation: mlp_Sediment_
cor_situation: with_cor_outside_sig_
peak_pick_num: 20
The following files missing: [7437, 7688, 7744, 8407, 13399]
mlp_Sediment_with_cor_outside_sig_test and validation with peak pick number to be 20
Epoch [1], Loss:  34.5390

Epoch [1], Validation Acc:  0.0000

Epoch [1], Test Acc:  0.3158

Epoch [2], Loss:  31.8793

Epoch [2], Validation Acc:  1.0000

Epoch [2], Test Acc:  0.3158

Epoch [3], Loss:  34.5375

Epoch [3], Validation Acc:  0.0000

Epoch [3], Test Acc:  0.3158

Epoch [4], Loss:  33.3130

Epoch [4], Validation Acc:  0.0000

Epoch [4], Test Acc:  0.3158

Epoch [5], Loss:  33.3125

Epoch [5], Validation Acc:  0.0000

Epoch [5], Test Acc:  0.3158

Epoch [6], Loss:  32.8277

Epoch [6], Validation Acc:  0.0000

Epoch [6], Test Acc:  0.3158

Epoch [7], Loss:  33.3116

Epoch [7], Validation Acc:  0.0000

Epoch [7], Test Acc:  0.3158

Epoch [8], Loss:  31.8754

Epoch [8], Validation Acc:  1.0000

Epoch [8], Test Acc:  0.3158

Epoch [9], Loss:  31.9424

Epoch [9], Validation Acc:  0.0000

Epoch [9], Test Acc:  0.3158

Epoch [10], Loss:  34.5329

Epoch [10], Validation Acc:  0.0000

Epoch [10], Test Acc:  0.3158

Epoch [11], Loss:  33.3099

Epoch [11], Validation Acc:  0.0000

Epoch [11], Test Acc:  0.3158

Epoch [12], Loss:  34.5318

Epoch [12], Validation Acc:  0.0000

Epoch [12], Test Acc:  0.3158

Epoch [13], Loss:  31.8721

Epoch [13], Validation Acc:  1.0000

Epoch [13], Test Acc:  0.3158

Epoch [14], Loss:  31.9408

Epoch [14], Validation Acc:  0.0000

Epoch [14], Test Acc:  0.3158

Epoch [15], Loss:  33.3085

Epoch [15], Validation Acc:  0.0000

Epoch [15], Test Acc:  0.3158

Epoch [16], Loss:  31.9399

Epoch [16], Validation Acc:  0.0000

Epoch [16], Test Acc:  0.3158

Epoch [17], Loss:  33.3078

Epoch [17], Validation Acc:  0.0000

Epoch [17], Test Acc:  0.3158

Epoch [18], Loss:  31.9393

Epoch [18], Validation Acc:  0.0000

Epoch [18], Test Acc:  0.3158

Epoch [19], Loss:  31.8694

Epoch [19], Validation Acc:  1.0000

Epoch [19], Test Acc:  0.3158

Epoch [20], Loss:  33.3069

Epoch [20], Validation Acc:  0.0000

Epoch [20], Test Acc:  0.3158

Epoch [21], Loss:  31.8680

Epoch [21], Validation Acc:  1.0000

Epoch [21], Test Acc:  0.3158

Epoch [22], Loss:  31.8668

Epoch [22], Validation Acc:  1.0000

Epoch [22], Test Acc:  0.3158

Epoch [23], Loss:  32.8221

Epoch [23], Validation Acc:  0.0000

Epoch [23], Test Acc:  0.3158

Epoch [24], Loss:  31.8646

Epoch [24], Validation Acc:  1.0000

Epoch [24], Test Acc:  0.3158

Epoch [25], Loss:  32.8220

Epoch [25], Validation Acc:  0.0000

Epoch [25], Test Acc:  0.3158

Epoch [26], Loss:  33.3058

Epoch [26], Validation Acc:  0.0000

Epoch [26], Test Acc:  0.3158

Epoch [27], Loss:  34.5249

Epoch [27], Validation Acc:  0.0000

Epoch [27], Test Acc:  0.3158

Epoch [28], Loss:  33.3052

Epoch [28], Validation Acc:  0.0000

Epoch [28], Test Acc:  0.3158

Epoch [29], Loss:  31.8604

Epoch [29], Validation Acc:  1.0000

Epoch [29], Test Acc:  0.3158

Epoch [30], Loss:  34.5241

Epoch [30], Validation Acc:  0.0000

Epoch [30], Test Acc:  0.3158

Epoch [31], Loss:  33.3044

Epoch [31], Validation Acc:  0.0000

Epoch [31], Test Acc:  0.3158

Epoch [32], Loss:  33.3042

Epoch [32], Validation Acc:  0.0000

Epoch [32], Test Acc:  0.3158

Epoch [33], Loss:  31.9370

Epoch [33], Validation Acc:  0.0000

Epoch [33], Test Acc:  0.3158

Epoch [34], Loss:  34.5223

Epoch [34], Validation Acc:  0.0000

Epoch [34], Test Acc:  0.3158

Epoch [35], Loss:  32.8197

Epoch [35], Validation Acc:  0.0000

Epoch [35], Test Acc:  0.3158

Epoch [36], Loss:  33.3034

Epoch [36], Validation Acc:  0.0000

Epoch [36], Test Acc:  0.3158

Epoch [37], Loss:  33.3031

Epoch [37], Validation Acc:  0.0000

Epoch [37], Test Acc:  0.3158

Epoch [38], Loss:  31.9359

Epoch [38], Validation Acc:  0.0000

Epoch [38], Test Acc:  0.3158

Epoch [39], Loss:  32.8189

Epoch [39], Validation Acc:  0.0000

Epoch [39], Test Acc:  0.3158

Epoch [40], Loss:  31.9356

Epoch [40], Validation Acc:  0.0000

Epoch [40], Test Acc:  0.3158

Epoch [41], Loss:  32.8184

Epoch [41], Validation Acc:  0.0000

Epoch [41], Test Acc:  0.3158

Epoch [42], Loss:  31.9352

Epoch [42], Validation Acc:  0.0000

Epoch [42], Test Acc:  0.3158

Epoch [43], Loss:  31.9351

Epoch [43], Validation Acc:  0.0000

Epoch [43], Test Acc:  0.3158

Epoch [44], Loss:  31.8561

Epoch [44], Validation Acc:  1.0000

Epoch [44], Test Acc:  0.3158

Epoch [45], Loss:  33.3017

Epoch [45], Validation Acc:  0.0000

Epoch [45], Test Acc:  0.3158

Epoch [46], Loss:  31.9348

Epoch [46], Validation Acc:  0.0000

Epoch [46], Test Acc:  0.3158

Epoch [47], Loss:  31.9347

Epoch [47], Validation Acc:  0.0000

Epoch [47], Test Acc:  0.3158

Epoch [48], Loss:  33.3014

Epoch [48], Validation Acc:  0.0000

Epoch [48], Test Acc:  0.3158

Epoch [49], Loss:  34.5191

Epoch [49], Validation Acc:  0.0000

Epoch [49], Test Acc:  0.3158

Epoch [50], Loss:  31.8539

Epoch [50], Validation Acc:  1.0000

Epoch [50], Test Acc:  0.3158

Epoch [51], Loss:  34.5184

Epoch [51], Validation Acc:  0.0000

Epoch [51], Test Acc:  0.3158

Epoch [52], Loss:  31.9344

Epoch [52], Validation Acc:  0.0000

Epoch [52], Test Acc:  0.3158

Epoch [53], Loss:  31.9344

Epoch [53], Validation Acc:  0.0000

Epoch [53], Test Acc:  0.3158

Epoch [54], Loss:  33.3007

Epoch [54], Validation Acc:  0.0000

Epoch [54], Test Acc:  0.3684

Epoch [55], Loss:  32.8167

Epoch [55], Validation Acc:  0.0000

Epoch [55], Test Acc:  0.3684

Epoch [56], Loss:  31.9340

Epoch [56], Validation Acc:  0.0000

Epoch [56], Test Acc:  0.3684

Epoch [57], Loss:  33.3004

Epoch [57], Validation Acc:  0.0000

Epoch [57], Test Acc:  0.3684

Epoch [58], Loss:  33.3004

Epoch [58], Validation Acc:  0.0000

Epoch [58], Test Acc:  0.3684

Epoch [59], Loss:  31.8510

Epoch [59], Validation Acc:  1.0000

Epoch [59], Test Acc:  0.3684

Epoch [60], Loss:  32.8162

Epoch [60], Validation Acc:  0.0000

Epoch [60], Test Acc:  0.3684

Epoch [61], Loss:  32.8162

Epoch [61], Validation Acc:  0.0000

Epoch [61], Test Acc:  0.3684

Epoch [62], Loss:  31.9335

Epoch [62], Validation Acc:  0.0000

Epoch [62], Test Acc:  0.3684

Epoch [63], Loss:  34.5165

Epoch [63], Validation Acc:  0.0000

Epoch [63], Test Acc:  0.3684

Epoch [64], Loss:  31.9335

Epoch [64], Validation Acc:  0.0000

Epoch [64], Test Acc:  0.3684

Epoch [65], Loss:  31.8491

Epoch [65], Validation Acc:  1.0000

Epoch [65], Test Acc:  0.3684

Epoch [66], Loss:  31.9332

Epoch [66], Validation Acc:  0.0000

Epoch [66], Test Acc:  0.3684

Epoch [67], Loss:  32.8158

Epoch [67], Validation Acc:  0.0000

Epoch [67], Test Acc:  0.3684

Epoch [68], Loss:  34.5158

Epoch [68], Validation Acc:  0.0000

Epoch [68], Test Acc:  0.3684

Epoch [69], Loss:  31.9333

Epoch [69], Validation Acc:  0.0000

Epoch [69], Test Acc:  0.3684

Epoch [70], Loss:  32.8156

Epoch [70], Validation Acc:  0.0000

Epoch [70], Test Acc:  0.3684

Epoch [71], Loss:  31.9332

Epoch [71], Validation Acc:  0.0000

Epoch [71], Test Acc:  0.3684

Epoch [72], Loss:  31.8466

Epoch [72], Validation Acc:  1.0000

Epoch [72], Test Acc:  0.3684

Epoch [73], Loss:  31.9331

Epoch [73], Validation Acc:  0.0000

Epoch [73], Test Acc:  0.3684

Epoch [74], Loss:  33.2991

Epoch [74], Validation Acc:  0.0000

Epoch [74], Test Acc:  0.3684

Epoch [75], Loss:  31.9331

Epoch [75], Validation Acc:  0.0000

Epoch [75], Test Acc:  0.3684

Epoch [76], Loss:  33.2990

Epoch [76], Validation Acc:  0.0000

Epoch [76], Test Acc:  0.3684

Epoch [77], Loss:  33.2992

Epoch [77], Validation Acc:  0.0000

Epoch [77], Test Acc:  0.3684

Epoch [78], Loss:  34.5143

Epoch [78], Validation Acc:  0.0000

Epoch [78], Test Acc:  0.3684

Epoch [79], Loss:  31.9330

Epoch [79], Validation Acc:  0.0000

Epoch [79], Test Acc:  0.3684

Epoch [80], Loss:  32.8152

Epoch [80], Validation Acc:  0.0000

Epoch [80], Test Acc:  0.3684

Epoch [81], Loss:  31.9331

Epoch [81], Validation Acc:  0.0000

Epoch [81], Test Acc:  0.3684

Epoch [82], Loss:  31.8441

Epoch [82], Validation Acc:  1.0000

Epoch [82], Test Acc:  0.3684

Epoch [83], Loss:  34.5137

Epoch [83], Validation Acc:  0.0000

Epoch [83], Test Acc:  0.3684

Epoch [84], Loss:  33.2986

Epoch [84], Validation Acc:  0.0000

Epoch [84], Test Acc:  0.3684

Epoch [85], Loss:  31.8425

Epoch [85], Validation Acc:  1.0000

Epoch [85], Test Acc:  0.3684

Epoch [86], Loss:  34.5133

Epoch [86], Validation Acc:  0.0000

Epoch [86], Test Acc:  0.3684

Epoch [87], Loss:  33.2988

Epoch [87], Validation Acc:  0.0000

Epoch [87], Test Acc:  0.3684

Epoch [88], Loss:  31.8399

Epoch [88], Validation Acc:  1.0000

Epoch [88], Test Acc:  0.3684

Epoch [89], Loss:  34.5128

Epoch [89], Validation Acc:  0.0000

Epoch [89], Test Acc:  0.3684

Epoch [90], Loss:  31.9330

Epoch [90], Validation Acc:  0.0000

Epoch [90], Test Acc:  0.3684

Epoch [91], Loss:  33.2984

Epoch [91], Validation Acc:  0.0000

Epoch [91], Test Acc:  0.3684

Epoch [92], Loss:  31.8370

Epoch [92], Validation Acc:  1.0000

Epoch [92], Test Acc:  0.3684

Epoch [93], Loss:  32.8151

Epoch [93], Validation Acc:  0.0000

Epoch [93], Test Acc:  0.3684

Epoch [94], Loss:  32.8150

Epoch [94], Validation Acc:  0.0000

Epoch [94], Test Acc:  0.3684

Epoch [95], Loss:  31.9332

Epoch [95], Validation Acc:  0.0000

Epoch [95], Test Acc:  0.3684

Epoch [96], Loss:  34.5111

Epoch [96], Validation Acc:  0.0000

Epoch [96], Test Acc:  0.3684

Epoch [97], Loss:  32.8146

Epoch [97], Validation Acc:  0.0000

Epoch [97], Test Acc:  0.3684

Epoch [98], Loss:  31.9333

Epoch [98], Validation Acc:  0.0000

Epoch [98], Test Acc:  0.3684

Epoch [99], Loss:  34.5110

Epoch [99], Validation Acc:  0.0000

Epoch [99], Test Acc:  0.3684

Epoch [100], Loss:  32.8146

Epoch [100], Validation Acc:  0.0000

Epoch [100], Test Acc:  0.3684

Testing on test data...
Test Acc:  0.3684
Final alpha:  0.3577
Final beta: -9.1717
Final gamma:  0.4951
Spend time: 13644.230682611465
