dataset_path: ../datasets/combo
result_path: ../results
checkpoint_path: ../checkpoints
train_sample_ratio: 0.8
learning_rate: 0.001
epochs: 100
device: cuda:0
seed: 1
situation: mlp_Combo_
cor_situation: with_cor_outside_sig_
peak_pick_num: 10
The following files missing: [1, 3, 6, 8, 11, 16, 23, 27, 28, 35, 41, 52, 59, 103, 106, 113, 123, 124, 131, 168, 174, 177, 178, 181, 185, 195, 206, 208, 211, 247, 251, 253, 258, 262, 264, 272, 274, 318, 320, 321, 322, 327]
mlp_Combo_with_cor_outside_sig_test and validation with peak pick number to be 10
Epoch [1], Loss:  336.9076

Epoch [1], Validation Acc:  0.0000

Epoch [1], Test Acc:  0.0405

Epoch [2], Loss:  332.2870

Epoch [2], Validation Acc:  0.0000

Epoch [2], Test Acc:  0.0405

Epoch [3], Loss:  339.7978

Epoch [3], Validation Acc:  0.0000

Epoch [3], Test Acc:  0.0405

Epoch [4], Loss:  337.7049

Epoch [4], Validation Acc:  0.0000

Epoch [4], Test Acc:  0.0743

Epoch [5], Loss:  334.3934

Epoch [5], Validation Acc:  0.0000

Epoch [5], Test Acc:  0.0811

Epoch [6], Loss:  330.5852

Epoch [6], Validation Acc:  0.0000

Epoch [6], Test Acc:  0.0811

Epoch [7], Loss:  333.7070

Epoch [7], Validation Acc:  0.0000

Epoch [7], Test Acc:  0.0811

Epoch [8], Loss:  336.1613

Epoch [8], Validation Acc:  0.0000

Epoch [8], Test Acc:  0.0811

Epoch [9], Loss:  333.6635

Epoch [9], Validation Acc:  0.0000

Epoch [9], Test Acc:  0.0811

Epoch [10], Loss:  334.1153

Epoch [10], Validation Acc:  0.0833

Epoch [10], Test Acc:  0.0811

Epoch [11], Loss:  341.8651

Epoch [11], Validation Acc:  0.0000

Epoch [11], Test Acc:  0.0811

Epoch [12], Loss:  331.4649

Epoch [12], Validation Acc:  0.0833

Epoch [12], Test Acc:  0.0811

Epoch [13], Loss:  324.5132

Epoch [13], Validation Acc:  0.0000

Epoch [13], Test Acc:  0.0811

Epoch [14], Loss:  329.5289

Epoch [14], Validation Acc:  0.0000

Epoch [14], Test Acc:  0.0811

Epoch [15], Loss:  333.7590

Epoch [15], Validation Acc:  0.0000

