dataset_path: ../datasets/Honey_pos_check
result_path: ../results
checkpoint_path: ../checkpoints
train_sample_ratio: 0.8
learning_rate: 0.001
epochs: 100
device: cuda:0
seed: 1
situation: mlp_HoneyPos_
cor_situation: without_cor
peak_pick_num: 5
The following files missing: [2023, 3231, 3349, 3358, 3688, 4173, 5607, 14129, 18276, 10320]
mlp_HoneyPos_without_cortest and validation with peak pick number to be 5
Epoch [1], Loss:  80.2640

Epoch [1], Validation Acc:  0.0000

Epoch [1], Test Acc:  0.0000

Epoch [2], Loss:  78.9615

Epoch [2], Validation Acc:  0.0000

Epoch [2], Test Acc:  0.0000

Epoch [3], Loss:  77.4309

Epoch [3], Validation Acc:  0.0000

Epoch [3], Test Acc:  0.0000

Epoch [4], Loss:  83.0057

Epoch [4], Validation Acc:  0.0000

Epoch [4], Test Acc:  0.0000

Epoch [5], Loss:  75.6020

Epoch [5], Validation Acc:  0.0000

Epoch [5], Test Acc:  0.0000

Epoch [6], Loss:  76.9525

Epoch [6], Validation Acc:  0.0000

Epoch [6], Test Acc:  0.0000

Epoch [7], Loss:  77.3573

Epoch [7], Validation Acc:  0.0000

Epoch [7], Test Acc:  0.0000

Epoch [8], Loss:  77.2240

Epoch [8], Validation Acc:  0.0000

Epoch [8], Test Acc:  0.0000

Epoch [9], Loss:  76.6954

Epoch [9], Validation Acc:  0.0000

Epoch [9], Test Acc:  0.0000

Epoch [10], Loss:  78.7752

Epoch [10], Validation Acc:  0.0000

Epoch [10], Test Acc:  0.0294

Epoch [11], Loss:  78.4642

Epoch [11], Validation Acc:  0.0000

Epoch [11], Test Acc:  0.0294

Epoch [12], Loss:  77.9021

Epoch [12], Validation Acc:  0.0000

Epoch [12], Test Acc:  0.0294

Epoch [13], Loss:  82.6025

Epoch [13], Validation Acc:  0.0000

Epoch [13], Test Acc:  0.0294

Epoch [14], Loss:  80.1782

Epoch [14], Validation Acc:  0.0000

Epoch [14], Test Acc:  0.0294

Epoch [15], Loss:  82.5105

Epoch [15], Validation Acc:  0.0000

Epoch [15], Test Acc:  0.0294

Epoch [16], Loss:  76.4585

Epoch [16], Validation Acc:  0.0000

Epoch [16], Test Acc:  0.0294

Epoch [17], Loss:  79.8927

Epoch [17], Validation Acc:  0.0000

Epoch [17], Test Acc:  0.0294

Epoch [18], Loss:  81.5020

Epoch [18], Validation Acc:  0.0000

Epoch [18], Test Acc:  0.0294

Epoch [19], Loss:  79.8624

Epoch [19], Validation Acc:  0.0000

Epoch [19], Test Acc:  0.0294

Epoch [20], Loss:  76.7793

Epoch [20], Validation Acc:  0.0000

Epoch [20], Test Acc:  0.0294

Epoch [21], Loss:  77.8740

Epoch [21], Validation Acc:  0.3333

Epoch [21], Test Acc:  0.0294

Epoch [22], Loss:  77.4423

Epoch [22], Validation Acc:  0.3333

Epoch [22], Test Acc:  0.0294

Epoch [23], Loss:  78.9887

Epoch [23], Validation Acc:  0.0000

Epoch [23], Test Acc:  0.0294

Epoch [24], Loss:  76.0687

Epoch [24], Validation Acc:  0.0000

Epoch [24], Test Acc:  0.0294

Epoch [25], Loss:  80.8942

Epoch [25], Validation Acc:  0.0000

Epoch [25], Test Acc:  0.0294

Epoch [26], Loss:  75.2367

Epoch [26], Validation Acc:  0.0000

Epoch [26], Test Acc:  0.0294

Epoch [27], Loss:  76.5876

Epoch [27], Validation Acc:  0.3333

Epoch [27], Test Acc:  0.0294

Epoch [28], Loss:  78.8926

Epoch [28], Validation Acc:  0.0000

Epoch [28], Test Acc:  0.0294

Epoch [29], Loss:  77.9231

Epoch [29], Validation Acc:  0.0000

Epoch [29], Test Acc:  0.0294

Epoch [30], Loss:  77.4491

Epoch [30], Validation Acc:  0.0000

Epoch [30], Test Acc:  0.0294

Epoch [31], Loss:  78.4897

Epoch [31], Validation Acc:  0.0000

Epoch [31], Test Acc:  0.0588

Epoch [32], Loss:  77.2592

Epoch [32], Validation Acc:  0.3333

Epoch [32], Test Acc:  0.0588

Epoch [33], Loss:  75.7679

Epoch [33], Validation Acc:  0.0000

Epoch [33], Test Acc:  0.0882

Epoch [34], Loss:  76.4883

Epoch [34], Validation Acc:  0.0000

Epoch [34], Test Acc:  0.0882

Epoch [35], Loss:  78.7960

Epoch [35], Validation Acc:  0.0000

Epoch [35], Test Acc:  0.0882

Epoch [36], Loss:  76.7108

Epoch [36], Validation Acc:  0.0000

Epoch [36], Test Acc:  0.0882

Epoch [37], Loss:  79.5023

Epoch [37], Validation Acc:  0.3333

Epoch [37], Test Acc:  0.0882

Epoch [38], Loss:  78.8465

Epoch [38], Validation Acc:  0.3333

Epoch [38], Test Acc:  0.0882

Epoch [39], Loss:  78.4685

Epoch [39], Validation Acc:  0.0000

Epoch [39], Test Acc:  0.0882

Epoch [40], Loss:  76.8983

Epoch [40], Validation Acc:  0.0000

Epoch [40], Test Acc:  0.0882

Epoch [41], Loss:  78.3936

Epoch [41], Validation Acc:  0.0000

Epoch [41], Test Acc:  0.0882

Epoch [42], Loss:  76.1134

Epoch [42], Validation Acc:  0.3333

Epoch [42], Test Acc:  0.1471

Epoch [43], Loss:  74.9844

Epoch [43], Validation Acc:  0.0000

Epoch [43], Test Acc:  0.1471

Epoch [44], Loss:  76.0901

Epoch [44], Validation Acc:  0.3333

Epoch [44], Test Acc:  0.1471

Epoch [45], Loss:  78.2859

Epoch [45], Validation Acc:  0.0000

Epoch [45], Test Acc:  0.1471

Epoch [46], Loss:  81.4624

Epoch [46], Validation Acc:  0.3333

Epoch [46], Test Acc:  0.1471

Epoch [47], Loss:  80.2384

Epoch [47], Validation Acc:  0.0000

Epoch [47], Test Acc:  0.1471

Epoch [48], Loss:  74.7966

Epoch [48], Validation Acc:  0.0000

Epoch [48], Test Acc:  0.1471

Epoch [49], Loss:  78.7979

Epoch [49], Validation Acc:  0.0000

Epoch [49], Test Acc:  0.1765

Epoch [50], Loss:  76.0190

Epoch [50], Validation Acc:  0.3333

