dataset_path: ../datasets/Honey_neg_check
result_path: ../results
checkpoint_path: ../checkpoints
train_sample_ratio: 0.8
learning_rate: 0.001
epochs: 100
device: cuda:0
seed: 1
situation: mlp_HoneyNeg_
cor_situation: without_cor_
peak_pick_num: 10
The following files missing: [53, 827, 1887, 2565, 2567, 3740]
mlp_HoneyNeg_without_cor_test and validation with peak pick number to be 10
Epoch [1], Loss:  50.8788

Epoch [1], Validation Acc:  0.0000

Epoch [1], Test Acc:  0.0000

Epoch [2], Loss:  50.8144

Epoch [2], Validation Acc:  0.0000

Epoch [2], Test Acc:  0.0000

Epoch [3], Loss:  48.3271

Epoch [3], Validation Acc:  0.0000

Epoch [3], Test Acc:  0.0000

Epoch [4], Loss:  49.8075

Epoch [4], Validation Acc:  0.0000

Epoch [4], Test Acc:  0.0000

Epoch [5], Loss:  51.2093

Epoch [5], Validation Acc:  0.0000

Epoch [5], Test Acc:  0.0000

Epoch [6], Loss:  47.0710

Epoch [6], Validation Acc:  0.0000

Epoch [6], Test Acc:  0.0000

Epoch [7], Loss:  46.8037

Epoch [7], Validation Acc:  0.0000

Epoch [7], Test Acc:  0.0000

Epoch [8], Loss:  51.8740

Epoch [8], Validation Acc:  0.0000

Epoch [8], Test Acc:  0.0000

Epoch [9], Loss:  51.8538

Epoch [9], Validation Acc:  0.0000

Epoch [9], Test Acc:  0.0000

Epoch [10], Loss:  50.7062

Epoch [10], Validation Acc:  0.0000

Epoch [10], Test Acc:  0.0000

Epoch [11], Loss:  48.8606

Epoch [11], Validation Acc:  0.0000

Epoch [11], Test Acc:  0.0000

Epoch [12], Loss:  53.6163

Epoch [12], Validation Acc:  0.0000

Epoch [12], Test Acc:  0.0000

Epoch [13], Loss:  50.6505

Epoch [13], Validation Acc:  0.0000

Epoch [13], Test Acc:  0.1481

Epoch [14], Loss:  46.6903

Epoch [14], Validation Acc:  0.0000

Epoch [14], Test Acc:  0.1481

Epoch [15], Loss:  47.6687

Epoch [15], Validation Acc:  0.0000

Epoch [15], Test Acc:  0.1481

Epoch [16], Loss:  49.1046

Epoch [16], Validation Acc:  0.0000

Epoch [16], Test Acc:  0.1481

Epoch [17], Loss:  50.2461

Epoch [17], Validation Acc:  0.0000

Epoch [17], Test Acc:  0.1481

Epoch [18], Loss:  51.9558

Epoch [18], Validation Acc:  0.0000

Epoch [18], Test Acc:  0.1481

Epoch [19], Loss:  50.2128

Epoch [19], Validation Acc:  0.0000

Epoch [19], Test Acc:  0.1481

Epoch [20], Loss:  51.9216

Epoch [20], Validation Acc:  0.0000

Epoch [20], Test Acc:  0.2222

Epoch [21], Loss:  47.2285

Epoch [21], Validation Acc:  0.0000

Epoch [21], Test Acc:  0.2593

Epoch [22], Loss:  49.5257

Epoch [22], Validation Acc:  0.0000

Epoch [22], Test Acc:  0.2593

Epoch [23], Loss:  46.5585

Epoch [23], Validation Acc:  0.0000

Epoch [23], Test Acc:  0.2593

Epoch [24], Loss:  53.7247

Epoch [24], Validation Acc:  0.0000

Epoch [24], Test Acc:  0.2963

Epoch [25], Loss:  50.1117

Epoch [25], Validation Acc:  0.0000

Epoch [25], Test Acc:  0.3333

Epoch [26], Loss:  46.5260

Epoch [26], Validation Acc:  0.0000

Epoch [26], Test Acc:  0.3333

Epoch [27], Loss:  51.5214

Epoch [27], Validation Acc:  0.3333

Epoch [27], Test Acc:  0.3333

Epoch [28], Loss:  47.2301

Epoch [28], Validation Acc:  0.3333

Epoch [28], Test Acc:  0.3704

Epoch [29], Loss:  50.0512

Epoch [29], Validation Acc:  0.0000

Epoch [29], Test Acc:  0.3704

Epoch [30], Loss:  51.0346

Epoch [30], Validation Acc:  0.3333

Epoch [30], Test Acc:  0.3704

Epoch [31], Loss:  50.4050

Epoch [31], Validation Acc:  0.0000

Epoch [31], Test Acc:  0.3704

Epoch [32], Loss:  47.7230

Epoch [32], Validation Acc:  0.3333

Epoch [32], Test Acc:  0.3704

Epoch [33], Loss:  44.9278

Epoch [33], Validation Acc:  0.0000

Epoch [33], Test Acc:  0.3704

Epoch [34], Loss:  48.1289

Epoch [34], Validation Acc:  0.3333

Epoch [34], Test Acc:  0.3704

Epoch [35], Loss:  47.0556

Epoch [35], Validation Acc:  0.6667

Epoch [35], Test Acc:  0.3704

Epoch [36], Loss:  51.6660

Epoch [36], Validation Acc:  0.0000

Epoch [36], Test Acc:  0.3704

Epoch [37], Loss:  50.2886

Epoch [37], Validation Acc:  0.3333

Epoch [37], Test Acc:  0.3704

Epoch [38], Loss:  47.0146

Epoch [38], Validation Acc:  0.6667

Epoch [38], Test Acc:  0.3704

Epoch [39], Loss:  47.6903

Epoch [39], Validation Acc:  0.3333

Epoch [39], Test Acc:  0.3704

Epoch [40], Loss:  48.7344

Epoch [40], Validation Acc:  0.0000

Epoch [40], Test Acc:  0.3704

Epoch [41], Loss:  50.1667

Epoch [41], Validation Acc:  0.3333

Epoch [41], Test Acc:  0.3704

Epoch [42], Loss:  50.2261

Epoch [42], Validation Acc:  0.0000

Epoch [42], Test Acc:  0.4074

Epoch [43], Loss:  50.8462

Epoch [43], Validation Acc:  0.3333

Epoch [43], Test Acc:  0.4074

Epoch [44], Loss:  44.0646

Epoch [44], Validation Acc:  0.6667

Epoch [44], Test Acc:  0.4074

Epoch [45], Loss:  42.9878

Epoch [45], Validation Acc:  0.3333

Epoch [45], Test Acc:  0.4444

Epoch [46], Loss:  49.1575

Epoch [46], Validation Acc:  0.6667

Epoch [46], Test Acc:  0.4444

Epoch [47], Loss:  53.4746

Epoch [47], Validation Acc:  0.6667

Epoch [47], Test Acc:  0.4444

Epoch [48], Loss:  50.1567

Epoch [48], Validation Acc:  1.0000

Epoch [48], Test Acc:  0.4444

Epoch [49], Loss:  45.8138

Epoch [49], Validation Acc:  0.3333

Epoch [49], Test Acc:  0.4444

Epoch [50], Loss:  53.0055

Epoch [50], Validation Acc:  0.6667

Epoch [50], Test Acc:  0.4444

Epoch [51], Loss:  50.7424

Epoch [51], Validation Acc:  0.3333

Epoch [51], Test Acc:  0.4444

Epoch [52], Loss:  47.8755

Epoch [52], Validation Acc:  0.3333

Epoch [52], Test Acc:  0.4444

Epoch [53], Loss:  47.8748

Epoch [53], Validation Acc:  1.0000

Epoch [53], Test Acc:  0.4444

Epoch [54], Loss:  47.1369

Epoch [54], Validation Acc:  1.0000

Epoch [54], Test Acc:  0.4444

Epoch [55], Loss:  46.1581

Epoch [55], Validation Acc:  1.0000

Epoch [55], Test Acc:  0.4444

Epoch [56], Loss:  49.6471

Epoch [56], Validation Acc:  0.3333

Epoch [56], Test Acc:  0.4444

Epoch [57], Loss:  53.2443

Epoch [57], Validation Acc:  0.3333

Epoch [57], Test Acc:  0.4444

Epoch [58], Loss:  47.4479

Epoch [58], Validation Acc:  0.6667

Epoch [58], Test Acc:  0.4444

Epoch [59], Loss:  50.6414

Epoch [59], Validation Acc:  0.6667

Epoch [59], Test Acc:  0.4444

Epoch [60], Loss:  49.5992

Epoch [60], Validation Acc:  0.3333

Epoch [60], Test Acc:  0.4444

Epoch [61], Loss:  48.8168

Epoch [61], Validation Acc:  0.3333

Epoch [61], Test Acc:  0.4444

Epoch [62], Loss:  51.3249

Epoch [62], Validation Acc:  0.3333

Epoch [62], Test Acc:  0.4444

Epoch [63], Loss:  48.7904

Epoch [63], Validation Acc:  0.3333

Epoch [63], Test Acc:  0.4444

Epoch [64], Loss:  46.8141

Epoch [64], Validation Acc:  1.0000

Epoch [64], Test Acc:  0.4444

Epoch [65], Loss:  46.8032

Epoch [65], Validation Acc:  1.0000

Epoch [65], Test Acc:  0.4444

Epoch [66], Loss:  50.1772

Epoch [66], Validation Acc:  0.3333

Epoch [66], Test Acc:  0.4444

Epoch [67], Loss:  49.6061

Epoch [67], Validation Acc:  0.6667

Epoch [67], Test Acc:  0.4444

Epoch [68], Loss:  46.7709

Epoch [68], Validation Acc:  1.0000

Epoch [68], Test Acc:  0.4444

Epoch [69], Loss:  47.3514

Epoch [69], Validation Acc:  0.6667

Epoch [69], Test Acc:  0.4444

Epoch [70], Loss:  50.2154

Epoch [70], Validation Acc:  0.6667

Epoch [70], Test Acc:  0.4444

Epoch [71], Loss:  48.6909

Epoch [71], Validation Acc:  0.6667

Epoch [71], Test Acc:  0.4444

Epoch [72], Loss:  47.6180

Epoch [72], Validation Acc:  1.0000

Epoch [72], Test Acc:  0.4444

Epoch [73], Loss:  49.8435

Epoch [73], Validation Acc:  1.0000

Epoch [73], Test Acc:  0.4444

Epoch [74], Loss:  44.4277

Epoch [74], Validation Acc:  1.0000

Epoch [74], Test Acc:  0.4444

Epoch [75], Loss:  46.8609

Epoch [75], Validation Acc:  1.0000

Epoch [75], Test Acc:  0.4444

Epoch [76], Loss:  42.6210

Epoch [76], Validation Acc:  0.6667

Epoch [76], Test Acc:  0.4444

Epoch [77], Loss:  47.1227

Epoch [77], Validation Acc:  0.6667

Epoch [77], Test Acc:  0.4444

Epoch [78], Loss:  46.4860

Epoch [78], Validation Acc:  0.6667

Epoch [78], Test Acc:  0.4444

Epoch [79], Loss:  46.0068

Epoch [79], Validation Acc:  1.0000

Epoch [79], Test Acc:  0.4444

Epoch [80], Loss:  45.7747

Epoch [80], Validation Acc:  1.0000

Epoch [80], Test Acc:  0.4444

Epoch [81], Loss:  44.5394

Epoch [81], Validation Acc:  1.0000

Epoch [81], Test Acc:  0.4444

Epoch [82], Loss:  51.2253

Epoch [82], Validation Acc:  1.0000

Epoch [82], Test Acc:  0.4444

Epoch [83], Loss:  51.4030

Epoch [83], Validation Acc:  0.6667

Epoch [83], Test Acc:  0.4444

Epoch [84], Loss:  50.7630

Epoch [84], Validation Acc:  0.6667

Epoch [84], Test Acc:  0.4815

Epoch [85], Loss:  45.5104

Epoch [85], Validation Acc:  0.6667

Epoch [85], Test Acc:  0.4815

Epoch [86], Loss:  43.5373

Epoch [86], Validation Acc:  1.0000

Epoch [86], Test Acc:  0.4815

Epoch [87], Loss:  46.5417

Epoch [87], Validation Acc:  1.0000

Epoch [87], Test Acc:  0.4815

Epoch [88], Loss:  51.0071

Epoch [88], Validation Acc:  1.0000

Epoch [88], Test Acc:  0.4815

Epoch [89], Loss:  49.6137

Epoch [89], Validation Acc:  1.0000

Epoch [89], Test Acc:  0.4815

Epoch [90], Loss:  46.0703

Epoch [90], Validation Acc:  0.6667

Epoch [90], Test Acc:  0.4815

Epoch [91], Loss:  45.4812

Epoch [91], Validation Acc:  1.0000

Epoch [91], Test Acc:  0.4815

Epoch [92], Loss:  44.7546

Epoch [92], Validation Acc:  1.0000

Epoch [92], Test Acc:  0.5556

Epoch [93], Loss:  47.9595

Epoch [93], Validation Acc:  1.0000

Epoch [93], Test Acc:  0.5556

Epoch [94], Loss:  48.1056

Epoch [94], Validation Acc:  1.0000

Epoch [94], Test Acc:  0.5556

Epoch [95], Loss:  46.9325

Epoch [95], Validation Acc:  0.6667

Epoch [95], Test Acc:  0.5556

Epoch [96], Loss:  49.2821

Epoch [96], Validation Acc:  1.0000

Epoch [96], Test Acc:  0.5556

Epoch [97], Loss:  45.0239

Epoch [97], Validation Acc:  1.0000

Epoch [97], Test Acc:  0.5556

Epoch [98], Loss:  47.9950

Epoch [98], Validation Acc:  1.0000

Epoch [98], Test Acc:  0.5556

Epoch [99], Loss:  46.5246

Epoch [99], Validation Acc:  0.6667

Epoch [99], Test Acc:  0.5556

Epoch [100], Loss:  52.8948

Epoch [100], Validation Acc:  0.6667

Epoch [100], Test Acc:  0.5556

Testing on test data...
Test Acc:  0.5556
Final alpha:  0.2212
Final beta: -0.6434
Final gamma:  0.4302
Spend time: 16187.444279432297
