dataset_path: ../datasets/Honey_neg_check
result_path: ../results
checkpoint_path: ../checkpoints
train_sample_ratio: 0.8
learning_rate: 0.001
epochs: 100
device: cuda:0
seed: 1
situation: mlp_HoneyNeg_
cor_situation: with_cor_inside_sig_
peak_pick_num: 10
The following files missing: [53, 827, 1887, 2565, 2567, 3740]
mlp_HoneyNeg_with_cor_inside_sig_test and validation with peak pick number to be 10
Epoch [1], Loss:  50.7613

Epoch [1], Validation Acc:  0.0000

Epoch [1], Test Acc:  0.1111

Epoch [2], Loss:  50.6922

Epoch [2], Validation Acc:  0.0000

Epoch [2], Test Acc:  0.1111

Epoch [3], Loss:  48.2163

Epoch [3], Validation Acc:  0.0000

Epoch [3], Test Acc:  0.1111

Epoch [4], Loss:  49.7213

Epoch [4], Validation Acc:  0.0000

Epoch [4], Test Acc:  0.1111

Epoch [5], Loss:  51.1198

Epoch [5], Validation Acc:  0.0000

Epoch [5], Test Acc:  0.1111

Epoch [6], Loss:  46.9806

Epoch [6], Validation Acc:  0.0000

Epoch [6], Test Acc:  0.1111

Epoch [7], Loss:  46.7422

Epoch [7], Validation Acc:  0.0000

Epoch [7], Test Acc:  0.1111

Epoch [8], Loss:  51.8293

Epoch [8], Validation Acc:  0.0000

Epoch [8], Test Acc:  0.1111

Epoch [9], Loss:  51.8233

Epoch [9], Validation Acc:  0.0000

Epoch [9], Test Acc:  0.1111

Epoch [10], Loss:  50.6871

Epoch [10], Validation Acc:  0.0000

Epoch [10], Test Acc:  0.1111

Epoch [11], Loss:  48.8475

Epoch [11], Validation Acc:  0.0000

Epoch [11], Test Acc:  0.1111

Epoch [12], Loss:  53.6270

Epoch [12], Validation Acc:  0.0000

Epoch [12], Test Acc:  0.1111

Epoch [13], Loss:  50.6660

Epoch [13], Validation Acc:  0.0000

Epoch [13], Test Acc:  0.1111

Epoch [14], Loss:  46.7087

Epoch [14], Validation Acc:  0.0000

Epoch [14], Test Acc:  0.1111

Epoch [15], Loss:  47.7016

Epoch [15], Validation Acc:  0.0000

Epoch [15], Test Acc:  0.1111

Epoch [16], Loss:  49.1497

Epoch [16], Validation Acc:  0.0000

Epoch [16], Test Acc:  0.1111

Epoch [17], Loss:  50.3011

Epoch [17], Validation Acc:  0.0000

Epoch [17], Test Acc:  0.1111

Epoch [18], Loss:  52.0284

Epoch [18], Validation Acc:  0.0000

Epoch [18], Test Acc:  0.1111

Epoch [19], Loss:  50.2859

Epoch [19], Validation Acc:  0.0000

Epoch [19], Test Acc:  0.1111

Epoch [20], Loss:  52.0139

Epoch [20], Validation Acc:  0.0000

Epoch [20], Test Acc:  0.1481

Epoch [21], Loss:  47.3318

Epoch [21], Validation Acc:  0.0000

Epoch [21], Test Acc:  0.1481

Epoch [22], Loss:  49.6221

Epoch [22], Validation Acc:  0.0000

Epoch [22], Test Acc:  0.1481

Epoch [23], Loss:  46.6790

Epoch [23], Validation Acc:  0.0000

Epoch [23], Test Acc:  0.1481

Epoch [24], Loss:  53.8553

Epoch [24], Validation Acc:  0.0000

Epoch [24], Test Acc:  0.1481

Epoch [25], Loss:  50.2489

Epoch [25], Validation Acc:  0.0000

Epoch [25], Test Acc:  0.1481

Epoch [26], Loss:  46.6684

Epoch [26], Validation Acc:  0.0000

Epoch [26], Test Acc:  0.1481

Epoch [27], Loss:  51.6853

Epoch [27], Validation Acc:  0.0000

Epoch [27], Test Acc:  0.1481

Epoch [28], Loss:  47.3931

Epoch [28], Validation Acc:  0.0000

Epoch [28], Test Acc:  0.1481

Epoch [29], Loss:  50.2255

Epoch [29], Validation Acc:  0.0000

Epoch [29], Test Acc:  0.1481

Epoch [30], Loss:  51.2227

Epoch [30], Validation Acc:  0.0000

Epoch [30], Test Acc:  0.1481

Epoch [31], Loss:  50.5933

Epoch [31], Validation Acc:  0.0000

Epoch [31], Test Acc:  0.1481

Epoch [32], Loss:  47.9517

Epoch [32], Validation Acc:  0.0000

Epoch [32], Test Acc:  0.1481

Epoch [33], Loss:  45.1681

Epoch [33], Validation Acc:  0.0000

Epoch [33], Test Acc:  0.1481

Epoch [34], Loss:  48.3806

Epoch [34], Validation Acc:  0.0000

Epoch [34], Test Acc:  0.1481

Epoch [35], Loss:  47.3128

Epoch [35], Validation Acc:  0.0000

Epoch [35], Test Acc:  0.1481

Epoch [36], Loss:  51.9105

Epoch [36], Validation Acc:  0.0000

Epoch [36], Test Acc:  0.1481

Epoch [37], Loss:  50.5036

Epoch [37], Validation Acc:  0.0000

Epoch [37], Test Acc:  0.1481

Epoch [38], Loss:  47.3030

Epoch [38], Validation Acc:  0.0000

Epoch [38], Test Acc:  0.1481

Epoch [39], Loss:  47.9821

Epoch [39], Validation Acc:  0.0000

Epoch [39], Test Acc:  0.1481

Epoch [40], Loss:  49.0333

Epoch [40], Validation Acc:  0.0000

Epoch [40], Test Acc:  0.1481

Epoch [41], Loss:  50.4257

Epoch [41], Validation Acc:  0.0000

Epoch [41], Test Acc:  0.1481

Epoch [42], Loss:  50.4868

Epoch [42], Validation Acc:  0.0000

Epoch [42], Test Acc:  0.1481

Epoch [43], Loss:  51.1452

Epoch [43], Validation Acc:  0.0000

Epoch [43], Test Acc:  0.1481

Epoch [44], Loss:  44.4313

Epoch [44], Validation Acc:  0.0000

Epoch [44], Test Acc:  0.1481

Epoch [45], Loss:  43.3735

Epoch [45], Validation Acc:  0.0000

Epoch [45], Test Acc:  0.1481

Epoch [46], Loss:  49.4619

Epoch [46], Validation Acc:  0.0000

Epoch [46], Test Acc:  0.1481

Epoch [47], Loss:  53.7455

Epoch [47], Validation Acc:  0.0000

Epoch [47], Test Acc:  0.1481

Epoch [48], Loss:  50.4488

Epoch [48], Validation Acc:  0.0000

Epoch [48], Test Acc:  0.1481

Epoch [49], Loss:  46.2168

Epoch [49], Validation Acc:  0.0000

Epoch [49], Test Acc:  0.1481

Epoch [50], Loss:  53.2928

Epoch [50], Validation Acc:  0.0000

Epoch [50], Test Acc:  0.1481

Epoch [51], Loss:  51.0992

Epoch [51], Validation Acc:  0.0000

Epoch [51], Test Acc:  0.1481

Epoch [52], Loss:  48.2953

Epoch [52], Validation Acc:  0.0000

Epoch [52], Test Acc:  0.1481

Epoch [53], Loss:  48.2392

Epoch [53], Validation Acc:  0.0000

Epoch [53], Test Acc:  0.1481

Epoch [54], Loss:  47.5089

Epoch [54], Validation Acc:  0.0000

Epoch [54], Test Acc:  0.1852

Epoch [55], Loss:  46.5724

Epoch [55], Validation Acc:  0.0000

Epoch [55], Test Acc:  0.1852

Epoch [56], Loss:  50.0213

Epoch [56], Validation Acc:  0.0000

Epoch [56], Test Acc:  0.1852

Epoch [57], Loss:  53.6160

Epoch [57], Validation Acc:  0.0000

Epoch [57], Test Acc:  0.1852

Epoch [58], Loss:  47.8952

Epoch [58], Validation Acc:  0.0000

Epoch [58], Test Acc:  0.1852

Epoch [59], Loss:  51.0539

Epoch [59], Validation Acc:  0.0000

Epoch [59], Test Acc:  0.1852

Epoch [60], Loss:  49.9968

Epoch [60], Validation Acc:  0.0000

Epoch [60], Test Acc:  0.1852

Epoch [61], Loss:  49.3025

Epoch [61], Validation Acc:  0.0000

Epoch [61], Test Acc:  0.1852

Epoch [62], Loss:  51.7551

Epoch [62], Validation Acc:  0.0000

Epoch [62], Test Acc:  0.1852

Epoch [63], Loss:  49.2909

Epoch [63], Validation Acc:  0.0000

Epoch [63], Test Acc:  0.1852

Epoch [64], Loss:  47.2815

Epoch [64], Validation Acc:  0.0000

Epoch [64], Test Acc:  0.1852

Epoch [65], Loss:  47.2799

Epoch [65], Validation Acc:  0.0000

Epoch [65], Test Acc:  0.1852

Epoch [66], Loss:  50.6623

Epoch [66], Validation Acc:  0.0000

Epoch [66], Test Acc:  0.1852

Epoch [67], Loss:  50.0280

Epoch [67], Validation Acc:  0.0000

Epoch [67], Test Acc:  0.1852

Epoch [68], Loss:  47.2720

Epoch [68], Validation Acc:  0.0000

Epoch [68], Test Acc:  0.1852

Epoch [69], Loss:  47.8536

Epoch [69], Validation Acc:  0.0000

Epoch [69], Test Acc:  0.1852

Epoch [70], Loss:  50.6953

Epoch [70], Validation Acc:  0.0000

Epoch [70], Test Acc:  0.1852

Epoch [71], Loss:  49.2588

Epoch [71], Validation Acc:  0.0000

Epoch [71], Test Acc:  0.1852

Epoch [72], Loss:  48.1535

Epoch [72], Validation Acc:  0.0000

Epoch [72], Test Acc:  0.1852

Epoch [73], Loss:  50.3104

Epoch [73], Validation Acc:  0.0000

Epoch [73], Test Acc:  0.1852

Epoch [74], Loss:  45.1057

Epoch [74], Validation Acc:  0.0000

Epoch [74], Test Acc:  0.1852

Epoch [75], Loss:  47.4201

Epoch [75], Validation Acc:  0.0000

Epoch [75], Test Acc:  0.1852

Epoch [76], Loss:  43.3234

Epoch [76], Validation Acc:  0.0000

Epoch [76], Test Acc:  0.1852

Epoch [77], Loss:  47.7725

Epoch [77], Validation Acc:  0.0000

Epoch [77], Test Acc:  0.1852

Epoch [78], Loss:  47.0996

Epoch [78], Validation Acc:  0.0000

Epoch [78], Test Acc:  0.1852

Epoch [79], Loss:  46.7068

Epoch [79], Validation Acc:  0.0000

Epoch [79], Test Acc:  0.1852

Epoch [80], Loss:  46.4706

Epoch [80], Validation Acc:  0.0000

Epoch [80], Test Acc:  0.1852

Epoch [81], Loss:  45.2613

Epoch [81], Validation Acc:  0.0000

Epoch [81], Test Acc:  0.1852

Epoch [82], Loss:  51.7360

Epoch [82], Validation Acc:  0.0000

Epoch [82], Test Acc:  0.1852

Epoch [83], Loss:  52.0269

Epoch [83], Validation Acc:  0.0000

Epoch [83], Test Acc:  0.1852

Epoch [84], Loss:  51.3552

Epoch [84], Validation Acc:  0.0000

Epoch [84], Test Acc:  0.1852

Epoch [85], Loss:  46.1912

Epoch [85], Validation Acc:  0.0000

Epoch [85], Test Acc:  0.1852

Epoch [86], Loss:  44.3730

Epoch [86], Validation Acc:  0.0000

Epoch [86], Test Acc:  0.1852

Epoch [87], Loss:  47.2330

Epoch [87], Validation Acc:  0.0000

Epoch [87], Test Acc:  0.1852

Epoch [88], Loss:  51.6561

Epoch [88], Validation Acc:  0.0000

Epoch [88], Test Acc:  0.1852

Epoch [89], Loss:  50.1846

Epoch [89], Validation Acc:  0.0000

Epoch [89], Test Acc:  0.1852

Epoch [90], Loss:  46.8667

Epoch [90], Validation Acc:  0.0000

Epoch [90], Test Acc:  0.1852

Epoch [91], Loss:  46.3706

Epoch [91], Validation Acc:  0.0000

Epoch [91], Test Acc:  0.1852

Epoch [92], Loss:  45.6325

Epoch [92], Validation Acc:  0.0000

Epoch [92], Test Acc:  0.1852

Epoch [93], Loss:  48.7708

Epoch [93], Validation Acc:  0.0000

Epoch [93], Test Acc:  0.1852

Epoch [94], Loss:  48.8063

Epoch [94], Validation Acc:  0.0000

Epoch [94], Test Acc:  0.1852

Epoch [95], Loss:  47.7217

Epoch [95], Validation Acc:  0.0000

Epoch [95], Test Acc:  0.1852

Epoch [96], Loss:  49.9034

Epoch [96], Validation Acc:  0.0000

Epoch [96], Test Acc:  0.1852

Epoch [97], Loss:  45.9450

Epoch [97], Validation Acc:  0.0000

Epoch [97], Test Acc:  0.1852

Epoch [98], Loss:  48.8058

Epoch [98], Validation Acc:  0.0000

Epoch [98], Test Acc:  0.1852

Epoch [99], Loss:  47.3856

Epoch [99], Validation Acc:  0.0000

Epoch [99], Test Acc:  0.1852

Epoch [100], Loss:  53.4153

Epoch [100], Validation Acc:  0.0000

Epoch [100], Test Acc:  0.1852

Testing on test data...
Test Acc:  0.1852
Final alpha:  0.4347
Final beta: -0.3650
Final gamma:  0.3368
Spend time: 16134.58490395546
