dataset_path: ../datasets/ChangjiangRiver_check
result_path: ../results
checkpoint_path: ../checkpoints
train_sample_ratio: 0.8
learning_rate: 0.001
epochs: 100
device: cuda:0
seed: 1
situation: mlp_changjiang_
cor_situation: without_cor_
peak_pick_num: 1
The following files missing: [778, 895, 1388, 1590, 1836, 3195, 5021, 5881, 6487, 8121, 8989, 13399, 15457]
mlp_changjiang_without_cor_test and validation with peak pick number to be 1
Epoch [1], Loss:  104.6091

Epoch [1], Validation Acc:  0.0000

Epoch [1], Test Acc:  0.0000

Epoch [2], Loss:  105.5636

Epoch [2], Validation Acc:  0.0000

Epoch [2], Test Acc:  0.0000

Epoch [3], Loss:  109.0039

Epoch [3], Validation Acc:  0.0000

Epoch [3], Test Acc:  0.0000

Epoch [4], Loss:  103.0818

Epoch [4], Validation Acc:  0.0000

Epoch [4], Test Acc:  0.0000

Epoch [5], Loss:  100.0086

Epoch [5], Validation Acc:  0.0000

Epoch [5], Test Acc:  0.0000

Epoch [6], Loss:  107.3993

Epoch [6], Validation Acc:  0.0000

Epoch [6], Test Acc:  0.0000

Epoch [7], Loss:  104.2885

Epoch [7], Validation Acc:  0.0000

Epoch [7], Test Acc:  0.0000

Epoch [8], Loss:  100.6166

Epoch [8], Validation Acc:  0.0000

Epoch [8], Test Acc:  0.0238

Epoch [9], Loss:  98.8401

Epoch [9], Validation Acc:  0.0000

Epoch [9], Test Acc:  0.0714

Epoch [10], Loss:  105.5597

Epoch [10], Validation Acc:  0.0000

Epoch [10], Test Acc:  0.0714

Epoch [11], Loss:  110.9028

Epoch [11], Validation Acc:  0.0000

Epoch [11], Test Acc:  0.0714

Epoch [12], Loss:  114.9534

Epoch [12], Validation Acc:  0.0000

Epoch [12], Test Acc:  0.0714

Epoch [13], Loss:  104.8499

Epoch [13], Validation Acc:  0.0000

Epoch [13], Test Acc:  0.0714

Epoch [14], Loss:  104.3101

Epoch [14], Validation Acc:  0.0000

Epoch [14], Test Acc:  0.0714

Epoch [15], Loss:  108.1639

Epoch [15], Validation Acc:  0.0000

Epoch [15], Test Acc:  0.0714

Epoch [16], Loss:  107.9750

Epoch [16], Validation Acc:  0.0000

Epoch [16], Test Acc:  0.0714

Epoch [17], Loss:  103.2998

Epoch [17], Validation Acc:  0.0000

Epoch [17], Test Acc:  0.0714

Epoch [18], Loss:  103.7039

Epoch [18], Validation Acc:  0.0000

Epoch [18], Test Acc:  0.0714

Epoch [19], Loss:  108.0609

Epoch [19], Validation Acc:  0.0000

Epoch [19], Test Acc:  0.0714

Epoch [20], Loss:  104.1762

Epoch [20], Validation Acc:  0.2000

Epoch [20], Test Acc:  0.0714

Epoch [21], Loss:  104.5573

Epoch [21], Validation Acc:  0.0000

Epoch [21], Test Acc:  0.0714

Epoch [22], Loss:  101.3401

Epoch [22], Validation Acc:  0.2000

Epoch [22], Test Acc:  0.0714

Epoch [23], Loss:  101.8412

Epoch [23], Validation Acc:  0.2000

Epoch [23], Test Acc:  0.0714

Epoch [24], Loss:  108.7698

Epoch [24], Validation Acc:  0.0000

Epoch [24], Test Acc:  0.0714

Epoch [25], Loss:  109.5790

Epoch [25], Validation Acc:  0.0000

Epoch [25], Test Acc:  0.0714

Epoch [26], Loss:  106.8628

Epoch [26], Validation Acc:  0.2000

Epoch [26], Test Acc:  0.0714

Epoch [27], Loss:  104.9168

Epoch [27], Validation Acc:  0.0000

Epoch [27], Test Acc:  0.0714

Epoch [28], Loss:  104.2976

Epoch [28], Validation Acc:  0.2000

Epoch [28], Test Acc:  0.0714

Epoch [29], Loss:  102.9159

Epoch [29], Validation Acc:  0.4000

Epoch [29], Test Acc:  0.0714

Epoch [30], Loss:  108.7264

Epoch [30], Validation Acc:  0.2000

Epoch [30], Test Acc:  0.0714

Epoch [31], Loss:  103.1529

Epoch [31], Validation Acc:  0.6000

Epoch [31], Test Acc:  0.0714

Epoch [32], Loss:  102.6420

Epoch [32], Validation Acc:  0.2000

Epoch [32], Test Acc:  0.0714

Epoch [33], Loss:  106.5475

Epoch [33], Validation Acc:  0.2000

Epoch [33], Test Acc:  0.0714

Epoch [34], Loss:  102.2937

Epoch [34], Validation Acc:  0.0000

Epoch [34], Test Acc:  0.0952

Epoch [35], Loss:  105.4242

Epoch [35], Validation Acc:  0.0000

Epoch [35], Test Acc:  0.0952

Epoch [36], Loss:  102.0852

Epoch [36], Validation Acc:  0.0000

Epoch [36], Test Acc:  0.0952

Epoch [37], Loss:  99.7047

Epoch [37], Validation Acc:  0.2000

Epoch [37], Test Acc:  0.0952

Epoch [38], Loss:  104.6400

Epoch [38], Validation Acc:  0.2000

Epoch [38], Test Acc:  0.0952

Epoch [39], Loss:  104.4661

Epoch [39], Validation Acc:  0.4000

Epoch [39], Test Acc:  0.0952

Epoch [40], Loss:  107.4964

Epoch [40], Validation Acc:  0.0000

Epoch [40], Test Acc:  0.1190

Epoch [41], Loss:  101.2309

Epoch [41], Validation Acc:  0.2000

Epoch [41], Test Acc:  0.1190

Epoch [42], Loss:  105.1940

Epoch [42], Validation Acc:  0.0000

Epoch [42], Test Acc:  0.1190

Epoch [43], Loss:  105.1630

Epoch [43], Validation Acc:  0.0000

Epoch [43], Test Acc:  0.1190

Epoch [44], Loss:  101.2895

Epoch [44], Validation Acc:  0.2000

Epoch [44], Test Acc:  0.1190

Epoch [45], Loss:  101.4050

Epoch [45], Validation Acc:  0.2000

Epoch [45], Test Acc:  0.1190

Epoch [46], Loss:  101.6452

Epoch [46], Validation Acc:  0.0000

Epoch [46], Test Acc:  0.1190

Epoch [47], Loss:  105.9742

Epoch [47], Validation Acc:  0.0000

Epoch [47], Test Acc:  0.1190

Epoch [48], Loss:  101.2752

Epoch [48], Validation Acc:  0.2000

Epoch [48], Test Acc:  0.1190

Epoch [49], Loss:  99.4262

Epoch [49], Validation Acc:  0.0000

Epoch [49], Test Acc:  0.1190

Epoch [50], Loss:  100.3428

Epoch [50], Validation Acc:  0.0000

Epoch [50], Test Acc:  0.1190

Epoch [51], Loss:  105.0323

Epoch [51], Validation Acc:  0.4000

Epoch [51], Test Acc:  0.1190

Epoch [52], Loss:  107.3540

Epoch [52], Validation Acc:  0.2000

Epoch [52], Test Acc:  0.1190

Epoch [53], Loss:  104.1622

Epoch [53], Validation Acc:  0.0000

