dataset_path: ../datasets/Sediment_check
result_path: ../results
checkpoint_path: ../checkpoints
train_sample_ratio: 0.8
learning_rate: 0.001
epochs: 100
device: cuda:0
seed: 1
situation: mlp_Sediment_
cor_situation: without_cor_
peak_pick_num: 1
The following files missing: [7437, 7688, 7744, 8407, 13399]
mlp_Sediment_without_cor_test and validation with peak pick number to be 1
Epoch [1], Loss:  35.1441

Epoch [1], Validation Acc:  0.0000

Epoch [1], Test Acc:  0.0000

Epoch [2], Loss:  32.0924

Epoch [2], Validation Acc:  0.0000

Epoch [2], Test Acc:  0.0000

Epoch [3], Loss:  35.1329

Epoch [3], Validation Acc:  0.0000

Epoch [3], Test Acc:  0.0000

Epoch [4], Loss:  33.8594

Epoch [4], Validation Acc:  0.0000

Epoch [4], Test Acc:  0.0000

Epoch [5], Loss:  33.8550

Epoch [5], Validation Acc:  0.0000

Epoch [5], Test Acc:  0.0000

Epoch [6], Loss:  33.3558

Epoch [6], Validation Acc:  0.0000

Epoch [6], Test Acc:  0.0000

Epoch [7], Loss:  33.8466

Epoch [7], Validation Acc:  0.0000

Epoch [7], Test Acc:  0.0000

Epoch [8], Loss:  32.0642

Epoch [8], Validation Acc:  0.0000

Epoch [8], Test Acc:  0.0000

Epoch [9], Loss:  32.4481

Epoch [9], Validation Acc:  0.0000

Epoch [9], Test Acc:  0.0000

Epoch [10], Loss:  35.0971

Epoch [10], Validation Acc:  0.0000

Epoch [10], Test Acc:  0.0000

Epoch [11], Loss:  33.8301

Epoch [11], Validation Acc:  0.0000

Epoch [11], Test Acc:  0.0000

Epoch [12], Loss:  35.0874

Epoch [12], Validation Acc:  0.0000

Epoch [12], Test Acc:  0.0000

Epoch [13], Loss:  32.0415

Epoch [13], Validation Acc:  0.0000

Epoch [13], Test Acc:  0.0000

Epoch [14], Loss:  32.4306

Epoch [14], Validation Acc:  0.0000

Epoch [14], Test Acc:  0.0000

Epoch [15], Loss:  33.8134

Epoch [15], Validation Acc:  0.0000

Epoch [15], Test Acc:  0.0000

Epoch [16], Loss:  32.4233

Epoch [16], Validation Acc:  0.0000

Epoch [16], Test Acc:  0.0000

Epoch [17], Loss:  33.8060

Epoch [17], Validation Acc:  0.0000

Epoch [17], Test Acc:  0.0000

Epoch [18], Loss:  32.4174

Epoch [18], Validation Acc:  0.0000

Epoch [18], Test Acc:  0.0000

Epoch [19], Loss:  32.0159

Epoch [19], Validation Acc:  0.0000

Epoch [19], Test Acc:  0.0000

Epoch [20], Loss:  33.7955

Epoch [20], Validation Acc:  0.0000

Epoch [20], Test Acc:  0.0000

Epoch [21], Loss:  32.0072

Epoch [21], Validation Acc:  0.0000

Epoch [21], Test Acc:  0.0000

Epoch [22], Loss:  32.0025

Epoch [22], Validation Acc:  0.0000

Epoch [22], Test Acc:  0.0000

Epoch [23], Loss:  33.2957

Epoch [23], Validation Acc:  0.0000

Epoch [23], Test Acc:  0.0000

Epoch [24], Loss:  31.9944

Epoch [24], Validation Acc:  0.0000

Epoch [24], Test Acc:  0.0000

Epoch [25], Loss:  33.2885

Epoch [25], Validation Acc:  0.0000

Epoch [25], Test Acc:  0.0000

Epoch [26], Loss:  33.7719

Epoch [26], Validation Acc:  0.0000

Epoch [26], Test Acc:  0.0000

Epoch [27], Loss:  35.0168

Epoch [27], Validation Acc:  0.0000

Epoch [27], Test Acc:  0.0000

Epoch [28], Loss:  33.7640

Epoch [28], Validation Acc:  0.0000

Epoch [28], Test Acc:  0.0000

Epoch [29], Loss:  31.9726

Epoch [29], Validation Acc:  0.0000

Epoch [29], Test Acc:  0.0000

Epoch [30], Loss:  35.0031

Epoch [30], Validation Acc:  0.0000

Epoch [30], Test Acc:  0.0000

Epoch [31], Loss:  33.7528

Epoch [31], Validation Acc:  0.0000

Epoch [31], Test Acc:  0.0000

Epoch [32], Loss:  33.7485

Epoch [32], Validation Acc:  0.0000

Epoch [32], Test Acc:  0.0000

Epoch [33], Loss:  32.3699

Epoch [33], Validation Acc:  0.0000

Epoch [33], Test Acc:  0.0000

Epoch [34], Loss:  34.9840

Epoch [34], Validation Acc:  0.0000

Epoch [34], Test Acc:  0.0000

Epoch [35], Loss:  33.2550

Epoch [35], Validation Acc:  0.0000

Epoch [35], Test Acc:  0.0000

Epoch [36], Loss:  33.7342

Epoch [36], Validation Acc:  0.0000

Epoch [36], Test Acc:  0.0000

Epoch [37], Loss:  33.7313

Epoch [37], Validation Acc:  0.0000

Epoch [37], Test Acc:  0.0000

Epoch [38], Loss:  32.3547

Epoch [38], Validation Acc:  0.0000

Epoch [38], Test Acc:  0.0000

Epoch [39], Loss:  33.2422

Epoch [39], Validation Acc:  0.0000

Epoch [39], Test Acc:  0.0000

Epoch [40], Loss:  32.3492

Epoch [40], Validation Acc:  0.0000

Epoch [40], Test Acc:  0.0000

Epoch [41], Loss:  33.2368

Epoch [41], Validation Acc:  0.0000

Epoch [41], Test Acc:  0.0000

Epoch [42], Loss:  32.3441

Epoch [42], Validation Acc:  0.0000

Epoch [42], Test Acc:  0.0000

Epoch [43], Loss:  32.3420

Epoch [43], Validation Acc:  0.0000

Epoch [43], Test Acc:  0.0000

Epoch [44], Loss:  31.9152

Epoch [44], Validation Acc:  0.0000

Epoch [44], Test Acc:  0.0000

Epoch [45], Loss:  33.7061

Epoch [45], Validation Acc:  0.0000

Epoch [45], Test Acc:  0.0000

Epoch [46], Loss:  32.3338

Epoch [46], Validation Acc:  0.0000

Epoch [46], Test Acc:  0.0000

Epoch [47], Loss:  32.3313

Epoch [47], Validation Acc:  0.0000

Epoch [47], Test Acc:  0.0000

Epoch [48], Loss:  33.6970

Epoch [48], Validation Acc:  0.0000

Epoch [48], Test Acc:  0.0000

Epoch [49], Loss:  34.9262

Epoch [49], Validation Acc:  0.0000

Epoch [49], Test Acc:  0.0000

Epoch [50], Loss:  31.8940

Epoch [50], Validation Acc:  0.0000

Epoch [50], Test Acc:  0.0000

Epoch [51], Loss:  34.9173

Epoch [51], Validation Acc:  0.0000

Epoch [51], Test Acc:  0.0000

Epoch [52], Loss:  32.3176

Epoch [52], Validation Acc:  0.0000

Epoch [52], Test Acc:  0.0000

Epoch [53], Loss:  32.3153

Epoch [53], Validation Acc:  0.0000

Epoch [53], Test Acc:  0.0000

Epoch [54], Loss:  33.6775

Epoch [54], Validation Acc:  0.0000

Epoch [54], Test Acc:  0.0000

Epoch [55], Loss:  33.1965

Epoch [55], Validation Acc:  0.0000

Epoch [55], Test Acc:  0.0000

Epoch [56], Loss:  32.3072

Epoch [56], Validation Acc:  0.0000

Epoch [56], Test Acc:  0.0000

Epoch [57], Loss:  33.6687

Epoch [57], Validation Acc:  0.0000

Epoch [57], Test Acc:  0.0000

Epoch [58], Loss:  33.6660

Epoch [58], Validation Acc:  0.0000

Epoch [58], Test Acc:  0.0526

Epoch [59], Loss:  31.8618

Epoch [59], Validation Acc:  0.0000

Epoch [59], Test Acc:  0.0526

Epoch [60], Loss:  33.1828

Epoch [60], Validation Acc:  0.0000

Epoch [60], Test Acc:  0.0526

Epoch [61], Loss:  33.1803

Epoch [61], Validation Acc:  0.0000

Epoch [61], Test Acc:  0.0526

Epoch [62], Loss:  32.2927

Epoch [62], Validation Acc:  0.0000

Epoch [62], Test Acc:  0.0526

Epoch [63], Loss:  34.8731

Epoch [63], Validation Acc:  0.0000

Epoch [63], Test Acc:  0.0526

Epoch [64], Loss:  32.2881

Epoch [64], Validation Acc:  0.0000

Epoch [64], Test Acc:  0.0526

Epoch [65], Loss:  31.8419

Epoch [65], Validation Acc:  0.0000

Epoch [65], Test Acc:  0.0526

Epoch [66], Loss:  32.2824

Epoch [66], Validation Acc:  0.0000

Epoch [66], Test Acc:  0.0526

Epoch [67], Loss:  33.1648

Epoch [67], Validation Acc:  0.0000

Epoch [67], Test Acc:  0.0526

Epoch [68], Loss:  34.8556

Epoch [68], Validation Acc:  0.0000

Epoch [68], Test Acc:  0.0526

Epoch [69], Loss:  32.2752

Epoch [69], Validation Acc:  0.0000

Epoch [69], Test Acc:  0.0526

Epoch [70], Loss:  33.1570

Epoch [70], Validation Acc:  0.0000

Epoch [70], Test Acc:  0.0526

Epoch [71], Loss:  32.2707

Epoch [71], Validation Acc:  0.0000

Epoch [71], Test Acc:  0.0526

Epoch [72], Loss:  31.8191

Epoch [72], Validation Acc:  0.0000

Epoch [72], Test Acc:  0.0526

Epoch [73], Loss:  32.2662

Epoch [73], Validation Acc:  0.0000

Epoch [73], Test Acc:  0.0526

Epoch [74], Loss:  33.6204

Epoch [74], Validation Acc:  0.0000

Epoch [74], Test Acc:  0.0526

Epoch [75], Loss:  32.2620

Epoch [75], Validation Acc:  0.0000

Epoch [75], Test Acc:  0.0526

Epoch [76], Loss:  33.6155

Epoch [76], Validation Acc:  0.0000

Epoch [76], Test Acc:  0.0526

Epoch [77], Loss:  33.6130

Epoch [77], Validation Acc:  0.0000

Epoch [77], Test Acc:  0.0526

Epoch [78], Loss:  34.8222

Epoch [78], Validation Acc:  0.0000

Epoch [78], Test Acc:  0.0526

Epoch [79], Loss:  32.2532

Epoch [79], Validation Acc:  0.0000

Epoch [79], Test Acc:  0.0526

Epoch [80], Loss:  33.1322

Epoch [80], Validation Acc:  0.0000

