dataset_path: ../datasets/Honey_pos_check
result_path: ../results
checkpoint_path: ../checkpoints
train_sample_ratio: 0.8
learning_rate: 0.001
epochs: 100
device: cuda:0
seed: 1
situation: mlp_HoneyPos_
cor_situation: with_cor_inside_sig_
peak_pick_num: 10
The following files missing: [2023, 3231, 3349, 3358, 3688, 4173, 5607, 14129, 18276, 10320]
mlp_HoneyPos_with_cor_inside_sig_test and validation with peak pick number to be 10
Epoch [1], Loss:  80.1997

Epoch [1], Validation Acc:  0.0000

Epoch [1], Test Acc:  0.0294

Epoch [2], Loss:  78.9034

Epoch [2], Validation Acc:  0.0000

Epoch [2], Test Acc:  0.0294

Epoch [3], Loss:  77.3691

Epoch [3], Validation Acc:  0.0000

Epoch [3], Test Acc:  0.0294

Epoch [4], Loss:  82.9523

Epoch [4], Validation Acc:  0.0000

Epoch [4], Test Acc:  0.0294

Epoch [5], Loss:  75.5490

Epoch [5], Validation Acc:  0.0000

Epoch [5], Test Acc:  0.0294

Epoch [6], Loss:  76.9171

Epoch [6], Validation Acc:  0.0000

Epoch [6], Test Acc:  0.0294

Epoch [7], Loss:  77.3249

Epoch [7], Validation Acc:  0.0000

Epoch [7], Test Acc:  0.0294

Epoch [8], Loss:  77.1990

Epoch [8], Validation Acc:  0.0000

Epoch [8], Test Acc:  0.0294

Epoch [9], Loss:  76.6803

Epoch [9], Validation Acc:  0.0000

Epoch [9], Test Acc:  0.0294

Epoch [10], Loss:  78.7772

Epoch [10], Validation Acc:  0.0000

Epoch [10], Test Acc:  0.0294

Epoch [11], Loss:  78.4705

Epoch [11], Validation Acc:  0.0000

Epoch [11], Test Acc:  0.0294

Epoch [12], Loss:  77.9207

Epoch [12], Validation Acc:  0.0000

Epoch [12], Test Acc:  0.0294

Epoch [13], Loss:  82.6224

Epoch [13], Validation Acc:  0.0000

Epoch [13], Test Acc:  0.0294

Epoch [14], Loss:  80.2077

Epoch [14], Validation Acc:  0.0000

Epoch [14], Test Acc:  0.0294

Epoch [15], Loss:  82.5493

Epoch [15], Validation Acc:  0.0000

Epoch [15], Test Acc:  0.0294

Epoch [16], Loss:  76.4979

Epoch [16], Validation Acc:  0.0000

Epoch [16], Test Acc:  0.0294

Epoch [17], Loss:  79.9392

Epoch [17], Validation Acc:  0.0000

Epoch [17], Test Acc:  0.0294

Epoch [18], Loss:  81.5590

Epoch [18], Validation Acc:  0.0000

Epoch [18], Test Acc:  0.0294

Epoch [19], Loss:  79.9291

Epoch [19], Validation Acc:  0.0000

Epoch [19], Test Acc:  0.0294

Epoch [20], Loss:  76.8500

Epoch [20], Validation Acc:  0.0000

Epoch [20], Test Acc:  0.0294

Epoch [21], Loss:  77.9495

Epoch [21], Validation Acc:  0.0000

Epoch [21], Test Acc:  0.0294

Epoch [22], Loss:  77.5287

Epoch [22], Validation Acc:  0.0000

Epoch [22], Test Acc:  0.0294

Epoch [23], Loss:  79.0728

Epoch [23], Validation Acc:  0.0000

Epoch [23], Test Acc:  0.0294

Epoch [24], Loss:  76.1750

Epoch [24], Validation Acc:  0.0000

Epoch [24], Test Acc:  0.0294

Epoch [25], Loss:  80.9984

Epoch [25], Validation Acc:  0.0000

Epoch [25], Test Acc:  0.0294

Epoch [26], Loss:  75.3397

Epoch [26], Validation Acc:  0.0000

Epoch [26], Test Acc:  0.0294

Epoch [27], Loss:  76.7152

Epoch [27], Validation Acc:  0.3333

Epoch [27], Test Acc:  0.0294

Epoch [28], Loss:  78.9997

Epoch [28], Validation Acc:  0.0000

Epoch [28], Test Acc:  0.0294

Epoch [29], Loss:  78.0227

Epoch [29], Validation Acc:  0.0000

Epoch [29], Test Acc:  0.0294

Epoch [30], Loss:  77.5579

Epoch [30], Validation Acc:  0.0000

Epoch [30], Test Acc:  0.0294

Epoch [31], Loss:  78.6399

Epoch [31], Validation Acc:  0.0000

Epoch [31], Test Acc:  0.0294

Epoch [32], Loss:  77.3888

Epoch [32], Validation Acc:  0.3333

Epoch [32], Test Acc:  0.0294

Epoch [33], Loss:  75.8972

Epoch [33], Validation Acc:  0.0000

Epoch [33], Test Acc:  0.0294

Epoch [34], Loss:  76.6379

Epoch [34], Validation Acc:  0.0000

Epoch [34], Test Acc:  0.0294

Epoch [35], Loss:  78.9493

Epoch [35], Validation Acc:  0.0000

Epoch [35], Test Acc:  0.0294

Epoch [36], Loss:  76.8729

Epoch [36], Validation Acc:  0.0000

Epoch [36], Test Acc:  0.0294

Epoch [37], Loss:  79.6646

Epoch [37], Validation Acc:  0.3333

Epoch [37], Test Acc:  0.0294

Epoch [38], Loss:  79.0408

Epoch [38], Validation Acc:  0.3333

Epoch [38], Test Acc:  0.0294

Epoch [39], Loss:  78.6211

Epoch [39], Validation Acc:  0.0000

Epoch [39], Test Acc:  0.0294

Epoch [40], Loss:  77.0767

Epoch [40], Validation Acc:  0.0000

Epoch [40], Test Acc:  0.0294

Epoch [41], Loss:  78.5376

Epoch [41], Validation Acc:  0.0000

Epoch [41], Test Acc:  0.0294

Epoch [42], Loss:  76.3111

Epoch [42], Validation Acc:  0.3333

Epoch [42], Test Acc:  0.0294

Epoch [43], Loss:  75.1684

Epoch [43], Validation Acc:  0.0000

Epoch [43], Test Acc:  0.0294

Epoch [44], Loss:  76.2595

Epoch [44], Validation Acc:  0.3333

Epoch [44], Test Acc:  0.0294

Epoch [45], Loss:  78.4831

Epoch [45], Validation Acc:  0.0000

Epoch [45], Test Acc:  0.0294

Epoch [46], Loss:  81.6492

Epoch [46], Validation Acc:  0.3333

Epoch [46], Test Acc:  0.0294

Epoch [47], Loss:  80.3829

Epoch [47], Validation Acc:  0.0000

Epoch [47], Test Acc:  0.0294

Epoch [48], Loss:  74.9895

Epoch [48], Validation Acc:  0.0000

Epoch [48], Test Acc:  0.0294

Epoch [49], Loss:  78.9925

Epoch [49], Validation Acc:  0.0000

Epoch [49], Test Acc:  0.0294

Epoch [50], Loss:  76.2496

Epoch [50], Validation Acc:  0.3333

Epoch [50], Test Acc:  0.0294

Epoch [51], Loss:  78.3066

Epoch [51], Validation Acc:  0.0000

Epoch [51], Test Acc:  0.0294

Epoch [52], Loss:  78.7528

Epoch [52], Validation Acc:  0.0000

Epoch [52], Test Acc:  0.0294

Epoch [53], Loss:  74.7934

Epoch [53], Validation Acc:  0.0000

Epoch [53], Test Acc:  0.0294

Epoch [54], Loss:  76.3968

Epoch [54], Validation Acc:  0.0000

Epoch [54], Test Acc:  0.0294

Epoch [55], Loss:  76.9154

Epoch [55], Validation Acc:  0.0000

Epoch [55], Test Acc:  0.0294

Epoch [56], Loss:  78.1244

Epoch [56], Validation Acc:  0.0000

Epoch [56], Test Acc:  0.0294

Epoch [57], Loss:  76.0346

Epoch [57], Validation Acc:  0.0000

Epoch [57], Test Acc:  0.0294

Epoch [58], Loss:  77.0101

Epoch [58], Validation Acc:  0.0000

Epoch [58], Test Acc:  0.0294

Epoch [59], Loss:  78.6794

Epoch [59], Validation Acc:  0.0000

Epoch [59], Test Acc:  0.0294

Epoch [60], Loss:  78.6091

Epoch [60], Validation Acc:  0.0000

Epoch [60], Test Acc:  0.0294

Epoch [61], Loss:  77.7504

Epoch [61], Validation Acc:  0.3333

Epoch [61], Test Acc:  0.0294

Epoch [62], Loss:  79.6803

Epoch [62], Validation Acc:  0.0000

Epoch [62], Test Acc:  0.0294

Epoch [63], Loss:  78.1850

Epoch [63], Validation Acc:  0.0000

Epoch [63], Test Acc:  0.0294

Epoch [64], Loss:  77.2921

Epoch [64], Validation Acc:  0.0000

Epoch [64], Test Acc:  0.0294

Epoch [65], Loss:  75.0443

Epoch [65], Validation Acc:  0.0000

Epoch [65], Test Acc:  0.0294

Epoch [66], Loss:  79.5535

Epoch [66], Validation Acc:  0.0000

Epoch [66], Test Acc:  0.0294

Epoch [67], Loss:  78.2591

Epoch [67], Validation Acc:  0.0000

Epoch [67], Test Acc:  0.0294

Epoch [68], Loss:  75.3405

Epoch [68], Validation Acc:  0.0000

Epoch [68], Test Acc:  0.0294

Epoch [69], Loss:  81.4477

Epoch [69], Validation Acc:  0.3333

Epoch [69], Test Acc:  0.0294

Epoch [70], Loss:  77.0957

Epoch [70], Validation Acc:  0.3333

Epoch [70], Test Acc:  0.0294

Epoch [71], Loss:  77.4017

Epoch [71], Validation Acc:  0.0000

Epoch [71], Test Acc:  0.0294

Epoch [72], Loss:  80.9663

Epoch [72], Validation Acc:  0.3333

Epoch [72], Test Acc:  0.0294

Epoch [73], Loss:  75.9972

Epoch [73], Validation Acc:  0.0000

Epoch [73], Test Acc:  0.0294

Epoch [74], Loss:  76.8261

Epoch [74], Validation Acc:  0.3333

Epoch [74], Test Acc:  0.0294

Epoch [75], Loss:  78.3737

Epoch [75], Validation Acc:  0.0000

Epoch [75], Test Acc:  0.0294

Epoch [76], Loss:  77.6610

Epoch [76], Validation Acc:  0.3333

Epoch [76], Test Acc:  0.0294

Epoch [77], Loss:  75.6999

Epoch [77], Validation Acc:  0.0000

Epoch [77], Test Acc:  0.0294

Epoch [78], Loss:  76.5684

Epoch [78], Validation Acc:  0.0000

Epoch [78], Test Acc:  0.0294

Epoch [79], Loss:  80.8892

Epoch [79], Validation Acc:  0.0000

Epoch [79], Test Acc:  0.0294

Epoch [80], Loss:  76.5445

Epoch [80], Validation Acc:  0.0000

Epoch [80], Test Acc:  0.0294

Epoch [81], Loss:  80.0486

Epoch [81], Validation Acc:  0.3333

Epoch [81], Test Acc:  0.0294

Epoch [82], Loss:  81.0612

Epoch [82], Validation Acc:  0.0000

Epoch [82], Test Acc:  0.0294

Epoch [83], Loss:  78.6116

Epoch [83], Validation Acc:  0.3333

Epoch [83], Test Acc:  0.0294

Epoch [84], Loss:  75.4931

Epoch [84], Validation Acc:  0.0000

Epoch [84], Test Acc:  0.0294

Epoch [85], Loss:  78.0888

Epoch [85], Validation Acc:  0.0000

Epoch [85], Test Acc:  0.0294

Epoch [86], Loss:  80.8361

Epoch [86], Validation Acc:  0.0000

Epoch [86], Test Acc:  0.0294

Epoch [87], Loss:  76.5496

Epoch [87], Validation Acc:  0.0000

Epoch [87], Test Acc:  0.0294

Epoch [88], Loss:  78.9413

Epoch [88], Validation Acc:  0.3333

