dataset_path: ../datasets/HuangpujiangRiver_check
result_path: ../results
checkpoint_path: ../checkpoints
train_sample_ratio: 0.8
learning_rate: 0.001
epochs: 100
device: cuda:0
seed: 1
situation: mlp_Huangpujiang_
cor_situation: with_cor_outside_sig_
peak_pick_num: 1
The following files missing: [732, 1687, 1825, 2538, 4304, 4962, 7578, 10013]
mlp_Huangpujiang_with_cor_outside_sig_test and validation with peak pick number to be 1
Epoch [1], Loss:  56.1740

Epoch [1], Validation Acc:  0.0000

Epoch [1], Test Acc:  0.0000

Epoch [2], Loss:  55.0250

Epoch [2], Validation Acc:  0.0000

Epoch [2], Test Acc:  0.0000

Epoch [3], Loss:  54.8566

Epoch [3], Validation Acc:  0.0000

Epoch [3], Test Acc:  0.0000

Epoch [4], Loss:  55.0087

Epoch [4], Validation Acc:  0.0000

Epoch [4], Test Acc:  0.0000

Epoch [5], Loss:  56.6715

Epoch [5], Validation Acc:  0.0000

Epoch [5], Test Acc:  0.0000

Epoch [6], Loss:  56.7618

Epoch [6], Validation Acc:  0.0000

Epoch [6], Test Acc:  0.0000

Epoch [7], Loss:  56.1007

Epoch [7], Validation Acc:  0.0000

Epoch [7], Test Acc:  0.0000

Epoch [8], Loss:  53.5008

Epoch [8], Validation Acc:  0.0000

Epoch [8], Test Acc:  0.0000

Epoch [9], Loss:  53.9142

Epoch [9], Validation Acc:  0.0000

Epoch [9], Test Acc:  0.0000

Epoch [10], Loss:  53.0735

Epoch [10], Validation Acc:  0.0000

Epoch [10], Test Acc:  0.0000

Epoch [11], Loss:  56.1585

Epoch [11], Validation Acc:  0.0000

Epoch [11], Test Acc:  0.0000

Epoch [12], Loss:  55.9837

Epoch [12], Validation Acc:  0.0000

Epoch [12], Test Acc:  0.0000

Epoch [13], Loss:  53.7536

Epoch [13], Validation Acc:  0.0000

Epoch [13], Test Acc:  0.0000

Epoch [14], Loss:  54.5991

Epoch [14], Validation Acc:  0.0000

Epoch [14], Test Acc:  0.0000

Epoch [15], Loss:  55.0337

Epoch [15], Validation Acc:  0.0000

Epoch [15], Test Acc:  0.0000

Epoch [16], Loss:  57.3477

Epoch [16], Validation Acc:  0.0000

Epoch [16], Test Acc:  0.0000

Epoch [17], Loss:  56.0910

Epoch [17], Validation Acc:  0.0000

Epoch [17], Test Acc:  0.0000

Epoch [18], Loss:  55.1636

Epoch [18], Validation Acc:  0.0000

Epoch [18], Test Acc:  0.0000

Epoch [19], Loss:  55.5029

Epoch [19], Validation Acc:  0.0000

Epoch [19], Test Acc:  0.0000

Epoch [20], Loss:  55.2385

Epoch [20], Validation Acc:  0.0000

Epoch [20], Test Acc:  0.0000

Epoch [21], Loss:  53.8962

Epoch [21], Validation Acc:  0.0000

Epoch [21], Test Acc:  0.0000

Epoch [22], Loss:  55.2341

Epoch [22], Validation Acc:  0.0000

Epoch [22], Test Acc:  0.0000

Epoch [23], Loss:  57.2572

Epoch [23], Validation Acc:  0.0000

Epoch [23], Test Acc:  0.0000

Epoch [24], Loss:  54.9220

Epoch [24], Validation Acc:  0.0000

Epoch [24], Test Acc:  0.0000

Epoch [25], Loss:  53.8589

Epoch [25], Validation Acc:  0.0000

Epoch [25], Test Acc:  0.0000

Epoch [26], Loss:  55.7054

Epoch [26], Validation Acc:  0.0000

Epoch [26], Test Acc:  0.0000

Epoch [27], Loss:  55.0026

Epoch [27], Validation Acc:  0.0000

Epoch [27], Test Acc:  0.0000

Epoch [28], Loss:  56.1239

Epoch [28], Validation Acc:  0.0000

Epoch [28], Test Acc:  0.0000

Epoch [29], Loss:  54.6106

Epoch [29], Validation Acc:  0.0000

Epoch [29], Test Acc:  0.0000

Epoch [30], Loss:  57.1693

Epoch [30], Validation Acc:  0.0000

Epoch [30], Test Acc:  0.0000

Epoch [31], Loss:  56.9116

Epoch [31], Validation Acc:  0.0000

Epoch [31], Test Acc:  0.0000

Epoch [32], Loss:  54.9481

Epoch [32], Validation Acc:  0.0000

Epoch [32], Test Acc:  0.0000

Epoch [33], Loss:  54.5787

Epoch [33], Validation Acc:  0.0000

Epoch [33], Test Acc:  0.0000

Epoch [34], Loss:  56.3112

Epoch [34], Validation Acc:  0.0000

Epoch [34], Test Acc:  0.0000

Epoch [35], Loss:  53.6066

Epoch [35], Validation Acc:  0.0000

Epoch [35], Test Acc:  0.0000

Epoch [36], Loss:  52.0940

Epoch [36], Validation Acc:  0.0000

Epoch [36], Test Acc:  0.0000

Epoch [37], Loss:  56.0504

Epoch [37], Validation Acc:  0.0000

Epoch [37], Test Acc:  0.0000

Epoch [38], Loss:  56.2657

Epoch [38], Validation Acc:  0.0000

Epoch [38], Test Acc:  0.0000

Epoch [39], Loss:  53.3764

Epoch [39], Validation Acc:  0.0000

Epoch [39], Test Acc:  0.0000

Epoch [40], Loss:  54.7392

Epoch [40], Validation Acc:  0.0000

Epoch [40], Test Acc:  0.0000

Epoch [41], Loss:  54.9096

Epoch [41], Validation Acc:  0.0000

Epoch [41], Test Acc:  0.0000

Epoch [42], Loss:  53.5329

Epoch [42], Validation Acc:  0.0000

Epoch [42], Test Acc:  0.0000

Epoch [43], Loss:  53.5204

Epoch [43], Validation Acc:  0.0000

Epoch [43], Test Acc:  0.0000

Epoch [44], Loss:  53.3293

Epoch [44], Validation Acc:  0.0000

Epoch [44], Test Acc:  0.0000

Epoch [45], Loss:  55.0103

Epoch [45], Validation Acc:  0.0000

Epoch [45], Test Acc:  0.0000

Epoch [46], Loss:  55.4953

Epoch [46], Validation Acc:  0.0000

Epoch [46], Test Acc:  0.0000

Epoch [47], Loss:  52.6699

Epoch [47], Validation Acc:  0.0000

Epoch [47], Test Acc:  0.0000

Epoch [48], Loss:  51.1622

Epoch [48], Validation Acc:  0.0000

Epoch [48], Test Acc:  0.0000

Epoch [49], Loss:  54.1579

Epoch [49], Validation Acc:  0.0000

Epoch [49], Test Acc:  0.0000

Epoch [50], Loss:  53.1339

Epoch [50], Validation Acc:  0.0000

Epoch [50], Test Acc:  0.0000

Epoch [51], Loss:  52.1461

Epoch [51], Validation Acc:  0.0000

Epoch [51], Test Acc:  0.0000

Epoch [52], Loss:  53.4490

Epoch [52], Validation Acc:  0.0000

Epoch [52], Test Acc:  0.0000

Epoch [53], Loss:  54.9478

Epoch [53], Validation Acc:  0.0000

Epoch [53], Test Acc:  0.0000

Epoch [54], Loss:  52.1241

Epoch [54], Validation Acc:  0.0000

Epoch [54], Test Acc:  0.0000

Epoch [55], Loss:  53.2392

Epoch [55], Validation Acc:  0.0000

Epoch [55], Test Acc:  0.0000

Epoch [56], Loss:  56.7052

Epoch [56], Validation Acc:  0.0000

Epoch [56], Test Acc:  0.0000

Epoch [57], Loss:  54.3969

Epoch [57], Validation Acc:  0.0000

Epoch [57], Test Acc:  0.0000

Epoch [58], Loss:  54.0883

Epoch [58], Validation Acc:  0.0000

Epoch [58], Test Acc:  0.0000

Epoch [59], Loss:  55.2140

Epoch [59], Validation Acc:  0.0000

Epoch [59], Test Acc:  0.0000

Epoch [60], Loss:  54.3781

Epoch [60], Validation Acc:  0.0000

Epoch [60], Test Acc:  0.0000

Epoch [61], Loss:  51.0547

Epoch [61], Validation Acc:  0.0000

Epoch [61], Test Acc:  0.0000

Epoch [62], Loss:  55.1974

Epoch [62], Validation Acc:  0.0000

Epoch [62], Test Acc:  0.0000

Epoch [63], Loss:  53.0508

Epoch [63], Validation Acc:  0.0000

Epoch [63], Test Acc:  0.0000

Epoch [64], Loss:  56.5196

Epoch [64], Validation Acc:  0.0000

Epoch [64], Test Acc:  0.0000

Epoch [65], Loss:  51.0256

Epoch [65], Validation Acc:  0.0000

Epoch [65], Test Acc:  0.0000

Epoch [66], Loss:  51.0173

Epoch [66], Validation Acc:  0.0000

Epoch [66], Test Acc:  0.0000

Epoch [67], Loss:  53.3444

Epoch [67], Validation Acc:  0.0000

Epoch [67], Test Acc:  0.0000

Epoch [68], Loss:  56.7652

Epoch [68], Validation Acc:  0.0000

Epoch [68], Test Acc:  0.0000

Epoch [69], Loss:  53.1348

Epoch [69], Validation Acc:  0.0000

Epoch [69], Test Acc:  0.0000

Epoch [70], Loss:  51.1830

Epoch [70], Validation Acc:  0.0000

Epoch [70], Test Acc:  0.0000

Epoch [71], Loss:  55.9486

Epoch [71], Validation Acc:  0.0000

Epoch [71], Test Acc:  0.0000

Epoch [72], Loss:  55.2709

Epoch [72], Validation Acc:  0.0000

Epoch [72], Test Acc:  0.0000

Epoch [73], Loss:  53.1132

Epoch [73], Validation Acc:  0.0000

Epoch [73], Test Acc:  0.0000

Epoch [74], Loss:  52.4593

Epoch [74], Validation Acc:  0.0000

Epoch [74], Test Acc:  0.0000

Epoch [75], Loss:  54.7412

Epoch [75], Validation Acc:  0.0000

Epoch [75], Test Acc:  0.0000

Epoch [76], Loss:  53.2175

Epoch [76], Validation Acc:  0.0000

Epoch [76], Test Acc:  0.0000

Epoch [77], Loss:  54.3843

Epoch [77], Validation Acc:  0.0000

Epoch [77], Test Acc:  0.0000

Epoch [78], Loss:  55.4147

Epoch [78], Validation Acc:  0.0000

Epoch [78], Test Acc:  0.0000

Epoch [79], Loss:  52.4207

Epoch [79], Validation Acc:  0.0000

Epoch [79], Test Acc:  0.0000

Epoch [80], Loss:  51.7422

Epoch [80], Validation Acc:  0.0000

Epoch [80], Test Acc:  0.0000

Epoch [81], Loss:  55.5216

Epoch [81], Validation Acc:  0.0000

Epoch [81], Test Acc:  0.0000

Epoch [82], Loss:  54.0800

Epoch [82], Validation Acc:  0.0000

Epoch [82], Test Acc:  0.0000

Epoch [83], Loss:  53.6866

Epoch [83], Validation Acc:  0.0000

Epoch [83], Test Acc:  0.0000

Epoch [84], Loss:  55.7275

Epoch [84], Validation Acc:  0.0000

Epoch [84], Test Acc:  0.0000

Epoch [85], Loss:  51.0720

Epoch [85], Validation Acc:  0.0000

Epoch [85], Test Acc:  0.0000

Epoch [86], Loss:  54.2127

Epoch [86], Validation Acc:  0.0000

Epoch [86], Test Acc:  0.0000

Epoch [87], Loss:  54.7078

Epoch [87], Validation Acc:  0.0000

Epoch [87], Test Acc:  0.0000

Epoch [88], Loss:  53.1181

Epoch [88], Validation Acc:  0.0000

Epoch [88], Test Acc:  0.0000

Epoch [89], Loss:  53.2054

Epoch [89], Validation Acc:  0.0000

Epoch [89], Test Acc:  0.0000

Epoch [90], Loss:  55.0432

Epoch [90], Validation Acc:  0.0000

Epoch [90], Test Acc:  0.0000

Epoch [91], Loss:  53.1938

Epoch [91], Validation Acc:  0.0000

Epoch [91], Test Acc:  0.0000

Epoch [92], Loss:  55.0357

Epoch [92], Validation Acc:  0.0000

Epoch [92], Test Acc:  0.0000

Epoch [93], Loss:  53.6182

Epoch [93], Validation Acc:  0.0000

Epoch [93], Test Acc:  0.0000

Epoch [94], Loss:  55.3065

Epoch [94], Validation Acc:  0.0000

Epoch [94], Test Acc:  0.0000

Epoch [95], Loss:  54.4601

Epoch [95], Validation Acc:  0.0000

Epoch [95], Test Acc:  0.0000

Epoch [96], Loss:  56.3025

Epoch [96], Validation Acc:  0.0000

Epoch [96], Test Acc:  0.0000

Epoch [97], Loss:  54.6494

Epoch [97], Validation Acc:  0.0000

Epoch [97], Test Acc:  0.0000

Epoch [98], Loss:  55.7228

Epoch [98], Validation Acc:  0.0000

Epoch [98], Test Acc:  0.0000

Epoch [99], Loss:  53.5739

Epoch [99], Validation Acc:  0.0000

Epoch [99], Test Acc:  0.0000

Epoch [100], Loss:  53.7887

Epoch [100], Validation Acc:  0.0000

Epoch [100], Test Acc:  0.0000

Testing on test data...
Test Acc:  0.0000
Final alpha:  0.6102
Final beta: -0.3321
Final gamma:  0.4554
Spend time: 19001.25199842453
