dataset_path: ../datasets/Honey_pos_check
result_path: ../results
checkpoint_path: ../checkpoints
train_sample_ratio: 0.8
learning_rate: 0.001
epochs: 100
device: cuda:0
seed: 1
situation: mlp_HoneyPos_
cor_situation: without_cor
peak_pick_num: 5
The following files missing: [2023, 3231, 3349, 3358, 3688, 4173, 5607, 14129, 18276, 10320]
mlp_HoneyPos_without_cortest and validation with peak pick number to be 5
Epoch [1], Loss:  73.3279

Epoch [1], Validation Acc:  1.0000

Epoch [1], Test Acc:  0.5294

Epoch [2], Loss:  71.7631

Epoch [2], Validation Acc:  0.6667

Epoch [2], Test Acc:  0.5294

Epoch [3], Loss:  68.9915

Epoch [3], Validation Acc:  0.6667

Epoch [3], Test Acc:  0.5294

Epoch [4], Loss:  75.0391

Epoch [4], Validation Acc:  1.0000

Epoch [4], Test Acc:  0.5294

Epoch [5], Loss:  67.5248

Epoch [5], Validation Acc:  0.6667

Epoch [5], Test Acc:  0.5294

Epoch [6], Loss:  67.4692

Epoch [6], Validation Acc:  0.6667

Epoch [6], Test Acc:  0.5294

Epoch [7], Loss:  70.6025

Epoch [7], Validation Acc:  1.0000

Epoch [7], Test Acc:  0.5294

Epoch [8], Loss:  66.8212

Epoch [8], Validation Acc:  0.3333

Epoch [8], Test Acc:  0.5294

Epoch [9], Loss:  68.3516

Epoch [9], Validation Acc:  1.0000

Epoch [9], Test Acc:  0.5294

Epoch [10], Loss:  70.8881

Epoch [10], Validation Acc:  0.6667

Epoch [10], Test Acc:  0.5294

Epoch [11], Loss:  69.9401

Epoch [11], Validation Acc:  1.0000

Epoch [11], Test Acc:  0.5294

Epoch [12], Loss:  67.8028

Epoch [12], Validation Acc:  0.6667

Epoch [12], Test Acc:  0.5294

Epoch [13], Loss:  73.8828

Epoch [13], Validation Acc:  1.0000

Epoch [13], Test Acc:  0.5294

Epoch [14], Loss:  70.6266

Epoch [14], Validation Acc:  0.6667

Epoch [14], Test Acc:  0.5294

Epoch [15], Loss:  72.1120

Epoch [15], Validation Acc:  0.6667

Epoch [15], Test Acc:  0.5294

Epoch [16], Loss:  67.5485

Epoch [16], Validation Acc:  1.0000

Epoch [16], Test Acc:  0.5294

Epoch [17], Loss:  70.7442

Epoch [17], Validation Acc:  0.6667

Epoch [17], Test Acc:  0.5294

Epoch [18], Loss:  71.6340

Epoch [18], Validation Acc:  1.0000

Epoch [18], Test Acc:  0.5294

Epoch [19], Loss:  69.7894

Epoch [19], Validation Acc:  0.6667

Epoch [19], Test Acc:  0.5294

Epoch [20], Loss:  66.6203

Epoch [20], Validation Acc:  0.3333

Epoch [20], Test Acc:  0.5000

Epoch [21], Loss:  69.3281

Epoch [21], Validation Acc:  1.0000

Epoch [21], Test Acc:  0.5000

Epoch [22], Loss:  67.0595

Epoch [22], Validation Acc:  0.3333

Epoch [22], Test Acc:  0.5000

Epoch [23], Loss:  67.9286

Epoch [23], Validation Acc:  0.6667

Epoch [23], Test Acc:  0.5000

Epoch [24], Loss:  64.7753

Epoch [24], Validation Acc:  0.3333

Epoch [24], Test Acc:  0.5000

Epoch [25], Loss:  69.6805

Epoch [25], Validation Acc:  0.6667

Epoch [25], Test Acc:  0.5000

Epoch [26], Loss:  65.3571

Epoch [26], Validation Acc:  0.3333

Epoch [26], Test Acc:  0.5000

Epoch [27], Loss:  65.8916

Epoch [27], Validation Acc:  0.6667

Epoch [27], Test Acc:  0.5000

Epoch [28], Loss:  69.7354

Epoch [28], Validation Acc:  0.6667

Epoch [28], Test Acc:  0.5000

Epoch [29], Loss:  67.9224

Epoch [29], Validation Acc:  0.6667

Epoch [29], Test Acc:  0.5000

Epoch [30], Loss:  66.5164

Epoch [30], Validation Acc:  0.6667

Epoch [30], Test Acc:  0.5000

Epoch [31], Loss:  66.5894

Epoch [31], Validation Acc:  0.3333

Epoch [31], Test Acc:  0.5000

Epoch [32], Loss:  67.0777

Epoch [32], Validation Acc:  1.0000

Epoch [32], Test Acc:  0.5000

Epoch [33], Loss:  64.5723

Epoch [33], Validation Acc:  0.3333

Epoch [33], Test Acc:  0.5000

Epoch [34], Loss:  64.2932

Epoch [34], Validation Acc:  0.3333

Epoch [34], Test Acc:  0.5000

Epoch [35], Loss:  66.7887

Epoch [35], Validation Acc:  0.6667

Epoch [35], Test Acc:  0.5000

Epoch [36], Loss:  64.9784

Epoch [36], Validation Acc:  0.0000

Epoch [36], Test Acc:  0.5000

Epoch [37], Loss:  68.8150

Epoch [37], Validation Acc:  0.6667

Epoch [37], Test Acc:  0.5000

Epoch [38], Loss:  66.4745

Epoch [38], Validation Acc:  0.6667

Epoch [38], Test Acc:  0.5000

Epoch [39], Loss:  67.8837

Epoch [39], Validation Acc:  1.0000

Epoch [39], Test Acc:  0.5000

Epoch [40], Loss:  64.1880

Epoch [40], Validation Acc:  0.3333

Epoch [40], Test Acc:  0.5000

Epoch [41], Loss:  66.8477

Epoch [41], Validation Acc:  1.0000

Epoch [41], Test Acc:  0.5000

Epoch [42], Loss:  65.1946

Epoch [42], Validation Acc:  1.0000

Epoch [42], Test Acc:  0.5000

Epoch [43], Loss:  63.7936

Epoch [43], Validation Acc:  0.3333

Epoch [43], Test Acc:  0.5000

Epoch [44], Loss:  64.8662

Epoch [44], Validation Acc:  0.6667

Epoch [44], Test Acc:  0.5000

Epoch [45], Loss:  67.1329

Epoch [45], Validation Acc:  0.6667

Epoch [45], Test Acc:  0.5000

Epoch [46], Loss:  70.4021

Epoch [46], Validation Acc:  1.0000

Epoch [46], Test Acc:  0.5000

Epoch [47], Loss:  70.2005

Epoch [47], Validation Acc:  1.0000

Epoch [47], Test Acc:  0.5000

Epoch [48], Loss:  63.2865

Epoch [48], Validation Acc:  0.6667

Epoch [48], Test Acc:  0.5000

Epoch [49], Loss:  66.2421

Epoch [49], Validation Acc:  0.3333

Epoch [49], Test Acc:  0.5000

Epoch [50], Loss:  64.5362

Epoch [50], Validation Acc:  1.0000

Epoch [50], Test Acc:  0.5000

Epoch [51], Loss:  66.3575

Epoch [51], Validation Acc:  0.6667

Epoch [51], Test Acc:  0.5000

Epoch [52], Loss:  67.2348

Epoch [52], Validation Acc:  1.0000

Epoch [52], Test Acc:  0.5000

Epoch [53], Loss:  61.9755

Epoch [53], Validation Acc:  0.6667

Epoch [53], Test Acc:  0.5000

Epoch [54], Loss:  61.4797

Epoch [54], Validation Acc:  0.3333

Epoch [54], Test Acc:  0.5000

Epoch [55], Loss:  62.6825

Epoch [55], Validation Acc:  0.3333

Epoch [55], Test Acc:  0.5000

Epoch [56], Loss:  65.7933

Epoch [56], Validation Acc:  0.6667

Epoch [56], Test Acc:  0.5000

Epoch [57], Loss:  60.4263

Epoch [57], Validation Acc:  0.0000

Epoch [57], Test Acc:  0.5000

Epoch [58], Loss:  63.5050

Epoch [58], Validation Acc:  0.3333

Epoch [58], Test Acc:  0.5000

Epoch [59], Loss:  66.6375

Epoch [59], Validation Acc:  1.0000

Epoch [59], Test Acc:  0.5000

Epoch [60], Loss:  64.8539

Epoch [60], Validation Acc:  0.3333

Epoch [60], Test Acc:  0.5000

Epoch [61], Loss:  66.2236

Epoch [61], Validation Acc:  1.0000

Epoch [61], Test Acc:  0.5000

Epoch [62], Loss:  64.7232

Epoch [62], Validation Acc:  0.3333

Epoch [62], Test Acc:  0.5000

Epoch [63], Loss:  64.4672

Epoch [63], Validation Acc:  0.6667

Epoch [63], Test Acc:  0.5000

Epoch [64], Loss:  63.3625

Epoch [64], Validation Acc:  0.3333

Epoch [64], Test Acc:  0.5000

Epoch [65], Loss:  62.6635

Epoch [65], Validation Acc:  0.3333

Epoch [65], Test Acc:  0.5000

Epoch [66], Loss:  65.4778

Epoch [66], Validation Acc:  0.6667

Epoch [66], Test Acc:  0.5000

Epoch [67], Loss:  66.4301

Epoch [67], Validation Acc:  0.6667

Epoch [67], Test Acc:  0.5000

Epoch [68], Loss:  63.1584

Epoch [68], Validation Acc:  0.6667

Epoch [68], Test Acc:  0.5000

Epoch [69], Loss:  68.4997

Epoch [69], Validation Acc:  1.0000

Epoch [69], Test Acc:  0.5000

Epoch [70], Loss:  63.7380

Epoch [70], Validation Acc:  1.0000

Epoch [70], Test Acc:  0.5000

Epoch [71], Loss:  65.3603

Epoch [71], Validation Acc:  1.0000

Epoch [71], Test Acc:  0.5000

Epoch [72], Loss:  66.5717

Epoch [72], Validation Acc:  1.0000

Epoch [72], Test Acc:  0.5000

Epoch [73], Loss:  61.4216

Epoch [73], Validation Acc:  0.6667

Epoch [73], Test Acc:  0.5000

Epoch [74], Loss:  63.0590

Epoch [74], Validation Acc:  0.6667

Epoch [74], Test Acc:  0.5000

Epoch [75], Loss:  64.7881

Epoch [75], Validation Acc:  0.6667

Epoch [75], Test Acc:  0.5000

Epoch [76], Loss:  63.6372

Epoch [76], Validation Acc:  0.6667

Epoch [76], Test Acc:  0.5000

Epoch [77], Loss:  60.2696

Epoch [77], Validation Acc:  0.3333

Epoch [77], Test Acc:  0.5000

Epoch [78], Loss:  60.8697

Epoch [78], Validation Acc:  0.0000

Epoch [78], Test Acc:  0.5000

Epoch [79], Loss:  68.6479

Epoch [79], Validation Acc:  1.0000

Epoch [79], Test Acc:  0.5000

Epoch [80], Loss:  62.2071

Epoch [80], Validation Acc:  0.6667

Epoch [80], Test Acc:  0.5000

Epoch [81], Loss:  63.5196

Epoch [81], Validation Acc:  0.6667

Epoch [81], Test Acc:  0.5000

Epoch [82], Loss:  67.3688

Epoch [82], Validation Acc:  1.0000

Epoch [82], Test Acc:  0.5000

Epoch [83], Loss:  64.2470

Epoch [83], Validation Acc:  1.0000

Epoch [83], Test Acc:  0.5000

Epoch [84], Loss:  60.7231

Epoch [84], Validation Acc:  0.3333

Epoch [84], Test Acc:  0.5000

Epoch [85], Loss:  60.9359

Epoch [85], Validation Acc:  0.3333

Epoch [85], Test Acc:  0.5000

Epoch [86], Loss:  66.4381

Epoch [86], Validation Acc:  0.6667

Epoch [86], Test Acc:  0.5000

Epoch [87], Loss:  62.0548

Epoch [87], Validation Acc:  0.6667

Epoch [87], Test Acc:  0.5000

Epoch [88], Loss:  62.9405

Epoch [88], Validation Acc:  0.6667

Epoch [88], Test Acc:  0.5000

Epoch [89], Loss:  67.9310

Epoch [89], Validation Acc:  1.0000

Epoch [89], Test Acc:  0.5000

Epoch [90], Loss:  58.7837

Epoch [90], Validation Acc:  0.0000

Epoch [90], Test Acc:  0.5000

Epoch [91], Loss:  62.1808

Epoch [91], Validation Acc:  0.3333

Epoch [91], Test Acc:  0.5000

Epoch [92], Loss:  64.2058

Epoch [92], Validation Acc:  0.6667

Epoch [92], Test Acc:  0.5000

Epoch [93], Loss:  61.5650

Epoch [93], Validation Acc:  0.6667

Epoch [93], Test Acc:  0.5000

Epoch [94], Loss:  62.9742

Epoch [94], Validation Acc:  0.6667

Epoch [94], Test Acc:  0.5000

Epoch [95], Loss:  63.9709

Epoch [95], Validation Acc:  0.6667

Epoch [95], Test Acc:  0.5000

Epoch [96], Loss:  64.4598

Epoch [96], Validation Acc:  0.6667

Epoch [96], Test Acc:  0.5000

Epoch [97], Loss:  61.8258

Epoch [97], Validation Acc:  0.6667

Epoch [97], Test Acc:  0.5000

Epoch [98], Loss:  60.7592

Epoch [98], Validation Acc:  0.6667

Epoch [98], Test Acc:  0.5000

Epoch [99], Loss:  62.4981

Epoch [99], Validation Acc:  0.6667

Epoch [99], Test Acc:  0.5000

Epoch [100], Loss:  59.0457

Epoch [100], Validation Acc:  0.6667

Epoch [100], Test Acc:  0.5000

Testing on test data...
Test Acc:  0.5294
Final alpha:  0.1335
Final beta: -9.1732
Final gamma:  0.4875
Spend time: 22470.495611667633
