dataset_path: ../datasets/ChangjiangRiver_check
result_path: ../results
checkpoint_path: ../checkpoints
train_sample_ratio: 0.8
learning_rate: 0.001
epochs: 100
device: cuda:0
seed: 1
situation: mlp_changjiang_
cor_situation: with_cor_outside_sig_
peak_pick_num: 1
The following files missing: [778, 895, 1388, 1590, 1836, 3195, 5021, 5881, 6487, 8121, 8989, 13399, 15457]
mlp_changjiang_with_cor_outside_sig_test and validation with peak pick number to be 1
Epoch [1], Loss:  98.4556

Epoch [1], Validation Acc:  0.2000

Epoch [1], Test Acc:  0.1905

Epoch [2], Loss:  101.2602

Epoch [2], Validation Acc:  0.2000

Epoch [2], Test Acc:  0.1905

Epoch [3], Loss:  102.5072

Epoch [3], Validation Acc:  0.2000

Epoch [3], Test Acc:  0.1905

Epoch [4], Loss:  96.7044

Epoch [4], Validation Acc:  0.0000

Epoch [4], Test Acc:  0.1905

Epoch [5], Loss:  95.3686

Epoch [5], Validation Acc:  0.4000

Epoch [5], Test Acc:  0.1905

Epoch [6], Loss:  100.7724

Epoch [6], Validation Acc:  0.0000

Epoch [6], Test Acc:  0.1905

Epoch [7], Loss:  99.5281

Epoch [7], Validation Acc:  0.4000

Epoch [7], Test Acc:  0.1905

Epoch [8], Loss:  94.2776

Epoch [8], Validation Acc:  0.2000

Epoch [8], Test Acc:  0.1905

Epoch [9], Loss:  94.1155

Epoch [9], Validation Acc:  0.2000

Epoch [9], Test Acc:  0.1905

Epoch [10], Loss:  99.3151

Epoch [10], Validation Acc:  0.0000

Epoch [10], Test Acc:  0.1905

Epoch [11], Loss:  105.9718

Epoch [11], Validation Acc:  0.6000

Epoch [11], Test Acc:  0.1905

Epoch [12], Loss:  109.5686

Epoch [12], Validation Acc:  0.4000

Epoch [12], Test Acc:  0.1905

Epoch [13], Loss:  99.1028

Epoch [13], Validation Acc:  0.2000

Epoch [13], Test Acc:  0.1905

Epoch [14], Loss:  100.1025

Epoch [14], Validation Acc:  0.2000

Epoch [14], Test Acc:  0.1905

Epoch [15], Loss:  102.1159

Epoch [15], Validation Acc:  0.2000

Epoch [15], Test Acc:  0.1905

Epoch [16], Loss:  100.6852

Epoch [16], Validation Acc:  0.0000

Epoch [16], Test Acc:  0.1905

Epoch [17], Loss:  96.1197

Epoch [17], Validation Acc:  0.0000

Epoch [17], Test Acc:  0.1905

Epoch [18], Loss:  98.1305

Epoch [18], Validation Acc:  0.4000

Epoch [18], Test Acc:  0.1905

Epoch [19], Loss:  103.4853

Epoch [19], Validation Acc:  0.4000

Epoch [19], Test Acc:  0.1905

Epoch [20], Loss:  96.9575

Epoch [20], Validation Acc:  0.2000

Epoch [20], Test Acc:  0.1905

Epoch [21], Loss:  99.6383

Epoch [21], Validation Acc:  0.2000

Epoch [21], Test Acc:  0.1905

Epoch [22], Loss:  96.0136

Epoch [22], Validation Acc:  0.2000

Epoch [22], Test Acc:  0.1905

Epoch [23], Loss:  95.8375

Epoch [23], Validation Acc:  0.2000

Epoch [23], Test Acc:  0.1905

Epoch [24], Loss:  102.6571

Epoch [24], Validation Acc:  0.0000

Epoch [24], Test Acc:  0.1905

Epoch [25], Loss:  104.2354

Epoch [25], Validation Acc:  0.2000

Epoch [25], Test Acc:  0.1905

Epoch [26], Loss:  101.5591

Epoch [26], Validation Acc:  0.0000

Epoch [26], Test Acc:  0.1905

Epoch [27], Loss:  99.0887

Epoch [27], Validation Acc:  0.0000

Epoch [27], Test Acc:  0.1905

Epoch [28], Loss:  100.7286

Epoch [28], Validation Acc:  0.2000

Epoch [28], Test Acc:  0.1905

Epoch [29], Loss:  96.2299

Epoch [29], Validation Acc:  0.0000

Epoch [29], Test Acc:  0.1905

Epoch [30], Loss:  102.2467

Epoch [30], Validation Acc:  0.0000

Epoch [30], Test Acc:  0.1905

Epoch [31], Loss:  98.9528

Epoch [31], Validation Acc:  0.6000

Epoch [31], Test Acc:  0.1905

Epoch [32], Loss:  96.2220

Epoch [32], Validation Acc:  0.2000

Epoch [32], Test Acc:  0.1905

Epoch [33], Loss:  99.6594

Epoch [33], Validation Acc:  0.2000

Epoch [33], Test Acc:  0.1905

Epoch [34], Loss:  95.9908

Epoch [34], Validation Acc:  0.2000

Epoch [34], Test Acc:  0.1905

Epoch [35], Loss:  100.2679

Epoch [35], Validation Acc:  0.2000

Epoch [35], Test Acc:  0.1905

Epoch [36], Loss:  96.2623

Epoch [36], Validation Acc:  0.2000

Epoch [36], Test Acc:  0.1905

Epoch [37], Loss:  94.3719

Epoch [37], Validation Acc:  0.2000

Epoch [37], Test Acc:  0.1905

Epoch [38], Loss:  99.3771

Epoch [38], Validation Acc:  0.4000

Epoch [38], Test Acc:  0.1905

Epoch [39], Loss:  98.6705

Epoch [39], Validation Acc:  0.2000

Epoch [39], Test Acc:  0.1905

Epoch [40], Loss:  102.7782

Epoch [40], Validation Acc:  0.2000

Epoch [40], Test Acc:  0.1905

Epoch [41], Loss:  94.4338

Epoch [41], Validation Acc:  0.0000

Epoch [41], Test Acc:  0.1905

Epoch [42], Loss:  99.1397

Epoch [42], Validation Acc:  0.0000

Epoch [42], Test Acc:  0.1905

Epoch [43], Loss:  99.2330

Epoch [43], Validation Acc:  0.2000

Epoch [43], Test Acc:  0.1905

Epoch [44], Loss:  94.9749

Epoch [44], Validation Acc:  0.2000

Epoch [44], Test Acc:  0.2143

Epoch [45], Loss:  94.9014

Epoch [45], Validation Acc:  0.2000

Epoch [45], Test Acc:  0.2143

Epoch [46], Loss:  93.6493

Epoch [46], Validation Acc:  0.0000

Epoch [46], Test Acc:  0.2143

Epoch [47], Loss:  101.2805

Epoch [47], Validation Acc:  0.2000

Epoch [47], Test Acc:  0.2143

Epoch [48], Loss:  93.6409

Epoch [48], Validation Acc:  0.2000

Epoch [48], Test Acc:  0.2143

Epoch [49], Loss:  95.3134

Epoch [49], Validation Acc:  0.2000

Epoch [49], Test Acc:  0.2143

Epoch [50], Loss:  96.0603

Epoch [50], Validation Acc:  0.4000

Epoch [50], Test Acc:  0.2143

Epoch [51], Loss:  98.9626

Epoch [51], Validation Acc:  0.4000

Epoch [51], Test Acc:  0.2143

Epoch [52], Loss:  102.2405

Epoch [52], Validation Acc:  0.6000

Epoch [52], Test Acc:  0.1905

Epoch [53], Loss:  99.1177

Epoch [53], Validation Acc:  0.4000

Epoch [53], Test Acc:  0.1905

Epoch [54], Loss:  100.2129

Epoch [54], Validation Acc:  0.4000

Epoch [54], Test Acc:  0.1905

Epoch [55], Loss:  91.9246

Epoch [55], Validation Acc:  0.2000

Epoch [55], Test Acc:  0.1905

Epoch [56], Loss:  95.2009

Epoch [56], Validation Acc:  0.4000

Epoch [56], Test Acc:  0.1905

Epoch [57], Loss:  103.5973

Epoch [57], Validation Acc:  0.0000

Epoch [57], Test Acc:  0.1905

Epoch [58], Loss:  96.6660

Epoch [58], Validation Acc:  0.4000

Epoch [58], Test Acc:  0.1905

Epoch [59], Loss:  95.3536

Epoch [59], Validation Acc:  0.0000

Epoch [59], Test Acc:  0.1905

Epoch [60], Loss:  96.5472

Epoch [60], Validation Acc:  0.0000

Epoch [60], Test Acc:  0.1905

Epoch [61], Loss:  101.0831

Epoch [61], Validation Acc:  0.2000

Epoch [61], Test Acc:  0.1905

Epoch [62], Loss:  96.9217

Epoch [62], Validation Acc:  0.2000

Epoch [62], Test Acc:  0.1905

Epoch [63], Loss:  97.5156

Epoch [63], Validation Acc:  0.4000

Epoch [63], Test Acc:  0.1905

Epoch [64], Loss:  98.9353

Epoch [64], Validation Acc:  0.4000

Epoch [64], Test Acc:  0.1905

Epoch [65], Loss:  97.6824

Epoch [65], Validation Acc:  0.0000

Epoch [65], Test Acc:  0.1905

Epoch [66], Loss:  97.8652

Epoch [66], Validation Acc:  0.2000

Epoch [66], Test Acc:  0.1905

Epoch [67], Loss:  91.9876

Epoch [67], Validation Acc:  0.2000

Epoch [67], Test Acc:  0.1905

Epoch [68], Loss:  93.9042

Epoch [68], Validation Acc:  0.0000

Epoch [68], Test Acc:  0.1905

Epoch [69], Loss:  100.8728

Epoch [69], Validation Acc:  0.6000

Epoch [69], Test Acc:  0.1905

Epoch [70], Loss:  94.2875

Epoch [70], Validation Acc:  0.2000

Epoch [70], Test Acc:  0.1905

Epoch [71], Loss:  98.4966

Epoch [71], Validation Acc:  0.2000

Epoch [71], Test Acc:  0.1905

Epoch [72], Loss:  97.6291

Epoch [72], Validation Acc:  0.4000

Epoch [72], Test Acc:  0.1905

Epoch [73], Loss:  96.9885

Epoch [73], Validation Acc:  0.4000

Epoch [73], Test Acc:  0.1905

Epoch [74], Loss:  100.7265

Epoch [74], Validation Acc:  0.4000

Epoch [74], Test Acc:  0.1905

Epoch [75], Loss:  94.9433

Epoch [75], Validation Acc:  0.4000

Epoch [75], Test Acc:  0.1905

Epoch [76], Loss:  92.5648

Epoch [76], Validation Acc:  0.2000

Epoch [76], Test Acc:  0.1905

Epoch [77], Loss:  99.3015

Epoch [77], Validation Acc:  0.4000

Epoch [77], Test Acc:  0.1905

Epoch [78], Loss:  101.6625

Epoch [78], Validation Acc:  0.2000

Epoch [78], Test Acc:  0.1905

Epoch [79], Loss:  94.5845

Epoch [79], Validation Acc:  0.0000

Epoch [79], Test Acc:  0.1905

Epoch [80], Loss:  90.8712

Epoch [80], Validation Acc:  0.0000

Epoch [80], Test Acc:  0.1905

Epoch [81], Loss:  96.5421

Epoch [81], Validation Acc:  0.4000

Epoch [81], Test Acc:  0.1905

Epoch [82], Loss:  100.8236

Epoch [82], Validation Acc:  0.4000

Epoch [82], Test Acc:  0.1905

Epoch [83], Loss:  98.3279

Epoch [83], Validation Acc:  0.2000

Epoch [83], Test Acc:  0.1905

Epoch [84], Loss:  94.9406

Epoch [84], Validation Acc:  0.4000

Epoch [84], Test Acc:  0.1905

Epoch [85], Loss:  96.1914

Epoch [85], Validation Acc:  0.2000

Epoch [85], Test Acc:  0.1905

Epoch [86], Loss:  101.5689

Epoch [86], Validation Acc:  0.4000

Epoch [86], Test Acc:  0.1905

Epoch [87], Loss:  105.6910

Epoch [87], Validation Acc:  0.4000

Epoch [87], Test Acc:  0.1905

Epoch [88], Loss:  102.8634

Epoch [88], Validation Acc:  0.2000

Epoch [88], Test Acc:  0.1905

Epoch [89], Loss:  101.6257

Epoch [89], Validation Acc:  0.4000

Epoch [89], Test Acc:  0.1905

Epoch [90], Loss:  92.6550

Epoch [90], Validation Acc:  0.2000

Epoch [90], Test Acc:  0.1905

Epoch [91], Loss:  93.6515

Epoch [91], Validation Acc:  0.0000

Epoch [91], Test Acc:  0.1905

Epoch [92], Loss:  98.9420

Epoch [92], Validation Acc:  0.4000

Epoch [92], Test Acc:  0.1905

Epoch [93], Loss:  93.9297

Epoch [93], Validation Acc:  0.2000

Epoch [93], Test Acc:  0.1905

Epoch [94], Loss:  102.5465

Epoch [94], Validation Acc:  0.2000

Epoch [94], Test Acc:  0.1905

Epoch [95], Loss:  90.7603

Epoch [95], Validation Acc:  0.2000

Epoch [95], Test Acc:  0.1905

Epoch [96], Loss:  98.7146

Epoch [96], Validation Acc:  0.4000

Epoch [96], Test Acc:  0.1905

Epoch [97], Loss:  92.7989

Epoch [97], Validation Acc:  0.0000

Epoch [97], Test Acc:  0.1905

Epoch [98], Loss:  97.8552

Epoch [98], Validation Acc:  0.0000

Epoch [98], Test Acc:  0.1905

Epoch [99], Loss:  101.4479

Epoch [99], Validation Acc:  0.2000

Epoch [99], Test Acc:  0.1905

Epoch [100], Loss:  90.7100

Epoch [100], Validation Acc:  0.2000

Epoch [100], Test Acc:  0.1905

Testing on test data...
Test Acc:  0.2143
Final alpha:  0.0052
Final beta: -9.6132
Final gamma:  0.4175
Spend time: 21456.946335315704
