dataset_path: ../datasets/HuangpujiangRiver_check
result_path: ../results
checkpoint_path: ../checkpoints
train_sample_ratio: 0.8
learning_rate: 0.001
epochs: 100
device: cuda:0
seed: 1
situation: mlp_Huangpujiang_
cor_situation: with_cor_outside_sig_
peak_pick_num: 1
The following files missing: [732, 1687, 1825, 2538, 4304, 4962, 7578, 10013]
mlp_Huangpujiang_with_cor_outside_sig_test and validation with peak pick number to be 1
Epoch [1], Loss:  53.6405

Epoch [1], Validation Acc:  0.0000

Epoch [1], Test Acc:  0.2308

Epoch [2], Loss:  52.8675

Epoch [2], Validation Acc:  0.5000

Epoch [2], Test Acc:  0.2308

Epoch [3], Loss:  52.9095

Epoch [3], Validation Acc:  0.5000

Epoch [3], Test Acc:  0.2308

Epoch [4], Loss:  52.8390

Epoch [4], Validation Acc:  0.5000

Epoch [4], Test Acc:  0.2308

Epoch [5], Loss:  54.4064

Epoch [5], Validation Acc:  0.5000

Epoch [5], Test Acc:  0.2308

Epoch [6], Loss:  55.2225

Epoch [6], Validation Acc:  1.0000

Epoch [6], Test Acc:  0.2308

Epoch [7], Loss:  53.5356

Epoch [7], Validation Acc:  0.0000

Epoch [7], Test Acc:  0.2308

Epoch [8], Loss:  51.0934

Epoch [8], Validation Acc:  0.0000

Epoch [8], Test Acc:  0.2308

Epoch [9], Loss:  51.7953

Epoch [9], Validation Acc:  0.5000

Epoch [9], Test Acc:  0.2308

Epoch [10], Loss:  50.8080

Epoch [10], Validation Acc:  0.5000

Epoch [10], Test Acc:  0.2308

Epoch [11], Loss:  54.3181

Epoch [11], Validation Acc:  0.5000

Epoch [11], Test Acc:  0.2308

Epoch [12], Loss:  53.8627

Epoch [12], Validation Acc:  0.5000

Epoch [12], Test Acc:  0.2308

Epoch [13], Loss:  50.8725

Epoch [13], Validation Acc:  0.0000

Epoch [13], Test Acc:  0.2308

Epoch [14], Loss:  52.0389

Epoch [14], Validation Acc:  0.0000

Epoch [14], Test Acc:  0.2308

Epoch [15], Loss:  52.6413

Epoch [15], Validation Acc:  0.5000

Epoch [15], Test Acc:  0.2308

Epoch [16], Loss:  55.1838

Epoch [16], Validation Acc:  0.5000

Epoch [16], Test Acc:  0.2308

Epoch [17], Loss:  54.2533

Epoch [17], Validation Acc:  0.5000

Epoch [17], Test Acc:  0.2308

Epoch [18], Loss:  52.4700

Epoch [18], Validation Acc:  0.5000

Epoch [18], Test Acc:  0.2308

Epoch [19], Loss:  53.0497

Epoch [19], Validation Acc:  0.0000

Epoch [19], Test Acc:  0.2308

Epoch [20], Loss:  53.2474

Epoch [20], Validation Acc:  0.5000

Epoch [20], Test Acc:  0.2308

Epoch [21], Loss:  51.5165

Epoch [21], Validation Acc:  0.5000

Epoch [21], Test Acc:  0.2308

Epoch [22], Loss:  53.2905

Epoch [22], Validation Acc:  1.0000

Epoch [22], Test Acc:  0.2308

Epoch [23], Loss:  55.0980

Epoch [23], Validation Acc:  0.5000

Epoch [23], Test Acc:  0.2308

Epoch [24], Loss:  52.5384

Epoch [24], Validation Acc:  0.5000

Epoch [24], Test Acc:  0.2308

Epoch [25], Loss:  51.4727

Epoch [25], Validation Acc:  0.5000

Epoch [25], Test Acc:  0.2308

Epoch [26], Loss:  52.7723

Epoch [26], Validation Acc:  0.0000

Epoch [26], Test Acc:  0.2308

Epoch [27], Loss:  53.4071

Epoch [27], Validation Acc:  1.0000

Epoch [27], Test Acc:  0.2308

Epoch [28], Loss:  54.2656

Epoch [28], Validation Acc:  0.5000

Epoch [28], Test Acc:  0.2308

Epoch [29], Loss:  52.6925

Epoch [29], Validation Acc:  0.5000

Epoch [29], Test Acc:  0.2308

Epoch [30], Loss:  55.0327

Epoch [30], Validation Acc:  0.5000

Epoch [30], Test Acc:  0.2308

Epoch [31], Loss:  55.2293

Epoch [31], Validation Acc:  0.5000

Epoch [31], Test Acc:  0.2308

Epoch [32], Loss:  52.6275

Epoch [32], Validation Acc:  0.5000

Epoch [32], Test Acc:  0.2308

Epoch [33], Loss:  52.6741

Epoch [33], Validation Acc:  0.5000

Epoch [33], Test Acc:  0.2308

Epoch [34], Loss:  54.0154

Epoch [34], Validation Acc:  0.5000

Epoch [34], Test Acc:  0.2308

Epoch [35], Loss:  51.4742

Epoch [35], Validation Acc:  0.5000

Epoch [35], Test Acc:  0.2308

Epoch [36], Loss:  49.1328

Epoch [36], Validation Acc:  0.0000

Epoch [36], Test Acc:  0.2308

Epoch [37], Loss:  54.2050

Epoch [37], Validation Acc:  0.5000

Epoch [37], Test Acc:  0.2308

Epoch [38], Loss:  53.9808

Epoch [38], Validation Acc:  0.5000

Epoch [38], Test Acc:  0.2308

Epoch [39], Loss:  51.0103

Epoch [39], Validation Acc:  0.5000

Epoch [39], Test Acc:  0.2308

Epoch [40], Loss:  52.4138

Epoch [40], Validation Acc:  0.5000

Epoch [40], Test Acc:  0.2308

Epoch [41], Loss:  52.1919

Epoch [41], Validation Acc:  0.5000

Epoch [41], Test Acc:  0.2308

Epoch [42], Loss:  50.7695

Epoch [42], Validation Acc:  0.5000

Epoch [42], Test Acc:  0.2308

Epoch [43], Loss:  51.5325

Epoch [43], Validation Acc:  0.5000

Epoch [43], Test Acc:  0.2308

Epoch [44], Loss:  50.9694

Epoch [44], Validation Acc:  0.5000

Epoch [44], Test Acc:  0.2308

Epoch [45], Loss:  53.0741

Epoch [45], Validation Acc:  0.5000

Epoch [45], Test Acc:  0.2308

Epoch [46], Loss:  52.5421

Epoch [46], Validation Acc:  0.0000

Epoch [46], Test Acc:  0.2308

Epoch [47], Loss:  50.5466

Epoch [47], Validation Acc:  1.0000

Epoch [47], Test Acc:  0.2308

Epoch [48], Loss:  48.8263

Epoch [48], Validation Acc:  0.5000

Epoch [48], Test Acc:  0.2308

Epoch [49], Loss:  52.0787

Epoch [49], Validation Acc:  1.0000

Epoch [49], Test Acc:  0.2308

Epoch [50], Loss:  50.6299

Epoch [50], Validation Acc:  0.0000

Epoch [50], Test Acc:  0.2308

Epoch [51], Loss:  49.5377

Epoch [51], Validation Acc:  0.0000

Epoch [51], Test Acc:  0.2308

Epoch [52], Loss:  51.4889

Epoch [52], Validation Acc:  0.5000

Epoch [52], Test Acc:  0.2308

Epoch [53], Loss:  53.0276

Epoch [53], Validation Acc:  0.5000

Epoch [53], Test Acc:  0.2308

Epoch [54], Loss:  49.5109

Epoch [54], Validation Acc:  0.0000

Epoch [54], Test Acc:  0.2308

Epoch [55], Loss:  50.8882

Epoch [55], Validation Acc:  0.5000

Epoch [55], Test Acc:  0.2308

Epoch [56], Loss:  55.1131

Epoch [56], Validation Acc:  0.5000

Epoch [56], Test Acc:  0.2308

Epoch [57], Loss:  52.5499

Epoch [57], Validation Acc:  0.5000

Epoch [57], Test Acc:  0.2308

Epoch [58], Loss:  52.0252

Epoch [58], Validation Acc:  1.0000

Epoch [58], Test Acc:  0.2308

Epoch [59], Loss:  52.6664

Epoch [59], Validation Acc:  0.0000

Epoch [59], Test Acc:  0.2308

Epoch [60], Loss:  52.5395

Epoch [60], Validation Acc:  0.5000

Epoch [60], Test Acc:  0.2308

Epoch [61], Loss:  48.7468

Epoch [61], Validation Acc:  0.5000

Epoch [61], Test Acc:  0.2308

Epoch [62], Loss:  52.6396

Epoch [62], Validation Acc:  0.0000

Epoch [62], Test Acc:  0.2308

Epoch [63], Loss:  50.5271

Epoch [63], Validation Acc:  0.0000

Epoch [63], Test Acc:  0.2308

Epoch [64], Loss:  54.0663

Epoch [64], Validation Acc:  0.0000

Epoch [64], Test Acc:  0.2308

Epoch [65], Loss:  48.7178

Epoch [65], Validation Acc:  0.5000

Epoch [65], Test Acc:  0.2308

Epoch [66], Loss:  48.7117

Epoch [66], Validation Acc:  0.5000

Epoch [66], Test Acc:  0.2308

Epoch [67], Loss:  51.4152

Epoch [67], Validation Acc:  0.5000

Epoch [67], Test Acc:  0.2308

Epoch [68], Loss:  54.8185

Epoch [68], Validation Acc:  0.5000

Epoch [68], Test Acc:  0.2308

Epoch [69], Loss:  50.7953

Epoch [69], Validation Acc:  0.5000

Epoch [69], Test Acc:  0.2308

Epoch [70], Loss:  48.3984

Epoch [70], Validation Acc:  0.5000

Epoch [70], Test Acc:  0.2308

Epoch [71], Loss:  53.7720

Epoch [71], Validation Acc:  0.5000

Epoch [71], Test Acc:  0.2308

Epoch [72], Loss:  52.3005

Epoch [72], Validation Acc:  0.0000

Epoch [72], Test Acc:  0.2308

Epoch [73], Loss:  50.1918

Epoch [73], Validation Acc:  0.0000

Epoch [73], Test Acc:  0.2308

Epoch [74], Loss:  50.3913

Epoch [74], Validation Acc:  1.0000

Epoch [74], Test Acc:  0.2308

Epoch [75], Loss:  52.9629

Epoch [75], Validation Acc:  1.0000

Epoch [75], Test Acc:  0.2308

Epoch [76], Loss:  51.2286

Epoch [76], Validation Acc:  0.5000

Epoch [76], Test Acc:  0.2308

Epoch [77], Loss:  52.1948

Epoch [77], Validation Acc:  0.5000

Epoch [77], Test Acc:  0.2308

Epoch [78], Loss:  52.8758

Epoch [78], Validation Acc:  0.0000

Epoch [78], Test Acc:  0.2308

Epoch [79], Loss:  50.3626

Epoch [79], Validation Acc:  1.0000

Epoch [79], Test Acc:  0.2308

Epoch [80], Loss:  48.6754

Epoch [80], Validation Acc:  0.0000

Epoch [80], Test Acc:  0.2308

Epoch [81], Loss:  53.9361

Epoch [81], Validation Acc:  0.5000

Epoch [81], Test Acc:  0.2308

Epoch [82], Loss:  51.3855

Epoch [82], Validation Acc:  0.0000

Epoch [82], Test Acc:  0.2308

Epoch [83], Loss:  52.2046

Epoch [83], Validation Acc:  1.0000

Epoch [83], Test Acc:  0.2308

Epoch [84], Loss:  53.9634

Epoch [84], Validation Acc:  0.5000

Epoch [84], Test Acc:  0.2308

Epoch [85], Loss:  48.2696

Epoch [85], Validation Acc:  0.5000

Epoch [85], Test Acc:  0.2308

Epoch [86], Loss:  52.4149

Epoch [86], Validation Acc:  0.5000

Epoch [86], Test Acc:  0.2308

Epoch [87], Loss:  52.8628

Epoch [87], Validation Acc:  0.5000

Epoch [87], Test Acc:  0.2308

Epoch [88], Loss:  51.1753

Epoch [88], Validation Acc:  0.5000

Epoch [88], Test Acc:  0.2308

Epoch [89], Loss:  50.3319

Epoch [89], Validation Acc:  0.5000

Epoch [89], Test Acc:  0.2308

Epoch [90], Loss:  52.4138

Epoch [90], Validation Acc:  0.0000

Epoch [90], Test Acc:  0.2308

Epoch [91], Loss:  50.3099

Epoch [91], Validation Acc:  0.5000

Epoch [91], Test Acc:  0.2308

Epoch [92], Loss:  52.3892

Epoch [92], Validation Acc:  0.0000

Epoch [92], Test Acc:  0.2308

Epoch [93], Loss:  52.1734

Epoch [93], Validation Acc:  1.0000

Epoch [93], Test Acc:  0.2308

Epoch [94], Loss:  52.7601

Epoch [94], Validation Acc:  0.0000

Epoch [94], Test Acc:  0.2308

Epoch [95], Loss:  51.7469

Epoch [95], Validation Acc:  0.5000

Epoch [95], Test Acc:  0.2308

Epoch [96], Loss:  53.8312

Epoch [96], Validation Acc:  0.0000

Epoch [96], Test Acc:  0.2308

Epoch [97], Loss:  52.8101

Epoch [97], Validation Acc:  0.5000

Epoch [97], Test Acc:  0.2308

Epoch [98], Loss:  53.6193

Epoch [98], Validation Acc:  0.5000

Epoch [98], Test Acc:  0.2308

Epoch [99], Loss:  52.1568

Epoch [99], Validation Acc:  1.0000

Epoch [99], Test Acc:  0.2308

Epoch [100], Loss:  51.7891

Epoch [100], Validation Acc:  1.0000

Epoch [100], Test Acc:  0.2308

Testing on test data...
Test Acc:  0.2308
Final alpha: -0.0220
Final beta: -9.6195
Final gamma:  0.4177
Spend time: 17776.663710594177
