dataset_path: ../datasets/Sediment_check
result_path: ../results
checkpoint_path: ../checkpoints
train_sample_ratio: 0.8
learning_rate: 0.001
epochs: 100
device: cuda:0
seed: 1
method_variant: cor_our_v2
peak_pick_num: 10
scratch: True
The following files missing: [7437, 7688, 7744, 8407, 13399]
Epoch [1], Loss:  8.9129

Epoch [1], Validation Acc:  0.0000

Epoch [2], Loss:  8.1358

Epoch [2], Validation Acc:  0.0000

Epoch [3], Loss:  8.9053

Epoch [3], Validation Acc:  0.0000

Epoch [4], Loss:  8.5625

Epoch [4], Validation Acc:  0.0000

Epoch [5], Loss:  8.5593

Epoch [5], Validation Acc:  0.0000

Epoch [6], Loss:  8.4257

Epoch [6], Validation Acc:  0.0000

Epoch [7], Loss:  8.5530

Epoch [7], Validation Acc:  0.0000

Epoch [8], Loss:  8.1182

Epoch [8], Validation Acc:  0.0000

Epoch [9], Loss:  8.1868

Epoch [9], Validation Acc:  0.0000

Epoch [10], Loss:  8.8806

Epoch [10], Validation Acc:  0.0000

Epoch [11], Loss:  8.5408

Epoch [11], Validation Acc:  0.0000

Epoch [12], Loss:  8.8734

Epoch [12], Validation Acc:  0.0000

Epoch [13], Loss:  8.1039

Epoch [13], Validation Acc:  0.0000

Epoch [14], Loss:  8.1735

Epoch [14], Validation Acc:  0.0000

Epoch [15], Loss:  8.5283

Epoch [15], Validation Acc:  0.0000

Epoch [16], Loss:  8.1680

Epoch [16], Validation Acc:  0.0000

Epoch [17], Loss:  8.5224

Epoch [17], Validation Acc:  0.0000

Epoch [18], Loss:  8.1632

Epoch [18], Validation Acc:  0.0000

Epoch [19], Loss:  8.0870

Epoch [19], Validation Acc:  0.0000

Epoch [20], Loss:  8.5141

Epoch [20], Validation Acc:  0.0000

Epoch [21], Loss:  8.0813

Epoch [21], Validation Acc:  0.0000

Epoch [22], Loss:  8.0783

Epoch [22], Validation Acc:  0.0000

Epoch [23], Loss:  8.3807

Epoch [23], Validation Acc:  0.0000

Epoch [24], Loss:  8.0731

Epoch [24], Validation Acc:  0.0000

Epoch [25], Loss:  8.3752

Epoch [25], Validation Acc:  0.0000

Epoch [26], Loss:  8.4958

Epoch [26], Validation Acc:  0.0000

Epoch [27], Loss:  8.8216

Epoch [27], Validation Acc:  0.0000

Epoch [28], Loss:  8.4897

Epoch [28], Validation Acc:  0.0000

Epoch [29], Loss:  8.0584

Epoch [29], Validation Acc:  0.0000

Epoch [30], Loss:  8.8107

Epoch [30], Validation Acc:  0.0000

Epoch [31], Loss:  8.4804

Epoch [31], Validation Acc:  0.0000

Epoch [32], Loss:  8.4768

Epoch [32], Validation Acc:  0.0000

Epoch [33], Loss:  8.1243

Epoch [33], Validation Acc:  0.0000

Epoch [34], Loss:  8.7957

Epoch [34], Validation Acc:  0.0000

Epoch [35], Loss:  8.3477

Epoch [35], Validation Acc:  0.0000

Epoch [36], Loss:  8.4643

Epoch [36], Validation Acc:  0.0000

Epoch [37], Loss:  8.4614

Epoch [37], Validation Acc:  0.0000

Epoch [38], Loss:  8.1107

Epoch [38], Validation Acc:  0.0000

Epoch [39], Loss:  8.3368

Epoch [39], Validation Acc:  0.0000

Epoch [40], Loss:  8.1056

Epoch [40], Validation Acc:  0.0000

Epoch [41], Loss:  8.3317

Epoch [41], Validation Acc:  0.0000

Epoch [42], Loss:  8.1007

Epoch [42], Validation Acc:  0.0000

Epoch [43], Loss:  8.0984

Epoch [43], Validation Acc:  0.0000

Epoch [44], Loss:  8.0160

Epoch [44], Validation Acc:  1.0000

Epoch [45], Loss:  8.4384

Epoch [45], Validation Acc:  0.0000

Epoch [46], Loss:  8.0909

Epoch [46], Validation Acc:  1.0000

Epoch [47], Loss:  8.0885

Epoch [47], Validation Acc:  1.0000

Epoch [48], Loss:  8.4298

Epoch [48], Validation Acc:  0.0000

Epoch [49], Loss:  8.7453

Epoch [49], Validation Acc:  0.0000

Epoch [50], Loss:  7.9996

Epoch [50], Validation Acc:  1.0000

Epoch [51], Loss:  8.7377

Epoch [51], Validation Acc:  0.0000

Epoch [52], Loss:  8.0754

Epoch [52], Validation Acc:  1.0000

Epoch [53], Loss:  8.0730

Epoch [53], Validation Acc:  1.0000

Epoch [54], Loss:  8.4113

Epoch [54], Validation Acc:  0.0000

Epoch [55], Loss:  8.2948

Epoch [55], Validation Acc:  1.0000

Epoch [56], Loss:  8.0650

Epoch [56], Validation Acc:  1.0000

Epoch [57], Loss:  8.4026

Epoch [57], Validation Acc:  0.0000

Epoch [58], Loss:  8.3996

Epoch [58], Validation Acc:  0.0000

Epoch [59], Loss:  7.9738

Epoch [59], Validation Acc:  1.0000

Epoch [60], Loss:  8.2815

Epoch [60], Validation Acc:  1.0000

Epoch [61], Loss:  8.2788

Epoch [61], Validation Acc:  1.0000

Epoch [62], Loss:  8.0503

Epoch [62], Validation Acc:  1.0000

Epoch [63], Loss:  8.6964

Epoch [63], Validation Acc:  0.0000

Epoch [64], Loss:  8.0452

Epoch [64], Validation Acc:  1.0000

Epoch [65], Loss:  7.9574

Epoch [65], Validation Acc:  1.0000

Epoch [66], Loss:  8.0397

Epoch [66], Validation Acc:  1.0000

Epoch [67], Loss:  8.2634

Epoch [67], Validation Acc:  1.0000

Epoch [68], Loss:  8.6793

Epoch [68], Validation Acc:  1.0000

Epoch [69], Loss:  8.0319

Epoch [69], Validation Acc:  1.0000

Epoch [70], Loss:  8.2554

Epoch [70], Validation Acc:  1.0000

Epoch [71], Loss:  8.0269

Epoch [71], Validation Acc:  1.0000

Epoch [72], Loss:  7.9379

Epoch [72], Validation Acc:  1.0000

Epoch [73], Loss:  8.0222

Epoch [73], Validation Acc:  1.0000

Epoch [74], Loss:  8.3524

Epoch [74], Validation Acc:  0.0000

Epoch [75], Loss:  8.0173

Epoch [75], Validation Acc:  1.0000

Epoch [76], Loss:  8.3467

Epoch [76], Validation Acc:  0.0000

Epoch [77], Loss:  8.3435

Epoch [77], Validation Acc:  0.0000

Epoch [78], Loss:  8.6453

Epoch [78], Validation Acc:  1.0000

Epoch [79], Loss:  8.0071

Epoch [79], Validation Acc:  1.0000

Epoch [80], Loss:  8.2286

Epoch [80], Validation Acc:  1.0000

Epoch [81], Loss:  8.0018

Epoch [81], Validation Acc:  1.0000

Epoch [82], Loss:  7.9099

Epoch [82], Validation Acc:  1.0000

Epoch [83], Loss:  8.6278

Epoch [83], Validation Acc:  1.0000

Epoch [84], Loss:  8.3224

Epoch [84], Validation Acc:  0.0000

Epoch [85], Loss:  7.9011

Epoch [85], Validation Acc:  1.0000

Epoch [86], Loss:  8.6171

Epoch [86], Validation Acc:  1.0000

Epoch [87], Loss:  8.3130

Epoch [87], Validation Acc:  0.0000

Epoch [88], Loss:  7.8922

Epoch [88], Validation Acc:  1.0000

Epoch [89], Loss:  8.6059

Epoch [89], Validation Acc:  1.0000

Epoch [90], Loss:  7.9774

Epoch [90], Validation Acc:  1.0000

Epoch [91], Loss:  8.2997

Epoch [91], Validation Acc:  0.0000

Epoch [92], Loss:  7.8805

Epoch [92], Validation Acc:  1.0000

Epoch [93], Loss:  8.1932

Epoch [93], Validation Acc:  1.0000

Epoch [94], Loss:  8.1906

Epoch [94], Validation Acc:  1.0000

Epoch [95], Loss:  7.9648

Epoch [95], Validation Acc:  1.0000

Epoch [96], Loss:  8.5813

Epoch [96], Validation Acc:  1.0000

Epoch [97], Loss:  8.1824

Epoch [97], Validation Acc:  1.0000

Epoch [98], Loss:  7.9571

Epoch [98], Validation Acc:  1.0000

Epoch [99], Loss:  8.5708

Epoch [99], Validation Acc:  1.0000

Epoch [100], Loss:  8.1744

Epoch [100], Validation Acc:  1.0000

Testing on test data...
Test Acc:  0.6842
Spend time: 182.81818222999573
