dataset_path: ../datasets/Sediment_check
result_path: ../results
checkpoint_path: ../checkpoints
train_sample_ratio: 0.8
learning_rate: 0.001
epochs: 100
device: cuda:0
seed: 1
method_variant: cor_our
peak_pick_num: 10
scratch: True
The following files missing: [7437, 7688, 7744, 8407, 13399]
Epoch [1], Loss:  8.1242

Epoch [1], Validation Acc:  0.0000

Epoch [2], Loss:  7.5808

Epoch [2], Validation Acc:  1.0000

Epoch [3], Loss:  8.1174

Epoch [3], Validation Acc:  0.0000

Epoch [4], Loss:  7.8479

Epoch [4], Validation Acc:  0.0000

Epoch [5], Loss:  7.8450

Epoch [5], Validation Acc:  0.0000

Epoch [6], Loss:  7.8378

Epoch [6], Validation Acc:  1.0000

Epoch [7], Loss:  7.8394

Epoch [7], Validation Acc:  0.0000

Epoch [8], Loss:  7.5675

Epoch [8], Validation Acc:  1.0000

Epoch [9], Loss:  7.6107

Epoch [9], Validation Acc:  1.0000

Epoch [10], Loss:  8.0944

Epoch [10], Validation Acc:  0.0000

Epoch [11], Loss:  7.8288

Epoch [11], Validation Acc:  0.0000

Epoch [12], Loss:  8.0874

Epoch [12], Validation Acc:  0.0000

Epoch [13], Loss:  7.5561

Epoch [13], Validation Acc:  1.0000

Epoch [14], Loss:  7.5953

Epoch [14], Validation Acc:  1.0000

Epoch [15], Loss:  7.8183

Epoch [15], Validation Acc:  0.0000

Epoch [16], Loss:  7.5893

Epoch [16], Validation Acc:  1.0000

Epoch [17], Loss:  7.8129

Epoch [17], Validation Acc:  0.0000

Epoch [18], Loss:  7.5836

Epoch [18], Validation Acc:  1.0000

Epoch [19], Loss:  7.5423

Epoch [19], Validation Acc:  1.0000

Epoch [20], Loss:  7.8056

Epoch [20], Validation Acc:  0.0000

Epoch [21], Loss:  7.5378

Epoch [21], Validation Acc:  1.0000

Epoch [22], Loss:  7.5356

Epoch [22], Validation Acc:  1.0000

Epoch [23], Loss:  7.7868

Epoch [23], Validation Acc:  1.0000

Epoch [24], Loss:  7.5314

Epoch [24], Validation Acc:  1.0000

Epoch [25], Loss:  7.7806

Epoch [25], Validation Acc:  1.0000

Epoch [26], Loss:  7.7917

Epoch [26], Validation Acc:  0.0000

Epoch [27], Loss:  8.0398

Epoch [27], Validation Acc:  1.0000

Epoch [28], Loss:  7.7872

Epoch [28], Validation Acc:  0.0000

Epoch [29], Loss:  7.5193

Epoch [29], Validation Acc:  1.0000

Epoch [30], Loss:  8.0302

Epoch [30], Validation Acc:  1.0000

Epoch [31], Loss:  7.7795

Epoch [31], Validation Acc:  0.0000

Epoch [32], Loss:  7.7768

Epoch [32], Validation Acc:  0.0000

Epoch [33], Loss:  7.5395

Epoch [33], Validation Acc:  1.0000

Epoch [34], Loss:  8.0179

Epoch [34], Validation Acc:  1.0000

Epoch [35], Loss:  7.7508

Epoch [35], Validation Acc:  1.0000

Epoch [36], Loss:  7.7665

Epoch [36], Validation Acc:  0.0000

Epoch [37], Loss:  7.7636

Epoch [37], Validation Acc:  0.0000

Epoch [38], Loss:  7.5243

Epoch [38], Validation Acc:  1.0000

Epoch [39], Loss:  7.7388

Epoch [39], Validation Acc:  1.0000

Epoch [40], Loss:  7.5180

Epoch [40], Validation Acc:  1.0000

Epoch [41], Loss:  7.7318

Epoch [41], Validation Acc:  1.0000

Epoch [42], Loss:  7.5115

Epoch [42], Validation Acc:  1.0000

Epoch [43], Loss:  7.5077

Epoch [43], Validation Acc:  1.0000

Epoch [44], Loss:  7.4836

Epoch [44], Validation Acc:  1.0000

Epoch [45], Loss:  7.7444

Epoch [45], Validation Acc:  0.0000

Epoch [46], Loss:  7.4983

Epoch [46], Validation Acc:  1.0000

Epoch [47], Loss:  7.4954

Epoch [47], Validation Acc:  1.0000

Epoch [48], Loss:  7.7376

Epoch [48], Validation Acc:  0.0000

Epoch [49], Loss:  7.9701

Epoch [49], Validation Acc:  1.0000

Epoch [50], Loss:  7.4695

Epoch [50], Validation Acc:  1.0000

Epoch [51], Loss:  7.9646

Epoch [51], Validation Acc:  1.0000

Epoch [52], Loss:  7.4806

Epoch [52], Validation Acc:  1.0000

Epoch [53], Loss:  7.4777

Epoch [53], Validation Acc:  1.0000

Epoch [54], Loss:  7.7232

Epoch [54], Validation Acc:  0.0000

Epoch [55], Loss:  7.6883

Epoch [55], Validation Acc:  1.0000

Epoch [56], Loss:  7.4689

Epoch [56], Validation Acc:  1.0000

Epoch [57], Loss:  7.7164

Epoch [57], Validation Acc:  0.0000

Epoch [58], Loss:  7.7137

Epoch [58], Validation Acc:  0.0000

Epoch [59], Loss:  7.4487

Epoch [59], Validation Acc:  1.0000

Epoch [60], Loss:  7.6745

Epoch [60], Validation Acc:  1.0000

Epoch [61], Loss:  7.6710

Epoch [61], Validation Acc:  1.0000

Epoch [62], Loss:  7.4522

Epoch [62], Validation Acc:  1.0000

Epoch [63], Loss:  7.9292

Epoch [63], Validation Acc:  1.0000

Epoch [64], Loss:  7.4460

Epoch [64], Validation Acc:  1.0000

Epoch [65], Loss:  7.4347

Epoch [65], Validation Acc:  1.0000

Epoch [66], Loss:  7.4402

Epoch [66], Validation Acc:  1.0000

Epoch [67], Loss:  7.6530

Epoch [67], Validation Acc:  1.0000

Epoch [68], Loss:  7.9150

Epoch [68], Validation Acc:  1.0000

Epoch [69], Loss:  7.4315

Epoch [69], Validation Acc:  1.0000

Epoch [70], Loss:  7.6443

Epoch [70], Validation Acc:  1.0000

Epoch [71], Loss:  7.4256

Epoch [71], Validation Acc:  1.0000

Epoch [72], Loss:  7.4186

Epoch [72], Validation Acc:  1.0000

Epoch [73], Loss:  7.4195

Epoch [73], Validation Acc:  1.0000

Epoch [74], Loss:  7.6790

Epoch [74], Validation Acc:  0.0000

Epoch [75], Loss:  7.4144

Epoch [75], Validation Acc:  1.0000

Epoch [76], Loss:  7.6745

Epoch [76], Validation Acc:  0.0000

Epoch [77], Loss:  7.6718

Epoch [77], Validation Acc:  0.0000

Epoch [78], Loss:  7.8884

Epoch [78], Validation Acc:  1.0000

Epoch [79], Loss:  7.4046

Epoch [79], Validation Acc:  1.0000

Epoch [80], Loss:  7.6169

Epoch [80], Validation Acc:  1.0000

Epoch [81], Loss:  7.3989

Epoch [81], Validation Acc:  1.0000

Epoch [82], Loss:  7.3984

Epoch [82], Validation Acc:  1.0000

Epoch [83], Loss:  7.8754

Epoch [83], Validation Acc:  1.0000

Epoch [84], Loss:  7.6564

Epoch [84], Validation Acc:  0.0000

Epoch [85], Loss:  7.3923

Epoch [85], Validation Acc:  1.0000

Epoch [86], Loss:  7.8673

Epoch [86], Validation Acc:  1.0000

Epoch [87], Loss:  7.6495

Epoch [87], Validation Acc:  0.0000

Epoch [88], Loss:  7.3869

Epoch [88], Validation Acc:  1.0000

Epoch [89], Loss:  7.8594

Epoch [89], Validation Acc:  1.0000

Epoch [90], Loss:  7.3772

Epoch [90], Validation Acc:  1.0000

Epoch [91], Loss:  7.6402

Epoch [91], Validation Acc:  0.0000

Epoch [92], Loss:  7.3794

Epoch [92], Validation Acc:  1.0000

Epoch [93], Loss:  7.5847

Epoch [93], Validation Acc:  1.0000

Epoch [94], Loss:  7.5821

Epoch [94], Validation Acc:  1.0000

Epoch [95], Loss:  7.3648

Epoch [95], Validation Acc:  1.0000

Epoch [96], Loss:  7.8418

Epoch [96], Validation Acc:  1.0000

Epoch [97], Loss:  7.5744

Epoch [97], Validation Acc:  1.0000

Epoch [98], Loss:  7.3570

Epoch [98], Validation Acc:  1.0000

Epoch [99], Loss:  7.8342

Epoch [99], Validation Acc:  1.0000

Epoch [100], Loss:  7.5660

Epoch [100], Validation Acc:  1.0000

Testing on test data...
Test Acc:  0.6842
Final alpha: -0.0403
Final beta: -9.3244
Final gamma:  0.4063
Final lambda:  0.6840
Spend time: 175.7441689968109
