dataset_path: ../datasets/Synthetic
result_path: ../results
checkpoint_path: ../checkpoints
train_sample_ratio: 0.8
learning_rate: 0.001
epochs: 100
device: cuda:0
seed: 1
method_variant: cor_our
peak_pick_num: 10
scratch: True
The following files missing: [1, 3, 6, 8, 11, 16, 23, 27, 28, 35, 41, 52, 59, 103, 106, 113, 123, 124, 131, 168, 174, 177, 178, 181, 185, 195, 206, 208, 211, 247, 251, 253, 258, 262, 264, 272, 274, 318, 320, 321, 322, 327]
Epoch [1], Loss:  6.0812

Epoch [1], Validation Acc:  0.5000

Epoch [2], Loss:  5.9622

Epoch [2], Validation Acc:  0.5833

Epoch [3], Loss:  6.0611

Epoch [3], Validation Acc:  0.9167

Epoch [4], Loss:  5.9805

Epoch [4], Validation Acc:  0.7500

Epoch [5], Loss:  5.7845

Epoch [5], Validation Acc:  0.6667

Epoch [6], Loss:  5.5566

Epoch [6], Validation Acc:  0.6667

Epoch [7], Loss:  5.6934

Epoch [7], Validation Acc:  0.8333

Epoch [8], Loss:  5.7479

Epoch [8], Validation Acc:  0.8333

Epoch [9], Loss:  5.5251

Epoch [9], Validation Acc:  0.7500

Epoch [10], Loss:  5.5926

Epoch [10], Validation Acc:  0.7500

Epoch [11], Loss:  5.7748

Epoch [11], Validation Acc:  0.9167

Epoch [12], Loss:  5.4594

Epoch [12], Validation Acc:  1.0000

Epoch [13], Loss:  5.1770

Epoch [13], Validation Acc:  0.7500

Epoch [14], Loss:  5.2775

Epoch [14], Validation Acc:  0.7500

Epoch [15], Loss:  5.3251

Epoch [15], Validation Acc:  0.7500

Epoch [16], Loss:  5.2604

Epoch [16], Validation Acc:  0.7500

Epoch [17], Loss:  4.9904

Epoch [17], Validation Acc:  0.7500

Epoch [18], Loss:  4.9597

Epoch [18], Validation Acc:  0.8333

Epoch [19], Loss:  5.1432

Epoch [19], Validation Acc:  0.7500

Epoch [20], Loss:  4.9069

Epoch [20], Validation Acc:  0.6667

Epoch [21], Loss:  4.9566

Epoch [21], Validation Acc:  0.9167

Epoch [22], Loss:  4.8097

Epoch [22], Validation Acc:  0.6667

Epoch [23], Loss:  4.9231

Epoch [23], Validation Acc:  0.6667

Epoch [24], Loss:  4.8635

Epoch [24], Validation Acc:  0.5000

Epoch [25], Loss:  4.9403

Epoch [25], Validation Acc:  0.7500

Epoch [26], Loss:  4.6327

Epoch [26], Validation Acc:  0.7500

Epoch [27], Loss:  4.6237

Epoch [27], Validation Acc:  0.5833

Epoch [28], Loss:  4.5976

Epoch [28], Validation Acc:  0.7500

Epoch [29], Loss:  4.5193

Epoch [29], Validation Acc:  0.6667

Epoch [30], Loss:  4.3894

Epoch [30], Validation Acc:  0.7500

Epoch [31], Loss:  4.6655

Epoch [31], Validation Acc:  0.7500

Epoch [32], Loss:  4.7116

Epoch [32], Validation Acc:  0.7500

Epoch [33], Loss:  4.4334

Epoch [33], Validation Acc:  0.5833

Epoch [34], Loss:  4.1988

Epoch [34], Validation Acc:  0.8333

Epoch [35], Loss:  4.5769

Epoch [35], Validation Acc:  0.6667

Epoch [36], Loss:  4.1395

Epoch [36], Validation Acc:  0.5833

Epoch [37], Loss:  4.0806

Epoch [37], Validation Acc:  0.5833

Epoch [38], Loss:  4.3500

Epoch [38], Validation Acc:  0.7500

Epoch [39], Loss:  4.4473

Epoch [39], Validation Acc:  0.8333

Epoch [40], Loss:  4.3137

Epoch [40], Validation Acc:  0.7500

Epoch [41], Loss:  4.2737

Epoch [41], Validation Acc:  0.8333

Epoch [42], Loss:  4.1126

Epoch [42], Validation Acc:  0.7500

Epoch [43], Loss:  4.0818

Epoch [43], Validation Acc:  0.5833

Epoch [44], Loss:  3.9782

Epoch [44], Validation Acc:  0.6667

Epoch [45], Loss:  4.2228

Epoch [45], Validation Acc:  0.7500

Epoch [46], Loss:  3.7689

Epoch [46], Validation Acc:  0.5833

Epoch [47], Loss:  3.8445

Epoch [47], Validation Acc:  0.6667

Epoch [48], Loss:  3.8166

Epoch [48], Validation Acc:  0.5000

Epoch [49], Loss:  3.9055

Epoch [49], Validation Acc:  0.6667

Epoch [50], Loss:  4.0898

Epoch [50], Validation Acc:  0.7500

Epoch [51], Loss:  3.6930

Epoch [51], Validation Acc:  0.5000

Epoch [52], Loss:  3.6457

Epoch [52], Validation Acc:  0.5000

Epoch [53], Loss:  3.6975

Epoch [53], Validation Acc:  0.6667

Epoch [54], Loss:  3.7464

Epoch [54], Validation Acc:  0.7500

Epoch [55], Loss:  3.7295

Epoch [55], Validation Acc:  0.8333

Epoch [56], Loss:  3.8570

Epoch [56], Validation Acc:  0.5833

Epoch [57], Loss:  3.8082

Epoch [57], Validation Acc:  0.9167

Epoch [58], Loss:  3.8727

Epoch [58], Validation Acc:  0.8333

Epoch [59], Loss:  3.2774

Epoch [59], Validation Acc:  0.4167

Epoch [60], Loss:  3.4572

Epoch [60], Validation Acc:  0.6667

Epoch [61], Loss:  3.5886

Epoch [61], Validation Acc:  0.8333

Epoch [62], Loss:  4.0089

Epoch [62], Validation Acc:  0.7500

Epoch [63], Loss:  3.5014

Epoch [63], Validation Acc:  0.5000

Epoch [64], Loss:  3.5023

Epoch [64], Validation Acc:  0.6667

Epoch [65], Loss:  3.3591

Epoch [65], Validation Acc:  0.6667

Epoch [66], Loss:  3.2810

Epoch [66], Validation Acc:  0.5833

Epoch [67], Loss:  3.5460

Epoch [67], Validation Acc:  0.8333

Epoch [68], Loss:  3.4339

Epoch [68], Validation Acc:  0.5000

Epoch [69], Loss:  3.3764

Epoch [69], Validation Acc:  0.6667

Epoch [70], Loss:  3.4771

Epoch [70], Validation Acc:  0.7500

Epoch [71], Loss:  3.4464

Epoch [71], Validation Acc:  0.6667

Epoch [72], Loss:  3.6237

Epoch [72], Validation Acc:  0.7500

Epoch [73], Loss:  3.5024

Epoch [73], Validation Acc:  0.5833

Epoch [74], Loss:  3.6407

Epoch [74], Validation Acc:  0.8333

Epoch [75], Loss:  3.3700

Epoch [75], Validation Acc:  0.7500

Epoch [76], Loss:  3.5732

Epoch [76], Validation Acc:  0.9167

Epoch [77], Loss:  3.5277

Epoch [77], Validation Acc:  0.6667

Epoch [78], Loss:  3.1968

Epoch [78], Validation Acc:  0.5833

Epoch [79], Loss:  3.4604

Epoch [79], Validation Acc:  0.7500

Epoch [80], Loss:  3.2304

Epoch [80], Validation Acc:  0.5833

Epoch [81], Loss:  3.0841

Epoch [81], Validation Acc:  0.5833

Epoch [82], Loss:  3.0400

Epoch [82], Validation Acc:  0.6667

Epoch [83], Loss:  3.2696

Epoch [83], Validation Acc:  0.6667

Epoch [84], Loss:  3.2358

Epoch [84], Validation Acc:  0.8333

Epoch [85], Loss:  3.1856

Epoch [85], Validation Acc:  0.5000

Epoch [86], Loss:  3.5366

Epoch [86], Validation Acc:  0.9167

Epoch [87], Loss:  3.2163

Epoch [87], Validation Acc:  0.5000

Epoch [88], Loss:  3.4822

Epoch [88], Validation Acc:  0.7500

Epoch [89], Loss:  3.3524

Epoch [89], Validation Acc:  0.6667

Epoch [90], Loss:  3.1892

Epoch [90], Validation Acc:  0.6667

Epoch [91], Loss:  3.1518

Epoch [91], Validation Acc:  0.5833

Epoch [92], Loss:  3.1841

Epoch [92], Validation Acc:  0.6667

Epoch [93], Loss:  3.0657

Epoch [93], Validation Acc:  0.8333

Epoch [94], Loss:  2.9896

Epoch [94], Validation Acc:  0.7500

Epoch [95], Loss:  3.0735

Epoch [95], Validation Acc:  0.6667

Epoch [96], Loss:  3.3042

Epoch [96], Validation Acc:  0.6667

Epoch [97], Loss:  3.2212

Epoch [97], Validation Acc:  0.8333

Epoch [98], Loss:  3.3701

Epoch [98], Validation Acc:  0.8333

Epoch [99], Loss:  3.3415

Epoch [99], Validation Acc:  0.7500

Epoch [100], Loss:  2.9584

Epoch [100], Validation Acc:  0.7500

Testing on test data...
Test Acc:  0.6351
Spend time: 951.6371855735779
