dataset_path: ../datasets/Synthetic
result_path: ../results
checkpoint_path: ../checkpoints
train_sample_ratio: 0.8
learning_rate: 0.001
epochs: 100
device: cuda:1
seed: 1
method_variant: cor_our_v2
peak_pick_num: 20
scratch: True
The following files missing: [1, 3, 6, 8, 11, 16, 23, 27, 28, 35, 41, 52, 59, 103, 106, 113, 123, 124, 131, 168, 174, 177, 178, 181, 185, 195, 206, 208, 211, 247, 251, 253, 258, 262, 264, 272, 274, 318, 320, 321, 322, 327]
Epoch [1], Loss:  7.3242

Epoch [1], Validation Acc:  0.0000

Epoch [2], Loss:  7.1670

Epoch [2], Validation Acc:  0.0000

Epoch [3], Loss:  7.2763

Epoch [3], Validation Acc:  0.0833

Epoch [4], Loss:  7.1993

Epoch [4], Validation Acc:  0.2500

Epoch [5], Loss:  7.0763

Epoch [5], Validation Acc:  0.5000

Epoch [6], Loss:  6.9412

Epoch [6], Validation Acc:  0.5000

Epoch [7], Loss:  6.9696

Epoch [7], Validation Acc:  0.8333

Epoch [8], Loss:  6.9912

Epoch [8], Validation Acc:  0.8333

Epoch [9], Loss:  6.8775

Epoch [9], Validation Acc:  0.7500

Epoch [10], Loss:  6.8474

Epoch [10], Validation Acc:  0.8333

Epoch [11], Loss:  6.9918

Epoch [11], Validation Acc:  0.9167

Epoch [12], Loss:  6.7140

Epoch [12], Validation Acc:  1.0000

Epoch [13], Loss:  6.4897

Epoch [13], Validation Acc:  0.7500

Epoch [14], Loss:  6.5692

Epoch [14], Validation Acc:  0.7500

Epoch [15], Loss:  6.6064

Epoch [15], Validation Acc:  0.7500

Epoch [16], Loss:  6.5352

Epoch [16], Validation Acc:  0.8333

Epoch [17], Loss:  6.3631

Epoch [17], Validation Acc:  0.7500

Epoch [18], Loss:  6.2646

Epoch [18], Validation Acc:  0.8333

Epoch [19], Loss:  6.5204

Epoch [19], Validation Acc:  0.7500

Epoch [20], Loss:  6.1679

Epoch [20], Validation Acc:  0.5833

Epoch [21], Loss:  6.2492

Epoch [21], Validation Acc:  0.9167

Epoch [22], Loss:  6.1286

Epoch [22], Validation Acc:  0.6667

Epoch [23], Loss:  6.2402

Epoch [23], Validation Acc:  0.5833

Epoch [24], Loss:  6.1868

Epoch [24], Validation Acc:  0.4167

Epoch [25], Loss:  6.1188

Epoch [25], Validation Acc:  0.7500

Epoch [26], Loss:  5.9533

Epoch [26], Validation Acc:  0.7500

Epoch [27], Loss:  5.9443

Epoch [27], Validation Acc:  0.5833

Epoch [28], Loss:  5.8279

Epoch [28], Validation Acc:  0.6667

Epoch [29], Loss:  5.7242

Epoch [29], Validation Acc:  0.6667

Epoch [30], Loss:  5.6515

Epoch [30], Validation Acc:  0.7500

Epoch [31], Loss:  5.8794

Epoch [31], Validation Acc:  0.7500

Epoch [32], Loss:  5.9633

Epoch [32], Validation Acc:  0.6667

Epoch [33], Loss:  5.7851

Epoch [33], Validation Acc:  0.6667

Epoch [34], Loss:  5.5173

Epoch [34], Validation Acc:  0.8333

Epoch [35], Loss:  5.8178

Epoch [35], Validation Acc:  0.6667

Epoch [36], Loss:  5.4376

Epoch [36], Validation Acc:  0.5833

Epoch [37], Loss:  5.3924

Epoch [37], Validation Acc:  0.5833

Epoch [38], Loss:  5.4645

Epoch [38], Validation Acc:  0.6667

Epoch [39], Loss:  5.6866

Epoch [39], Validation Acc:  0.8333

Epoch [40], Loss:  5.4551

Epoch [40], Validation Acc:  0.6667

Epoch [41], Loss:  5.4424

Epoch [41], Validation Acc:  0.7500

Epoch [42], Loss:  5.2784

Epoch [42], Validation Acc:  0.7500

Epoch [43], Loss:  5.2185

Epoch [43], Validation Acc:  0.5833

Epoch [44], Loss:  5.2195

Epoch [44], Validation Acc:  0.6667

Epoch [45], Loss:  5.2852

Epoch [45], Validation Acc:  0.7500

Epoch [46], Loss:  4.8814

Epoch [46], Validation Acc:  0.6667

Epoch [47], Loss:  5.0569

Epoch [47], Validation Acc:  0.6667

Epoch [48], Loss:  4.9101

Epoch [48], Validation Acc:  0.5000

Epoch [49], Loss:  5.1028

Epoch [49], Validation Acc:  0.6667

Epoch [50], Loss:  5.0658

Epoch [50], Validation Acc:  0.6667

Epoch [51], Loss:  4.8747

Epoch [51], Validation Acc:  0.5000

Epoch [52], Loss:  4.7447

Epoch [52], Validation Acc:  0.4167

Epoch [53], Loss:  4.7724

Epoch [53], Validation Acc:  0.5833

Epoch [54], Loss:  4.8579

Epoch [54], Validation Acc:  0.7500

Epoch [55], Loss:  4.7390

Epoch [55], Validation Acc:  0.7500

Epoch [56], Loss:  4.8679

Epoch [56], Validation Acc:  0.5000

Epoch [57], Loss:  4.8039

Epoch [57], Validation Acc:  0.9167

Epoch [58], Loss:  4.8055

Epoch [58], Validation Acc:  0.8333

Epoch [59], Loss:  4.3659

Epoch [59], Validation Acc:  0.5000

Epoch [60], Loss:  4.3780

Epoch [60], Validation Acc:  0.5833

Epoch [61], Loss:  4.5971

Epoch [61], Validation Acc:  0.7500

Epoch [62], Loss:  4.8075

Epoch [62], Validation Acc:  0.6667

Epoch [63], Loss:  4.4372

Epoch [63], Validation Acc:  0.5833

Epoch [64], Loss:  4.4614

Epoch [64], Validation Acc:  0.6667

Epoch [65], Loss:  4.2663

Epoch [65], Validation Acc:  0.5833

Epoch [66], Loss:  4.1459

Epoch [66], Validation Acc:  0.6667

Epoch [67], Loss:  4.4949

Epoch [67], Validation Acc:  0.8333

Epoch [68], Loss:  4.3689

Epoch [68], Validation Acc:  0.5833

Epoch [69], Loss:  4.2003

Epoch [69], Validation Acc:  0.5833

Epoch [70], Loss:  4.3702

Epoch [70], Validation Acc:  0.7500

Epoch [71], Loss:  4.2940

Epoch [71], Validation Acc:  0.6667

Epoch [72], Loss:  4.4645

Epoch [72], Validation Acc:  0.8333

Epoch [73], Loss:  4.2996

Epoch [73], Validation Acc:  0.5833

Epoch [74], Loss:  4.3304

Epoch [74], Validation Acc:  0.8333

Epoch [75], Loss:  4.1418

Epoch [75], Validation Acc:  0.7500

Epoch [76], Loss:  4.3127

Epoch [76], Validation Acc:  1.0000

Epoch [77], Loss:  4.2638

Epoch [77], Validation Acc:  0.6667

Epoch [78], Loss:  3.9920

Epoch [78], Validation Acc:  0.8333

Epoch [79], Loss:  4.1007

Epoch [79], Validation Acc:  0.7500

Epoch [80], Loss:  3.9516

Epoch [80], Validation Acc:  0.6667

Epoch [81], Loss:  3.8434

Epoch [81], Validation Acc:  0.7500

Epoch [82], Loss:  3.7610

Epoch [82], Validation Acc:  0.7500

Epoch [83], Loss:  3.8373

Epoch [83], Validation Acc:  0.6667

Epoch [84], Loss:  3.9801

Epoch [84], Validation Acc:  0.8333

Epoch [85], Loss:  3.8586

Epoch [85], Validation Acc:  0.5833

Epoch [86], Loss:  4.0668

Epoch [86], Validation Acc:  0.9167

Epoch [87], Loss:  3.7897

Epoch [87], Validation Acc:  0.5833

Epoch [88], Loss:  4.0517

Epoch [88], Validation Acc:  0.8333

Epoch [89], Loss:  3.8991

Epoch [89], Validation Acc:  0.6667

Epoch [90], Loss:  3.8107

Epoch [90], Validation Acc:  0.6667

Epoch [91], Loss:  3.5383

Epoch [91], Validation Acc:  0.5000

Epoch [92], Loss:  3.7045

Epoch [92], Validation Acc:  0.7500

Epoch [93], Loss:  3.6874

Epoch [93], Validation Acc:  0.8333

Epoch [94], Loss:  3.6395

Epoch [94], Validation Acc:  0.7500

Epoch [95], Loss:  3.5757

Epoch [95], Validation Acc:  0.6667

Epoch [96], Loss:  3.7821

Epoch [96], Validation Acc:  0.7500

Epoch [97], Loss:  3.8597

Epoch [97], Validation Acc:  0.8333

Epoch [98], Loss:  3.8968

Epoch [98], Validation Acc:  0.9167

Epoch [99], Loss:  3.8014

Epoch [99], Validation Acc:  0.7500

Epoch [100], Loss:  3.3909

Epoch [100], Validation Acc:  0.8333

Testing on test data...
Traceback (most recent call last):
  File "../src/main2.py", line 574, in <module>
    main(args)
  File "../src/main2.py", line 453, in main
    top_n_probs, top_n_indices = torch.topk(s_probs, peak_pick_num)
RuntimeError: invalid argument 5: k not in range for dimension at /pytorch/aten/src/THC/generic/THCTensorTopK.cu:24
