dataset_path: ../datasets/Synthetic
result_path: ../results
checkpoint_path: ../checkpoints
train_sample_ratio: 0.8
learning_rate: 0.001
epochs: 100
device: cuda:5
seed: 1
method_variant: cor_our_v3
peak_pick_num: 20
scratch: True
The following files missing: [1, 3, 6, 8, 11, 16, 23, 27, 28, 35, 41, 52, 59, 103, 106, 113, 123, 124, 131, 168, 174, 177, 178, 181, 185, 195, 206, 208, 211, 247, 251, 253, 258, 262, 264, 272, 274, 318, 320, 321, 322, 327]
Epoch [1], Loss:  6.9562

Epoch [1], Validation Acc:  0.5000

Epoch [2], Loss:  6.2654

Epoch [2], Validation Acc:  0.5833

Epoch [3], Loss:  5.7055

Epoch [3], Validation Acc:  0.9167

Epoch [4], Loss:  4.7023

Epoch [4], Validation Acc:  0.8333

Epoch [5], Loss:  3.5838

Epoch [5], Validation Acc:  0.5833

Epoch [6], Loss:  2.5648

Epoch [6], Validation Acc:  0.6667

Epoch [7], Loss:  2.5530

Epoch [7], Validation Acc:  0.8333

Epoch [8], Loss:  2.5072

Epoch [8], Validation Acc:  0.7500

Epoch [9], Loss:  1.9849

Epoch [9], Validation Acc:  0.7500

Epoch [10], Loss:  2.0177

Epoch [10], Validation Acc:  0.8333

Epoch [11], Loss:  2.0742

Epoch [11], Validation Acc:  0.9167

Epoch [12], Loss:  1.9166

Epoch [12], Validation Acc:  1.0000

Epoch [13], Loss:  1.5814

Epoch [13], Validation Acc:  0.7500

Epoch [14], Loss:  1.5542

Epoch [14], Validation Acc:  0.7500

Epoch [15], Loss:  1.6854

Epoch [15], Validation Acc:  0.8333

Epoch [16], Loss:  1.7136

Epoch [16], Validation Acc:  0.8333

Epoch [17], Loss:  1.5517

Epoch [17], Validation Acc:  0.7500

Epoch [18], Loss:  1.6109

Epoch [18], Validation Acc:  0.8333

Epoch [19], Loss:  1.4359

Epoch [19], Validation Acc:  0.8333

Epoch [20], Loss:  1.3543

Epoch [20], Validation Acc:  0.7500

Epoch [21], Loss:  1.7036

Epoch [21], Validation Acc:  1.0000

Epoch [22], Loss:  1.4577

Epoch [22], Validation Acc:  0.6667

Epoch [23], Loss:  1.3280

Epoch [23], Validation Acc:  0.7500

Epoch [24], Loss:  1.3271

Epoch [24], Validation Acc:  0.5833

Epoch [25], Loss:  1.6591

Epoch [25], Validation Acc:  0.8333

Epoch [26], Loss:  1.4237

Epoch [26], Validation Acc:  0.8333

Epoch [27], Loss:  1.4196

Epoch [27], Validation Acc:  0.6667

Epoch [28], Loss:  1.6696

Epoch [28], Validation Acc:  0.7500

Epoch [29], Loss:  1.3875

Epoch [29], Validation Acc:  0.6667

Epoch [30], Loss:  1.4267

Epoch [30], Validation Acc:  0.7500

Epoch [31], Loss:  1.5816

Epoch [31], Validation Acc:  0.8333

Epoch [32], Loss:  1.5652

Epoch [32], Validation Acc:  0.7500

Epoch [33], Loss:  1.4238

Epoch [33], Validation Acc:  0.7500

Epoch [34], Loss:  1.5589

Epoch [34], Validation Acc:  0.8333

Epoch [35], Loss:  1.6659

Epoch [35], Validation Acc:  0.8333

Epoch [36], Loss:  1.3982

Epoch [36], Validation Acc:  0.6667

Epoch [37], Loss:  1.2838

Epoch [37], Validation Acc:  0.5833

Epoch [38], Loss:  1.5259

Epoch [38], Validation Acc:  0.8333

Epoch [39], Loss:  1.7366

Epoch [39], Validation Acc:  0.9167

Epoch [40], Loss:  1.5121

Epoch [40], Validation Acc:  0.7500

Epoch [41], Loss:  1.6964

Epoch [41], Validation Acc:  0.8333

Epoch [42], Loss:  1.6399

Epoch [42], Validation Acc:  0.8333

Epoch [43], Loss:  1.3303

Epoch [43], Validation Acc:  0.6667

Epoch [44], Loss:  1.3227

Epoch [44], Validation Acc:  0.6667

Epoch [45], Loss:  1.6923

Epoch [45], Validation Acc:  0.9167

Epoch [46], Loss:  1.1615

Epoch [46], Validation Acc:  0.6667

Epoch [47], Loss:  1.4481

Epoch [47], Validation Acc:  0.6667

Epoch [48], Loss:  1.4805

Epoch [48], Validation Acc:  0.6667

Epoch [49], Loss:  1.2808

Epoch [49], Validation Acc:  0.6667

Epoch [50], Loss:  1.6145

Epoch [50], Validation Acc:  0.8333

Epoch [51], Loss:  1.3261

Epoch [51], Validation Acc:  0.6667

Epoch [52], Loss:  1.2102

Epoch [52], Validation Acc:  0.5833

Epoch [53], Loss:  1.3389

Epoch [53], Validation Acc:  0.6667

Epoch [54], Loss:  1.5594

Epoch [54], Validation Acc:  0.7500

Epoch [55], Loss:  1.4057

Epoch [55], Validation Acc:  0.9167

Epoch [56], Loss:  1.4853

Epoch [56], Validation Acc:  0.6667

Epoch [57], Loss:  1.5236

Epoch [57], Validation Acc:  0.9167

Epoch [58], Loss:  1.7352

Epoch [58], Validation Acc:  0.8333

Epoch [59], Loss:  1.2622

Epoch [59], Validation Acc:  0.5833

Epoch [60], Loss:  1.3646

Epoch [60], Validation Acc:  0.7500

Epoch [61], Loss:  1.4924

Epoch [61], Validation Acc:  0.8333

Epoch [62], Loss:  1.6207

Epoch [62], Validation Acc:  0.7500

Epoch [63], Loss:  1.2608

Epoch [63], Validation Acc:  0.6667

Epoch [64], Loss:  1.4399

Epoch [64], Validation Acc:  0.6667

Epoch [65], Loss:  1.3494

Epoch [65], Validation Acc:  0.6667

Epoch [66], Loss:  1.3342

Epoch [66], Validation Acc:  0.7500

Epoch [67], Loss:  1.4483

Epoch [67], Validation Acc:  0.8333

Epoch [68], Loss:  1.4680

Epoch [68], Validation Acc:  0.5833

Epoch [69], Loss:  1.3541

Epoch [69], Validation Acc:  0.6667

Epoch [70], Loss:  1.5691

Epoch [70], Validation Acc:  0.8333

Epoch [71], Loss:  1.5522

Epoch [71], Validation Acc:  0.6667

Epoch [72], Loss:  1.7109

Epoch [72], Validation Acc:  0.8333

Epoch [73], Loss:  1.6936

Epoch [73], Validation Acc:  0.7500

Epoch [74], Loss:  1.7180

Epoch [74], Validation Acc:  0.9167

Epoch [75], Loss:  1.4582

Epoch [75], Validation Acc:  0.8333

Epoch [76], Loss:  1.7557

Epoch [76], Validation Acc:  1.0000

Epoch [77], Loss:  1.5653

Epoch [77], Validation Acc:  0.8333

Epoch [78], Loss:  1.4264

Epoch [78], Validation Acc:  0.8333

Epoch [79], Loss:  1.5768

Epoch [79], Validation Acc:  0.8333

Epoch [80], Loss:  1.4669

Epoch [80], Validation Acc:  0.8333

Epoch [81], Loss:  1.3659

Epoch [81], Validation Acc:  0.7500

Epoch [82], Loss:  1.3302

Epoch [82], Validation Acc:  0.7500

Epoch [83], Loss:  1.5319

Epoch [83], Validation Acc:  0.7500

Epoch [84], Loss:  1.6422

Epoch [84], Validation Acc:  0.8333

Epoch [85], Loss:  1.4226

Epoch [85], Validation Acc:  0.7500

Epoch [86], Loss:  1.7367

Epoch [86], Validation Acc:  1.0000

Epoch [87], Loss:  1.4604

Epoch [87], Validation Acc:  0.7500

Epoch [88], Loss:  1.6530

Epoch [88], Validation Acc:  0.9167

Epoch [89], Loss:  1.6216

Epoch [89], Validation Acc:  0.8333

Epoch [90], Loss:  1.5017

Epoch [90], Validation Acc:  0.7500

Epoch [91], Loss:  1.4400

Epoch [91], Validation Acc:  0.6667

Epoch [92], Loss:  1.5070

Epoch [92], Validation Acc:  0.7500

Epoch [93], Loss:  1.5050

Epoch [93], Validation Acc:  0.8333

Epoch [94], Loss:  1.3383

Epoch [94], Validation Acc:  0.7500

Epoch [95], Loss:  1.3908

Epoch [95], Validation Acc:  0.7500

Epoch [96], Loss:  1.7580

Epoch [96], Validation Acc:  0.8333

Epoch [97], Loss:  1.7210

Epoch [97], Validation Acc:  0.9167

Epoch [98], Loss:  1.6558

Epoch [98], Validation Acc:  0.9167

Epoch [99], Loss:  1.6622

Epoch [99], Validation Acc:  0.8333

Epoch [100], Loss:  1.5406

Epoch [100], Validation Acc:  0.8333

Testing on test data...
Traceback (most recent call last):
  File "../src/main2.py", line 583, in <module>
    main(args)
  File "../src/main2.py", line 455, in main
    top_n_probs, top_n_indices = torch.topk(s_probs, peak_pick_num)
RuntimeError: invalid argument 5: k not in range for dimension at /pytorch/aten/src/THC/generic/THCTensorTopK.cu:24
